configure terminal
Enter configuration commands, one per line.  End with CNTL/Z.
SW3(config)#exit
SW3#term leng 0
SW3#show inventory
SW3#show clock
*02:02:42.571 UTC Wed Sep 21 2022
SW3#show ntp associations
SW3#show version
Cisco IOS Software, vios_l2 Software (vios_l2-ADVENTERPRISEK9-M), Experimental Version 15.2(20170321:233949) [mmen 101]
Copyright (c) 1986-2017 by Cisco Systems, Inc.
Compiled Wed 22-Mar-17 08:38 by mmen


ROM: Bootstrap program is IOSv

SW3 uptime is 2 minutes
System returned to ROM by reload
System image file is "flash0:/vios_l2-adventerprisek9-m"
Last reload reason: Unknown reason



This product contains cryptographic features and is subject to United
States and local country laws governing import, export, transfer and
use. Delivery of Cisco cryptographic products does not imply
third-party authority to import, export, distribute or use encryption.
Importers, exporters, distributors and users are responsible for
compliance with U.S. and local country laws. By using this product you
agree to comply with applicable laws and regulations. If you are unable
to comply with U.S. and local laws, return this product immediately.

A summary of U.S. laws governing Cisco cryptographic products may be found at:
http://www.cisco.com/wwl/export/crypto/tool/stqrg.html

If you require further assistance please contact us by sending email to
export@cisco.com.

Cisco IOSv () processor (revision 1.0) with 935289K/111616K bytes of memory.
Processor board ID 9NK0ZYXHFMC
1 Virtual Ethernet interface
8 Gigabit Ethernet interfaces
DRAM configuration is 72 bits wide with parity disabled.
256K bytes of non-volatile configuration memory.
2097152K bytes of ATA System CompactFlash 0 (Read/Write)
0K bytes of ATA CompactFlash 1 (Read/Write)
0K bytes of ATA CompactFlash 2 (Read/Write)
0K bytes of ATA CompactFlash 3 (Read/Write)

Configuration register is 0x101

SW3#show running-config
Building configuration...

Current configuration : 3240 bytes
!
! Last configuration change at 02:02:42 UTC Wed Sep 21 2022 by admin
!
version 15.2
service timestamps debug datetime msec
service timestamps log datetime msec
no service password-encryption
service compress-config
!
hostname SW3
!
boot-start-marker
boot-end-marker
!
!
enable secret 5 $1$JM9P$PTjni26d.C0aAMWXWp8Ie/
!
username admin password 0 admin
no aaa new-model
!
!
!
!
!
!
!
!
ip domain-name switch2
ip cef
no ipv6 cef
!
!
!
spanning-tree mode pvst
spanning-tree extend system-id
!
vlan internal allocation policy ascending
!
! 
!
!
!
!
!
!
!
!
!
!
!
!
interface GigabitEthernet0/0
 media-type rj45
 negotiation auto
!
interface GigabitEthernet0/1
 media-type rj45
 negotiation auto
!
interface GigabitEthernet0/2
 switchport access vlan 152
 switchport mode access
 media-type rj45
 negotiation auto
!
interface GigabitEthernet0/3
 media-type rj45
 negotiation auto
!
interface GigabitEthernet1/0
 media-type rj45
 negotiation auto
!
interface GigabitEthernet1/1
 media-type rj45
 negotiation auto
!
interface GigabitEthernet1/2
 media-type rj45
 negotiation auto
!
interface GigabitEthernet1/3
 media-type rj45
 negotiation auto
!
interface Vlan1
 ip address 192.168.97.233 255.255.255.0
!
ip forward-protocol nd
!
no ip http server
no ip http secure-server
!
!
!
!
!
!
control-plane
!
banner exec ^C
**************************************************************************
* IOSv is strictly limited to use for evaluation, demonstration and IOS  *
* education. IOSv is provided as-is and is not supported by Cisco's      *
* Technical Advisory Center. Any use or disclosure, in whole or in part, *
* of the IOSv Software or Documentation to any third party for any       *
* purposes is expressly prohibited except as otherwise authorized by     *
* Cisco in writing.                                                      *
**************************************************************************^C
banner incoming ^C
**************************************************************************
* IOSv is strictly limited to use for evaluation, demonstration and IOS  *
* education. IOSv is provided as-is and is not supported by Cisco's      *
* Technical Advisory Center. Any use or disclosure, in whole or in part, *
* of the IOSv Software or Documentation to any third party for any       *
* purposes is expressly prohibited except as otherwise authorized by     *
* Cisco in writing.                                                      *
**************************************************************************^C
banner login ^C
**************************************************************************
* IOSv is strictly limited to use for evaluation, demonstration and IOS  *
* education. IOSv is provided as-is and is not supported by Cisco's      *
* Technical Advisory Center. Any use or disclosure, in whole or in part, *
* of the IOSv Software or Documentation to any third party for any       *
* purposes is expressly prohibited except as otherwise authorized by     *
* Cisco in writing.                                                      *
**************************************************************************^C
!
line con 0
 login local
line aux 0
line vty 0 4
 login local
 transport input all
!
!
end

SW3#show ip interface brief
Interface              IP-Address      OK? Method Status                Protocol
GigabitEthernet0/0     unassigned      YES unset  up                    up      
GigabitEthernet0/1     unassigned      YES unset  up                    up      
GigabitEthernet0/2     unassigned      YES unset  up                    up      
GigabitEthernet0/3     unassigned      YES unset  up                    up      
GigabitEthernet1/0     unassigned      YES unset  up                    up      
GigabitEthernet1/1     unassigned      YES unset  up                    up      
GigabitEthernet1/2     unassigned      YES unset  up                    up      
GigabitEthernet1/3     unassigned      YES unset  up                    up      
Vlan1                  192.168.97.233  YES NVRAM  up                    up      
SW3#show interface status

Port      Name               Status       Vlan       Duplex  Speed Type 
Gi0/0                        connected    1          a-full   auto RJ45
Gi0/1                        connected    1          a-full   auto RJ45
Gi0/2                        connected    152        a-full   auto RJ45
Gi0/3                        connected    1          a-full   auto RJ45
Gi1/0                        connected    1          a-full   auto RJ45
Gi1/1                        connected    1          a-full   auto RJ45
Gi1/2                        connected    1          a-full   auto RJ45
Gi1/3                        connected    1          a-full   auto RJ45
SW3#show cdp neighbor
Capability Codes: R - Router, T - Trans Bridge, B - Source Route Bridge
                  S - Switch, H - Host, I - IGMP, r - Repeater, P - Phone, 
                  D - Remote, C - CVTA, M - Two-port Mac Relay 

Device ID        Local Intrfce     Holdtme    Capability  Platform  Port ID
Switch.switch    Gig 0/0           150             R S I            Gig 0/0

Total cdp entries displayed : 1
SW3#show cdp neighbor detail
-------------------------
Device ID: Switch.switch
Entry address(es): 
  IP address: 192.168.97.222
Platform: Cisco ,  Capabilities: Router Switch IGMP 
Interface: GigabitEthernet0/0,  Port ID (outgoing port): GigabitEthernet0/0
Holdtime : 150 sec

Version :
Cisco IOS Software, vios_l2 Software (vios_l2-ADVENTERPRISEK9-M), Experimental Version 15.2(20170321:233949) [mmen 101]
Copyright (c) 1986-2017 by Cisco Systems, Inc.
Compiled Wed 22-Mar-17 08:38 by mmen

advertisement version: 2
VTP Management Domain: ''
Native VLAN: 1
Duplex: full
Management address(es): 
  IP address: 192.168.97.222


Total cdp entries displayed : 1
SW3#show environment all
           ^
% Invalid input detected at '^' marker.

SW3#show systems resources
          ^
% Invalid input detected at '^' marker.

SW3#show processes cpu sorted
CPU utilization for five seconds: 42%/0%; one minute: 13%; five minutes: 6%
 PID Runtime(ms)     Invoked      uSecs   5Sec   1Min   5Min TTY Process 
 126        1344         516       2604 17.47%  1.39%  0.29%   6 SSH Process      
  47         923         199       4638 16.43%  1.49%  0.31%   3 SSH Process      
 113         169         163       1036  3.66%  0.29%  0.06%   5 SSH Process      
 122         385         733        525  1.67%  0.47%  0.10%   0 IP Input         
  62        5351        7465        716  1.27%  2.95%  1.37%   0 IOSv e1000       
 128         638         634       1006  0.47%  0.34%  0.17%   0 Spanning Tree    
 280         454         166       2734  0.39%  0.36%  0.17%   0 Per-Second Jobs  
 163          48         610         78  0.31%  0.06%  0.01%   0 TCP Timer        
  70         515       19138         26  0.15%  0.29%  0.13%   0 Ethernet Msec Ti 
 283           2          11        181  0.07%  0.00%  0.00%   0 EEM Helper Threa 
 164           6          11        545  0.07%  0.01%  0.00%   0 TCP Protocols    
  83         329        2460        133  0.07%  0.13%  0.07%   0 VRRS Main thread 
 201         311        2461        126  0.07%  0.12%  0.04%   0 MMA DB TIMER     
 121         154        4829         31  0.07%  0.09%  0.04%   0 IP ARP Retry Age 
  40          23         166        138  0.07%  0.01%  0.00%   0 Dynamic ARP Insp 
  15          39         179        217  0.00%  0.00%  0.00%   0 ARP Background   
  14           4           3       1333  0.00%  0.00%  0.00%   0 ARP Input        
  13           0           1          0  0.00%  0.00%  0.00%   0 IFS Agent Manage 
  16           0           1          0  0.00%  0.00%  0.00%   0 CEF MIB API      
  17           1           1       1000  0.00%  0.00%  0.00%   0 AAA_SERVER_DEADT 
  21           0           1          0  0.00%  0.00%  0.00%   0 Entity MIB API   
  12           1           1       1000  0.00%  0.00%  0.00%   0 Exception contro 
  23          12         163         73  0.00%  0.00%  0.00%   0 IPC Mcast Pendin 
  18           0           1          0  0.00%  0.00%  0.00%   0 Policy Manager   
  19           1           2        500  0.00%  0.00%  0.00%   0 DDR Timers       
  11           0           1          0  0.00%  0.00%  0.00%   0 Crash writer     
  27          12         163         73  0.00%  0.00%  0.00%   0 IPC Periodic Tim 
  28           4         163         24  0.00%  0.00%  0.00%   0 IPC Deferred Por 
  20           0           2          0  0.00%  0.00%  0.00%   0 Dialer event     
  22           0          35          0  0.00%  0.00%  0.00%   0 IPC Event Notifi 
  31           0          10          0  0.00%  0.00%  0.00%   0 IPC Check Queue  
  32           0           1          0  0.00%  0.00%  0.00%   0 IPC Seat RX Cont 
  24           0           3          0  0.00%  0.00%  0.00%   0 IPC Dynamic Cach 
  34           2          18        111  0.00%  0.00%  0.00%   0 IPC Keep Alive M 
  35           3          35         85  0.00%  0.00%  0.00%   0 IPC Loadometer   
  36           0           1          0  0.00%  0.00%  0.00%   0 IPC Session Deta 
  37           1           3        333  0.00%  0.00%  0.00%   0 PrstVbl          
  25           0           1          0  0.00%  0.00%  0.00%   0 IPC Session Serv 
  39           0           2          0  0.00%  0.00%  0.00%   0 ARP Snoop        
  26           0           1          0  0.00%  0.00%  0.00%   0 IPC Zone Manager 
  41          56          19       2947  0.00%  0.00%  0.00%   0 crypto sw pk pro 
  29           1           1       1000  0.00%  0.00%  0.00%   0 IPC Process leve 
  43           0           1          0  0.00%  0.00%  0.00%   0 SERIAL A'detect  
  44           0           1          0  0.00%  0.00%  0.00%   0 Inode Table Dest 
  45           1           1       1000  0.00%  0.00%  0.00%   0 dev_device_inser 
  46           0           1          0  0.00%  0.00%  0.00%   0 dev_device_remov 
  30           0           1          0  0.00%  0.00%  0.00%   0 IPC Seat Manager 
  48           0           1          0  0.00%  0.00%  0.00%   0 Async write proc 
  33           0           1          0  0.00%  0.00%  0.00%   0 IPC Seat TX Cont 
  50           0           1          0  0.00%  0.00%  0.00%   0 Async write proc 
  51           0           4          0  0.00%  0.00%  0.00%   0 DFS flush period 
  52           0           1          0  0.00%  0.00%  0.00%   0 Critical Bkgnd   
  53          27          22       1227  0.00%  0.00%  0.00%   0 Net Background   
  54           1           2        500  0.00%  0.00%  0.00%   0 IDB Work         
  38           2           2       1000  0.00%  0.00%  0.00%   0 Serial Backgroun 
  56         272         158       1721  0.00%  0.04%  0.04%   0 TTY Background   
  57          13           3       4333  0.00%  0.00%  0.00%   0 IF-MGR control p 
  58           1           3        333  0.00%  0.00%  0.00%   0 IF-MGR event pro 
  59           0           1          0  0.00%  0.00%  0.00%   0 AggMgr Process   
  60           0           1          0  0.00%  0.00%  0.00%   0 Transport Port A 
  61           3          35         85  0.00%  0.00%  0.00%   0 HC Counter Timer 
   9           0           2          0  0.00%  0.00%  0.00%   0 IOSv out console 
  63           0           1          0  0.00%  0.00%  0.00%   0 Src Fltr backgro 
  64          10           4       2500  0.00%  0.00%  0.00%   0 EEM ED Identity  
  65           1           4        250  0.00%  0.00%  0.00%   0 EEM ED MAT       
  42           2         162         12  0.00%  0.00%  0.00%   0 GraphIt          
  67           2          34         58  0.00%  0.00%  0.00%   0 Rate limit load  
  68           1           2        500  0.00%  0.00%  0.00%   0 Ethernet CFM     
  69          18         767         23  0.00%  0.00%  0.00%   0 Ethernet Timer C 
   8           9         166         54  0.00%  0.00%  0.00%   0 WATCH_AFS        
  71           0           2          0  0.00%  0.00%  0.00%   0 Ethernet CFM IOU 
  72           1           2        500  0.00%  0.00%  0.00%   0 Dot1x Mgr Proces 
  73           0           1          0  0.00%  0.00%  0.00%   0 EAP Framework    
  10         327        1593        205  0.00%  0.10%  0.07%   0 IOSv in console  
  75           0          14          0  0.00%  0.00%  0.00%   0 AAA Server       
  76           0           1          0  0.00%  0.00%  0.00%   0 AAA ACCT Proc    
  77           1           1       1000  0.00%  0.00%  0.00%   0 ACCT Periodic Pr 
  78           0           1          0  0.00%  0.00%  0.00%   0 AAA System Acct  
  79           1           2        500  0.00%  0.00%  0.00%   0 EFP Errd         
  80           0           2          0  0.00%  0.00%  0.00%   0 Ethernet LMI     
  81          33         165        200  0.00%  0.04%  0.02%   0 FHRP Main thread 
   7           0           2          0  0.00%  0.00%  0.00%   0 Timers           
  49           0           1          0  0.00%  0.00%  0.00%   0 Async write proc 
  84         208         166       1253  0.00%  0.31%  0.06%   4 SSH Process      
  85          30         165        181  0.00%  0.00%  0.00%   0 mDNS             
  86           0           1          0  0.00%  0.00%  0.00%   0 SSS Manager      
  55           6          11        545  0.00%  0.00%  0.00%   0 Logger           
  88          13         647         20  0.00%  0.02%  0.00%   0 SSS Feature Time 
  89           0           2          0  0.00%  0.00%  0.00%   0 Ethernet OAM Pro 
  90           0           1          0  0.00%  0.00%  0.00%   0 AC Switch        
  91           6           4       1500  0.00%  0.00%  0.00%   0 SSM connection m 
  92           0           2          0  0.00%  0.00%  0.00%   0 OCE punted Pkts  
  93           0           1          0  0.00%  0.00%  0.00%   0 LSP Tunnel FRR   
  94           0           1          0  0.00%  0.00%  0.00%   0 MPLS Auto-Tunnel 
  95           1           1       1000  0.00%  0.00%  0.00%   0 O-UNI Client Msg 
  96           0           2          0  0.00%  0.00%  0.00%   0 DHCP Snooping    
  97           0           1          0  0.00%  0.00%  0.00%   0 DHCP Snooping db 
  98           0           2          0  0.00%  0.00%  0.00%   0 802.1x switch    
  99          72          16       4500  0.00%  0.03%  0.00%   0 DTP Protocol     
  66           4          20        200  0.00%  0.00%  0.00%   0 EEM ED ND        
 101           0           3          0  0.00%  0.00%  0.00%   0 Port-Security    
 102           1           2        500  0.00%  0.00%  0.00%   0 IP Host Track Pr 
 103           0          19          0  0.00%  0.00%  0.00%   0 Ethchnl          
 104         151        1578         95  0.00%  0.22%  0.12%   0 UDLD             
 105           0           1          0  0.00%  0.00%  0.00%   0 UNIX IP Source g 
 106           1           4        250  0.00%  0.00%  0.00%   0 process unix_l2_ 
 107           1           2        500  0.00%  0.00%  0.00%   0 process unix_l2_ 
 108           4           7        571  0.00%  0.00%  0.00%   0 VMATM Callback   
 109           0           3          0  0.00%  0.00%  0.00%   0 CEF switching ba 
 110           1           1       1000  0.00%  0.00%  0.00%   0 ADJ NSF process  
 111           3           9        333  0.00%  0.00%  0.00%   0 SpanTree Helper  
 112          99          50       1980  0.00%  0.01%  0.00%   0 CDP Protocol     
   6           0           1          0  0.00%  0.00%  0.00%   0 DiscardQ Backgro 
 114           2           2       1000  0.00%  0.00%  0.00%   0 AAA Dictionary R 
 115           0           1          0  0.00%  0.00%  0.00%   0 TRACK Main threa 
 116           1           1       1000  0.00%  0.00%  0.00%   0 TRACK Client thr 
 117           0           2          0  0.00%  0.00%  0.00%   0 ATM OAM Input    
 118           0           2          0  0.00%  0.00%  0.00%   0 ATM OAM TIMER    
 119           0           1          0  0.00%  0.00%  0.00%   0 HQF TARGET DYNAM 
 120           2           2       1000  0.00%  0.00%  0.00%   0 IP ARP Adjacency 
  74           0           1          0  0.00%  0.00%  0.00%   0 EAP Test         
   5           4           5        800  0.00%  0.00%  0.00%   0 Pool Manager     
 123           0           1          0  0.00%  0.00%  0.00%   0 ICMP event handl 
 124          16         313         51  0.00%  0.00%  0.00%   0 IP ARP Track     
 125           0           3          0  0.00%  0.00%  0.00%   0 PIM register asy 
   4         107          22       4863  0.00%  0.03%  0.01%   0 Check heaps      
 127           0           2          0  0.00%  0.00%  0.00%   0 RIB LM VALIDATE  
   3         174         165       1054  0.00%  0.22%  0.05%   2 SSH Process      
 129           2           4        500  0.00%  0.00%  0.00%   0 SpanTree Msg     
 130           0           1          0  0.00%  0.00%  0.00%   0 Webauth client   
 131           0           1          0  0.00%  0.00%  0.00%   0 Auth-proxy HTTP  
 132           0           1          0  0.00%  0.00%  0.00%   0 IP Admin SM Proc 
 133           0           1          0  0.00%  0.00%  0.00%   0 IPv6 ping proces 
 134           0           2          0  0.00%  0.00%  0.00%   0 KRB5 AAA         
 135           0           3          0  0.00%  0.00%  0.00%   0 FRR Background P 
 136           4           5        800  0.00%  0.00%  0.00%   0 CEF background p 
  87           1           1       1000  0.00%  0.00%  0.00%   0 SSS Feature Mana 
 138           0           1          0  0.00%  0.00%  0.00%   0 IP IRDP          
   2           5          34        147  0.00%  0.00%  0.00%   0 Load Meter       
 140           2           3        666  0.00%  0.00%  0.00%   0 Auth Manager     
 141           0           1          0  0.00%  0.00%  0.00%   0 EPM MAIN PROCESS 
 142           0           1          0  0.00%  0.00%  0.00%   0 Critical Auth    
 143          10         307         32  0.00%  0.00%  0.00%   0 SVM UT Process   
 144           0           1          0  0.00%  0.00%  0.00%   0 CMD HANDLER      
 145           0           2          0  0.00%  0.00%  0.00%   0 Dot1x Supplicant 
 146           0           2          0  0.00%  0.00%  0.00%   0 Dot1x Supplicant 
 147           2           2       1000  0.00%  0.00%  0.00%   0 Dot1x Supplicant 
 148           0           1          0  0.00%  0.00%  0.00%   0 DCT Bkgd Process 
 149           0           1          0  0.00%  0.00%  0.00%   0 MAB Framework    
 150           0           1          0  0.00%  0.00%  0.00%   0 PPP IP Add Route 
 151           0           3          0  0.00%  0.00%  0.00%   0 Service Routing  
 152           0           2          0  0.00%  0.00%  0.00%   0 HQF Output Shape 
 153           0           2          0  0.00%  0.00%  0.00%   0 HQF Input Shaper 
 154           0           2          0  0.00%  0.00%  0.00%   0 Routing Topology 
 155           0           4          0  0.00%  0.00%  0.00%   0 IP RIB Update    
 156           3           6        500  0.00%  0.00%  0.00%   0 IP Background    
 157           2           6        333  0.00%  0.00%  0.00%   0 IP Connected Rou 
 158           0           4          0  0.00%  0.00%  0.00%   0 Flow Exporter Ti 
 159           0           1          0  0.00%  0.00%  0.00%   0 XC RIB MGR       
 160           0           4          0  0.00%  0.00%  0.00%   0 Inter Chassis Pr 
 161           0           2          0  0.00%  0.00%  0.00%   0 Tunnel           
 162           0           2          0  0.00%  0.00%  0.00%   0 LFDp Input Proc  
  82           0           1          0  0.00%  0.00%  0.00%   0 VRRP Main thread 
 100          17         162        104  0.00%  0.00%  0.00%   0 PI MATM Aging Pr 
 165           0           1          0  0.00%  0.00%  0.00%   0 Socket Timers    
 166           1           1       1000  0.00%  0.00%  0.00%   0 HTTP CORE        
 167           2           3        666  0.00%  0.00%  0.00%   0 L2TRACE SERVER   
 168           1           2        500  0.00%  0.00%  0.00%   0 AUTO LAG Protoco 
 169           1           9        111  0.00%  0.00%  0.00%   0 IGMPSN L2MCM     
 170           0           1          0  0.00%  0.00%  0.00%   0 IGMPSN MRD       
 171           1           1       1000  0.00%  0.00%  0.00%   0 IGMPSN           
 172          23          84        273  0.00%  0.00%  0.00%   0 CEF: IPv4 proces 
 173          27         164        164  0.00%  0.01%  0.00%   0 ADJ background   
 174           0           3          0  0.00%  0.00%  0.00%   0 Collection proce 
 175           0           2          0  0.00%  0.00%  0.00%   0 ADJ resolve proc 
 176           1           7        142  0.00%  0.00%  0.00%   0 SR CapMan Proces 
 177           2           3        666  0.00%  0.00%  0.00%   0 MFIB Master back 
 178           1           3        333  0.00%  0.00%  0.00%   0 SSH Event handle 
 180           0           2          0  0.00%  0.00%  0.00%   0 ATIP_UDP_TSK     
 181           0           1          0  0.00%  0.00%  0.00%   0 COPS             
 182           0           1          0  0.00%  0.00%  0.00%   0 Probe Input      
 183           2           2       1000  0.00%  0.00%  0.00%   0 MVPN Mgr Process 
 184           1           2        500  0.00%  0.00%  0.00%   0 Multicast Offloa 
 185           0           1          0  0.00%  0.00%  0.00%   0 RARP Input       
 186           0           3          0  0.00%  0.00%  0.00%   0 static           
 187           1           2        500  0.00%  0.00%  0.00%   0 App Route Proces 
 188           0           1          0  0.00%  0.00%  0.00%   0 IPv6 RIB Cleanup 
 189           0           1          0  0.00%  0.00%  0.00%   0 IPv6 RIB Event H 
 190           0           1          0  0.00%  0.00%  0.00%   0 PAD InCall       
 191           1           2        500  0.00%  0.00%  0.00%   0 X.25 Background  
 192           0           1          0  0.00%  0.00%  0.00%   0 X.25 Encaps Mana 
 193           1          13         76  0.00%  0.00%  0.00%   0 QoS stats proces 
 194           0           1          0  0.00%  0.00%  0.00%   0 SNMP Timers      
 195           0           1          0  0.00%  0.00%  0.00%   0 EPM Downlad Mana 
 196           1           1       1000  0.00%  0.00%  0.00%   0 Timer Handler Pr 
 197           5          34        147  0.00%  0.00%  0.00%   0 EPM ACL PLUG-IN  
 198           0           1          0  0.00%  0.00%  0.00%   0 IPv6 Static Hand 
 199           1           2        500  0.00%  0.00%  0.00%   0 AAA Cached Serve 
 200           0           2          0  0.00%  0.00%  0.00%   0 LINE AAA         
 137           0           1          0  0.00%  0.00%  0.00%   0 fib_fib_bfd_sb e 
 202           0           1          0  0.00%  0.00%  0.00%   0 MMA MSG MCOL     
 203           0           2          0  0.00%  0.00%  0.00%   0 TPLUS            
 204           1           2        500  0.00%  0.00%  0.00%   0 ENABLE AAA       
 205           1          15         66  0.00%  0.00%  0.00%   0 LOCAL AAA        
 206           1           3        333  0.00%  0.00%  0.00%   0 MPLS Auto Mesh P 
 207          11         313         35  0.00%  0.00%  0.00%   0 Timer Library    
 208           0           2          0  0.00%  0.00%  0.00%   0 Crypto Support   
 209           1           1       1000  0.00%  0.00%  0.00%   0 IPSECv6 PS Proc  
 210           2           1       2000  0.00%  0.00%  0.00%   0 NIST rng proc    
 211           2           3        666  0.00%  0.00%  0.00%   0 LDAP process     
 212           0           1          0  0.00%  0.00%  0.00%   0 Opaque Database  
 213           0           1          0  0.00%  0.00%  0.00%   0 Key chain liveke 
 215         346        2461        140  0.00%  0.29%  0.14%   0 MMA DP TIMER     
 216           0           2          0  0.00%  0.00%  0.00%   0 MMON PROCESS     
 217          78        4951         15  0.00%  0.00%  0.00%   0 MMON MENG        
 218          47         165        284  0.00%  0.02%  0.00%   0 Crypto IKEv2     
 219           0           1          0  0.00%  0.00%  0.00%   0 IKEv2 AAA handle 
 220           6          11        545  0.00%  0.00%  0.00%   0 crypto engine pr 
 221           0           1          0  0.00%  0.00%  0.00%   0 encrypt proc     
 222           0           3          0  0.00%  0.00%  0.00%   0 CRYPTO MAP FREE  
 223           0           1          0  0.00%  0.00%  0.00%   0 Crypto INT       
 224           0           2          0  0.00%  0.00%  0.00%   0 Crypto IKE Dispa 
 225           5           3       1666  0.00%  0.00%  0.00%   0 Crypto IKMP      
 226           0           1          0  0.00%  0.00%  0.00%   0 IPSEC manual key 
 227          10          10       1000  0.00%  0.00%  0.00%   0 IPSEC key engine 
 228           0           1          0  0.00%  0.00%  0.00%   0 Crypto ACL       
 229           0           1          0  0.00%  0.00%  0.00%   0 Crypto PAS Proc  
 230           1           1       1000  0.00%  0.00%  0.00%   0 IPSec background 
 231           0           1          0  0.00%  0.00%  0.00%   0 RSA background p 
 232           8           4       2000  0.00%  0.00%  0.00%   0 Crypto CA        
 233           0           3          0  0.00%  0.00%  0.00%   0 Crypto PKI-CRL   
 234           0           1          0  0.00%  0.00%  0.00%   0 Crypto PKI-Rev-P 
 235           1           1       1000  0.00%  0.00%  0.00%   0 PKI OCSP         
 236           0           1          0  0.00%  0.00%  0.00%   0 PKI Revocation   
 237           0           2          0  0.00%  0.00%  0.00%   0 DHCP Security He 
 238           0           3          0  0.00%  0.00%  0.00%   0 vlmap logger     
 239           5           2       2500  0.00%  0.00%  0.00%   0 pm scp dummy pro 
 240          22         161        136  0.00%  0.00%  0.00%   0 PM Callback      
 242           7          14        500  0.00%  0.00%  0.00%   0 dhcp snooping sw 
 243           0           3          0  0.00%  0.00%  0.00%   0 AAA SEND STOP EV 
 244           0           1          0  0.00%  0.00%  0.00%   0 Test AAA Client  
 245           0           1          0  0.00%  0.00%  0.00%   0 Syslog Traps     
 247           3          12        250  0.00%  0.00%  0.00%   0 EEM ED Syslog    
 248           2           4        500  0.00%  0.00%  0.00%   0 EEM ED Routing   
 249           1           4        250  0.00%  0.00%  0.00%   0 EEM ED Generic   
 250           1           1       1000  0.00%  0.00%  0.00%   0 QoS TAM Request  
 251          10           7       1428  0.00%  0.00%  0.00%   0 Syslog           
 253          39          44        886  0.00%  0.00%  0.00%   0 EEM Server       
 254           3           3       1000  0.00%  0.00%  0.00%   0 EEM Policy Direc 
 255           0           1          0  0.00%  0.00%  0.00%   0 Connection Mgr   
 256           2           4        500  0.00%  0.00%  0.00%   0 EEM ED CLI       
 257           2           4        500  0.00%  0.00%  0.00%   0 EEM ED Counter   
 258           2           4        500  0.00%  0.00%  0.00%   0 EEM ED Interface 
 259           2           4        500  0.00%  0.00%  0.00%   0 EEM ED IOSWD     
 260           2           4        500  0.00%  0.00%  0.00%   0 EEM ED None      
 261           2           4        500  0.00%  0.00%  0.00%   0 EEM ED OIR       
 262           0           1          0  0.00%  0.00%  0.00%   0 IPv6 Access Cont 
 263           3           4        750  0.00%  0.00%  0.00%   0 EEM ED SNMP      
 264           3           7        428  0.00%  0.00%  0.00%   0 EEM ED Timer     
 265           2           4        500  0.00%  0.00%  0.00%   0 EEM ED SNMP Obje 
 266           2           4        500  0.00%  0.00%  0.00%   0 EEM ED SNMP Noti 
 267           0           4          0  0.00%  0.00%  0.00%   0 EEM ED Ipsla     
 268           1           4        250  0.00%  0.00%  0.00%   0 EEM ED Nf        
 269           1           4        250  0.00%  0.00%  0.00%   0 EEM ED Test      
 270           1           4        250  0.00%  0.00%  0.00%   0 EEM ED Config    
 271           0           4          0  0.00%  0.00%  0.00%   0 EEM ED Env       
 272           2           4        500  0.00%  0.00%  0.00%   0 EEM ED DS        
 273           0           4          0  0.00%  0.00%  0.00%   0 EEM ED CRASH     
 275           0           4          0  0.00%  0.00%  0.00%   0 EEM ED RPC       
 276           7           3       2333  0.00%  0.00%  0.00%   0 VLAN Manager     
 277           1           3        333  0.00%  0.00%  0.00%   0 Net Input        
 278          11          34        323  0.00%  0.02%  0.00%   0 Compute load avg 
 279          11           7       1571  0.00%  0.00%  0.00%   0 Per-minute Jobs  
   1           0           5          0  0.00%  0.00%  0.00%   0 Chunk Manager    
 281           3          11        272  0.00%  0.00%  0.00%   0 mdns Timer Proce 
 282           0           2          0  0.00%  0.00%  0.00%   0 MRIB Process     
 139           0           1          0  0.00%  0.00%  0.00%   0 Tunnel FIB      
SW3#show processes cpu history
                                                                  
                                                                  
                                                                  
      455555                                                      
      244444555555555555555666666666677777666667777766666555557777
  100                                                           
   90                                                           
   80                                                           
   70                                                           
   60                                                           
   50  *****                                                    
   40 ******                                                    
   30 ******                                                    
   20 ******                                                    
   10 **********************************************************
     0....5....1....1....2....2....3....3....4....4....5....5....6
               0    5    0    5    0    5    0    5    0    5    0
               CPU% per second (last 60 seconds)

                                                                  
                                                                  
                                                                  
       9                                                          
      85                                                          
  100  *                                                        
   90  *                                                        
   80  *                                                        
   70  *                                                        
   60  *                                                        
   50  *                                                        
   40  *                                                        
   30  *                                                        
   20  #                                                        
   10 ##                                                        
     0....5....1....1....2....2....3....3....4....4....5....5....6
               0    5    0    5    0    5    0    5    0    5    0
               CPU% per minute (last 60 minutes)
              * = maximum CPU%   # = average CPU%

                                                                              
                                                                              
                                                                              
                                                                              
                                                                              
  100                                                                       
   90                                                                       
   80                                                                       
   70                                                                       
   60                                                                       
   50                                                                       
   40                                                                       
   30                                                                       
   20                                                                       
   10                                                                       
     0....5....1....1....2....2....3....3....4....4....5....5....6....6....7..
               0    5    0    5    0    5    0    5    0    5    0    5    0  
                   CPU% per hour (last 72 hours)
                  * = maximum CPU%   # = average CPU%


SW3#show processes memory sorted
Processor Pool Total:  843420640 Used:   60733784 Free:  782686856
      I/O Pool Total:  114294784 Used:   96050448 Free:   18244336

 PID TTY  Allocated      Freed    Holding    Getbufs    Retbufs Process
   0   0  221916296   70873824  146299856          0          0 *Init*          
 253   0    1930944      29768    1914272          0          0 EEM Server      
   0   0  112518040  111634416     868232    2619623          0 *Dead*          
   0   0          0          0     394752          0          0 *MallocLite*    
 247   0     292736      16664     293168     100548          0 EEM ED Syslog   
 249   0     219016      16600     219512      67468          0 EEM ED Generic  
 218   0     151704         72     176728          0          0 Crypto IKEv2    
  64   0     174736      17400     174336          0          0 EEM ED Identity 
 112   0     163168       3112     161392          0          0 CDP Protocol    
  85   0     370240     206560     151680          0          0 mDNS            
 282   0     121872        232     146736          0          0 MRIB Process    
  47   3    3191520    3084904     130664          0          0 SSH Process     
 126   6    3307048    3214776     116512          0          0 SSH Process     
 232   0     433264     361584      96848          0          0 Crypto CA       
   3   2     952376     881944      94456          0          0 SSH Process     
  84   4     949760     880016      94440          0          0 SSH Process     
 113   5     954872     884608      94416          0          0 SSH Process     
 157   0      75968        288      92776          0          0 IP Connected Rou
   5   0     133920     133920      80056     131382     131382 Pool Manager    
 225   0      43560        232      68424          0          0 Crypto IKMP     
  83   0      54488        496      67024          0          0 VRRS Main thread
  14   0      54088        744      66440          0          0 ARP Input       
 201   0      51176          0      64272          0          0 MMA DB TIMER    
  77   0      49368          0      62464          0          0 ACCT Periodic Pr
 207   0      49600        232      62464          0          0 Timer Library   
  66   0      59992      63640      60088          0          0 EEM ED ND       
 254   0      49568       1136      52432          0          0 EEM Policy Direc
 121   0      33032          0      46128          0          0 IP ARP Retry Age
  53   0     111608          0      44904          0          0 Net Background  
 239   0      41376        576      43784          0          0 pm scp dummy pro
 172   0      25560      10752      39904          0          0 CEF: IPv4 proces
 276   0     248672     235224      34376          0          0 VLAN Manager    
 122   0      21984       1832      34256          0          0 IP Input        
 266   0      33464      16760      33960          0          0 EEM ED SNMP Noti
 164   0     160496      10992      33960          0          0 TCP Protocols   
 228   0          0          0      33096          0          0 Crypto ACL      
  11   0          0          0      33096          0          0 Crash writer    
 181   0          0          0      33096          0          0 COPS            
  75   0      16816        232      29680          0          0 AAA Server      
 155   0       4064          0      29160          0          0 IP RIB Update   
 272   0      28272      16600      28768          0          0 EEM ED DS       
 273   0      28288      16616      28768          0          0 EEM ED CRASH    
 268   0      28136      16616      28616          0          0 EEM ED Nf       
 227   0     271424       4736      28304          0          0 IPSEC key engine
 120   0       1848          0      26944          0          0 IP ARP Adjacency
 235   0        896          0      25992          0          0 PKI OCSP        
 203   0        792        232      25656          0          0 TPLUS           
 211   0        792        232      25656          0          0 LDAP process    
 137   0        216          0      25360          0          0 fib_fib_bfd_sb e
 217   0        464        232      25328          0          0 MMON MENG       
 216   0        464        232      25328          0          0 MMON PROCESS    
 175   0        216          0      25312          0          0 ADJ resolve proc
 173   0        216          0      25312          0          0 ADJ background  
 174   0        216          0      25312          0          0 Collection proce
 109   0        216          0      25312          0          0 CEF switching ba
 136   0        216        736      25312          0          0 CEF background p
 177   0        216          0      25312          0          0 MFIB Master back
   1   0      12192          0      25288          0          0 Chunk Manager   
 281   0      87696      87560      25232          0          0 mdns Timer Proce
  80   0        232        232      25136          0          0 Ethernet LMI    
  55   0        232        232      25128          0          0 Logger          
 134   0        232        232      25096          0          0 KRB5 AAA        
 161   0        232        232      25096          0          0 Tunnel          
  54   0       1152       1152      25096          0          0 IDB Work        
 118   0        232        232      25096          0          0 ATM OAM TIMER   
 117   0        232        232      25096          0          0 ATM OAM Input   
 191   0        232        232      25096          0          0 X.25 Background 
 197   0          0          0      25096          0          0 EPM ACL PLUG-IN 
 140   0        232        232      25096          0          0 Auth Manager    
 205   0       1096       1096      25096          0          0 LOCAL AAA       
 163   0          0          0      25096          0          0 TCP Timer       
  68   0        232        232      25096          0          0 Ethernet CFM    
 154   0          0          0      25096          0          0 Routing Topology
  70   0        232        232      25096          0          0 Ethernet Msec Ti
  71   0        232        232      25096          0          0 Ethernet CFM IOU
  69   0        232        232      25096          0          0 Ethernet Timer C
 212   0          0          0      25096          0          0 Opaque Database 
 221   0          0          0      25096          0          0 encrypt proc    
 251   0       8584       8584      25096          0          0 Syslog          
 250   0          0          0      25096          0          0 QoS TAM Request 
 234   0          0          0      25096          0          0 Crypto PKI-Rev-P
 244   0          0          0      25096          0          0 Test AAA Client 
 236   0          0          0      25096          0          0 PKI Revocation  
 231   0          0          0      25096          0          0 RSA background p
  20   0        232        232      25096          0          0 Dialer event    
  86   0          0          0      25096          0          0 SSS Manager     
 230   0          0          0      25096          0          0 IPSec background
 233   0        232        232      25096          0          0 Crypto PKI-CRL  
  18   0          0          0      25096          0          0 Policy Manager  
 223   0          0          0      25096          0          0 Crypto INT      
  91   0        232        232      25096          0          0 SSM connection m
 224   0        232        232      25096          0          0 Crypto IKE Dispa
   0   0      24592     358280      24592          0          0 *Sched*         
 258   0      23440      16600      23936          0          0 EEM ED Interface
 257   0      23368      16760      23864          0          0 EEM ED Counter  
 283   0      11072        432      23736          0          0 EEM Helper Threa
 264   0      23128      16600      23624          0          0 EEM ED Timer    
 248   0      23232      16696      23568          0          0 EEM ED Routing  
 263   0      23040      16600      23536          0          0 EEM ED SNMP     
 275   0      23040      16600      23536          0          0 EEM ED RPC      
 269   0      22976      16600      23472          0          0 EEM ED Test     
 267   0      22976      16600      23472          0          0 EEM ED Ipsla    
 259   0      22976      16600      23472          0          0 EEM ED IOSWD    
 265   0      22976      16600      23472          0          0 EEM ED SNMP Obje
 261   0      22976      16600      23472          0          0 EEM ED OIR      
 270   0      22976      16600      23472          0          0 EEM ED Config   
 256   0      22976      16600      23472          0          0 EEM ED CLI      
 271   0      22976      16600      23472          0          0 EEM ED Env      
  65   0      22976      16600      23472          0          0 EEM ED MAT      
 260   0      22976      16600      23472          0          0 EEM ED None     
 176   0      14360       4992      22464          0          0 SR CapMan Proces
 102   0       5280        232      22144          0          0 IP Host Track Pr
 178   0       8480          0      21528          0          0 SSH Event handle
 115   0       6800          0      19896          0          0 TRACK Main threa
 215   0       5240          0      18336          0          0 MMA DP TIMER    
 204   0       5280        232      18144          0          0 ENABLE AAA      
 166   0        896          0      17992          0          0 HTTP CORE       
 183   0        968        232      17832          0          0 MVPN Mgr Process
 169   0       9256      20808      17744          0          0 IGMPSN L2MCM    
 156   0       3144       2592      17648          0          0 IP Background   
 168   0        464        232      17328          0          0 AUTO LAG Protoco
 184   0        464        232      17328          0          0 Multicast Offloa
 139   0        216          0      17312          0          0 Tunnel FIB      
 119   0          0          0      17096          0          0 HQF TARGET DYNAM
 226   0          0          0      17096          0          0 IPSEC manual key
  94   0          0          0      17096          0          0 MPLS Auto-Tunnel
  89   0        232        232      17096          0          0 Ethernet OAM Pro
 124   0        232        232      17096          0          0 IP ARP Track    
 188   0          0          0      17096          0          0 IPv6 RIB Cleanup
 198   0          0          0      17096          0          0 IPv6 Static Hand
 186   0        232        232      17096          0          0 static          
 189   0          0          0      17096          0          0 IPv6 RIB Event H
 193   0        952        952      17096          0          0 QoS stats proces
 187   0        232        232      17096          0          0 App Route Proces
 138   0          0          0      17096          0          0 IP IRDP         
 141   0          0          0      17096          0          0 EPM MAIN PROCESS
 280   0          0          0      17096          0          0 Per-Second Jobs 
 255   0          0          0      16968          0          0 Connection Mgr  
 167   0      20696        232      16592          0          0 L2TRACE SERVER  
   4   0       3320        232      16232          0          0 Check heaps     
  30   0       2096          0      15192          0          0 IPC Seat Manager
  81   0       1872          0      14968          0          0 FHRP Main thread
 116   0       1736          0      14832          0          0 TRACK Client thr
  82   0       1688          0      14784          0          0 VRRP Main thread
 202   0       1592          0      14688          0          0 MMA MSG MCOL    
 279   0       1224          0      14320          0          0 Per-minute Jobs 
 210   0      96960      29944      14312          0          0 NIST rng proc   
 131   0        896          0      13992          0          0 Auth-proxy HTTP 
  99   0       1008        232      13872          0          0 DTP Protocol    
 220   0     217768     217000      13864          0          0 crypto engine pr
 162   0       1096        376      13816          0          0 LFDp Input Proc 
  57   0      66400          0      13744          0          0 IF-MGR control p
  41   0     248264     259136      13632          0          0 crypto sw pk pro
  12   0        344          0      13440          0          0 Exception contro
 104   0        536        232      13400          0          0 UDLD            
 151   0        248          0      13344          0          0 Service Routing 
 101   0        248          0      13344          0          0 Port-Security   
 147   0        464        232      13328          0          0 Dot1x Supplicant
 128   0      11856        232      13328          0          0 Spanning Tree   
 146   0        464        232      13328          0          0 Dot1x Supplicant
 145   0        464        232      13328          0          0 Dot1x Supplicant
  63   0        216          0      13312          0          0 Src Fltr backgro
  78   0          0          0      13120          0          0 AAA System Acct 
  72   0        232        232      13112          0          0 Dot1x Mgr Proces
 158   0        232        400      13096          0          0 Flow Exporter Ti
 144   0          0          0      13096          0          0 CMD HANDLER     
 143   0          0          0      13096          0          0 SVM UT Process  
  27   0          0          0      13096          0          0 IPC Periodic Tim
 165   0          0          0      13096          0          0 Socket Timers   
 142   0          0          0      13096          0          0 Critical Auth   
 135   0          0          0      13096          0          0 FRR Background P
 160   0        232        328      13096          0          0 Inter Chassis Pr
 132   0          0          0      13096          0          0 IP Admin SM Proc
 170   0          0          0      13096          0          0 IGMPSN MRD      
 171   0          0          0      13096          0          0 IGMPSN          
  26   0          0          0      13096          0          0 IPC Zone Manager
 153   0          0          0      13096          0          0 HQF Input Shaper
  28   0          0          0      13096          0          0 IPC Deferred Por
  29   0          0          0      13096          0          0 IPC Process leve
 159   0          0          0      13096          0          0 XC RIB MGR      
 133   0          0          0      13096          0          0 IPv6 ping proces
  31   0          0          0      13096          0          0 IPC Check Queue 
 180   0        232        232      13096          0          0 ATIP_UDP_TSK    
 150   0          0          0      13096          0          0 PPP IP Add Route
 182   0          0          0      13096          0          0 Probe Input     
 123   0          0          0      13096          0          0 ICMP event handl
  32   0          0          0      13096          0          0 IPC Seat RX Cont
 185   0          0          0      13096          0          0 RARP Input      
  33   0          0          0      13096          0          0 IPC Seat TX Cont
  34   0          0          0      13096          0          0 IPC Keep Alive M
 114   0        232        232      13096          0          0 AAA Dictionary R
  35   0          0          0      13096          0          0 IPC Loadometer  
 190   0          0          0      13096          0          0 PAD InCall      
  36   0          0          0      13096          0          0 IPC Session Deta
 192   0          0          0      13096          0          0 X.25 Encaps Mana
 111   0       9344      16000      13096          0          0 SpanTree Helper 
 194   0          0          0      13096          0          0 SNMP Timers     
 152   0          0          0      13096          0          0 HQF Output Shape
 127   0          0          0      13096          0          0 RIB LM VALIDATE 
 149   0          0          0      13096          0          0 MAB Framework   
 130   0          0          0      13096          0          0 Webauth client  
 129   0        232        232      13096          0          0 SpanTree Msg    
 200   0        232        232      13096          0          0 LINE AAA        
 125   0        232        232      13096          0          0 PIM register asy
 107   0        232        232      13096          0          0 process unix_l2_
  23   0          0          0      13096          0          0 IPC Mcast Pendin
 106   0        232        232      13096          0          0 process unix_l2_
 105   0          0          0      13096          0          0 UNIX IP Source g
 206   0          0          0      13096          0          0 MPLS Auto Mesh P
  22   0          0          0      13096          0          0 IPC Event Notifi
 208   0        232        232      13096          0          0 Crypto Support  
 209   0          0          0      13096          0          0 IPSECv6 PS Proc 
  25   0          0          0      13096          0          0 IPC Session Serv
  21   0          0          0      13096          0          0 Entity MIB API  
 103   0        232        232      13096          0          0 Ethchnl         
 213   0          0          0      13096          0          0 Key chain liveke
 195   0          0          0      13096          0          0 EPM Downlad Mana
 100   0        232        232      13096          0          0 PI MATM Aging Pr
  98   0          0        576      13096          0          0 802.1x switch   
  97   0          0          0      13096          0          0 DHCP Snooping db
 219   0          0          0      13096          0          0 IKEv2 AAA handle
  96   0          0          0      13096          0          0 DHCP Snooping   
  95   0          0          0      13096          0          0 O-UNI Client Msg
 222   0        232        512      13096          0          0 CRYPTO MAP FREE 
  93   0          0          0      13096          0          0 LSP Tunnel FRR  
  92   0        232        232      13096          0          0 OCE punted Pkts 
  19   0        232        232      13096          0          0 DDR Timers      
  90   0          0          0      13096          0          0 AC Switch       
  88   0          0          0      13096          0          0 SSS Feature Time
  17   0          0          0      13096          0          0 AAA_SERVER_DEADT
 229   0          0          0      13096          0          0 Crypto PAS Proc 
  87   0          0          0      13096          0          0 SSS Feature Mana
  37   0        232        232      13096          0          0 PrstVbl         
  16   0          0          0      13096          0          0 CEF MIB API     
  38   0        232        232      13096          0          0 Serial Backgroun
  39   0          0          0      13096          0          0 ARP Snoop       
  15   0       2640       2640      13096          0          0 ARP Background  
  79   0        232        232      13096          0          0 EFP Errd        
 237   0        232        232      13096          0          0 DHCP Security He
 238   0          0          0      13096          0          0 vlmap logger    
  13   0          0          0      13096          0          0 IFS Agent Manage
 240   0      10720      29216      13096          0          0 PM Callback     
 242   0        232        232      13096          0          0 dhcp snooping sw
 243   0        232        576      13096          0          0 AAA SEND STOP EV
 196   0          0          0      13096          0          0 Timer Handler Pr
 245   0          0          0      13096          0          0 Syslog Traps    
 108   0          0        288      13096          0          0 VMATM Callback  
  40   0          0          0      13096          0          0 Dynamic ARP Insp
  10   0          0          0      13096          0          0 IOSv in console 
  76   0          0          0      13096          0          0 AAA ACCT Proc   
 199   0        232        232      13096          0          0 AAA Cached Serve
   9   0          0          0      13096          0          0 IOSv out console
  24   0          0          0      13096          0          0 IPC Dynamic Cach
  74   0          0          0      13096          0          0 EAP Test        
  73   0          0          0      13096          0          0 EAP Framework   
 148   0          0          0      13096          0          0 DCT Bkgd Process
  67   0          0          0      13096          0          0 Rate limit load 
  42   0        232        232      13096          0          0 GraphIt         
  43   0          0          0      13096          0          0 SERIAL A'detect 
  59   0          0          0      13096          0          0 AggMgr Process  
  58   0          0          0      13096          0          0 IF-MGR event pro
  62   0          0          0      13096          0          0 IOSv e1000      
  61   0          0          0      13096          0          0 HC Counter Timer
  60   0          0          0      13096          0          0 Transport Port A
   7   0        232        232      13096          0          0 Timers          
  56   0        232        232      13096          0          0 TTY Background  
   6   0          0          0      13096          0          0 DiscardQ Backgro
 277   0          0          0      13096          0          0 Net Input       
  52   0          0          0      13096          0          0 Critical Bkgnd  
 278   0        232        232      13096          0          0 Compute load avg
 262   0          0          0      12968          0          0 IPv6 Access Cont
  48   0        232          0       7328          0          0 Async write proc
  49   0        232          0       7328          0          0 Async write proc
  50   0        232          0       7328          0          0 Async write proc
 110   0        216          0       7312          0          0 ADJ NSF process 
  51   0       4160          0       7096          0          0 DFS flush period
   2   0        232        232       7096          0          0 Load Meter      
  44   0          0          0       7096          0          0 Inode Table Dest
   8   0          0          0       7096          0          0 WATCH_AFS       
  45   0          0          0       7096          0          0 dev_device_inser
  46   0          0          0       7096          0          0 dev_device_remov
                                156664552 Total
SW3#show access-lists
Extended IP access list preauth_ipv4_acl (per-user)
    10 permit udp any any eq domain
    20 permit tcp any any eq domain
    30 permit udp any eq bootps any
    40 permit udp any any eq bootpc
    50 permit udp any eq bootpc any
    60 deny ip any any
IPv6 access list preauth_ipv6_acl (per-user)
    permit udp any any eq domain sequence 10
    permit tcp any any eq domain sequence 20
    permit icmp any any nd-ns sequence 30
    permit icmp any any nd-na sequence 40
    permit icmp any any router-solicitation sequence 50
    permit icmp any any router-advertisement sequence 60
    permit icmp any any redirect sequence 70
    permit udp any eq 547 any eq 546 sequence 80
    permit udp any eq 546 any eq 547 sequence 90
    deny ipv6 any any sequence 100
SW3#show ip route
Codes: L - local, C - connected, S - static, R - RIP, M - mobile, B - BGP
       D - EIGRP, EX - EIGRP external, O - OSPF, IA - OSPF inter area 
       N1 - OSPF NSSA external type 1, N2 - OSPF NSSA external type 2
       E1 - OSPF external type 1, E2 - OSPF external type 2
       i - IS-IS, su - IS-IS summary, L1 - IS-IS level-1, L2 - IS-IS level-2
       ia - IS-IS inter area, * - candidate default, U - per-user static route
       o - ODR, P - periodic downloaded static route, H - NHRP, l - LISP
       a - application route
       + - replicated route, % - next hop override

Gateway of last resort is not set

      192.168.97.0/24 is variably subnetted, 2 subnets, 2 masks
C        192.168.97.0/24 is directly connected, Vlan1
L        192.168.97.233/32 is directly connected, Vlan1
SW3#show file systems
File Systems:

     Size(b)     Free(b)      Type  Flags  Prefixes
*   2142715904    2029989888      disk     rw   flash0: flash:
           -           -      disk     rw   flash1:
           -           -      disk     rw   flash2:
           -           -      disk     rw   flash3:
           -           -    opaque     rw   system:
           -           -    opaque     rw   tmpsys:
        262144        254495     nvram     rw   nvram:
           -           -    opaque     rw   null:
           -           -    opaque     ro   tar:
           -           -   network     rw   tftp:
           -           -    opaque     wo   syslog:
           -           -   network     rw   rcp:
           -           -   network     rw   http:
           -           -   network     rw   ftp:
           -           -   network     rw   scp:
           -           -   network     rw   https:
           -           -    opaque     ro   cns:

SW3#show logging
Syslog logging: enabled (0 messages dropped, 2 messages rate-limited, 0 flushes, 0 overruns, xml disabled, filtering disabled)

No Active Message Discriminator.



No Inactive Message Discriminator.


    Console logging: level debugging, 32 messages logged, xml disabled,
                     filtering disabled
    Monitor logging: level debugging, 0 messages logged, xml disabled,
                     filtering disabled
    Buffer logging:  level debugging, 34 messages logged, xml disabled,
                    filtering disabled
    Exception Logging: size (8192 bytes)
    Count and timestamp logging messages: disabled
    Persistent logging: disabled
    Trap logging: level informational, 37 message lines logged
        Logging Source-Interface:       VRF Name:

Log Buffer (8192 bytes):

*Mar  1 00:00:01.033: %ATA-6-DEV_FOUND: device 0x1F0
*Mar  1 00:00:01.116: %NVRAM-5-CONFIG_NVRAM_READ_OK: NVRAM configuration 'flash:/nvram' was read from disk.
*Sep 21 01:59:55.675: %SPANTREE-5-EXTENDED_SYSID: Extended SysId enabled for type vlan
*Sep 21 01:59:58.382: %LINK-5-CHANGED: Interface GigabitEthernet0/0, changed state to reset
*Sep 21 01:59:58.383: %LINK-5-CHANGED: Interface GigabitEthernet0/1, changed state to reset
*Sep 21 01:59:58.383: %LINK-5-CHANGED: Interface GigabitEthernet0/2, changed state to reset
*Sep 21 01:59:58.384: %LINK-5-CHANGED: Interface GigabitEthernet0/3, changed state to reset
*Sep 21 01:59:58.384: %LINK-5-CHANGED: Interface GigabitEthernet1/0, changed state to reset
*Sep 21 01:59:58.384: %LINK-5-CHANGED: Interface GigabitEthernet1/1, changed state to reset
*Sep 21 01:59:58.385: %LINK-5-CHANGED: Interface GigabitEthernet1/2, changed state to reset
*Sep 21 01:59:58.385: %LINK-5-CHANGED: Interface GigabitEthernet1/3, changed state to reset
*Sep 21 01:59:58.541: %SYS-5-CONFIG_I: Configured from memory by console
*Sep 21 01:59:59.472: %LINEPROTO-5-UPDOWN: Line protocol on Interface GigabitEthernet0/0, changed state to up
*Sep 21 01:59:59.472: %LINEPROTO-5-UPDOWN: Line protocol on Interface GigabitEthernet0/1, changed state to up
*Sep 21 01:59:59.473: %LINEPROTO-5-UPDOWN: Line protocol on Interface GigabitEthernet0/2, changed state to up
*Sep 21 01:59:59.473: %LINEPROTO-5-UPDOWN: Line protocol on Interface GigabitEthernet0/3, changed state to up
*Sep 21 01:59:59.473: %LINEPROTO-5-UPDOWN: Line protocol on Interface GigabitEthernet1/0, changed state to up
*Sep 21 01:59:59.474: %LINEPROTO-5-UPDOWN: Line protocol on Interface GigabitEthernet1/1, changed state to up
*Sep 21 01:59:59.474: %LINEPROTO-5-UPDOWN: Line protocol on Interface GigabitEthernet1/2, changed state to up
*Sep 21 01:59:59.474: %LINEPROTO-5-UPDOWN: Line protocol on Interface GigabitEthernet1/3, changed state to up
*Sep 21 01:59:59.681: %LINEPROTO-5-UPDOWN: Line protocol on Interface Vlan1, changed state to down
*Sep 21 02:00:00.496: %LINK-3-UPDOWN: Interface GigabitEthernet1/3, changed state to up
*Sep 21 02:00:00.503: %LINK-3-UPDOWN: Interface GigabitEthernet1/2, changed state to up
*Sep 21 02:00:00.504: %LINK-3-UPDOWN: Interface GigabitEthernet1/1, changed state to up
*Sep 21 02:00:00.505: %LINK-3-UPDOWN: Interface GigabitEthernet1/0, changed state to up
*Sep 21 02:00:00.507: %LINK-3-UPDOWN: Interface GigabitEthernet0/3, changed state to up
*Sep 21 02:00:00.508: %LINK-3-UPDOWN: Interface GigabitEthernet0/2, changed state to up
*Sep 21 02:00:00.509: %LINK-3-UPDOWN: Interface GigabitEthernet0/1, changed state to up
*Sep 21 02:00:00.510: %LINK-3-UPDOWN: Interface GigabitEthernet0/0, changed state to up
*Sep 21 02:00:03.242: %SYS-5-RESTART: System restarted --
Cisco IOS Software, vios_l2 Software (vios_l2-ADVENTERPRISEK9-M), Experimental Version 15.2(20170321:233949) [mmen 101]
Copyright (c) 1986-2017 by Cisco Systems, Inc.
Compiled Wed 22-Mar-17 08:38 by mmen
*Sep 21 02:00:03.294: %SSH-5-ENABLED: SSH 1.99 has been enabled
*Sep 21 02:00:09.764: %PLATFORM-5-SIGNATURE_VERIFIED: Image 'flash0:/vios_l2-adventerprisek9-m' passed code signing verification
*Sep 21 02:02:34.378: %SYS-5-CONFIG_I: Configured from console by admin on vty1 (192.168.97.108)
*Sep 21 02:02:42.438: %SYS-5-CONFIG_I: Configured from console by admin on vty4 (192.168.97.108)
SW3#