configure terminal
Enter configuration commands, one per line.  End with CNTL/Z.
Switch(config)#exit
Switch#term leng 0
Switch#show inventory
Switch#show clock
*02:25:31.333 UTC Wed Sep 21 2022
Switch#show ntp associations
Switch#show version
Cisco IOS Software, vios_l2 Software (vios_l2-ADVENTERPRISEK9-M), Experimental Version 15.2(20170321:233949) [mmen 101]
Copyright (c) 1986-2017 by Cisco Systems, Inc.
Compiled Wed 22-Mar-17 08:38 by mmen


ROM: Bootstrap program is IOSv

Switch uptime is 25 minutes
System returned to ROM by reload
System image file is "flash0:/vios_l2-adventerprisek9-m"
Last reload reason: Unknown reason



This product contains cryptographic features and is subject to United
States and local country laws governing import, export, transfer and
use. Delivery of Cisco cryptographic products does not imply
third-party authority to import, export, distribute or use encryption.
Importers, exporters, distributors and users are responsible for
compliance with U.S. and local country laws. By using this product you
agree to comply with applicable laws and regulations. If you are unable
to comply with U.S. and local laws, return this product immediately.

A summary of U.S. laws governing Cisco cryptographic products may be found at:
http://www.cisco.com/wwl/export/crypto/tool/stqrg.html

If you require further assistance please contact us by sending email to
export@cisco.com.

Cisco IOSv () processor (revision 1.0) with 935289K/111616K bytes of memory.
Processor board ID 9QBI0V7REQR
1 Virtual Ethernet interface
8 Gigabit Ethernet interfaces
DRAM configuration is 72 bits wide with parity disabled.
256K bytes of non-volatile configuration memory.
2097152K bytes of ATA System CompactFlash 0 (Read/Write)
0K bytes of ATA CompactFlash 1 (Read/Write)
0K bytes of ATA CompactFlash 2 (Read/Write)
0K bytes of ATA CompactFlash 3 (Read/Write)

Configuration register is 0x101

Switch#show running-config
Building configuration...

Current configuration : 3289 bytes
!
! Last configuration change at 02:25:31 UTC Wed Sep 21 2022 by admin
!
version 15.2
service timestamps debug datetime msec
service timestamps log datetime msec
no service password-encryption
service compress-config
!
hostname Switch
!
boot-start-marker
boot-end-marker
!
!
enable secret 5 $1$Vraa$PiYOD.C./nrWieTLBOq7X.
!
username admin password 0 admin
no aaa new-model
!
!
!
!
!
!
!
!
ip domain-name switch
ip cef
no ipv6 cef
!
!
!
spanning-tree mode pvst
spanning-tree extend system-id
!
vlan internal allocation policy ascending
!
! 
!
!
!
!
!
!
!
!
!
!
!
!
interface GigabitEthernet0/0
 media-type rj45
 negotiation auto
!
interface GigabitEthernet0/1
 media-type rj45
 negotiation auto
!
interface GigabitEthernet0/2
 switchport access vlan 69
 switchport mode access
 media-type rj45
 negotiation auto
!
interface GigabitEthernet0/3
 switchport access vlan 25
 media-type rj45
 negotiation auto
!
interface GigabitEthernet1/0
 media-type rj45
 negotiation auto
!
interface GigabitEthernet1/1
 media-type rj45
 negotiation auto
!
interface GigabitEthernet1/2
 media-type rj45
 negotiation auto
!
interface GigabitEthernet1/3
 media-type rj45
 negotiation auto
!
interface Vlan1
 ip address 192.168.97.222 255.255.255.0
!
ip forward-protocol nd
!
no ip http server
no ip http secure-server
!
!
!
!
!
!
control-plane
!
banner exec ^C
**************************************************************************
* IOSv is strictly limited to use for evaluation, demonstration and IOS  *
* education. IOSv is provided as-is and is not supported by Cisco's      *
* Technical Advisory Center. Any use or disclosure, in whole or in part, *
* of the IOSv Software or Documentation to any third party for any       *
* purposes is expressly prohibited except as otherwise authorized by     *
* Cisco in writing.                                                      *
**************************************************************************^C
banner incoming ^C
**************************************************************************
* IOSv is strictly limited to use for evaluation, demonstration and IOS  *
* education. IOSv is provided as-is and is not supported by Cisco's      *
* Technical Advisory Center. Any use or disclosure, in whole or in part, *
* of the IOSv Software or Documentation to any third party for any       *
* purposes is expressly prohibited except as otherwise authorized by     *
* Cisco in writing.                                                      *
**************************************************************************^C
banner login ^C
**************************************************************************
* IOSv is strictly limited to use for evaluation, demonstration and IOS  *
* education. IOSv is provided as-is and is not supported by Cisco's      *
* Technical Advisory Center. Any use or disclosure, in whole or in part, *
* of the IOSv Software or Documentation to any third party for any       *
* purposes is expressly prohibited except as otherwise authorized by     *
* Cisco in writing.                                                      *
**************************************************************************^C
!
line con 0
 logging synchronous
 login local
line aux 0
line vty 0 4
 login local
 transport input ssh
!
!
end

Switch#show ip interface brief
Interface              IP-Address      OK? Method Status                Protocol
GigabitEthernet0/0     unassigned      YES unset  up                    up      
GigabitEthernet0/1     unassigned      YES unset  up                    up      
GigabitEthernet0/2     unassigned      YES unset  up                    up      
GigabitEthernet0/3     unassigned      YES unset  up                    up      
GigabitEthernet1/0     unassigned      YES unset  up                    up      
GigabitEthernet1/1     unassigned      YES unset  up                    up      
GigabitEthernet1/2     unassigned      YES unset  up                    up      
GigabitEthernet1/3     unassigned      YES unset  up                    up      
Vlan1                  192.168.97.222  YES NVRAM  up                    up      
Switch#show interface status

Port      Name               Status       Vlan       Duplex  Speed Type 
Gi0/0                        connected    1          a-full   auto RJ45
Gi0/1                        connected    1          a-full   auto RJ45
Gi0/2                        connected    69         a-full   auto RJ45
Gi0/3                        connected    25         a-full   auto RJ45
Gi1/0                        connected    1          a-full   auto RJ45
Gi1/1                        connected    1          a-full   auto RJ45
Gi1/2                        connected    1          a-full   auto RJ45
Gi1/3                        connected    1          a-full   auto RJ45
Switch#show cdp neighbor
Capability Codes: R - Router, T - Trans Bridge, B - Source Route Bridge
                  S - Switch, H - Host, I - IGMP, r - Repeater, P - Phone, 
                  D - Remote, C - CVTA, M - Two-port Mac Relay 

Device ID        Local Intrfce     Holdtme    Capability  Platform  Port ID
SW3.switch2      Gig 0/0           125             R S I            Gig 0/0

Total cdp entries displayed : 1
Switch#show cdp neighbor detail
-------------------------
Device ID: SW3.switch2
Entry address(es): 
  IP address: 192.168.97.233
Platform: Cisco ,  Capabilities: Router Switch IGMP 
Interface: GigabitEthernet0/0,  Port ID (outgoing port): GigabitEthernet0/0
Holdtime : 125 sec

Version :
Cisco IOS Software, vios_l2 Software (vios_l2-ADVENTERPRISEK9-M), Experimental Version 15.2(20170321:233949) [mmen 101]
Copyright (c) 1986-2017 by Cisco Systems, Inc.
Compiled Wed 22-Mar-17 08:38 by mmen

advertisement version: 2
VTP Management Domain: ''
Native VLAN: 1
Duplex: full
Management address(es): 
  IP address: 192.168.97.233


Total cdp entries displayed : 1
Switch#show environment all
              ^
% Invalid input detected at '^' marker.

Switch#show systems resources
             ^
% Invalid input detected at '^' marker.

Switch#show processes cpu sorted
CPU utilization for five seconds: 20%/0%; one minute: 13%; five minutes: 8%
 PID Runtime(ms)     Invoked      uSecs   5Sec   1Min   5Min TTY Process 
 113        1368         514       2661  3.19%  0.25%  0.05%   5 SSH Process      
 122        1408        1750        804  2.63%  1.33%  0.36%   0 IP Input         
  62       54996       73150        751  2.31%  2.98%  3.51%   0 IOSv e1000       
 128        6650        6481       1026  0.47%  0.44%  0.42%   0 Spanning Tree    
 164          86         220        390  0.47%  0.12%  0.03%   0 TCP Protocols    
  70        4662      188655         24  0.31%  0.35%  0.31%   0 Ethernet Msec Ti 
 201        3302       23731        139  0.31%  0.19%  0.19%   0 MMA DB TIMER     
 280        3942        1528       2579  0.23%  0.25%  0.24%   0 Per-Second Jobs  
 121        1354       47208         28  0.15%  0.10%  0.08%   0 IP ARP Retry Age 
  10        1166       15183         76  0.07%  0.05%  0.05%   0 IOSv in console  
 173         277        1525        181  0.07%  0.02%  0.00%   0 ADJ background   
  23          57        1492         38  0.07%  0.01%  0.00%   0 IPC Mcast Pendin 
  56         345        1517        227  0.07%  0.03%  0.00%   0 TTY Background   
 205           6          30        200  0.07%  0.00%  0.00%   0 LOCAL AAA        
  41          41          22       1863  0.07%  0.00%  0.00%   0 crypto sw pk pro 
 218         392        1525        257  0.07%  0.04%  0.00%   0 Crypto IKEv2     
  17           1           1       1000  0.00%  0.00%  0.00%   0 AAA_SERVER_DEADT 
  16           0           1          0  0.00%  0.00%  0.00%   0 CEF MIB API      
  18           0           1          0  0.00%  0.00%  0.00%   0 Policy Manager   
  19           0           2          0  0.00%  0.00%  0.00%   0 DDR Timers       
  22          11         307         35  0.00%  0.00%  0.00%   0 IPC Event Notifi 
  20           0           2          0  0.00%  0.00%  0.00%   0 Dialer event     
  15         240        1600        150  0.00%  0.00%  0.00%   0 ARP Background   
  25           0           1          0  0.00%  0.00%  0.00%   0 IPC Session Serv 
  26           0           1          0  0.00%  0.00%  0.00%   0 IPC Zone Manager 
  21           0           1          0  0.00%  0.00%  0.00%   0 Entity MIB API   
  14          13          15        866  0.00%  0.01%  0.00%   0 ARP Input        
  29           0           1          0  0.00%  0.00%  0.00%   0 IPC Process leve 
  30           0           1          0  0.00%  0.00%  0.00%   0 IPC Seat Manager 
  12           0           1          0  0.00%  0.00%  0.00%   0 Exception contro 
  13           0           1          0  0.00%  0.00%  0.00%   0 IFS Agent Manage 
  24           1          26         38  0.00%  0.00%  0.00%   0 IPC Dynamic Cach 
  34           7         154         45  0.00%  0.00%  0.00%   0 IPC Keep Alive M 
  11           0           1          0  0.00%  0.00%  0.00%   0 Crash writer     
  27          90        1492         60  0.00%  0.00%  0.00%   0 IPC Periodic Tim 
  37           1           3        333  0.00%  0.00%  0.00%   0 PrstVbl          
  38           1           2        500  0.00%  0.00%  0.00%   0 Serial Backgroun 
   9           0           2          0  0.00%  0.00%  0.00%   0 IOSv out console 
  40         182        1526        119  0.00%  0.00%  0.00%   0 Dynamic ARP Insp 
  28          84        1492         56  0.00%  0.00%  0.00%   0 IPC Deferred Por 
  42          45        1523         29  0.00%  0.01%  0.00%   0 GraphIt          
  43           0           1          0  0.00%  0.00%  0.00%   0 SERIAL A'detect  
  33           0           1          0  0.00%  0.00%  0.00%   0 IPC Seat TX Cont 
  45           1           1       1000  0.00%  0.00%  0.00%   0 dev_device_inser 
  46           0           1          0  0.00%  0.00%  0.00%   0 dev_device_remov 
  48           0           1          0  0.00%  0.00%  0.00%   0 Async write proc 
  49           0           1          0  0.00%  0.00%  0.00%   0 Async write proc 
  50           0           1          0  0.00%  0.00%  0.00%   0 Async write proc 
  51           0          27          0  0.00%  0.00%  0.00%   0 DFS flush period 
  52           1           1       1000  0.00%  0.00%  0.00%   0 Critical Bkgnd   
  53          59         158        373  0.00%  0.00%  0.00%   0 Net Background   
   8          25         323         77  0.00%  0.00%  0.00%   0 WATCH_AFS        
  31           2          88         22  0.00%  0.00%  0.00%   0 IPC Check Queue  
  32           0           1          0  0.00%  0.00%  0.00%   0 IPC Seat RX Cont 
  57          21           3       7000  0.00%  0.00%  0.00%   0 IF-MGR control p 
  35          20         307         65  0.00%  0.00%  0.00%   0 IPC Loadometer   
  59           0           1          0  0.00%  0.00%  0.00%   0 AggMgr Process   
  60           0           1          0  0.00%  0.00%  0.00%   0 Transport Port A 
  61          34         307        110  0.00%  0.00%  0.00%   0 HC Counter Timer 
   7           1           2        500  0.00%  0.00%  0.00%   0 Timers           
  63           0           1          0  0.00%  0.00%  0.00%   0 Src Fltr backgro 
  36           0           1          0  0.00%  0.00%  0.00%   0 IPC Session Deta 
  39           0           2          0  0.00%  0.00%  0.00%   0 ARP Snoop        
  66           9          38        236  0.00%  0.00%  0.00%   0 EEM ED ND        
  67          13         306         42  0.00%  0.00%  0.00%   0 Rate limit load  
  68           0           2          0  0.00%  0.00%  0.00%   0 Ethernet CFM     
  69         137        7139         19  0.00%  0.00%  0.00%   0 Ethernet Timer C 
   5          13          51        254  0.00%  0.00%  0.00%   0 Pool Manager     
  44           0           1          0  0.00%  0.00%  0.00%   0 Inode Table Dest 
  72           1           2        500  0.00%  0.00%  0.00%   0 Dot1x Mgr Proces 
  73           0           1          0  0.00%  0.00%  0.00%   0 EAP Framework    
  74           0           1          0  0.00%  0.00%  0.00%   0 EAP Test         
  75           4          29        137  0.00%  0.00%  0.00%   0 AAA Server       
  76           0           1          0  0.00%  0.00%  0.00%   0 AAA ACCT Proc    
  77           1           1       1000  0.00%  0.00%  0.00%   0 ACCT Periodic Pr 
  78           0           1          0  0.00%  0.00%  0.00%   0 AAA System Acct  
  79           0           2          0  0.00%  0.00%  0.00%   0 EFP Errd         
  80           1           2        500  0.00%  0.00%  0.00%   0 Ethernet LMI     
  81         320        1525        209  0.00%  0.02%  0.01%   0 FHRP Main thread 
  54           1           2        500  0.00%  0.00%  0.00%   0 IDB Work         
  83        3306       23731        139  0.00%  0.19%  0.23%   0 VRRS Main thread 
  85         269        1532        175  0.00%  0.01%  0.00%   0 mDNS             
  86           0           1          0  0.00%  0.00%  0.00%   0 SSS Manager      
  87           0           1          0  0.00%  0.00%  0.00%   0 SSS Feature Mana 
   4         255         209       1220  0.00%  0.00%  0.00%   0 Check heaps      
  89           1           2        500  0.00%  0.00%  0.00%   0 Ethernet OAM Pro 
  90           0           1          0  0.00%  0.00%  0.00%   0 AC Switch        
  91           5           4       1250  0.00%  0.00%  0.00%   0 SSM connection m 
  92           0           2          0  0.00%  0.00%  0.00%   0 OCE punted Pkts  
  93           0           1          0  0.00%  0.00%  0.00%   0 LSP Tunnel FRR   
  94           0           1          0  0.00%  0.00%  0.00%   0 MPLS Auto-Tunnel 
  95           1           1       1000  0.00%  0.00%  0.00%   0 O-UNI Client Msg 
  96           2          13        153  0.00%  0.00%  0.00%   0 DHCP Snooping    
  97           0           1          0  0.00%  0.00%  0.00%   0 DHCP Snooping db 
  98           2           2       1000  0.00%  0.00%  0.00%   0 802.1x switch    
  99         702         277       2534  0.00%  0.03%  0.03%   0 DTP Protocol     
 100         174        1521        114  0.00%  0.00%  0.00%   0 PI MATM Aging Pr 
  55           6          13        461  0.00%  0.00%  0.00%   0 Logger           
 102           2           2       1000  0.00%  0.00%  0.00%   0 IP Host Track Pr 
  58           1           3        333  0.00%  0.00%  0.00%   0 IF-MGR event pro 
 104        1360       15195         89  0.00%  0.00%  0.00%   0 UDLD             
 105           0           1          0  0.00%  0.00%  0.00%   0 UNIX IP Source g 
 106           0          27          0  0.00%  0.00%  0.00%   0 process unix_l2_ 
 107           0           2          0  0.00%  0.00%  0.00%   0 process unix_l2_ 
 108           1           9        111  0.00%  0.00%  0.00%   0 VMATM Callback   
   6           1           1       1000  0.00%  0.00%  0.00%   0 DiscardQ Backgro 
 110           0           1          0  0.00%  0.00%  0.00%   0 ADJ NSF process  
 111           0          12          0  0.00%  0.00%  0.00%   0 SpanTree Helper  
 112         343         336       1020  0.00%  0.01%  0.00%   0 CDP Protocol     
   2           9         306         29  0.00%  0.00%  0.00%   0 Load Meter       
 114           2           2       1000  0.00%  0.00%  0.00%   0 AAA Dictionary R 
 115           1           1       1000  0.00%  0.00%  0.00%   0 TRACK Main threa 
 116           0           1          0  0.00%  0.00%  0.00%   0 TRACK Client thr 
 117           1           2        500  0.00%  0.00%  0.00%   0 ATM OAM Input    
 118           0           2          0  0.00%  0.00%  0.00%   0 ATM OAM TIMER    
 119           0           1          0  0.00%  0.00%  0.00%   0 HQF TARGET DYNAM 
 120           4           3       1333  0.00%  0.00%  0.00%   0 IP ARP Adjacency 
  65           2           4        500  0.00%  0.00%  0.00%   0 EEM ED MAT       
  64          11           3       3666  0.00%  0.00%  0.00%   0 EEM ED Identity  
 123           1           1       1000  0.00%  0.00%  0.00%   0 ICMP event handl 
 124         164        2971         55  0.00%  0.00%  0.00%   0 IP ARP Track     
 125           0           3          0  0.00%  0.00%  0.00%   0 PIM register asy 
 127           0           2          0  0.00%  0.00%  0.00%   0 RIB LM VALIDATE  
   1           0           5          0  0.00%  0.00%  0.00%   0 Chunk Manager    
 129           1           5        200  0.00%  0.00%  0.00%   0 SpanTree Msg     
 130           0           1          0  0.00%  0.00%  0.00%   0 Webauth client   
 131           0           1          0  0.00%  0.00%  0.00%   0 Auth-proxy HTTP  
 132           0           1          0  0.00%  0.00%  0.00%   0 IP Admin SM Proc 
 133           0           1          0  0.00%  0.00%  0.00%   0 IPv6 ping proces 
 134           1           2        500  0.00%  0.00%  0.00%   0 KRB5 AAA         
 135           2          26         76  0.00%  0.00%  0.00%   0 FRR Background P 
 136          14          56        250  0.00%  0.00%  0.00%   0 CEF background p 
 137           0           1          0  0.00%  0.00%  0.00%   0 fib_fib_bfd_sb e 
 138           0           1          0  0.00%  0.00%  0.00%   0 IP IRDP          
  71           0           2          0  0.00%  0.00%  0.00%   0 Ethernet CFM IOU 
 140           1           3        333  0.00%  0.00%  0.00%   0 Auth Manager     
  82           0           1          0  0.00%  0.00%  0.00%   0 VRRP Main thread 
 142           0           1          0  0.00%  0.00%  0.00%   0 Critical Auth    
 143         149        3049         48  0.00%  0.00%  0.00%   0 SVM UT Process   
 144           1           1       1000  0.00%  0.00%  0.00%   0 CMD HANDLER      
 145           1           2        500  0.00%  0.00%  0.00%   0 Dot1x Supplicant 
 146           0           2          0  0.00%  0.00%  0.00%   0 Dot1x Supplicant 
 147           1           2        500  0.00%  0.00%  0.00%   0 Dot1x Supplicant 
 148           0           1          0  0.00%  0.00%  0.00%   0 DCT Bkgd Process 
 149           0           1          0  0.00%  0.00%  0.00%   0 MAB Framework    
 150           0           1          0  0.00%  0.00%  0.00%   0 PPP IP Add Route 
 151           1           3        333  0.00%  0.00%  0.00%   0 Service Routing  
 152           0           2          0  0.00%  0.00%  0.00%   0 HQF Output Shape 
 153           0           2          0  0.00%  0.00%  0.00%   0 HQF Input Shaper 
 154           1           2        500  0.00%  0.00%  0.00%   0 Routing Topology 
 155           0           4          0  0.00%  0.00%  0.00%   0 IP RIB Update    
 156          12          29        413  0.00%  0.00%  0.00%   0 IP Background    
 157           2           6        333  0.00%  0.00%  0.00%   0 IP Connected Rou 
 158           0           4          0  0.00%  0.00%  0.00%   0 Flow Exporter Ti 
 159           0           1          0  0.00%  0.00%  0.00%   0 XC RIB MGR       
 160           1           4        250  0.00%  0.00%  0.00%   0 Inter Chassis Pr 
 161           1           2        500  0.00%  0.00%  0.00%   0 Tunnel           
 162           2           2       1000  0.00%  0.00%  0.00%   0 LFDp Input Proc  
 163          77         957         80  0.00%  0.02%  0.00%   0 TCP Timer        
  88         150        5966         25  0.00%  0.05%  0.02%   0 SSS Feature Time 
 165           0           1          0  0.00%  0.00%  0.00%   0 Socket Timers    
 166           1           6        166  0.00%  0.00%  0.00%   0 HTTP CORE        
 167           1           3        333  0.00%  0.00%  0.00%   0 L2TRACE SERVER   
 168           0           2          0  0.00%  0.00%  0.00%   0 AUTO LAG Protoco 
 169           2          10        200  0.00%  0.00%  0.00%   0 IGMPSN L2MCM     
 170           1           1       1000  0.00%  0.00%  0.00%   0 IGMPSN MRD       
 171           0           1          0  0.00%  0.00%  0.00%   0 IGMPSN           
 172         117         764        153  0.00%  0.00%  0.00%   0 CEF: IPv4 proces 
 101           2          26         76  0.00%  0.00%  0.00%   0 Port-Security    
 174           1           3        333  0.00%  0.00%  0.00%   0 Collection proce 
 175           1           2        500  0.00%  0.00%  0.00%   0 ADJ resolve proc 
 176          18           7       2571  0.00%  0.00%  0.00%   0 SR CapMan Proces 
 177           2           3        666  0.00%  0.00%  0.00%   0 MFIB Master back 
 178           2           3        666  0.00%  0.00%  0.00%   0 SSH Event handle 
 180           2           2       1000  0.00%  0.00%  0.00%   0 ATIP_UDP_TSK     
 181           0           1          0  0.00%  0.00%  0.00%   0 COPS             
 182           0           1          0  0.00%  0.00%  0.00%   0 Probe Input      
 183           1           2        500  0.00%  0.00%  0.00%   0 MVPN Mgr Process 
 184           2           2       1000  0.00%  0.00%  0.00%   0 Multicast Offloa 
 185           0           1          0  0.00%  0.00%  0.00%   0 RARP Input       
 186           0           3          0  0.00%  0.00%  0.00%   0 static           
 187           0           2          0  0.00%  0.00%  0.00%   0 App Route Proces 
 188           0           1          0  0.00%  0.00%  0.00%   0 IPv6 RIB Cleanup 
 189           0           1          0  0.00%  0.00%  0.00%   0 IPv6 RIB Event H 
 190           0           1          0  0.00%  0.00%  0.00%   0 PAD InCall       
 191           1           2        500  0.00%  0.00%  0.00%   0 X.25 Background  
 192           1           1       1000  0.00%  0.00%  0.00%   0 X.25 Encaps Mana 
 193           4         149         26  0.00%  0.00%  0.00%   0 QoS stats proces 
 194           0           1          0  0.00%  0.00%  0.00%   0 SNMP Timers      
 195           0           1          0  0.00%  0.00%  0.00%   0 EPM Downlad Mana 
 196           0           1          0  0.00%  0.00%  0.00%   0 Timer Handler Pr 
 197          46         306        150  0.00%  0.00%  0.00%   0 EPM ACL PLUG-IN  
 198           0           1          0  0.00%  0.00%  0.00%   0 IPv6 Static Hand 
 199           0           2          0  0.00%  0.00%  0.00%   0 AAA Cached Serve 
 200           1           2        500  0.00%  0.00%  0.00%   0 LINE AAA         
 103           8         155         51  0.00%  0.00%  0.00%   0 Ethchnl          
 202           1           1       1000  0.00%  0.00%  0.00%   0 MMA MSG MCOL     
 203           1           2        500  0.00%  0.00%  0.00%   0 TPLUS            
 204           0           2          0  0.00%  0.00%  0.00%   0 ENABLE AAA       
 109           1           2        500  0.00%  0.00%  0.00%   0 CEF switching ba 
 206           0           3          0  0.00%  0.00%  0.00%   0 MPLS Auto Mesh P 
 207          90        2971         30  0.00%  0.00%  0.00%   0 Timer Library    
 208           2           2       1000  0.00%  0.00%  0.00%   0 Crypto Support   
 209           0           1          0  0.00%  0.00%  0.00%   0 IPSECv6 PS Proc  
 210           3           1       3000  0.00%  0.00%  0.00%   0 NIST rng proc    
 211           0           3          0  0.00%  0.00%  0.00%   0 LDAP process     
 212           0           1          0  0.00%  0.00%  0.00%   0 Opaque Database  
 213           0           1          0  0.00%  0.00%  0.00%   0 Key chain liveke 
 215        2933       23731        123  0.00%  0.19%  0.17%   0 MMA DP TIMER     
 216           2           2       1000  0.00%  0.00%  0.00%   0 MMON PROCESS     
 217         770       47494         16  0.00%  0.00%  0.00%   0 MMON MENG        
 139           0           1          0  0.00%  0.00%  0.00%   0 Tunnel FIB       
 219           0           1          0  0.00%  0.00%  0.00%   0 IKEv2 AAA handle 
 220           5          11        454  0.00%  0.00%  0.00%   0 crypto engine pr 
 221           0           1          0  0.00%  0.00%  0.00%   0 encrypt proc     
 222           0           3          0  0.00%  0.00%  0.00%   0 CRYPTO MAP FREE  
 223           1           1       1000  0.00%  0.00%  0.00%   0 Crypto INT       
 224           0           2          0  0.00%  0.00%  0.00%   0 Crypto IKE Dispa 
 225           2           3        666  0.00%  0.00%  0.00%   0 Crypto IKMP      
 226           0           1          0  0.00%  0.00%  0.00%   0 IPSEC manual key 
 227          31          78        397  0.00%  0.00%  0.00%   0 IPSEC key engine 
 228           0           1          0  0.00%  0.00%  0.00%   0 Crypto ACL       
 229           0           1          0  0.00%  0.00%  0.00%   0 Crypto PAS Proc  
 230           1           1       1000  0.00%  0.00%  0.00%   0 IPSec background 
 231           0           1          0  0.00%  0.00%  0.00%   0 RSA background p 
 232           8           4       2000  0.00%  0.00%  0.00%   0 Crypto CA        
 233           0           3          0  0.00%  0.00%  0.00%   0 Crypto PKI-CRL   
 234           0           1          0  0.00%  0.00%  0.00%   0 Crypto PKI-Rev-P 
 235           1           1       1000  0.00%  0.00%  0.00%   0 PKI OCSP         
 236           0           1          0  0.00%  0.00%  0.00%   0 PKI Revocation   
 237           1           2        500  0.00%  0.00%  0.00%   0 DHCP Security He 
 238           1          26         38  0.00%  0.00%  0.00%   0 vlmap logger     
 239           5           2       2500  0.00%  0.00%  0.00%   0 pm scp dummy pro 
 240         204        1586        128  0.00%  0.01%  0.00%   0 PM Callback      
 242           5         123         40  0.00%  0.00%  0.00%   0 dhcp snooping sw 
 243           0          10          0  0.00%  0.00%  0.00%   0 AAA SEND STOP EV 
 244           0           1          0  0.00%  0.00%  0.00%   0 Test AAA Client  
 245           0           1          0  0.00%  0.00%  0.00%   0 Syslog Traps     
 247           8          13        615  0.00%  0.00%  0.00%   0 EEM ED Syslog    
 248           2           4        500  0.00%  0.00%  0.00%   0 EEM ED Routing   
 249           3           4        750  0.00%  0.00%  0.00%   0 EEM ED Generic   
 250           0           1          0  0.00%  0.00%  0.00%   0 QoS TAM Request  
 251          11           8       1375  0.00%  0.00%  0.00%   0 Syslog           
 253          36          47        765  0.00%  0.00%  0.00%   0 EEM Server       
 254           3           3       1000  0.00%  0.00%  0.00%   0 EEM Policy Direc 
 255           0           1          0  0.00%  0.00%  0.00%   0 Connection Mgr   
 256           2           4        500  0.00%  0.00%  0.00%   0 EEM ED CLI       
 257           2           4        500  0.00%  0.00%  0.00%   0 EEM ED Counter   
 258           1           4        250  0.00%  0.00%  0.00%   0 EEM ED Interface 
 259           2           4        500  0.00%  0.00%  0.00%   0 EEM ED IOSWD     
 260           1           4        250  0.00%  0.00%  0.00%   0 EEM ED None      
 261           4           4       1000  0.00%  0.00%  0.00%   0 EEM ED OIR       
 262           0           1          0  0.00%  0.00%  0.00%   0 IPv6 Access Cont 
 263           2           4        500  0.00%  0.00%  0.00%   0 EEM ED SNMP      
 264           7          30        233  0.00%  0.00%  0.00%   0 EEM ED Timer     
 265           3           4        750  0.00%  0.00%  0.00%   0 EEM ED SNMP Obje 
 266           2           4        500  0.00%  0.00%  0.00%   0 EEM ED SNMP Noti 
 267           0           4          0  0.00%  0.00%  0.00%   0 EEM ED Ipsla     
 268           1           4        250  0.00%  0.00%  0.00%   0 EEM ED Nf        
 269           3           4        750  0.00%  0.00%  0.00%   0 EEM ED Test      
 270           2           4        500  0.00%  0.00%  0.00%   0 EEM ED Config    
 271           1           4        250  0.00%  0.00%  0.00%   0 EEM ED Env       
 272           3           4        750  0.00%  0.00%  0.00%   0 EEM ED DS        
 273           1           4        250  0.00%  0.00%  0.00%   0 EEM ED CRASH     
 275           4           4       1000  0.00%  0.00%  0.00%   0 EEM ED RPC       
 276           9           3       3000  0.00%  0.00%  0.00%   0 VLAN Manager     
 277           3          17        176  0.00%  0.00%  0.00%   0 Net Input        
 278          96         306        313  0.00%  0.00%  0.00%   0 Compute load avg 
 279          61          76        802  0.00%  0.00%  0.00%   0 Per-minute Jobs  
 141           0           1          0  0.00%  0.00%  0.00%   0 EPM MAIN PROCESS 
 281          20          94        212  0.00%  0.00%  0.00%   0 mdns Timer Proce 
 282           0           2          0  0.00%  0.00%  0.00%   0 MRIB Process     
 283           3          17        176  0.00%  0.00%  0.00%   0 EEM Helper Threa
Switch#show processes cpu history
                                                                  
                                                                  
                                                                  
      222                         555558888811111                 
      000666665555588888666666666666666333332222277777666666666644
  100                                                           
   90                                                           
   80                                  *****                    
   70                                  *****                    
   60                             **********                    
   50                             **********                    
   40                             **********                    
   30                             **********                    
   20 ***                         **********                    
   10 **********************************************************
     0....5....1....1....2....2....3....3....4....4....5....5....6
               0    5    0    5    0    5    0    5    0    5    0
               CPU% per second (last 60 seconds)

                                                                  
                                                                  
                                                                  
      8           1           9                                   
      3776667767782677756777675                                   
  100                         *                                 
   90                         *                                 
   80 *                       *                                 
   70 *                       *                                 
   60 *                       *                                 
   50 *                       *                                 
   40 *                       *                                 
   30 *                       *                                 
   20 #                       #                                 
   10 ###**###########**#######                                 
     0....5....1....1....2....2....3....3....4....4....5....5....6
               0    5    0    5    0    5    0    5    0    5    0
               CPU% per minute (last 60 minutes)
              * = maximum CPU%   # = average CPU%

                                                                              
                                                                              
                                                                              
                                                                              
                                                                              
  100                                                                       
   90                                                                       
   80                                                                       
   70                                                                       
   60                                                                       
   50                                                                       
   40                                                                       
   30                                                                       
   20                                                                       
   10                                                                       
     0....5....1....1....2....2....3....3....4....4....5....5....6....6....7..
               0    5    0    5    0    5    0    5    0    5    0    5    0  
                   CPU% per hour (last 72 hours)
                  * = maximum CPU%   # = average CPU%


Switch#show processes memory sorted
Processor Pool Total:  843420640 Used:   60355688 Free:  783064952
      I/O Pool Total:  114294784 Used:   96050448 Free:   18244336

 PID TTY  Allocated      Freed    Holding    Getbufs    Retbufs Process
   0   0  221927392   70881504  146301224          0          0 *Init*          
 253   0    1930904      29768    1914232          0          0 EEM Server      
   0   0  133005848  132107592     904432    2619623          0 *Dead*          
   0   0          0          0     394704          0          0 *MallocLite*    
 247   0     292672      16600     293168     100548          0 EEM ED Syslog   
 249   0     219016      16600     219512      67468          0 EEM ED Generic  
 218   0     151704         72     176728          0          0 Crypto IKEv2    
  64   0     174896      17424     174472          0          0 EEM ED Identity 
 112   0     194128       8128     161440          0          0 CDP Protocol    
  85   0     370240     206560     151680          0          0 mDNS            
 282   0     121872        232     146736          0          0 MRIB Process    
 113   5    3309688    3217672     116256          0          0 SSH Process     
 232   0     432576     360912      96832          0          0 Crypto CA       
 157   0      75968        288      92776          0          0 IP Connected Rou
   5   0    1674000    1674000      80056    1642275    1642275 Pool Manager    
 225   0      43560        232      68424          0          0 Crypto IKMP     
  83   0      54488        496      67024          0          0 VRRS Main thread
  14   0      56976       3688      66384          0          0 ARP Input       
 201   0      51176          0      64272          0          0 MMA DB TIMER    
  77   0      49368          0      62464          0          0 ACCT Periodic Pr
 207   0      49600        232      62464          0          0 Timer Library   
  66   0      59992      89480      60088          0          0 EEM ED ND       
 254   0      49568       1136      52432          0          0 EEM Policy Direc
 121   0      33032          0      46128          0          0 IP ARP Retry Age
  53   0     111392          0      44744          0          0 Net Background  
 239   0      41376        576      43496          0          0 pm scp dummy pro
 276   0     261720     237880      37792          0          0 VLAN Manager    
 172   0      14128       4320      34904          0          0 CEF: IPv4 proces
 155   0       9232          0      34328          0          0 IP RIB Update   
 266   0      33464      16760      33960          0          0 EEM ED SNMP Noti
  11   0          0          0      33096          0          0 Crash writer    
 181   0          0          0      33096          0          0 COPS            
 228   0          0          0      33096          0          0 Crypto ACL      
  75   0      16816        232      29680          0          0 AAA Server      
 227   0     272016       4776      28832          0          0 IPSEC key engine
 273   0      28272      16600      28768          0          0 EEM ED CRASH    
 272   0      28272      16600      28768          0          0 EEM ED DS       
 268   0      28120      16600      28616          0          0 EEM ED Nf       
 120   0       2224          0      27320          0          0 IP ARP Adjacency
 122   0     423192       9160      26928          0          0 IP Input        
 164   0     374592     397544      26856          0          0 TCP Protocols   
 235   0        896          0      25992          0          0 PKI OCSP        
 169   0      17304      27720      25792          0          0 IGMPSN L2MCM    
 203   0        792        232      25656          0          0 TPLUS           
 211   0        792        232      25656          0          0 LDAP process    
 173   0        272          0      25368          0          0 ADJ background  
 137   0        216          0      25360          0          0 fib_fib_bfd_sb e
 217   0        464        232      25328          0          0 MMON MENG       
 216   0        464        232      25328          0          0 MMON PROCESS    
 109   0        216          0      25312          0          0 CEF switching ba
 136   0        216        736      25312          0          0 CEF background p
 177   0        216          0      25312          0          0 MFIB Master back
 175   0        216          0      25312          0          0 ADJ resolve proc
 174   0        216          0      25312          0          0 Collection proce
   1   0      12192          0      25288          0          0 Chunk Manager   
 281   0     808520     808392      25224          0          0 mdns Timer Proce
  80   0        232        232      25136          0          0 Ethernet LMI    
  55   0        232        232      25128          0          0 Logger          
 236   0          0          0      25096          0          0 PKI Revocation  
  54   0       1152       1152      25096          0          0 IDB Work        
 233   0        232        232      25096          0          0 Crypto PKI-CRL  
 244   0          0          0      25096          0          0 Test AAA Client 
 212   0          0          0      25096          0          0 Opaque Database 
 161   0        232        232      25096          0          0 Tunnel          
 234   0          0          0      25096          0          0 Crypto PKI-Rev-P
 191   0        232        232      25096          0          0 X.25 Background 
  20   0        232        232      25096          0          0 Dialer event    
 163   0          0          0      25096          0          0 TCP Timer       
 154   0          0          0      25096          0          0 Routing Topology
  68   0        232        232      25096          0          0 Ethernet CFM    
  69   0        232        232      25096          0          0 Ethernet Timer C
  70   0        232        232      25096          0          0 Ethernet Msec Ti
  71   0        232        232      25096          0          0 Ethernet CFM IOU
 140   0        232        232      25096          0          0 Auth Manager    
 221   0          0          0      25096          0          0 encrypt proc    
 197   0          0          0      25096          0          0 EPM ACL PLUG-IN 
 223   0          0          0      25096          0          0 Crypto INT      
 134   0        232        232      25096          0          0 KRB5 AAA        
  18   0          0          0      25096          0          0 Policy Manager  
 224   0        232        232      25096          0          0 Crypto IKE Dispa
 251   0       8816       8816      25096          0          0 Syslog          
 250   0          0          0      25096          0          0 QoS TAM Request 
 230   0          0          0      25096          0          0 IPSec background
 118   0        232        232      25096          0          0 ATM OAM TIMER   
 231   0          0          0      25096          0          0 RSA background p
 205   0       2248       2248      25096          0          0 LOCAL AAA       
  86   0          0          0      25096          0          0 SSS Manager     
 117   0        232        232      25096          0          0 ATM OAM Input   
  91   0        232        232      25096          0          0 SSM connection m
   0   0      24592     658168      24592          0          0 *Sched*         
 258   0      23456      16616      23936          0          0 EEM ED Interface
 257   0      23320      16760      23816          0          0 EEM ED Counter  
 283   0      11072        432      23736          0          0 EEM Helper Threa
 264   0      23128      16600      23624          0          0 EEM ED Timer    
 248   0      23232      16696      23568          0          0 EEM ED Routing  
 263   0      23040      16600      23536          0          0 EEM ED SNMP     
 275   0      23040      16600      23536          0          0 EEM ED RPC      
  65   0      23032      16600      23528          0          0 EEM ED MAT      
 270   0      22992      16600      23488          0          0 EEM ED Config   
 267   0      22976      16600      23472          0          0 EEM ED Ipsla    
 265   0      22976      16600      23472          0          0 EEM ED SNMP Obje
 271   0      22976      16600      23472          0          0 EEM ED Env      
 269   0      22976      16600      23472          0          0 EEM ED Test     
 256   0      22976      16600      23472          0          0 EEM ED CLI      
 261   0      22976      16600      23472          0          0 EEM ED OIR      
 260   0      22976      16600      23472          0          0 EEM ED None     
 259   0      22976      16600      23472          0          0 EEM ED IOSWD    
 176   0      14432       4992      22536          0          0 SR CapMan Proces
 102   0       5280        232      22144          0          0 IP Host Track Pr
 178   0       8480          0      21448          0          0 SSH Event handle
 115   0       6800          0      19896          0          0 TRACK Main threa
 215   0       5240          0      18336          0          0 MMA DP TIMER    
  92   0       5280        232      18144          0          0 OCE punted Pkts 
 166   0        896          0      17992          0          0 HTTP CORE       
 183   0        968        232      17832          0          0 MVPN Mgr Process
 156   0       3144       2592      17648          0          0 IP Background   
 184   0        464        232      17328          0          0 Multicast Offloa
 168   0        464        232      17328          0          0 AUTO LAG Protoco
 139   0        216          0      17312          0          0 Tunnel FIB      
 119   0          0          0      17096          0          0 HQF TARGET DYNAM
  94   0          0          0      17096          0          0 MPLS Auto-Tunnel
  89   0        232        232      17096          0          0 Ethernet OAM Pro
 187   0        232        232      17096          0          0 App Route Proces
 280   0          0          0      17096          0          0 Per-Second Jobs 
 124   0        232        232      17096          0          0 IP ARP Track    
 141   0          0          0      17096          0          0 EPM MAIN PROCESS
 198   0          0          0      17096          0          0 IPv6 Static Hand
 193   0      18496      18496      17096          0          0 QoS stats proces
 189   0          0          0      17096          0          0 IPv6 RIB Event H
 188   0          0          0      17096          0          0 IPv6 RIB Cleanup
 186   0        232        232      17096          0          0 static          
 138   0          0          0      17096          0          0 IP IRDP         
 226   0          0          0      17096          0          0 IPSEC manual key
 255   0          0          0      17024          0          0 Connection Mgr  
 167   0      20696        232      16536          0          0 L2TRACE SERVER  
   4   0       3320        232      16232          0          0 Check heaps     
  30   0       2096          0      15192          0          0 IPC Seat Manager
  81   0       1872          0      14968          0          0 FHRP Main thread
 116   0       1736          0      14832          0          0 TRACK Client thr
  82   0       1688          0      14784          0          0 VRRP Main thread
 202   0       1592          0      14688          0          0 MMA MSG MCOL    
 279   0       1224          0      14320          0          0 Per-minute Jobs 
 210   0      96832      29864      14312          0          0 NIST rng proc   
 131   0        896          0      13992          0          0 Auth-proxy HTTP 
  99   0       1008        232      13872          0          0 DTP Protocol    
 162   0       1096        376      13816          0          0 LFDp Input Proc 
 220   0     211112     210408      13800          0          0 crypto engine pr
  57   0      66400          0      13744          0          0 IF-MGR control p
  41   0     119184     137280      13632          0          0 crypto sw pk pro
  12   0        344          0      13440          0          0 Exception contro
 104   0        536        232      13400          0          0 UDLD            
 151   0        296          0      13392          0          0 Service Routing 
 101   0        248          0      13344          0          0 Port-Security   
 146   0        464        232      13328          0          0 Dot1x Supplicant
 147   0        464        232      13328          0          0 Dot1x Supplicant
 128   0      12432        232      13328          0          0 Spanning Tree   
 145   0        464        232      13328          0          0 Dot1x Supplicant
  63   0        216          0      13312          0          0 Src Fltr backgro
  78   0          0          0      13120          0          0 AAA System Acct 
  72   0        232        232      13112          0          0 Dot1x Mgr Proces
 160   0        232        328      13096          0          0 Inter Chassis Pr
  62   0          0          0      13096          0          0 IOSv e1000      
 152   0          0          0      13096          0          0 HQF Output Shape
 153   0          0          0      13096          0          0 HQF Input Shaper
 158   0        232        400      13096          0          0 Flow Exporter Ti
  60   0          0          0      13096          0          0 Transport Port A
 149   0          0          0      13096          0          0 MAB Framework   
 148   0          0          0      13096          0          0 DCT Bkgd Process
 150   0          0          0      13096          0          0 PPP IP Add Route
 170   0          0          0      13096          0          0 IGMPSN MRD      
  79   0        232        232      13096          0          0 EFP Errd        
  67   0          0          0      13096          0          0 Rate limit load 
 165   0          0          0      13096          0          0 Socket Timers   
 144   0          0          0      13096          0          0 CMD HANDLER     
 143   0          0          0      13096          0          0 SVM UT Process  
 159   0          0          0      13096          0          0 XC RIB MGR      
  61   0          0          0      13096          0          0 HC Counter Timer
 133   0          0          0      13096          0          0 IPv6 ping proces
 180   0        232        232      13096          0          0 ATIP_UDP_TSK    
 132   0          0          0      13096          0          0 IP Admin SM Proc
 182   0          0          0      13096          0          0 Probe Input     
 114   0        232        232      13096          0          0 AAA Dictionary R
  90   0          0          0      13096          0          0 AC Switch       
 185   0          0          0      13096          0          0 RARP Input      
  73   0          0          0      13096          0          0 EAP Framework   
 111   0       9344      16640      13096          0          0 SpanTree Helper 
 130   0          0          0      13096          0          0 Webauth client  
 129   0        232        232      13096          0          0 SpanTree Msg    
 190   0          0          0      13096          0          0 PAD InCall      
  74   0          0          0      13096          0          0 EAP Test        
 192   0          0          0      13096          0          0 X.25 Encaps Mana
  59   0          0          0      13096          0          0 AggMgr Process  
 194   0          0          0      13096          0          0 SNMP Timers     
 195   0          0          0      13096          0          0 EPM Downlad Mana
 196   0          0          0      13096          0          0 Timer Handler Pr
 142   0          0          0      13096          0          0 Critical Auth   
 127   0          0          0      13096          0          0 RIB LM VALIDATE 
 199   0        232        232      13096          0          0 AAA Cached Serve
 200   0        232        232      13096          0          0 LINE AAA        
  76   0          0          0      13096          0          0 AAA ACCT Proc   
  58   0          0          0      13096          0          0 IF-MGR event pro
  52   0          0          0      13096          0          0 Critical Bkgnd  
 204   0        232        232      13096          0          0 ENABLE AAA      
 125   0        232        232      13096          0          0 PIM register asy
 206   0          0          0      13096          0          0 MPLS Auto Mesh P
  43   0          0          0      13096          0          0 SERIAL A'detect 
 208   0        232        232      13096          0          0 Crypto Support  
 209   0          0          0      13096          0          0 IPSECv6 PS Proc 
 135   0          0          0      13096          0          0 FRR Background P
  42   0        232        232      13096          0          0 GraphIt         
  87   0          0          0      13096          0          0 SSS Feature Mana
 213   0          0          0      13096          0          0 Key chain liveke
 171   0          0          0      13096          0          0 IGMPSN          
  40   0          0          0      13096          0          0 Dynamic ARP Insp
  39   0          0          0      13096          0          0 ARP Snoop       
  38   0        232        232      13096          0          0 Serial Backgroun
 219   0          0          0      13096          0          0 IKEv2 AAA handle
  56   0        232        232      13096          0          0 TTY Background  
  37   0        232        232      13096          0          0 PrstVbl         
 222   0        232        536      13096          0          0 CRYPTO MAP FREE 
  36   0          0          0      13096          0          0 IPC Session Deta
  35   0          0          0      13096          0          0 IPC Loadometer  
  34   0          0          0      13096          0          0 IPC Keep Alive M
  88   0          0          0      13096          0          0 SSS Feature Time
  33   0          0          0      13096          0          0 IPC Seat TX Cont
  32   0          0          0      13096          0          0 IPC Seat RX Cont
 229   0          0          0      13096          0          0 Crypto PAS Proc 
  31   0          0          0      13096          0          0 IPC Check Queue 
 123   0          0          0      13096          0          0 ICMP event handl
  29   0          0          0      13096          0          0 IPC Process leve
  28   0          0          0      13096          0          0 IPC Deferred Por
  27   0          0          0      13096          0          0 IPC Periodic Tim
  26   0          0          0      13096          0          0 IPC Zone Manager
  25   0          0          0      13096          0          0 IPC Session Serv
 237   0        232        232      13096          0          0 DHCP Security He
 238   0          0          0      13096          0          0 vlmap logger    
  24   0          0          0      13096          0          0 IPC Dynamic Cach
 240   0      11392      32272      13096          0          0 PM Callback     
 242   0        232        232      13096          0          0 dhcp snooping sw
 243   0        232       4704      13096          0          0 AAA SEND STOP EV
  23   0          0          0      13096          0          0 IPC Mcast Pendin
 245   0          0          0      13096          0          0 Syslog Traps    
  22   0          0          0      13096          0          0 IPC Event Notifi
 108   0          0        288      13096          0          0 VMATM Callback  
  21   0          0          0      13096          0          0 Entity MIB API  
  19   0        232        232      13096          0          0 DDR Timers      
  17   0          0          0      13096          0          0 AAA_SERVER_DEADT
  16   0          0          0      13096          0          0 CEF MIB API     
  15   0       2752       2752      13096          0          0 ARP Background  
 106   0        232        232      13096          0          0 process unix_l2_
 107   0        232        232      13096          0          0 process unix_l2_
  13   0          0          0      13096          0          0 IFS Agent Manage
  98   0          0        576      13096          0          0 802.1x switch   
  96   0          0          0      13096          0          0 DHCP Snooping   
 105   0          0          0      13096          0          0 UNIX IP Source g
  97   0          0          0      13096          0          0 DHCP Snooping db
   9   0          0          0      13096          0          0 IOSv out console
 103   0        232        232      13096          0          0 Ethchnl         
 278   0        232        232      13096          0          0 Compute load avg
 100   0        232        232      13096          0          0 PI MATM Aging Pr
  10   0          0          0      13096          0          0 IOSv in console 
 277   0          0          0      13096          0          0 Net Input       
  95   0          0          0      13096          0          0 O-UNI Client Msg
   7   0        232        232      13096          0          0 Timers          
   6   0          0          0      13096          0          0 DiscardQ Backgro
  93   0          0          0      13096          0          0 LSP Tunnel FRR  
 262   0          0          0      12968          0          0 IPv6 Access Cont
  48   0        232          0       7328          0          0 Async write proc
  50   0        232          0       7328          0          0 Async write proc
  49   0        232          0       7328          0          0 Async write proc
 110   0        216          0       7312          0          0 ADJ NSF process 
  44   0          0          0       7096          0          0 Inode Table Dest
  46   0          0          0       7096          0          0 dev_device_remov
  45   0          0          0       7096          0          0 dev_device_inser
  51   0       4160          0       7096          0          0 DFS flush period
   2   0        232        232       7096          0          0 Load Meter      
   8   0          0          0       7096          0          0 WATCH_AFS       
                                156285616 Total
Switch#show access-lists
Extended IP access list preauth_ipv4_acl (per-user)
    10 permit udp any any eq domain
    20 permit tcp any any eq domain
    30 permit udp any eq bootps any
    40 permit udp any any eq bootpc
    50 permit udp any eq bootpc any
    60 deny ip any any
IPv6 access list preauth_ipv6_acl (per-user)
    permit udp any any eq domain sequence 10
    permit tcp any any eq domain sequence 20
    permit icmp any any nd-ns sequence 30
    permit icmp any any nd-na sequence 40
    permit icmp any any router-solicitation sequence 50
    permit icmp any any router-advertisement sequence 60
    permit icmp any any redirect sequence 70
    permit udp any eq 547 any eq 546 sequence 80
    permit udp any eq 546 any eq 547 sequence 90
    deny ipv6 any any sequence 100
Switch#show ip route
Codes: L - local, C - connected, S - static, R - RIP, M - mobile, B - BGP
       D - EIGRP, EX - EIGRP external, O - OSPF, IA - OSPF inter area 
       N1 - OSPF NSSA external type 1, N2 - OSPF NSSA external type 2
       E1 - OSPF external type 1, E2 - OSPF external type 2
       i - IS-IS, su - IS-IS summary, L1 - IS-IS level-1, L2 - IS-IS level-2
       ia - IS-IS inter area, * - candidate default, U - per-user static route
       o - ODR, P - periodic downloaded static route, H - NHRP, l - LISP
       a - application route
       + - replicated route, % - next hop override

Gateway of last resort is not set

      192.168.97.0/24 is variably subnetted, 2 subnets, 2 masks
C        192.168.97.0/24 is directly connected, Vlan1
L        192.168.97.222/32 is directly connected, Vlan1
Switch#show file systems
File Systems:

     Size(b)     Free(b)      Type  Flags  Prefixes
*   2142715904    2029989888      disk     rw   flash0: flash:
           -           -      disk     rw   flash1:
           -           -      disk     rw   flash2:
           -           -      disk     rw   flash3:
           -           -    opaque     rw   system:
           -           -    opaque     rw   tmpsys:
        262144        253446     nvram     rw   nvram:
           -           -    opaque     rw   null:
           -           -    opaque     ro   tar:
           -           -   network     rw   tftp:
           -           -    opaque     wo   syslog:
           -           -   network     rw   rcp:
           -           -   network     rw   http:
           -           -   network     rw   ftp:
           -           -   network     rw   scp:
           -           -   network     rw   https:
           -           -    opaque     ro   cns:

Switch#show logging
Syslog logging: enabled (0 messages dropped, 2 messages rate-limited, 0 flushes, 0 overruns, xml disabled, filtering disabled)

No Active Message Discriminator.



No Inactive Message Discriminator.


    Console logging: level debugging, 33 messages logged, xml disabled,
                     filtering disabled
    Monitor logging: level debugging, 0 messages logged, xml disabled,
                     filtering disabled
    Buffer logging:  level debugging, 35 messages logged, xml disabled,
                    filtering disabled
    Exception Logging: size (8192 bytes)
    Count and timestamp logging messages: disabled
    Persistent logging: disabled
    Trap logging: level informational, 38 message lines logged
        Logging Source-Interface:       VRF Name:

Log Buffer (8192 bytes):

*Mar  1 00:00:00.939: %ATA-6-DEV_FOUND: device 0x1F0
*Mar  1 00:00:01.013: %NVRAM-5-CONFIG_NVRAM_READ_OK: NVRAM configuration 'flash:/nvram' was read from disk.
*Sep 21 02:00:02.596: %SPANTREE-5-EXTENDED_SYSID: Extended SysId enabled for type vlan
*Sep 21 02:00:05.301: %LINK-5-CHANGED: Interface GigabitEthernet0/0, changed state to reset
*Sep 21 02:00:05.302: %LINK-5-CHANGED: Interface GigabitEthernet0/1, changed state to reset
*Sep 21 02:00:05.302: %LINK-5-CHANGED: Interface GigabitEthernet0/2, changed state to reset
*Sep 21 02:00:05.302: %LINK-5-CHANGED: Interface GigabitEthernet0/3, changed state to reset
*Sep 21 02:00:05.303: %LINK-5-CHANGED: Interface GigabitEthernet1/0, changed state to reset
*Sep 21 02:00:05.303: %LINK-5-CHANGED: Interface GigabitEthernet1/1, changed state to reset
*Sep 21 02:00:05.304: %LINK-5-CHANGED: Interface GigabitEthernet1/2, changed state to reset
*Sep 21 02:00:05.304: %LINK-5-CHANGED: Interface GigabitEthernet1/3, changed state to reset
*Sep 21 02:00:05.565: %SYS-5-CONFIG_I: Configured from memory by console
*Sep 21 02:00:06.335: %LINEPROTO-5-UPDOWN: Line protocol on Interface GigabitEthernet0/0, changed state to up
*Sep 21 02:00:06.336: %LINEPROTO-5-UPDOWN: Line protocol on Interface GigabitEthernet0/1, changed state to up
*Sep 21 02:00:06.337: %LINEPROTO-5-UPDOWN: Line protocol on Interface GigabitEthernet0/2, changed state to up
*Sep 21 02:00:06.338: %LINEPROTO-5-UPDOWN: Line protocol on Interface GigabitEthernet0/3, changed state to up
*Sep 21 02:00:06.339: %LINEPROTO-5-UPDOWN: Line protocol on Interface GigabitEthernet1/0, changed state to up
*Sep 21 02:00:06.340: %LINEPROTO-5-UPDOWN: Line protocol on Interface GigabitEthernet1/1, changed state to up
*Sep 21 02:00:06.341: %LINEPROTO-5-UPDOWN: Line protocol on Interface GigabitEthernet1/2, changed state to up
*Sep 21 02:00:06.342: %LINEPROTO-5-UPDOWN: Line protocol on Interface GigabitEthernet1/3, changed state to up
*Sep 21 02:00:06.554: %LINEPROTO-5-UPDOWN: Line protocol on Interface Vlan1, changed state to down
*Sep 21 02:00:07.616: %LINK-3-UPDOWN: Interface GigabitEthernet1/3, changed state to up
*Sep 21 02:00:07.620: %LINK-3-UPDOWN: Interface GigabitEthernet1/2, changed state to up
*Sep 21 02:00:07.622: %LINK-3-UPDOWN: Interface GigabitEthernet1/1, changed state to up
*Sep 21 02:00:07.626: %LINK-3-UPDOWN: Interface GigabitEthernet1/0, changed state to up
*Sep 21 02:00:07.628: %LINK-3-UPDOWN: Interface GigabitEthernet0/3, changed state to up
*Sep 21 02:00:07.631: %LINK-3-UPDOWN: Interface GigabitEthernet0/2, changed state to up
*Sep 21 02:00:07.634: %LINK-3-UPDOWN: Interface GigabitEthernet0/1, changed state to up
*Sep 21 02:00:07.637: %LINK-3-UPDOWN: Interface GigabitEthernet0/0, changed state to up
*Sep 21 02:00:10.530: %SYS-5-RESTART: System restarted --
Cisco IOS Software, vios_l2 Software (vios_l2-ADVENTERPRISEK9-M), Experimental Version 15.2(20170321:233949) [mmen 101]
Copyright (c) 1986-2017 by Cisco Systems, Inc.
Compiled Wed 22-Mar-17 08:38 by mmen
*Sep 21 02:00:10.781: %SSH-5-ENABLED: SSH 1.99 has been enabled
*Sep 21 02:00:16.664: %PLATFORM-5-SIGNATURE_VERIFIED: Image 'flash0:/vios_l2-adventerprisek9-m' passed code signing verification
*Sep 21 02:24:51.981: %SYS-5-CONFIG_I: Configured from console by admin on vty1 (192.168.97.108)
*Sep 21 02:24:55.062: %SYS-5-CONFIG_I: Configured from console by admin on vty4 (192.168.97.108)
*Sep 21 02:25:31.201: %SYS-5-CONFIG_I: Configured from console by admin on vty3 (192.168.97.108)
Switch#