configure terminal
Enter configuration commands, one per line.  End with CNTL/Z.
SW3(config)#exit
SW3#term leng 0
SW3#show inventory
SW3#show clock
*07:49:29.368 UTC Sat Sep 24 2022
SW3#show ntp associations
SW3#show version
Cisco IOS Software, vios_l2 Software (vios_l2-ADVENTERPRISEK9-M), Experimental Version 15.2(20170321:233949) [mmen 101]
Copyright (c) 1986-2017 by Cisco Systems, Inc.
Compiled Wed 22-Mar-17 08:38 by mmen


ROM: Bootstrap program is IOSv

SW3 uptime is 24 minutes
System returned to ROM by reload
System image file is "flash0:/vios_l2-adventerprisek9-m"
Last reload reason: Unknown reason



This product contains cryptographic features and is subject to United
States and local country laws governing import, export, transfer and
use. Delivery of Cisco cryptographic products does not imply
third-party authority to import, export, distribute or use encryption.
Importers, exporters, distributors and users are responsible for
compliance with U.S. and local country laws. By using this product you
agree to comply with applicable laws and regulations. If you are unable
to comply with U.S. and local laws, return this product immediately.

A summary of U.S. laws governing Cisco cryptographic products may be found at:
http://www.cisco.com/wwl/export/crypto/tool/stqrg.html

If you require further assistance please contact us by sending email to
export@cisco.com.

Cisco IOSv () processor (revision 1.0) with 935289K/111616K bytes of memory.
Processor board ID 9NK0ZYXHFMC
1 Virtual Ethernet interface
8 Gigabit Ethernet interfaces
DRAM configuration is 72 bits wide with parity disabled.
256K bytes of non-volatile configuration memory.
2097152K bytes of ATA System CompactFlash 0 (Read/Write)
0K bytes of ATA CompactFlash 1 (Read/Write)
0K bytes of ATA CompactFlash 2 (Read/Write)
0K bytes of ATA CompactFlash 3 (Read/Write)

Configuration register is 0x101

SW3#show running-config
Building configuration...

Current configuration : 3240 bytes
!
! Last configuration change at 07:49:29 UTC Sat Sep 24 2022 by admin
!
version 15.2
service timestamps debug datetime msec
service timestamps log datetime msec
no service password-encryption
service compress-config
!
hostname SW3
!
boot-start-marker
boot-end-marker
!
!
enable secret 5 $1$JM9P$PTjni26d.C0aAMWXWp8Ie/
!
username admin password 0 admin
no aaa new-model
!
!
!
!
!
!
!
!
ip domain-name switch2
ip cef
no ipv6 cef
!
!
!
spanning-tree mode pvst
spanning-tree extend system-id
!
vlan internal allocation policy ascending
!
! 
!
!
!
!
!
!
!
!
!
!
!
!
interface GigabitEthernet0/0
 media-type rj45
 negotiation auto
!
interface GigabitEthernet0/1
 media-type rj45
 negotiation auto
!
interface GigabitEthernet0/2
 switchport access vlan 152
 switchport mode access
 media-type rj45
 negotiation auto
!
interface GigabitEthernet0/3
 media-type rj45
 negotiation auto
!
interface GigabitEthernet1/0
 media-type rj45
 negotiation auto
!
interface GigabitEthernet1/1
 media-type rj45
 negotiation auto
!
interface GigabitEthernet1/2
 media-type rj45
 negotiation auto
!
interface GigabitEthernet1/3
 media-type rj45
 negotiation auto
!
interface Vlan1
 ip address 192.168.97.233 255.255.255.0
!
ip forward-protocol nd
!
no ip http server
no ip http secure-server
!
!
!
!
!
!
control-plane
!
banner exec ^C
**************************************************************************
* IOSv is strictly limited to use for evaluation, demonstration and IOS  *
* education. IOSv is provided as-is and is not supported by Cisco's      *
* Technical Advisory Center. Any use or disclosure, in whole or in part, *
* of the IOSv Software or Documentation to any third party for any       *
* purposes is expressly prohibited except as otherwise authorized by     *
* Cisco in writing.                                                      *
**************************************************************************^C
banner incoming ^C
**************************************************************************
* IOSv is strictly limited to use for evaluation, demonstration and IOS  *
* education. IOSv is provided as-is and is not supported by Cisco's      *
* Technical Advisory Center. Any use or disclosure, in whole or in part, *
* of the IOSv Software or Documentation to any third party for any       *
* purposes is expressly prohibited except as otherwise authorized by     *
* Cisco in writing.                                                      *
**************************************************************************^C
banner login ^C
**************************************************************************
* IOSv is strictly limited to use for evaluation, demonstration and IOS  *
* education. IOSv is provided as-is and is not supported by Cisco's      *
* Technical Advisory Center. Any use or disclosure, in whole or in part, *
* of the IOSv Software or Documentation to any third party for any       *
* purposes is expressly prohibited except as otherwise authorized by     *
* Cisco in writing.                                                      *
**************************************************************************^C
!
line con 0
 login local
line aux 0
line vty 0 4
 login local
 transport input all
!
!
end

SW3#show ip interface brief
Interface              IP-Address      OK? Method Status                Protocol
GigabitEthernet0/0     unassigned      YES unset  up                    up      
GigabitEthernet0/1     unassigned      YES unset  up                    up      
GigabitEthernet0/2     unassigned      YES unset  up                    up      
GigabitEthernet0/3     unassigned      YES unset  up                    up      
GigabitEthernet1/0     unassigned      YES unset  up                    up      
GigabitEthernet1/1     unassigned      YES unset  up                    up      
GigabitEthernet1/2     unassigned      YES unset  up                    up      
GigabitEthernet1/3     unassigned      YES unset  up                    up      
Vlan1                  192.168.97.233  YES NVRAM  up                    up      
SW3#show interface status

Port      Name               Status       Vlan       Duplex  Speed Type 
Gi0/0                        connected    1          a-full   auto RJ45
Gi0/1                        connected    1          a-full   auto RJ45
Gi0/2                        connected    152        a-full   auto RJ45
Gi0/3                        connected    1          a-full   auto RJ45
Gi1/0                        connected    1          a-full   auto RJ45
Gi1/1                        connected    1          a-full   auto RJ45
Gi1/2                        connected    1          a-full   auto RJ45
Gi1/3                        connected    1          a-full   auto RJ45
SW3#show cdp neighbor
Capability Codes: R - Router, T - Trans Bridge, B - Source Route Bridge
                  S - Switch, H - Host, I - IGMP, r - Repeater, P - Phone, 
                  D - Remote, C - CVTA, M - Two-port Mac Relay 

Device ID        Local Intrfce     Holdtme    Capability  Platform  Port ID
Switch.switch    Gig 0/0           174             R S I            Gig 0/0

Total cdp entries displayed : 1
SW3#show cdp neighbor detail
-------------------------
Device ID: Switch.switch
Entry address(es): 
  IP address: 192.168.97.222
Platform: Cisco ,  Capabilities: Router Switch IGMP 
Interface: GigabitEthernet0/0,  Port ID (outgoing port): GigabitEthernet0/0
Holdtime : 174 sec

Version :
Cisco IOS Software, vios_l2 Software (vios_l2-ADVENTERPRISEK9-M), Experimental Version 15.2(20170321:233949) [mmen 101]
Copyright (c) 1986-2017 by Cisco Systems, Inc.
Compiled Wed 22-Mar-17 08:38 by mmen

advertisement version: 2
VTP Management Domain: ''
Native VLAN: 1
Duplex: full
Management address(es): 
  IP address: 192.168.97.222


Total cdp entries displayed : 1
SW3#show environment all
           ^
% Invalid input detected at '^' marker.

SW3#show systems resources
          ^
% Invalid input detected at '^' marker.

SW3#show processes cpu sorted
CPU utilization for five seconds: 4%/0%; one minute: 5%; five minutes: 5%
 PID Runtime(ms)     Invoked      uSecs   5Sec   1Min   5Min TTY Process 
  62       50648       69722        726  3.59%  3.45%  3.46%   0 IOSv e1000       
  70        4376      179624         24  0.39%  0.33%  0.29%   0 Ethernet Msec Ti 
 128        5555        5764        963  0.39%  0.41%  0.38%   0 Spanning Tree    
 201        3029       22623        133  0.23%  0.12%  0.15%   0 MMA DB TIMER     
 280        3826        1460       2620  0.07%  0.04%  0.03%   0 Per-Second Jobs  
  42          30        1454         20  0.07%  0.00%  0.00%   0 GraphIt          
  56         409        1449        282  0.07%  0.00%  0.00%   0 TTY Background   
  88         151        5695         26  0.07%  0.05%  0.01%   0 SSS Feature Time 
   8          19         621         30  0.00%  0.00%  0.00%   0 WATCH_AFS        
   7           0           2          0  0.00%  0.00%  0.00%   0 Timers           
   9           0           2          0  0.00%  0.00%  0.00%   0 IOSv out console 
  10        1686       18251         92  0.00%  0.03%  0.05%   0 IOSv in console  
   5          13          49        265  0.00%  0.00%  0.00%   0 Pool Manager     
  11           0           1          0  0.00%  0.00%  0.00%   0 Crash writer     
  15         228        1532        148  0.00%  0.00%  0.00%   0 ARP Background   
   4         235         195       1205  0.00%  0.00%  0.00%   0 Check heaps      
  12           1           1       1000  0.00%  0.00%  0.00%   0 Exception contro 
  18           0           1          0  0.00%  0.00%  0.00%   0 Policy Manager   
   6           0           1          0  0.00%  0.00%  0.00%   0 DiscardQ Backgro 
  20           2           2       1000  0.00%  0.00%  0.00%   0 Dialer event     
  21           0           1          0  0.00%  0.00%  0.00%   0 Entity MIB API   
  13           0           1          0  0.00%  0.00%  0.00%   0 IFS Agent Manage 
  14          25          69        362  0.00%  0.00%  0.00%   0 ARP Input        
  24           0          25          0  0.00%  0.00%  0.00%   0 IPC Dynamic Cach 
  25           0           1          0  0.00%  0.00%  0.00%   0 IPC Session Serv 
  16           0           1          0  0.00%  0.00%  0.00%   0 CEF MIB API      
  27          86        1424         60  0.00%  0.00%  0.00%   0 IPC Periodic Tim 
  28          67        1424         47  0.00%  0.01%  0.00%   0 IPC Deferred Por 
  17           0           1          0  0.00%  0.00%  0.00%   0 AAA_SERVER_DEADT 
  30           1           1       1000  0.00%  0.00%  0.00%   0 IPC Seat Manager 
  31           2          84         23  0.00%  0.00%  0.00%   0 IPC Check Queue  
   3        1344         515       2609  0.00%  0.00%  0.00%   2 SSH Process      
  33           0           1          0  0.00%  0.00%  0.00%   0 IPC Seat TX Cont 
  34           9         147         61  0.00%  0.00%  0.00%   0 IPC Keep Alive M 
  19           0           2          0  0.00%  0.00%  0.00%   0 DDR Timers       
  22          10         293         34  0.00%  0.00%  0.00%   0 IPC Event Notifi 
  37           2           3        666  0.00%  0.00%  0.00%   0 PrstVbl          
  38           0           2          0  0.00%  0.00%  0.00%   0 Serial Backgroun 
  39           0           1          0  0.00%  0.00%  0.00%   0 ARP Snoop        
  40         176        1458        120  0.00%  0.00%  0.00%   0 Dynamic ARP Insp 
  41          45          48        937  0.00%  0.00%  0.00%   0 crypto sw pk pro 
  23          71        1424         49  0.00%  0.00%  0.00%   0 IPC Mcast Pendin 
  26           0           1          0  0.00%  0.00%  0.00%   0 IPC Zone Manager 
  44           0           1          0  0.00%  0.00%  0.00%   0 Inode Table Dest 
  45           0           1          0  0.00%  0.00%  0.00%   0 dev_device_inser 
  46           0           1          0  0.00%  0.00%  0.00%   0 dev_device_remov 
  48           1           1       1000  0.00%  0.00%  0.00%   0 Async write proc 
  49           0           1          0  0.00%  0.00%  0.00%   0 Async write proc 
  29           0           1          0  0.00%  0.00%  0.00%   0 IPC Process leve 
  51           2          26         76  0.00%  0.00%  0.00%   0 DFS flush period 
  52           1           1       1000  0.00%  0.00%  0.00%   0 Critical Bkgnd   
  53          45         151        298  0.00%  0.00%  0.00%   0 Net Background   
  54           5           2       2500  0.00%  0.00%  0.00%   0 IDB Work         
  55          11          19        578  0.00%  0.00%  0.00%   0 Logger           
  32           0           1          0  0.00%  0.00%  0.00%   0 IPC Seat RX Cont 
  57          30           3      10000  0.00%  0.00%  0.00%   0 IF-MGR control p 
  58           3           3       1000  0.00%  0.00%  0.00%   0 IF-MGR event pro 
  59           1           1       1000  0.00%  0.00%  0.00%   0 AggMgr Process   
  60           0           1          0  0.00%  0.00%  0.00%   0 Transport Port A 
  61          43         293        146  0.00%  0.00%  0.00%   0 HC Counter Timer 
  35          20         293         68  0.00%  0.00%  0.00%   0 IPC Loadometer   
   2          17         292         58  0.00%  0.00%  0.00%   0 Load Meter       
  64          41           4      10250  0.00%  0.00%  0.00%   0 EEM ED Identity  
  65           2           4        500  0.00%  0.00%  0.00%   0 EEM ED MAT       
  66          11          81        135  0.00%  0.00%  0.00%   0 EEM ED ND        
  67          30         292        102  0.00%  0.00%  0.00%   0 Rate limit load  
  68           1           2        500  0.00%  0.00%  0.00%   0 Ethernet CFM     
  36           0           1          0  0.00%  0.00%  0.00%   0 IPC Session Deta 
  43           0           1          0  0.00%  0.00%  0.00%   0 SERIAL A'detect  
  71           1           2        500  0.00%  0.00%  0.00%   0 Ethernet CFM IOU 
  72           1           2        500  0.00%  0.00%  0.00%   0 Dot1x Mgr Proces 
  73           1           1       1000  0.00%  0.00%  0.00%   0 EAP Framework    
  74           0           1          0  0.00%  0.00%  0.00%   0 EAP Test         
  75          14          76        184  0.00%  0.00%  0.00%   0 AAA Server       
  76           0           1          0  0.00%  0.00%  0.00%   0 AAA ACCT Proc    
  77           1           1       1000  0.00%  0.00%  0.00%   0 ACCT Periodic Pr 
  78           1           1       1000  0.00%  0.00%  0.00%   0 AAA System Acct  
  79           2           2       1000  0.00%  0.00%  0.00%   0 EFP Errd         
  80           0           2          0  0.00%  0.00%  0.00%   0 Ethernet LMI     
  81         259        1457        177  0.00%  0.00%  0.00%   0 FHRP Main thread 
  82           3           1       3000  0.00%  0.00%  0.00%   0 VRRP Main thread 
  83        3083       22624        136  0.00%  0.19%  0.20%   0 VRRS Main thread 
  85         214        1457        146  0.00%  0.00%  0.00%   0 mDNS             
  86           0           1          0  0.00%  0.00%  0.00%   0 SSS Manager      
  87           1           1       1000  0.00%  0.00%  0.00%   0 SSS Feature Mana 
  50           0           1          0  0.00%  0.00%  0.00%   0 Async write proc 
  89           2           2       1000  0.00%  0.00%  0.00%   0 Ethernet OAM Pro 
  90           0           1          0  0.00%  0.00%  0.00%   0 AC Switch        
  91           5           5       1000  0.00%  0.00%  0.00%   0 SSM connection m 
  92           2           2       1000  0.00%  0.00%  0.00%   0 OCE punted Pkts  
  93           0           1          0  0.00%  0.00%  0.00%   0 LSP Tunnel FRR   
  94           0           1          0  0.00%  0.00%  0.00%   0 MPLS Auto-Tunnel 
  95           0           1          0  0.00%  0.00%  0.00%   0 O-UNI Client Msg 
  96           1          13         76  0.00%  0.00%  0.00%   0 DHCP Snooping    
  97           1           1       1000  0.00%  0.00%  0.00%   0 DHCP Snooping db 
  98           3           2       1500  0.00%  0.00%  0.00%   0 802.1x switch    
  99         740         285       2596  0.00%  0.04%  0.02%   0 DTP Protocol     
  63           0           1          0  0.00%  0.00%  0.00%   0 Src Fltr backgro 
 101           1          25         40  0.00%  0.00%  0.00%   0 Port-Security    
 102           1           2        500  0.00%  0.00%  0.00%   0 IP Host Track Pr 
 103           4         148         27  0.00%  0.00%  0.00%   0 Ethchnl          
 104        1278       14493         88  0.00%  0.00%  0.00%   0 UDLD             
 105           0           1          0  0.00%  0.00%  0.00%   0 UNIX IP Source g 
 106           1          26         38  0.00%  0.00%  0.00%   0 process unix_l2_ 
 107           0           2          0  0.00%  0.00%  0.00%   0 process unix_l2_ 
 108           3           7        428  0.00%  0.00%  0.00%   0 VMATM Callback   
 109           0           2          0  0.00%  0.00%  0.00%   0 CEF switching ba 
 110           0           1          0  0.00%  0.00%  0.00%   0 ADJ NSF process  
 111           2          12        166  0.00%  0.00%  0.00%   0 SpanTree Helper  
 112         354         357        991  0.00%  0.02%  0.00%   0 CDP Protocol     
 114           1           2        500  0.00%  0.00%  0.00%   0 AAA Dictionary R 
 115           2           1       2000  0.00%  0.00%  0.00%   0 TRACK Main threa 
 116           1           1       1000  0.00%  0.00%  0.00%   0 TRACK Client thr 
 117           0           2          0  0.00%  0.00%  0.00%   0 ATM OAM Input    
 118           0           2          0  0.00%  0.00%  0.00%   0 ATM OAM TIMER    
 119           1           1       1000  0.00%  0.00%  0.00%   0 HQF TARGET DYNAM 
 120           6           2       3000  0.00%  0.00%  0.00%   0 IP ARP Adjacency 
 121        1283       44946         28  0.00%  0.03%  0.05%   0 IP ARP Retry Age 
 122        2121        3943        537  0.00%  0.00%  0.05%   0 IP Input         
 123           1           1       1000  0.00%  0.00%  0.00%   0 ICMP event handl 
 124         175        2834         61  0.00%  0.01%  0.00%   0 IP ARP Track     
 125           1           3        333  0.00%  0.00%  0.00%   0 PIM register asy 
 127           0           2          0  0.00%  0.00%  0.00%   0 RIB LM VALIDATE  
  69         150        6811         22  0.00%  0.01%  0.00%   0 Ethernet Timer C 
 129           1           4        250  0.00%  0.00%  0.00%   0 SpanTree Msg     
 130           0           1          0  0.00%  0.00%  0.00%   0 Webauth client   
 131           1           1       1000  0.00%  0.00%  0.00%   0 Auth-proxy HTTP  
 132           0           1          0  0.00%  0.00%  0.00%   0 IP Admin SM Proc 
 133           1           1       1000  0.00%  0.00%  0.00%   0 IPv6 ping proces 
 134           1           2        500  0.00%  0.00%  0.00%   0 KRB5 AAA         
 135           1          25         40  0.00%  0.00%  0.00%   0 FRR Background P 
 136          16          66        242  0.00%  0.00%  0.00%   0 CEF background p 
 137           1           1       1000  0.00%  0.00%  0.00%   0 fib_fib_bfd_sb e 
 138           1           1       1000  0.00%  0.00%  0.00%   0 IP IRDP          
   1           1           6        166  0.00%  0.00%  0.00%   0 Chunk Manager    
 140           1           4        250  0.00%  0.00%  0.00%   0 Auth Manager     
 100         145        1453         99  0.00%  0.00%  0.00%   0 PI MATM Aging Pr 
 142           1           1       1000  0.00%  0.00%  0.00%   0 Critical Auth    
 143         130        2867         45  0.00%  0.00%  0.00%   0 SVM UT Process   
 144           0           1          0  0.00%  0.00%  0.00%   0 CMD HANDLER      
 145           2           2       1000  0.00%  0.00%  0.00%   0 Dot1x Supplicant 
 146           1           2        500  0.00%  0.00%  0.00%   0 Dot1x Supplicant 
 147           1           2        500  0.00%  0.00%  0.00%   0 Dot1x Supplicant 
 148           1           1       1000  0.00%  0.00%  0.00%   0 DCT Bkgd Process 
 149           0           1          0  0.00%  0.00%  0.00%   0 MAB Framework    
 150           0           1          0  0.00%  0.00%  0.00%   0 PPP IP Add Route 
 151           1           3        333  0.00%  0.00%  0.00%   0 Service Routing  
 152           0           2          0  0.00%  0.00%  0.00%   0 HQF Output Shape 
 153           0           2          0  0.00%  0.00%  0.00%   0 HQF Input Shaper 
 154           1           2        500  0.00%  0.00%  0.00%   0 Routing Topology 
 155           2           4        500  0.00%  0.00%  0.00%   0 IP RIB Update    
 156          15          28        535  0.00%  0.00%  0.00%   0 IP Background    
 157           3           6        500  0.00%  0.00%  0.00%   0 IP Connected Rou 
 158           1           4        250  0.00%  0.00%  0.00%   0 Flow Exporter Ti 
 159           0           1          0  0.00%  0.00%  0.00%   0 XC RIB MGR       
 160           0           4          0  0.00%  0.00%  0.00%   0 Inter Chassis Pr 
 161           1           2        500  0.00%  0.00%  0.00%   0 Tunnel           
 162           3           2       1500  0.00%  0.00%  0.00%   0 LFDp Input Proc  
 163         288        3401         84  0.00%  0.00%  0.00%   0 TCP Timer        
 164          18          38        473  0.00%  0.00%  0.00%   0 TCP Protocols    
 165           0           1          0  0.00%  0.00%  0.00%   0 Socket Timers    
 166           1           5        200  0.00%  0.00%  0.00%   0 HTTP CORE        
 167           3           3       1000  0.00%  0.00%  0.00%   0 L2TRACE SERVER   
 168           1           2        500  0.00%  0.00%  0.00%   0 AUTO LAG Protoco 
 169           2           9        222  0.00%  0.00%  0.00%   0 IGMPSN L2MCM     
 170           1           1       1000  0.00%  0.00%  0.00%   0 IGMPSN MRD       
 171          14          47        297  0.00%  0.00%  0.00%   0 IGMPSN           
 172         130         730        178  0.00%  0.00%  0.00%   0 CEF: IPv4 proces 
 173         268        1458        183  0.00%  0.01%  0.00%   0 ADJ background   
 174           0           3          0  0.00%  0.00%  0.00%   0 Collection proce 
 175           1           2        500  0.00%  0.00%  0.00%   0 ADJ resolve proc 
 176           8           7       1142  0.00%  0.00%  0.00%   0 SR CapMan Proces 
 177           1           3        333  0.00%  0.00%  0.00%   0 MFIB Master back 
 178           1           3        333  0.00%  0.00%  0.00%   0 SSH Event handle 
 180           1           2        500  0.00%  0.00%  0.00%   0 ATIP_UDP_TSK     
 181           1           1       1000  0.00%  0.00%  0.00%   0 COPS             
 182           0           1          0  0.00%  0.00%  0.00%   0 Probe Input      
 183           4           2       2000  0.00%  0.00%  0.00%   0 MVPN Mgr Process 
 184           1           2        500  0.00%  0.00%  0.00%   0 Multicast Offloa 
 185           0           1          0  0.00%  0.00%  0.00%   0 RARP Input       
 186           3           3       1000  0.00%  0.00%  0.00%   0 static           
 187           1           2        500  0.00%  0.00%  0.00%   0 App Route Proces 
 188           0           1          0  0.00%  0.00%  0.00%   0 IPv6 RIB Cleanup 
 189           1           1       1000  0.00%  0.00%  0.00%   0 IPv6 RIB Event H 
 190           1           1       1000  0.00%  0.00%  0.00%   0 PAD InCall       
 191           2           2       1000  0.00%  0.00%  0.00%   0 X.25 Background  
 192           0           1          0  0.00%  0.00%  0.00%   0 X.25 Encaps Mana 
 193           4         142         28  0.00%  0.00%  0.00%   0 QoS stats proces 
 194           0           1          0  0.00%  0.00%  0.00%   0 SNMP Timers      
 195           1           1       1000  0.00%  0.00%  0.00%   0 EPM Downlad Mana 
 196           0           1          0  0.00%  0.00%  0.00%   0 Timer Handler Pr 
 197          35         292        119  0.00%  0.00%  0.00%   0 EPM ACL PLUG-IN  
 198           0           1          0  0.00%  0.00%  0.00%   0 IPv6 Static Hand 
 199           1           2        500  0.00%  0.00%  0.00%   0 AAA Cached Serve 
 200           2           2       1000  0.00%  0.00%  0.00%   0 LINE AAA         
 139           0           1          0  0.00%  0.00%  0.00%   0 Tunnel FIB       
 202           1           1       1000  0.00%  0.00%  0.00%   0 MMA MSG MCOL     
 203           0           2          0  0.00%  0.00%  0.00%   0 TPLUS            
 204           2           2       1000  0.00%  0.00%  0.00%   0 ENABLE AAA       
 205          10          77        129  0.00%  0.00%  0.00%   0 LOCAL AAA        
 206           2           3        666  0.00%  0.00%  0.00%   0 MPLS Auto Mesh P 
 207         109        2834         38  0.00%  0.00%  0.00%   0 Timer Library    
 208           2           2       1000  0.00%  0.00%  0.00%   0 Crypto Support   
 209           1           1       1000  0.00%  0.00%  0.00%   0 IPSECv6 PS Proc  
 210           2           1       2000  0.00%  0.00%  0.00%   0 NIST rng proc    
 211           1           3        333  0.00%  0.00%  0.00%   0 LDAP process     
 212           1           1       1000  0.00%  0.00%  0.00%   0 Opaque Database  
 213           0           1          0  0.00%  0.00%  0.00%   0 Key chain liveke 
 215        3038       22624        134  0.00%  0.20%  0.19%   0 MMA DP TIMER     
 216           0           2          0  0.00%  0.00%  0.00%   0 MMON PROCESS     
 217         689       45312         15  0.00%  0.00%  0.00%   0 MMON MENG        
 218         382        1457        262  0.00%  0.01%  0.00%   0 Crypto IKEv2     
 219           1           1       1000  0.00%  0.00%  0.00%   0 IKEv2 AAA handle 
 220           6          10        600  0.00%  0.00%  0.00%   0 crypto engine pr 
 221           1           1       1000  0.00%  0.00%  0.00%   0 encrypt proc     
 222           1           3        333  0.00%  0.00%  0.00%   0 CRYPTO MAP FREE  
 223           0           1          0  0.00%  0.00%  0.00%   0 Crypto INT       
 224           2           2       1000  0.00%  0.00%  0.00%   0 Crypto IKE Dispa 
 225           7           3       2333  0.00%  0.00%  0.00%   0 Crypto IKMP      
 226           0           1          0  0.00%  0.00%  0.00%   0 IPSEC manual key 
 227          36          74        486  0.00%  0.00%  0.00%   0 IPSEC key engine 
 228           0           1          0  0.00%  0.00%  0.00%   0 Crypto ACL       
 229           1           1       1000  0.00%  0.00%  0.00%   0 Crypto PAS Proc  
 230           1           1       1000  0.00%  0.00%  0.00%   0 IPSec background 
 231           1           1       1000  0.00%  0.00%  0.00%   0 RSA background p 
 232           9           4       2250  0.00%  0.00%  0.00%   0 Crypto CA        
 233           1           3        333  0.00%  0.00%  0.00%   0 Crypto PKI-CRL   
 234           0           1          0  0.00%  0.00%  0.00%   0 Crypto PKI-Rev-P 
 235           1           1       1000  0.00%  0.00%  0.00%   0 PKI OCSP         
 236           0           1          0  0.00%  0.00%  0.00%   0 PKI Revocation   
 237           1           2        500  0.00%  0.00%  0.00%   0 DHCP Security He 
 238           1          25         40  0.00%  0.00%  0.00%   0 vlmap logger     
 239          14           2       7000  0.00%  0.00%  0.00%   0 pm scp dummy pro 
 240         182        1514        120  0.00%  0.01%  0.00%   0 PM Callback      
 242          18         118        152  0.00%  0.00%  0.00%   0 dhcp snooping sw 
 243           1          39         25  0.00%  0.00%  0.00%   0 AAA SEND STOP EV 
 244           0           1          0  0.00%  0.00%  0.00%   0 Test AAA Client  
 245           0           1          0  0.00%  0.00%  0.00%   0 Syslog Traps     
 247          12          17        705  0.00%  0.00%  0.00%   0 EEM ED Syslog    
 248           3           4        750  0.00%  0.00%  0.00%   0 EEM ED Routing   
 249           5           4       1250  0.00%  0.00%  0.00%   0 EEM ED Generic   
 250           1           1       1000  0.00%  0.00%  0.00%   0 QoS TAM Request  
 251          14          12       1166  0.00%  0.00%  0.00%   0 Syslog           
 253          47          53        886  0.00%  0.00%  0.00%   0 EEM Server       
 254           6           3       2000  0.00%  0.00%  0.00%   0 EEM Policy Direc 
 255           0           1          0  0.00%  0.00%  0.00%   0 Connection Mgr   
 256           3           4        750  0.00%  0.00%  0.00%   0 EEM ED CLI       
 257           2           4        500  0.00%  0.00%  0.00%   0 EEM ED Counter   
 258           5           4       1250  0.00%  0.00%  0.00%   0 EEM ED Interface 
 259           2           4        500  0.00%  0.00%  0.00%   0 EEM ED IOSWD     
 260           3           4        750  0.00%  0.00%  0.00%   0 EEM ED None      
 261           3           4        750  0.00%  0.00%  0.00%   0 EEM ED OIR       
 262           0           1          0  0.00%  0.00%  0.00%   0 IPv6 Access Cont 
 263           3           4        750  0.00%  0.00%  0.00%   0 EEM ED SNMP      
 264           7          28        250  0.00%  0.00%  0.00%   0 EEM ED Timer     
 265           3           4        750  0.00%  0.00%  0.00%   0 EEM ED SNMP Obje 
 266           4           4       1000  0.00%  0.00%  0.00%   0 EEM ED SNMP Noti 
 267           2           4        500  0.00%  0.00%  0.00%   0 EEM ED Ipsla     
 268           3           4        750  0.00%  0.00%  0.00%   0 EEM ED Nf        
 269           2           4        500  0.00%  0.00%  0.00%   0 EEM ED Test      
 270           3           4        750  0.00%  0.00%  0.00%   0 EEM ED Config    
 271           2           4        500  0.00%  0.00%  0.00%   0 EEM ED Env       
 272           4           4       1000  0.00%  0.00%  0.00%   0 EEM ED DS        
 273           2           4        500  0.00%  0.00%  0.00%   0 EEM ED CRASH     
 275           3           4        750  0.00%  0.00%  0.00%   0 EEM ED RPC       
 276          16           3       5333  0.00%  0.00%  0.00%   0 VLAN Manager     
 277          38         137        277  0.00%  0.00%  0.00%   0 Net Input        
 278          79         293        269  0.00%  0.00%  0.00%   0 Compute load avg 
 279          62          73        849  0.00%  0.00%  0.00%   0 Per-minute Jobs  
 141           0           1          0  0.00%  0.00%  0.00%   0 EPM MAIN PROCESS 
 281          14          89        157  0.00%  0.00%  0.00%   0 mdns Timer Proce 
 282           2           2       1000  0.00%  0.00%  0.00%   0 MRIB Process     
 283           9          27        333  0.00%  0.00%  0.00%   0 EEM Helper Threa
SW3#show processes cpu history
                                                                  
                                                                  
                                                                  
                                                                  
      444555556666655555666665555544444444445555533333333334444444
  100                                                           
   90                                                           
   80                                                           
   70                                                           
   60                                                           
   50                                                           
   40                                                           
   30                                                           
   20                                                           
   10    *************************          *****               
     0....5....1....1....2....2....3....3....4....4....5....5....6
               0    5    0    5    0    5    0    5    0    5    0
               CPU% per second (last 60 seconds)

                                                                  
                                                                  
                                                                  
          24     2424   44   9                                    
      666622666676317666817785                                    
  100                        *                                  
   90                        *                                  
   80                        *                                  
   70                        *                                  
   60                        *                                  
   50               *   *    *                                  
   40      *      * *   **   *                                  
   30      *     ** *   **   *                                  
   20     **     ****   **   #                                  
   10 **#*##*****####*####*###                                  
     0....5....1....1....2....2....3....3....4....4....5....5....6
               0    5    0    5    0    5    0    5    0    5    0
               CPU% per minute (last 60 minutes)
              * = maximum CPU%   # = average CPU%

                                                                              
                                                                              
                                                                              
                                                                              
                                                                              
  100                                                                       
   90                                                                       
   80                                                                       
   70                                                                       
   60                                                                       
   50                                                                       
   40                                                                       
   30                                                                       
   20                                                                       
   10                                                                       
     0....5....1....1....2....2....3....3....4....4....5....5....6....6....7..
               0    5    0    5    0    5    0    5    0    5    0    5    0  
                   CPU% per hour (last 72 hours)
                  * = maximum CPU%   # = average CPU%


SW3#show processes memory sorted
Processor Pool Total:  843420640 Used:   60345384 Free:  783075256
      I/O Pool Total:  114294784 Used:   96050448 Free:   18244336

 PID TTY  Allocated      Freed    Holding    Getbufs    Retbufs Process
   0   0  221911760   70869296  146299904          0          0 *Init*          
 253   0    1931328      30104    1914320          0          0 EEM Server      
   0   0  167000416  166100560     904216    2619623          0 *Dead*          
   0   0          0          0     394776          0          0 *MallocLite*    
 247   0     292728      16656     293168     100548          0 EEM ED Syslog   
 249   0     219016      16600     219512      67468          0 EEM ED Generic  
 218   0     151704         72     176728          0          0 Crypto IKEv2    
  64   0     174952      17464     174488          0          0 EEM ED Identity 
 112   0     268624      20992     162752          0          0 CDP Protocol    
  85   0     370240     206560     151680          0          0 mDNS            
 282   0     121872        232     146736          0          0 MRIB Process    
   3   2    3306728    3215216     115840          0          0 SSH Process     
 232   0     433096     361568      96696          0          0 Crypto CA       
 157   0      76224        544      92776          0          0 IP Connected Rou
   5   0    1607040    1607040      80056    1576584    1576584 Pool Manager    
  83   0      58632        496      71168          0          0 VRRS Main thread
 225   0      43560        232      68424          0          0 Crypto IKMP     
  14   0      68264      14976      66384          0          0 ARP Input       
 201   0      51176          0      64272          0          0 MMA DB TIMER    
 207   0      49600        232      62464          0          0 Timer Library   
  77   0      49368          0      62464          0          0 ACCT Periodic Pr
  66   0      60024     149800      60120          0          0 EEM ED ND       
 254   0      49568       1136      52432          0          0 EEM Policy Direc
 121   0      33032          0      46128          0          0 IP ARP Retry Age
  53   0     111456          0      44808          0          0 Net Background  
 239   0      41376        576      43784          0          0 pm scp dummy pro
 172   0      25752      10864      39984          0          0 CEF: IPv4 proces
 276   0     249592     235344      34600          0          0 VLAN Manager    
 266   0      33464      16760      33960          0          0 EEM ED SNMP Noti
 181   0          0          0      33096          0          0 COPS            
  11   0          0          0      33096          0          0 Crash writer    
 228   0          0          0      33096          0          0 Crypto ACL      
  75   0      16816        232      29680          0          0 AAA Server      
 155   0       4552          0      29648          0          0 IP RIB Update   
 273   0      28272      16600      28768          0          0 EEM ED CRASH    
 272   0      28272      16600      28768          0          0 EEM ED DS       
 268   0      28120      16600      28616          0          0 EEM ED Nf       
 227   0     337248       4736      28312          0          0 IPSEC key engine
 122   0      67784      64120      26928          0          0 IP Input        
 120   0       1832          0      26928          0          0 IP ARP Adjacency
 164   0     990552          0      26888          0          0 TCP Protocols   
   1   0      13736          0      26832          0          0 Chunk Manager   
 235   0        896          0      25992          0          0 PKI OCSP        
 211   0        792        232      25656          0          0 LDAP process    
 203   0        792        232      25656          0          0 TPLUS           
 137   0        216          0      25360          0          0 fib_fib_bfd_sb e
 216   0        464        232      25328          0          0 MMON PROCESS    
 217   0        464        232      25328          0          0 MMON MENG       
 109   0        216          0      25312          0          0 CEF switching ba
 173   0        216          0      25312          0          0 ADJ background  
 177   0        216          0      25312          0          0 MFIB Master back
 174   0        216          0      25312          0          0 Collection proce
 175   0        216          0      25312          0          0 ADJ resolve proc
 136   0        216        736      25312          0          0 CEF background p
 281   0     768888     768760      25224          0          0 mdns Timer Proce
  80   0        232        232      25136          0          0 Ethernet LMI    
  55   0        232        232      25128          0          0 Logger          
  54   0       1152       1152      25096          0          0 IDB Work        
 234   0          0          0      25096          0          0 Crypto PKI-Rev-P
 233   0        232        232      25096          0          0 Crypto PKI-CRL  
 212   0          0          0      25096          0          0 Opaque Database 
 244   0          0          0      25096          0          0 Test AAA Client 
 221   0          0          0      25096          0          0 encrypt proc    
 223   0          0          0      25096          0          0 Crypto INT      
 250   0          0          0      25096          0          0 QoS TAM Request 
 251   0      11224      11224      25096          0          0 Syslog          
 224   0        232        232      25096          0          0 Crypto IKE Dispa
 236   0          0          0      25096          0          0 PKI Revocation  
 231   0          0          0      25096          0          0 RSA background p
 197   0          0          0      25096          0          0 EPM ACL PLUG-IN 
  68   0        232        232      25096          0          0 Ethernet CFM    
  69   0        232        232      25096          0          0 Ethernet Timer C
  70   0        232        232      25096          0          0 Ethernet Msec Ti
  71   0        232        232      25096          0          0 Ethernet CFM IOU
 191   0        232        232      25096          0          0 X.25 Background 
 205   0       5816       5816      25096          0          0 LOCAL AAA       
 230   0          0          0      25096          0          0 IPSec background
 163   0          0       1832      25096          0          0 TCP Timer       
 140   0        232        232      25096          0          0 Auth Manager    
 154   0          0          0      25096          0          0 Routing Topology
 117   0        232        232      25096          0          0 ATM OAM Input   
  18   0          0          0      25096          0          0 Policy Manager  
 118   0        232        232      25096          0          0 ATM OAM TIMER   
  91   0        232        232      25096          0          0 SSM connection m
 161   0        232        232      25096          0          0 Tunnel          
 134   0        232        232      25096          0          0 KRB5 AAA        
  20   0        232        232      25096          0          0 Dialer event    
  86   0          0          0      25096          0          0 SSS Manager     
   0   0      24592    1258192      24592          0          0 *Sched*         
 258   0      23440      16600      23936          0          0 EEM ED Interface
 257   0      23320      16760      23816          0          0 EEM ED Counter  
 264   0      23200      16624      23672          0          0 EEM ED Timer    
 248   0      23232      16696      23568          0          0 EEM ED Routing  
  65   0      23080      16640      23536          0          0 EEM ED MAT      
 263   0      23040      16600      23536          0          0 EEM ED SNMP     
 275   0      23040      16600      23536          0          0 EEM ED RPC      
 256   0      23032      16656      23472          0          0 EEM ED CLI      
 267   0      22976      16600      23472          0          0 EEM ED Ipsla    
 261   0      22976      16600      23472          0          0 EEM ED OIR      
 259   0      22976      16600      23472          0          0 EEM ED IOSWD    
 269   0      22976      16600      23472          0          0 EEM ED Test     
 270   0      22976      16600      23472          0          0 EEM ED Config   
 271   0      22976      16600      23472          0          0 EEM ED Env      
 265   0      22976      16600      23472          0          0 EEM ED SNMP Obje
 260   0      22976      16600      23472          0          0 EEM ED None     
 176   0      14400       4992      22504          0          0 SR CapMan Proces
 102   0       5280        232      22144          0          0 IP Host Track Pr
 178   0       8480          0      21528          0          0 SSH Event handle
 115   0       6800          0      19896          0          0 TRACK Main threa
 283   0       6928        432      19592          0          0 EEM Helper Threa
 169   0       9992      21384      18480          0          0 IGMPSN L2MCM    
 215   0       5240          0      18336          0          0 MMA DP TIMER    
 204   0       5280        232      18144          0          0 ENABLE AAA      
 166   0        896          0      17992          0          0 HTTP CORE       
 183   0        968        232      17832          0          0 MVPN Mgr Process
 156   0       3144       2592      17648          0          0 IP Background   
 168   0        464        232      17328          0          0 AUTO LAG Protoco
 184   0        464        232      17328          0          0 Multicast Offloa
 139   0        216          0      17312          0          0 Tunnel FIB      
 280   0          0          0      17096          0          0 Per-Second Jobs 
 226   0          0          0      17096          0          0 IPSEC manual key
 119   0          0          0      17096          0          0 HQF TARGET DYNAM
 198   0          0          0      17096          0          0 IPv6 Static Hand
 189   0          0          0      17096          0          0 IPv6 RIB Event H
 124   0        232        232      17096          0          0 IP ARP Track    
 193   0      14440      14440      17096          0          0 QoS stats proces
 187   0        232        232      17096          0          0 App Route Proces
 186   0        232        232      17096          0          0 static          
 188   0          0          0      17096          0          0 IPv6 RIB Cleanup
  89   0        232        232      17096          0          0 Ethernet OAM Pro
  94   0          0          0      17096          0          0 MPLS Auto-Tunnel
 141   0          0          0      17096          0          0 EPM MAIN PROCESS
 138   0          0          0      17096          0          0 IP IRDP         
 255   0          0          0      16968          0          0 Connection Mgr  
 167   0      20648        232      16544          0          0 L2TRACE SERVER  
   4   0       3424        288      16280          0          0 Check heaps     
  30   0       2096          0      15192          0          0 IPC Seat Manager
  81   0       1872          0      14968          0          0 FHRP Main thread
 116   0       1736          0      14832          0          0 TRACK Client thr
  82   0       1688          0      14784          0          0 VRRP Main thread
 202   0       1592          0      14688          0          0 MMA MSG MCOL    
 279   0       1224          0      14320          0          0 Per-minute Jobs 
 210   0      96840      29864      14312          0          0 NIST rng proc   
 131   0        896          0      13992          0          0 Auth-proxy HTTP 
  99   0       1008        232      13872          0          0 DTP Protocol    
 220   0     214536     213776      13856          0          0 crypto engine pr
 162   0       1096        376      13816          0          0 LFDp Input Proc 
  57   0        720          0      13816          0          0 IF-MGR control p
  41   0     135848     173536      13632          0          0 crypto sw pk pro
  12   0        344          0      13440          0          0 Exception contro
 104   0        536        232      13400          0          0 UDLD            
 101   0        248          0      13344          0          0 Port-Security   
 151   0        248          0      13344          0          0 Service Routing 
 147   0        464        232      13328          0          0 Dot1x Supplicant
 145   0        464        232      13328          0          0 Dot1x Supplicant
 146   0        464        232      13328          0          0 Dot1x Supplicant
 128   0      11856        232      13328          0          0 Spanning Tree   
  63   0        216          0      13312          0          0 Src Fltr backgro
  78   0          0          0      13120          0          0 AAA System Acct 
  72   0        232        232      13112          0          0 Dot1x Mgr Proces
 159   0          0          0      13096          0          0 XC RIB MGR      
 160   0        232        328      13096          0          0 Inter Chassis Pr
  90   0          0          0      13096          0          0 AC Switch       
  88   0          0          0      13096          0          0 SSS Feature Time
  93   0          0          0      13096          0          0 LSP Tunnel FRR  
 153   0          0          0      13096          0          0 HQF Input Shaper
 132   0          0          0      13096          0          0 IP Admin SM Proc
  92   0        232        232      13096          0          0 OCE punted Pkts 
 158   0        232        400      13096          0          0 Flow Exporter Ti
 170   0          0          0      13096          0          0 IGMPSN MRD      
 130   0          0          0      13096          0          0 Webauth client  
 144   0          0          0      13096          0          0 CMD HANDLER     
 150   0          0          0      13096          0          0 PPP IP Add Route
 133   0          0          0      13096          0          0 IPv6 ping proces
  79   0        232        232      13096          0          0 EFP Errd        
 152   0          0          0      13096          0          0 HQF Output Shape
  95   0          0          0      13096          0          0 O-UNI Client Msg
 149   0          0          0      13096          0          0 MAB Framework   
 148   0          0          0      13096          0          0 DCT Bkgd Process
 165   0          0          0      13096          0          0 Socket Timers   
 182   0          0          0      13096          0          0 Probe Input     
 107   0        232        232      13096          0          0 process unix_l2_
 106   0        232        232      13096          0          0 process unix_l2_
 185   0          0          0      13096          0          0 RARP Input      
 114   0        232        232      13096          0          0 AAA Dictionary R
 127   0          0          0      13096          0          0 RIB LM VALIDATE 
 125   0        232        232      13096          0          0 PIM register asy
 123   0          0          0      13096          0          0 ICMP event handl
 190   0          0          0      13096          0          0 PAD InCall      
 143   0          0          0      13096          0          0 SVM UT Process  
 192   0          0          0      13096          0          0 X.25 Encaps Mana
 100   0        232        232      13096          0          0 PI MATM Aging Pr
 194   0          0          0      13096          0          0 SNMP Timers     
  96   0          0          0      13096          0          0 DHCP Snooping   
 196   0          0          0      13096          0          0 Timer Handler Pr
  67   0          0          0      13096          0          0 Rate limit load 
 142   0          0          0      13096          0          0 Critical Auth   
 199   0        232        232      13096          0          0 AAA Cached Serve
 200   0        232        232      13096          0          0 LINE AAA        
  73   0          0          0      13096          0          0 EAP Framework   
  97   0          0          0      13096          0          0 DHCP Snooping db
  62   0          0          0      13096          0          0 IOSv e1000      
 111   0       9344      16000      13096          0          0 SpanTree Helper 
  61   0          0          0      13096          0          0 HC Counter Timer
 206   0          0          0      13096          0          0 MPLS Auto Mesh P
  60   0          0          0      13096          0          0 Transport Port A
 208   0        232        232      13096          0          0 Crypto Support  
 209   0          0          0      13096          0          0 IPSECv6 PS Proc 
  98   0          0        576      13096          0          0 802.1x switch   
  59   0          0          0      13096          0          0 AggMgr Process  
  58   0          0          0      13096          0          0 IF-MGR event pro
 213   0          0          0      13096          0          0 Key chain liveke
 103   0        232        232      13096          0          0 Ethchnl         
 129   0        232        232      13096          0          0 SpanTree Msg    
  56   0      25536        512      13096          0          0 TTY Background  
  52   0          0          0      13096          0          0 Critical Bkgnd  
 219   0          0          0      13096          0          0 IKEv2 AAA handle
  76   0          0          0      13096          0          0 AAA ACCT Proc   
 135   0          0          0      13096          0          0 FRR Background P
 222   0        232        512      13096          0          0 CRYPTO MAP FREE 
  74   0          0          0      13096          0          0 EAP Test        
 180   0        232        232      13096          0          0 ATIP_UDP_TSK    
 105   0          0          0      13096          0          0 UNIX IP Source g
 171   0          0          0      13096          0          0 IGMPSN          
  87   0          0          0      13096          0          0 SSS Feature Mana
 108   0          0        288      13096          0          0 VMATM Callback  
 229   0          0          0      13096          0          0 Crypto PAS Proc 
 195   0          0          0      13096          0          0 EPM Downlad Mana
  43   0          0          0      13096          0          0 SERIAL A'detect 
  42   0        232        232      13096          0          0 GraphIt         
  26   0          0          0      13096          0          0 IPC Zone Manager
  40   0          0          0      13096          0          0 Dynamic ARP Insp
  39   0          0          0      13096          0          0 ARP Snoop       
  38   0        232        232      13096          0          0 Serial Backgroun
 237   0        232        232      13096          0          0 DHCP Security He
 238   0          0          0      13096          0          0 vlmap logger    
  37   0        232        232      13096          0          0 PrstVbl         
 240   0      10400      28896      13096          0          0 PM Callback     
 242   0        232        232      13096          0          0 dhcp snooping sw
 243   0        232      13024      13096          0          0 AAA SEND STOP EV
  36   0          0          0      13096          0          0 IPC Session Deta
 245   0          0          0      13096          0          0 Syslog Traps    
  35   0          0          0      13096          0          0 IPC Loadometer  
  34   0          0          0      13096          0          0 IPC Keep Alive M
  33   0          0          0      13096          0          0 IPC Seat TX Cont
  32   0          0          0      13096          0          0 IPC Seat RX Cont
  31   0          0          0      13096          0          0 IPC Check Queue 
  24   0          0          0      13096          0          0 IPC Dynamic Cach
  29   0          0          0      13096          0          0 IPC Process leve
  15   0       3280       3280      13096          0          0 ARP Background  
  28   0          0          0      13096          0          0 IPC Deferred Por
  27   0          0          0      13096          0          0 IPC Periodic Tim
  13   0          0          0      13096          0          0 IFS Agent Manage
  25   0          0          0      13096          0          0 IPC Session Serv
  10   0          0          0      13096          0          0 IOSv in console 
  23   0          0          0      13096          0          0 IPC Mcast Pendin
   9   0          0          0      13096          0          0 IOSv out console
  22   0          0          0      13096          0          0 IPC Event Notifi
  21   0          0          0      13096          0          0 Entity MIB API  
  19   0        232        232      13096          0          0 DDR Timers      
  17   0          0          0      13096          0          0 AAA_SERVER_DEADT
  16   0          0          0      13096          0          0 CEF MIB API     
 278   0        232        232      13096          0          0 Compute load avg
   6   0          0          0      13096          0          0 DiscardQ Backgro
   7   0        232        232      13096          0          0 Timers          
 277   0          0          0      13096          0          0 Net Input       
 262   0          0          0      12968          0          0 IPv6 Access Cont
  50   0        232          0       7328          0          0 Async write proc
  48   0        232          0       7328          0          0 Async write proc
  49   0        232          0       7328          0          0 Async write proc
 110   0        216          0       7312          0          0 ADJ NSF process 
  45   0          0          0       7096          0          0 dev_device_inser
  44   0          0          0       7096          0          0 Inode Table Dest
  46   0          0          0       7096          0          0 dev_device_remov
  51   0       4160          0       7096          0          0 DFS flush period
   2   0        232        232       7096          0          0 Load Meter      
   8   0          0          0       7096          0          0 WATCH_AFS       
                                156276072 Total
SW3#show access-lists
Extended IP access list preauth_ipv4_acl (per-user)
    10 permit udp any any eq domain
    20 permit tcp any any eq domain
    30 permit udp any eq bootps any
    40 permit udp any any eq bootpc
    50 permit udp any eq bootpc any
    60 deny ip any any
IPv6 access list preauth_ipv6_acl (per-user)
    permit udp any any eq domain sequence 10
    permit tcp any any eq domain sequence 20
    permit icmp any any nd-ns sequence 30
    permit icmp any any nd-na sequence 40
    permit icmp any any router-solicitation sequence 50
    permit icmp any any router-advertisement sequence 60
    permit icmp any any redirect sequence 70
    permit udp any eq 547 any eq 546 sequence 80
    permit udp any eq 546 any eq 547 sequence 90
    deny ipv6 any any sequence 100
SW3#show ip route
Codes: L - local, C - connected, S - static, R - RIP, M - mobile, B - BGP
       D - EIGRP, EX - EIGRP external, O - OSPF, IA - OSPF inter area 
       N1 - OSPF NSSA external type 1, N2 - OSPF NSSA external type 2
       E1 - OSPF external type 1, E2 - OSPF external type 2
       i - IS-IS, su - IS-IS summary, L1 - IS-IS level-1, L2 - IS-IS level-2
       ia - IS-IS inter area, * - candidate default, U - per-user static route
       o - ODR, P - periodic downloaded static route, H - NHRP, l - LISP
       a - application route
       + - replicated route, % - next hop override

Gateway of last resort is not set

      192.168.97.0/24 is variably subnetted, 2 subnets, 2 masks
C        192.168.97.0/24 is directly connected, Vlan1
L        192.168.97.233/32 is directly connected, Vlan1
SW3#show file systems
File Systems:

     Size(b)     Free(b)      Type  Flags  Prefixes
*   2142715904    2029989888      disk     rw   flash0: flash:
           -           -      disk     rw   flash1:
           -           -      disk     rw   flash2:
           -           -      disk     rw   flash3:
           -           -    opaque     rw   system:
           -           -    opaque     rw   tmpsys:
        262144        254495     nvram     rw   nvram:
           -           -    opaque     rw   null:
           -           -    opaque     ro   tar:
           -           -   network     rw   tftp:
           -           -    opaque     wo   syslog:
           -           -   network     rw   rcp:
           -           -   network     rw   http:
           -           -   network     rw   ftp:
           -           -   network     rw   scp:
           -           -   network     rw   https:
           -           -    opaque     ro   cns:

SW3#show logging
Syslog logging: enabled (0 messages dropped, 2 messages rate-limited, 0 flushes, 0 overruns, xml disabled, filtering disabled)

No Active Message Discriminator.



No Inactive Message Discriminator.


    Console logging: level debugging, 36 messages logged, xml disabled,
                     filtering disabled
    Monitor logging: level debugging, 0 messages logged, xml disabled,
                     filtering disabled
    Buffer logging:  level debugging, 38 messages logged, xml disabled,
                    filtering disabled
    Exception Logging: size (8192 bytes)
    Count and timestamp logging messages: disabled
    Persistent logging: disabled
    Trap logging: level informational, 41 message lines logged
        Logging Source-Interface:       VRF Name:

Log Buffer (8192 bytes):

*Mar  1 00:00:01.020: %ATA-6-DEV_FOUND: device 0x1F0
*Mar  1 00:00:01.092: %NVRAM-5-CONFIG_NVRAM_READ_OK: NVRAM configuration 'flash:/nvram' was read from disk.
*Sep 24 07:25:09.684: %SPANTREE-5-EXTENDED_SYSID: Extended SysId enabled for type vlan
*Sep 24 07:25:13.029: %LINK-5-CHANGED: Interface GigabitEthernet0/0, changed state to reset
*Sep 24 07:25:13.032: %LINK-5-CHANGED: Interface GigabitEthernet0/1, changed state to reset
*Sep 24 07:25:13.033: %LINK-5-CHANGED: Interface GigabitEthernet0/2, changed state to reset
*Sep 24 07:25:13.034: %LINK-5-CHANGED: Interface GigabitEthernet0/3, changed state to reset
*Sep 24 07:25:13.036: %LINK-5-CHANGED: Interface GigabitEthernet1/0, changed state to reset
*Sep 24 07:25:13.037: %LINK-5-CHANGED: Interface GigabitEthernet1/1, changed state to reset
*Sep 24 07:25:13.038: %LINK-5-CHANGED: Interface GigabitEthernet1/2, changed state to reset
*Sep 24 07:25:13.040: %LINK-5-CHANGED: Interface GigabitEthernet1/3, changed state to reset
*Sep 24 07:25:13.433: %SYS-5-CONFIG_I: Configured from memory by console
*Sep 24 07:25:14.136: %LINEPROTO-5-UPDOWN: Line protocol on Interface GigabitEthernet0/0, changed state to up
*Sep 24 07:25:14.137: %LINEPROTO-5-UPDOWN: Line protocol on Interface GigabitEthernet0/1, changed state to up
*Sep 24 07:25:14.138: %LINEPROTO-5-UPDOWN: Line protocol on Interface GigabitEthernet0/2, changed state to up
*Sep 24 07:25:14.140: %LINEPROTO-5-UPDOWN: Line protocol on Interface GigabitEthernet0/3, changed state to up
*Sep 24 07:25:14.141: %LINEPROTO-5-UPDOWN: Line protocol on Interface GigabitEthernet1/0, changed state to up
*Sep 24 07:25:14.142: %LINEPROTO-5-UPDOWN: Line protocol on Interface GigabitEthernet1/1, changed state to up
*Sep 24 07:25:14.143: %LINEPROTO-5-UPDOWN: Line protocol on Interface GigabitEthernet1/2, changed state to up
*Sep 24 07:25:14.144: %LINEPROTO-5-UPDOWN: Line protocol on Interface GigabitEthernet1/3, changed state to up
*Sep 24 07:25:14.352: %LINEPROTO-5-UPDOWN: Line protocol on Interface Vlan1, changed state to down
*Sep 24 07:25:15.371: %LINK-3-UPDOWN: Interface GigabitEthernet1/3, changed state to up
*Sep 24 07:25:15.372: %LINK-3-UPDOWN: Interface GigabitEthernet1/2, changed state to up
*Sep 24 07:25:15.373: %LINK-3-UPDOWN: Interface GigabitEthernet1/1, changed state to up
*Sep 24 07:25:15.374: %LINK-3-UPDOWN: Interface GigabitEthernet1/0, changed state to up
*Sep 24 07:25:15.375: %LINK-3-UPDOWN: Interface GigabitEthernet0/3, changed state to up
*Sep 24 07:25:15.376: %LINK-3-UPDOWN: Interface GigabitEthernet0/2, changed state to up
*Sep 24 07:25:15.378: %LINK-3-UPDOWN: Interface GigabitEthernet0/1, changed state to up
*Sep 24 07:25:15.379: %LINK-3-UPDOWN: Interface GigabitEthernet0/0, changed state to up
*Sep 24 07:25:17.907: %SYS-5-RESTART: System restarted --
Cisco IOS Software, vios_l2 Software (vios_l2-ADVENTERPRISEK9-M), Experimental Version 15.2(20170321:233949) [mmen 101]
Copyright (c) 1986-2017 by Cisco Systems, Inc.
Compiled Wed 22-Mar-17 08:38 by mmen
*Sep 24 07:25:17.968: %SSH-5-ENABLED: SSH 1.99 has been enabled
*Sep 24 07:25:24.770: %PLATFORM-5-SIGNATURE_VERIFIED: Image 'flash0:/vios_l2-adventerprisek9-m' passed code signing verification
*Sep 24 07:29:32.327: %SYS-5-CONFIG_I: Configured from console by admin on vty1 (192.168.97.108)
*Sep 24 07:30:15.367: %SYS-5-CONFIG_I: Configured from console by admin on vty1 (192.168.97.108)
*Sep 24 07:34:48.084: %SYS-5-CONFIG_I: Configured from console by admin on vty1 (192.168.97.108)
*Sep 24 07:36:47.914: %SYS-5-CONFIG_I: Configured from console by admin on vty1 (192.168.97.108)
*Sep 24 07:44:10.439: %SYS-5-CONFIG_I: Configured from console by admin on vty0 (192.168.97.108)
*Sep 24 07:49:29.261: %SYS-5-CONFIG_I: Configured from console by admin on vty0 (192.168.97.108)
SW3#