configure terminal
Enter configuration commands, one per line.  End with CNTL/Z.
SW3(config)#exit
SW3#term leng 0
SW3#show inventory
SW3#show clock
*07:30:15.494 UTC Sat Sep 24 2022
SW3#show ntp associations
SW3#show version
Cisco IOS Software, vios_l2 Software (vios_l2-ADVENTERPRISEK9-M), Experimental Version 15.2(20170321:233949) [mmen 101]
Copyright (c) 1986-2017 by Cisco Systems, Inc.
Compiled Wed 22-Mar-17 08:38 by mmen


ROM: Bootstrap program is IOSv

SW3 uptime is 5 minutes
System returned to ROM by reload
System image file is "flash0:/vios_l2-adventerprisek9-m"
Last reload reason: Unknown reason



This product contains cryptographic features and is subject to United
States and local country laws governing import, export, transfer and
use. Delivery of Cisco cryptographic products does not imply
third-party authority to import, export, distribute or use encryption.
Importers, exporters, distributors and users are responsible for
compliance with U.S. and local country laws. By using this product you
agree to comply with applicable laws and regulations. If you are unable
to comply with U.S. and local laws, return this product immediately.

A summary of U.S. laws governing Cisco cryptographic products may be found at:
http://www.cisco.com/wwl/export/crypto/tool/stqrg.html

If you require further assistance please contact us by sending email to
export@cisco.com.

Cisco IOSv () processor (revision 1.0) with 935289K/111616K bytes of memory.
Processor board ID 9NK0ZYXHFMC
1 Virtual Ethernet interface
8 Gigabit Ethernet interfaces
DRAM configuration is 72 bits wide with parity disabled.
256K bytes of non-volatile configuration memory.
2097152K bytes of ATA System CompactFlash 0 (Read/Write)
0K bytes of ATA CompactFlash 1 (Read/Write)
0K bytes of ATA CompactFlash 2 (Read/Write)
0K bytes of ATA CompactFlash 3 (Read/Write)

Configuration register is 0x101

SW3#show running-config
Building configuration...

Current configuration : 3240 bytes
!
! Last configuration change at 07:30:15 UTC Sat Sep 24 2022 by admin
!
version 15.2
service timestamps debug datetime msec
service timestamps log datetime msec
no service password-encryption
service compress-config
!
hostname SW3
!
boot-start-marker
boot-end-marker
!
!
enable secret 5 $1$JM9P$PTjni26d.C0aAMWXWp8Ie/
!
username admin password 0 admin
no aaa new-model
!
!
!
!
!
!
!
!
ip domain-name switch2
ip cef
no ipv6 cef
!
!
!
spanning-tree mode pvst
spanning-tree extend system-id
!
vlan internal allocation policy ascending
!
! 
!
!
!
!
!
!
!
!
!
!
!
!
interface GigabitEthernet0/0
 media-type rj45
 negotiation auto
!
interface GigabitEthernet0/1
 media-type rj45
 negotiation auto
!
interface GigabitEthernet0/2
 switchport access vlan 152
 switchport mode access
 media-type rj45
 negotiation auto
!
interface GigabitEthernet0/3
 media-type rj45
 negotiation auto
!
interface GigabitEthernet1/0
 media-type rj45
 negotiation auto
!
interface GigabitEthernet1/1
 media-type rj45
 negotiation auto
!
interface GigabitEthernet1/2
 media-type rj45
 negotiation auto
!
interface GigabitEthernet1/3
 media-type rj45
 negotiation auto
!
interface Vlan1
 ip address 192.168.97.233 255.255.255.0
!
ip forward-protocol nd
!
no ip http server
no ip http secure-server
!
!
!
!
!
!
control-plane
!
banner exec ^C
**************************************************************************
* IOSv is strictly limited to use for evaluation, demonstration and IOS  *
* education. IOSv is provided as-is and is not supported by Cisco's      *
* Technical Advisory Center. Any use or disclosure, in whole or in part, *
* of the IOSv Software or Documentation to any third party for any       *
* purposes is expressly prohibited except as otherwise authorized by     *
* Cisco in writing.                                                      *
**************************************************************************^C
banner incoming ^C
**************************************************************************
* IOSv is strictly limited to use for evaluation, demonstration and IOS  *
* education. IOSv is provided as-is and is not supported by Cisco's      *
* Technical Advisory Center. Any use or disclosure, in whole or in part, *
* of the IOSv Software or Documentation to any third party for any       *
* purposes is expressly prohibited except as otherwise authorized by     *
* Cisco in writing.                                                      *
**************************************************************************^C
banner login ^C
**************************************************************************
* IOSv is strictly limited to use for evaluation, demonstration and IOS  *
* education. IOSv is provided as-is and is not supported by Cisco's      *
* Technical Advisory Center. Any use or disclosure, in whole or in part, *
* of the IOSv Software or Documentation to any third party for any       *
* purposes is expressly prohibited except as otherwise authorized by     *
* Cisco in writing.                                                      *
**************************************************************************^C
!
line con 0
 login local
line aux 0
line vty 0 4
 login local
 transport input all
!
!
end

SW3#show ip interface brief
Interface              IP-Address      OK? Method Status                Protocol
GigabitEthernet0/0     unassigned      YES unset  up                    up      
GigabitEthernet0/1     unassigned      YES unset  up                    up      
GigabitEthernet0/2     unassigned      YES unset  up                    up      
GigabitEthernet0/3     unassigned      YES unset  up                    up      
GigabitEthernet1/0     unassigned      YES unset  up                    up      
GigabitEthernet1/1     unassigned      YES unset  up                    up      
GigabitEthernet1/2     unassigned      YES unset  up                    up      
GigabitEthernet1/3     unassigned      YES unset  up                    up      
Vlan1                  192.168.97.233  YES NVRAM  up                    up      
SW3#show interface status

Port      Name               Status       Vlan       Duplex  Speed Type 
Gi0/0                        connected    1          a-full   auto RJ45
Gi0/1                        connected    1          a-full   auto RJ45
Gi0/2                        connected    152        a-full   auto RJ45
Gi0/3                        connected    1          a-full   auto RJ45
Gi1/0                        connected    1          a-full   auto RJ45
Gi1/1                        connected    1          a-full   auto RJ45
Gi1/2                        connected    1          a-full   auto RJ45
Gi1/3                        connected    1          a-full   auto RJ45
SW3#show cdp neighbor
Capability Codes: R - Router, T - Trans Bridge, B - Source Route Bridge
                  S - Switch, H - Host, I - IGMP, r - Repeater, P - Phone, 
                  D - Remote, C - CVTA, M - Two-port Mac Relay 

Device ID        Local Intrfce     Holdtme    Capability  Platform  Port ID
Switch.switch    Gig 0/0           171             R S I            Gig 0/0

Total cdp entries displayed : 1
SW3#show cdp neighbor detail
-------------------------
Device ID: Switch.switch
Entry address(es): 
  IP address: 192.168.97.222
Platform: Cisco ,  Capabilities: Router Switch IGMP 
Interface: GigabitEthernet0/0,  Port ID (outgoing port): GigabitEthernet0/0
Holdtime : 171 sec

Version :
Cisco IOS Software, vios_l2 Software (vios_l2-ADVENTERPRISEK9-M), Experimental Version 15.2(20170321:233949) [mmen 101]
Copyright (c) 1986-2017 by Cisco Systems, Inc.
Compiled Wed 22-Mar-17 08:38 by mmen

advertisement version: 2
VTP Management Domain: ''
Native VLAN: 1
Duplex: full
Management address(es): 
  IP address: 192.168.97.222


Total cdp entries displayed : 1
SW3#show environment all
           ^
% Invalid input detected at '^' marker.

SW3#show systems resources
          ^
% Invalid input detected at '^' marker.

SW3#show processes cpu sorted
CPU utilization for five seconds: 4%/0%; one minute: 9%; five minutes: 6%
 PID Runtime(ms)     Invoked      uSecs   5Sec   1Min   5Min TTY Process 
  62       10464       14121        741  3.51%  3.27%  2.18%   0 IOSv e1000       
 128        1146        1187        965  0.31%  0.37%  0.26%   0 Spanning Tree    
 215         662        4619        143  0.31%  0.23%  0.16%   0 MMA DP TIMER     
  70         853       36386         23  0.23%  0.26%  0.18%   0 Ethernet Msec Ti 
  88          32        1189         26  0.15%  0.05%  0.01%   0 SSS Feature Time 
  83         612        4619        132  0.15%  0.17%  0.11%   0 VRRS Main thread 
   5           6          11        545  0.07%  0.00%  0.00%   0 Pool Manager     
 240          41         310        132  0.07%  0.00%  0.00%   0 PM Callback      
 121         265        9117         29  0.07%  0.08%  0.05%   0 IP ARP Retry Age 
  10         976        6734        144  0.00%  0.07%  0.16%   0 IOSv in console  
  11           0           1          0  0.00%  0.00%  0.00%   0 Crash writer     
   9           0           2          0  0.00%  0.00%  0.00%   0 IOSv out console 
   8           4         177         22  0.00%  0.00%  0.00%   0 WATCH_AFS        
  14           8          13        615  0.00%  0.00%  0.00%   0 ARP Input        
  12           1           1       1000  0.00%  0.00%  0.00%   0 Exception contro 
   7           0           2          0  0.00%  0.00%  0.00%   0 Timers           
   6           0           1          0  0.00%  0.00%  0.00%   0 DiscardQ Backgro 
   4         119          39       3051  0.00%  0.01%  0.00%   0 Check heaps      
  13           0           1          0  0.00%  0.00%  0.00%   0 IFS Agent Manage 
  20           2           2       1000  0.00%  0.00%  0.00%   0 Dialer event     
  21           0           1          0  0.00%  0.00%  0.00%   0 Entity MIB API   
  16           0           1          0  0.00%  0.00%  0.00%   0 CEF MIB API      
  15          58         325        178  0.00%  0.00%  0.00%   0 ARP Background   
  24           0           6          0  0.00%  0.00%  0.00%   0 IPC Dynamic Cach 
  25           0           1          0  0.00%  0.00%  0.00%   0 IPC Session Serv 
  26           0           1          0  0.00%  0.00%  0.00%   0 IPC Zone Manager 
  27          20         298         67  0.00%  0.01%  0.00%   0 IPC Periodic Tim 
  17           0           1          0  0.00%  0.00%  0.00%   0 AAA_SERVER_DEADT 
  29           0           1          0  0.00%  0.00%  0.00%   0 IPC Process leve 
  30           1           1       1000  0.00%  0.00%  0.00%   0 IPC Seat Manager 
  18           0           1          0  0.00%  0.00%  0.00%   0 Policy Manager   
   2           4          61         65  0.00%  0.00%  0.00%   0 Load Meter       
  19           0           2          0  0.00%  0.00%  0.00%   0 DDR Timers       
  34           5          32        156  0.00%  0.00%  0.00%   0 IPC Keep Alive M 
  22           5          62         80  0.00%  0.00%  0.00%   0 IPC Event Notifi 
  36           0           1          0  0.00%  0.00%  0.00%   0 IPC Session Deta 
  37           2           3        666  0.00%  0.00%  0.00%   0 PrstVbl          
  38           0           2          0  0.00%  0.00%  0.00%   0 Serial Backgroun 
  39           0           1          0  0.00%  0.00%  0.00%   0 ARP Snoop        
  40          38         305        124  0.00%  0.00%  0.00%   0 Dynamic ARP Insp 
  41          43          20       2150  0.00%  0.00%  0.00%   0 crypto sw pk pro 
  23          24         298         80  0.00%  0.01%  0.00%   0 IPC Mcast Pendin 
  43           0           1          0  0.00%  0.00%  0.00%   0 SERIAL A'detect  
  28          17         298         57  0.00%  0.00%  0.00%   0 IPC Deferred Por 
  45           0           1          0  0.00%  0.00%  0.00%   0 dev_device_inser 
  46           0           1          0  0.00%  0.00%  0.00%   0 dev_device_remov 
  47          79         100        790  0.00%  0.03%  0.01%   2 SSH Process      
  48           1           1       1000  0.00%  0.00%  0.00%   0 Async write proc 
  49           0           1          0  0.00%  0.00%  0.00%   0 Async write proc 
  50           0           1          0  0.00%  0.00%  0.00%   0 Async write proc 
  51           1           7        142  0.00%  0.00%  0.00%   0 DFS flush period 
  52           1           1       1000  0.00%  0.00%  0.00%   0 Critical Bkgnd   
   3          64          99        646  0.00%  0.00%  0.00%   0 Exec             
  54           5           2       2500  0.00%  0.00%  0.00%   0 IDB Work         
  55           9          11        818  0.00%  0.00%  0.00%   0 Logger           
  56         289         296        976  0.00%  0.00%  0.02%   0 TTY Background   
  57          30           3      10000  0.00%  0.00%  0.00%   0 IF-MGR control p 
  58           3           3       1000  0.00%  0.00%  0.00%   0 IF-MGR event pro 
  31           0          18          0  0.00%  0.00%  0.00%   0 IPC Check Queue  
  33           0           1          0  0.00%  0.00%  0.00%   0 IPC Seat TX Cont 
  61           7          62        112  0.00%  0.00%  0.00%   0 HC Counter Timer 
  32           0           1          0  0.00%  0.00%  0.00%   0 IPC Seat RX Cont 
   1           1           6        166  0.00%  0.00%  0.00%   0 Chunk Manager    
  64          41           4      10250  0.00%  0.00%  0.00%   0 EEM ED Identity  
  65           2           4        500  0.00%  0.00%  0.00%   0 EEM ED MAT       
  66           9          38        236  0.00%  0.00%  0.00%   0 EEM ED ND        
  67           1          61         16  0.00%  0.00%  0.00%   0 Rate limit load  
  68           1           2        500  0.00%  0.00%  0.00%   0 Ethernet CFM     
  35           6          62         96  0.00%  0.00%  0.00%   0 IPC Loadometer   
  42           6         301         19  0.00%  0.00%  0.00%   0 GraphIt          
  71           1           2        500  0.00%  0.00%  0.00%   0 Ethernet CFM IOU 
  72           1           2        500  0.00%  0.00%  0.00%   0 Dot1x Mgr Proces 
  73           1           1       1000  0.00%  0.00%  0.00%   0 EAP Framework    
  74           0           1          0  0.00%  0.00%  0.00%   0 EAP Test         
  75           4          20        200  0.00%  0.00%  0.00%   0 AAA Server       
  76           0           1          0  0.00%  0.00%  0.00%   0 AAA ACCT Proc    
  77           1           1       1000  0.00%  0.00%  0.00%   0 ACCT Periodic Pr 
  78           1           1       1000  0.00%  0.00%  0.00%   0 AAA System Acct  
  79           2           2       1000  0.00%  0.00%  0.00%   0 EFP Errd         
  80           0           2          0  0.00%  0.00%  0.00%   0 Ethernet LMI     
  81          66         304        217  0.00%  0.00%  0.00%   0 FHRP Main thread 
  82           3           1       3000  0.00%  0.00%  0.00%   0 VRRP Main thread 
  44           0           1          0  0.00%  0.00%  0.00%   0 Inode Table Dest 
  84        1478         517       2858  0.00%  0.00%  0.00%   3 SSH Process      
  85          53         304        174  0.00%  0.00%  0.00%   0 mDNS             
  86           0           1          0  0.00%  0.00%  0.00%   0 SSS Manager      
  87           1           1       1000  0.00%  0.00%  0.00%   0 SSS Feature Mana 
  53          36          35       1028  0.00%  0.00%  0.00%   0 Net Background   
  89           2           2       1000  0.00%  0.00%  0.00%   0 Ethernet OAM Pro 
  90           0           1          0  0.00%  0.00%  0.00%   0 AC Switch        
  91           5           5       1000  0.00%  0.00%  0.00%   0 SSM connection m 
  92           2           2       1000  0.00%  0.00%  0.00%   0 OCE punted Pkts  
  93           0           1          0  0.00%  0.00%  0.00%   0 LSP Tunnel FRR   
  94           0           1          0  0.00%  0.00%  0.00%   0 MPLS Auto-Tunnel 
  95           0           1          0  0.00%  0.00%  0.00%   0 O-UNI Client Msg 
  96           1           3        333  0.00%  0.00%  0.00%   0 DHCP Snooping    
  97           1           1       1000  0.00%  0.00%  0.00%   0 DHCP Snooping db 
  98           3           2       1500  0.00%  0.00%  0.00%   0 802.1x switch    
  99         143          53       2698  0.00%  0.02%  0.00%   0 DTP Protocol     
 100          26         300         86  0.00%  0.01%  0.00%   0 PI MATM Aging Pr 
 101           0           6          0  0.00%  0.00%  0.00%   0 Port-Security    
 102           1           2        500  0.00%  0.00%  0.00%   0 IP Host Track Pr 
 103           2          32         62  0.00%  0.00%  0.00%   0 Ethchnl          
 104         255        2959         86  0.00%  0.00%  0.00%   0 UDLD             
 105           0           1          0  0.00%  0.00%  0.00%   0 UNIX IP Source g 
  59           1           1       1000  0.00%  0.00%  0.00%   0 AggMgr Process   
 107           0           2          0  0.00%  0.00%  0.00%   0 process unix_l2_ 
 108           3           7        428  0.00%  0.00%  0.00%   0 VMATM Callback   
 109           0           2          0  0.00%  0.00%  0.00%   0 CEF switching ba 
 110           0           1          0  0.00%  0.00%  0.00%   0 ADJ NSF process  
 111           2          12        166  0.00%  0.00%  0.00%   0 SpanTree Helper  
 112         151          91       1659  0.00%  0.00%  0.00%   0 CDP Protocol     
 114           1           2        500  0.00%  0.00%  0.00%   0 AAA Dictionary R 
 115           2           1       2000  0.00%  0.00%  0.00%   0 TRACK Main threa 
 116           1           1       1000  0.00%  0.00%  0.00%   0 TRACK Client thr 
 117           0           2          0  0.00%  0.00%  0.00%   0 ATM OAM Input    
 118           0           2          0  0.00%  0.00%  0.00%   0 ATM OAM TIMER    
  60           0           1          0  0.00%  0.00%  0.00%   0 Transport Port A 
 120           6           2       3000  0.00%  0.00%  0.00%   0 IP ARP Adjacency 
  63           0           1          0  0.00%  0.00%  0.00%   0 Src Fltr backgro 
 122         539        1107        486  0.00%  0.38%  0.12%   0 IP Input         
 123           1           1       1000  0.00%  0.00%  0.00%   0 ICMP event handl 
 124          40         583         68  0.00%  0.00%  0.00%   0 IP ARP Track     
 125           1           3        333  0.00%  0.00%  0.00%   0 PIM register asy 
 127           0           2          0  0.00%  0.00%  0.00%   0 RIB LM VALIDATE  
  69          35        1410         24  0.00%  0.00%  0.00%   0 Ethernet Timer C 
 129           1           4        250  0.00%  0.00%  0.00%   0 SpanTree Msg     
 130           0           1          0  0.00%  0.00%  0.00%   0 Webauth client   
 131           1           1       1000  0.00%  0.00%  0.00%   0 Auth-proxy HTTP  
 132           0           1          0  0.00%  0.00%  0.00%   0 IP Admin SM Proc 
 133           1           1       1000  0.00%  0.00%  0.00%   0 IPv6 ping proces 
 134           1           2        500  0.00%  0.00%  0.00%   0 KRB5 AAA         
 135           1           6        166  0.00%  0.00%  0.00%   0 FRR Background P 
 136           6          13        461  0.00%  0.00%  0.00%   0 CEF background p 
 137           1           1       1000  0.00%  0.00%  0.00%   0 fib_fib_bfd_sb e 
 138           1           1       1000  0.00%  0.00%  0.00%   0 IP IRDP          
 139           0           1          0  0.00%  0.00%  0.00%   0 Tunnel FIB       
 106           1           6        166  0.00%  0.00%  0.00%   0 process unix_l2_ 
 141           0           1          0  0.00%  0.00%  0.00%   0 EPM MAIN PROCESS 
 142           1           1       1000  0.00%  0.00%  0.00%   0 Critical Auth    
 143          27         596         45  0.00%  0.01%  0.00%   0 SVM UT Process   
 144           0           1          0  0.00%  0.00%  0.00%   0 CMD HANDLER      
 145           2           2       1000  0.00%  0.00%  0.00%   0 Dot1x Supplicant 
 146           1           2        500  0.00%  0.00%  0.00%   0 Dot1x Supplicant 
 147           1           2        500  0.00%  0.00%  0.00%   0 Dot1x Supplicant 
 148           1           1       1000  0.00%  0.00%  0.00%   0 DCT Bkgd Process 
 149           0           1          0  0.00%  0.00%  0.00%   0 MAB Framework    
 150           0           1          0  0.00%  0.00%  0.00%   0 PPP IP Add Route 
 151           1           3        333  0.00%  0.00%  0.00%   0 Service Routing  
 152           0           2          0  0.00%  0.00%  0.00%   0 HQF Output Shape 
 153           0           2          0  0.00%  0.00%  0.00%   0 HQF Input Shaper 
 154           1           2        500  0.00%  0.00%  0.00%   0 Routing Topology 
 155           2           4        500  0.00%  0.00%  0.00%   0 IP RIB Update    
 156          10           9       1111  0.00%  0.00%  0.00%   0 IP Background    
 157           3           6        500  0.00%  0.00%  0.00%   0 IP Connected Rou 
 158           1           4        250  0.00%  0.00%  0.00%   0 Flow Exporter Ti 
 159           0           1          0  0.00%  0.00%  0.00%   0 XC RIB MGR       
 160           0           4          0  0.00%  0.00%  0.00%   0 Inter Chassis Pr 
 161           1           2        500  0.00%  0.00%  0.00%   0 Tunnel           
 162           3           2       1500  0.00%  0.00%  0.00%   0 LFDp Input Proc  
 163          68         871         78  0.00%  0.05%  0.01%   0 TCP Timer        
 164           6          10        600  0.00%  0.00%  0.00%   0 TCP Protocols    
 165           0           1          0  0.00%  0.00%  0.00%   0 Socket Timers    
 166           1           2        500  0.00%  0.00%  0.00%   0 HTTP CORE        
 167           3           3       1000  0.00%  0.00%  0.00%   0 L2TRACE SERVER   
 168           1           2        500  0.00%  0.00%  0.00%   0 AUTO LAG Protoco 
 169           2           9        222  0.00%  0.00%  0.00%   0 IGMPSN L2MCM     
 170           1           1       1000  0.00%  0.00%  0.00%   0 IGMPSN MRD       
 171          14          41        341  0.00%  0.00%  0.00%   0 IGMPSN           
 172          37         153        241  0.00%  0.01%  0.00%   0 CEF: IPv4 proces 
 173          55         305        180  0.00%  0.00%  0.00%   0 ADJ background   
 174           0           3          0  0.00%  0.00%  0.00%   0 Collection proce 
 175           1           2        500  0.00%  0.00%  0.00%   0 ADJ resolve proc 
 176           8           7       1142  0.00%  0.00%  0.00%   0 SR CapMan Proces 
 177           1           3        333  0.00%  0.00%  0.00%   0 MFIB Master back 
 178           1           3        333  0.00%  0.00%  0.00%   0 SSH Event handle 
 180           1           2        500  0.00%  0.00%  0.00%   0 ATIP_UDP_TSK     
 181           1           1       1000  0.00%  0.00%  0.00%   0 COPS             
 182           0           1          0  0.00%  0.00%  0.00%   0 Probe Input      
 183           4           2       2000  0.00%  0.00%  0.00%   0 MVPN Mgr Process 
 184           1           2        500  0.00%  0.00%  0.00%   0 Multicast Offloa 
 185           0           1          0  0.00%  0.00%  0.00%   0 RARP Input       
 186           3           3       1000  0.00%  0.00%  0.00%   0 static           
 187           1           2        500  0.00%  0.00%  0.00%   0 App Route Proces 
 188           0           1          0  0.00%  0.00%  0.00%   0 IPv6 RIB Cleanup 
 189           1           1       1000  0.00%  0.00%  0.00%   0 IPv6 RIB Event H 
 190           1           1       1000  0.00%  0.00%  0.00%   0 PAD InCall       
 191           2           2       1000  0.00%  0.00%  0.00%   0 X.25 Background  
 192           0           1          0  0.00%  0.00%  0.00%   0 X.25 Encaps Mana 
 193           2          27         74  0.00%  0.00%  0.00%   0 QoS stats proces 
 194           0           1          0  0.00%  0.00%  0.00%   0 SNMP Timers      
 195           1           1       1000  0.00%  0.00%  0.00%   0 EPM Downlad Mana 
 196           0           1          0  0.00%  0.00%  0.00%   0 Timer Handler Pr 
 197          12          61        196  0.00%  0.00%  0.00%   0 EPM ACL PLUG-IN  
 198           0           1          0  0.00%  0.00%  0.00%   0 IPv6 Static Hand 
 199           1           2        500  0.00%  0.00%  0.00%   0 AAA Cached Serve 
 200           2           2       1000  0.00%  0.00%  0.00%   0 LINE AAA         
 201         633        4618        137  0.00%  0.26%  0.13%   0 MMA DB TIMER     
 202           1           1       1000  0.00%  0.00%  0.00%   0 MMA MSG MCOL     
 203           0           2          0  0.00%  0.00%  0.00%   0 TPLUS            
 204           2           2       1000  0.00%  0.00%  0.00%   0 ENABLE AAA       
 205           3          21        142  0.00%  0.00%  0.00%   0 LOCAL AAA        
 206           2           3        666  0.00%  0.00%  0.00%   0 MPLS Auto Mesh P 
 207          28         583         48  0.00%  0.00%  0.00%   0 Timer Library    
 208           2           2       1000  0.00%  0.00%  0.00%   0 Crypto Support   
 209           1           1       1000  0.00%  0.00%  0.00%   0 IPSECv6 PS Proc  
 210           2           1       2000  0.00%  0.00%  0.00%   0 NIST rng proc    
 211           1           3        333  0.00%  0.00%  0.00%   0 LDAP process     
 212           1           1       1000  0.00%  0.00%  0.00%   0 Opaque Database  
 213           0           1          0  0.00%  0.00%  0.00%   0 Key chain liveke 
 119           1           1       1000  0.00%  0.00%  0.00%   0 HQF TARGET DYNAM 
 216           0           2          0  0.00%  0.00%  0.00%   0 MMON PROCESS     
 217         147        9269         15  0.00%  0.00%  0.00%   0 MMON MENG        
 218          84         303        277  0.00%  0.02%  0.00%   0 Crypto IKEv2     
 219           1           1       1000  0.00%  0.00%  0.00%   0 IKEv2 AAA handle 
 220           6          10        600  0.00%  0.00%  0.00%   0 crypto engine pr 
 221           1           1       1000  0.00%  0.00%  0.00%   0 encrypt proc     
 222           1           3        333  0.00%  0.00%  0.00%   0 CRYPTO MAP FREE  
 223           0           1          0  0.00%  0.00%  0.00%   0 Crypto INT       
 224           2           2       1000  0.00%  0.00%  0.00%   0 Crypto IKE Dispa 
 225           7           3       2333  0.00%  0.00%  0.00%   0 Crypto IKMP      
 226           0           1          0  0.00%  0.00%  0.00%   0 IPSEC manual key 
 227          29          17       1705  0.00%  0.00%  0.00%   0 IPSEC key engine 
 228           0           1          0  0.00%  0.00%  0.00%   0 Crypto ACL       
 229           1           1       1000  0.00%  0.00%  0.00%   0 Crypto PAS Proc  
 230           1           1       1000  0.00%  0.00%  0.00%   0 IPSec background 
 231           1           1       1000  0.00%  0.00%  0.00%   0 RSA background p 
 232           9           4       2250  0.00%  0.00%  0.00%   0 Crypto CA        
 233           1           3        333  0.00%  0.00%  0.00%   0 Crypto PKI-CRL   
 234           0           1          0  0.00%  0.00%  0.00%   0 Crypto PKI-Rev-P 
 235           1           1       1000  0.00%  0.00%  0.00%   0 PKI OCSP         
 236           0           1          0  0.00%  0.00%  0.00%   0 PKI Revocation   
 237           1           2        500  0.00%  0.00%  0.00%   0 DHCP Security He 
 238           0           6          0  0.00%  0.00%  0.00%   0 vlmap logger     
 239          14           2       7000  0.00%  0.00%  0.00%   0 pm scp dummy pro 
 140           1           4        250  0.00%  0.00%  0.00%   0 Auth Manager     
 242           7          25        280  0.00%  0.00%  0.00%   0 dhcp snooping sw 
 243           0           9          0  0.00%  0.00%  0.00%   0 AAA SEND STOP EV 
 244           0           1          0  0.00%  0.00%  0.00%   0 Test AAA Client  
 245           0           1          0  0.00%  0.00%  0.00%   0 Syslog Traps     
 247          10          13        769  0.00%  0.00%  0.00%   0 EEM ED Syslog    
 248           3           4        750  0.00%  0.00%  0.00%   0 EEM ED Routing   
 249           5           4       1250  0.00%  0.00%  0.00%   0 EEM ED Generic   
 250           1           1       1000  0.00%  0.00%  0.00%   0 QoS TAM Request  
 251          12           8       1500  0.00%  0.00%  0.00%   0 Syslog           
 253          46          45       1022  0.00%  0.00%  0.00%   0 EEM Server       
 254           6           3       2000  0.00%  0.00%  0.00%   0 EEM Policy Direc 
 255           0           1          0  0.00%  0.00%  0.00%   0 Connection Mgr   
 256           3           4        750  0.00%  0.00%  0.00%   0 EEM ED CLI       
 257           2           4        500  0.00%  0.00%  0.00%   0 EEM ED Counter   
 258           5           4       1250  0.00%  0.00%  0.00%   0 EEM ED Interface 
 259           2           4        500  0.00%  0.00%  0.00%   0 EEM ED IOSWD     
 260           3           4        750  0.00%  0.00%  0.00%   0 EEM ED None      
 261           3           4        750  0.00%  0.00%  0.00%   0 EEM ED OIR       
 262           0           1          0  0.00%  0.00%  0.00%   0 IPv6 Access Cont 
 263           3           4        750  0.00%  0.00%  0.00%   0 EEM ED SNMP      
 264           4           9        444  0.00%  0.00%  0.00%   0 EEM ED Timer     
 265           3           4        750  0.00%  0.00%  0.00%   0 EEM ED SNMP Obje 
 266           4           4       1000  0.00%  0.00%  0.00%   0 EEM ED SNMP Noti 
 267           2           4        500  0.00%  0.00%  0.00%   0 EEM ED Ipsla     
 268           3           4        750  0.00%  0.00%  0.00%   0 EEM ED Nf        
 269           2           4        500  0.00%  0.00%  0.00%   0 EEM ED Test      
 270           3           4        750  0.00%  0.00%  0.00%   0 EEM ED Config    
 271           2           4        500  0.00%  0.00%  0.00%   0 EEM ED Env       
 272           4           4       1000  0.00%  0.00%  0.00%   0 EEM ED DS        
 273           2           4        500  0.00%  0.00%  0.00%   0 EEM ED CRASH     
 275           3           4        750  0.00%  0.00%  0.00%   0 EEM ED RPC       
 276          16           3       5333  0.00%  0.00%  0.00%   0 VLAN Manager     
 277          33         108        305  0.00%  0.00%  0.00%   0 Net Input        
 278          22          62        354  0.00%  0.00%  0.00%   0 Compute load avg 
 279          21          16       1312  0.00%  0.00%  0.00%   0 Per-minute Jobs  
 280         812         306       2653  0.00%  0.05%  0.02%   0 Per-Second Jobs  
 281           7          19        368  0.00%  0.00%  0.00%   0 mdns Timer Proce 
 282           2           2       1000  0.00%  0.00%  0.00%   0 MRIB Process     
 283           5          11        454  0.00%  0.00%  0.00%   0 EEM Helper Threa
SW3#show processes cpu history
                                                                  
                                                                  
                                                                  
                          2222211111111114444422222               
      444446666644444555554444444444000001111100000444445555566666
  100                                                           
   90                                                           
   80                                                           
   70                                                           
   60                                                           
   50                                                           
   40                                    *****                  
   30                                    *****                  
   20                     *****          **********             
   10      *****     ******************************     ********
     0....5....1....1....2....2....3....3....4....4....5....5....6
               0    5    0    5    0    5    0    5    0    5    0
               CPU% per second (last 60 seconds)

                                                                  
                                                                  
                                                                  
      4   9                                                       
      17785                                                       
  100     *                                                     
   90     *                                                     
   80     *                                                     
   70     *                                                     
   60     *                                                     
   50     *                                                     
   40 *   *                                                     
   30 *   *                                                     
   20 *   #                                                     
   10 #*###                                                     
     0....5....1....1....2....2....3....3....4....4....5....5....6
               0    5    0    5    0    5    0    5    0    5    0
               CPU% per minute (last 60 minutes)
              * = maximum CPU%   # = average CPU%

                                                                              
                                                                              
                                                                              
                                                                              
                                                                              
  100                                                                       
   90                                                                       
   80                                                                       
   70                                                                       
   60                                                                       
   50                                                                       
   40                                                                       
   30                                                                       
   20                                                                       
   10                                                                       
     0....5....1....1....2....2....3....3....4....4....5....5....6....6....7..
               0    5    0    5    0    5    0    5    0    5    0    5    0  
                   CPU% per hour (last 72 hours)
                  * = maximum CPU%   # = average CPU%


SW3#show processes memory sorted
Processor Pool Total:  843420640 Used:   60473544 Free:  782947096
      I/O Pool Total:  114294784 Used:   96050448 Free:   18244336

 PID TTY  Allocated      Freed    Holding    Getbufs    Retbufs Process
   0   0  221911760   70869296  146299904          0          0 *Init*          
 253   0    1931328      30104    1914320          0          0 EEM Server      
   0   0  120413656  119564000     838000    2619623          0 *Dead*          
   0   0          0          0     394776          0          0 *MallocLite*    
 247   0     292728      16656     293168     100548          0 EEM ED Syslog   
 249   0     219016      16600     219512      67468          0 EEM ED Generic  
 218   0     151704         72     176728          0          0 Crypto IKEv2    
  64   0     174952      17464     174488          0          0 EEM ED Identity 
 112   0     194640       8624     162752          0          0 CDP Protocol    
  85   0     370240     206560     151680          0          0 mDNS            
 282   0     121872        232     146736          0          0 MRIB Process    
  84   3    3297392    3205880     115752          0          0 SSH Process     
 232   0     433096     361568      96696          0          0 Crypto CA       
   3   0      90072      18752      96288          0          0 Exec            
  47   2    1412256    1341640      94648          0          0 SSH Process     
 157   0      76224        544      92776          0          0 IP Connected Rou
   5   0     334800     334800      80056     328455     328455 Pool Manager    
  83   0      58632        496      71168          0          0 VRRS Main thread
 225   0      43560        232      68424          0          0 Crypto IKMP     
  14   0      56168       2880      66384          0          0 ARP Input       
 201   0      51176          0      64272          0          0 MMA DB TIMER    
  77   0      49368          0      62464          0          0 ACCT Periodic Pr
 207   0      49600        232      62464          0          0 Timer Library   
  66   0      60024      88184      60120          0          0 EEM ED ND       
 254   0      49568       1136      52432          0          0 EEM Policy Direc
 121   0      33032          0      46128          0          0 IP ARP Retry Age
  53   0     111456          0      44808          0          0 Net Background  
 239   0      41376        576      43784          0          0 pm scp dummy pro
 172   0      25752      10864      39984          0          0 CEF: IPv4 proces
 276   0     249592     235344      34600          0          0 VLAN Manager    
 266   0      33464      16760      33960          0          0 EEM ED SNMP Noti
 181   0          0          0      33096          0          0 COPS            
 228   0          0          0      33096          0          0 Crypto ACL      
  11   0          0          0      33096          0          0 Crash writer    
  75   0      16816        232      29680          0          0 AAA Server      
 155   0       4552          0      29648          0          0 IP RIB Update   
 273   0      28272      16600      28768          0          0 EEM ED CRASH    
 272   0      28272      16600      28768          0          0 EEM ED DS       
 122   0      16488      12824      28760          0          0 IP Input        
 164   0     240944          0      28648          0          0 TCP Protocols   
 268   0      28120      16600      28616          0          0 EEM ED Nf       
 227   0     337248       4736      28312          0          0 IPSEC key engine
 120   0       1832          0      26928          0          0 IP ARP Adjacency
   1   0      13736          0      26832          0          0 Chunk Manager   
 235   0        896          0      25992          0          0 PKI OCSP        
 211   0        792        232      25656          0          0 LDAP process    
 203   0        792        232      25656          0          0 TPLUS           
 137   0        216          0      25360          0          0 fib_fib_bfd_sb e
 216   0        464        232      25328          0          0 MMON PROCESS    
 217   0        464        232      25328          0          0 MMON MENG       
 109   0        216          0      25312          0          0 CEF switching ba
 177   0        216          0      25312          0          0 MFIB Master back
 175   0        216          0      25312          0          0 ADJ resolve proc
 174   0        216          0      25312          0          0 Collection proce
 173   0        216          0      25312          0          0 ADJ background  
 136   0        216        736      25312          0          0 CEF background p
 281   0     157296     157168      25224          0          0 mdns Timer Proce
  80   0        232        232      25136          0          0 Ethernet LMI    
  55   0        232        232      25128          0          0 Logger          
  54   0       1152       1152      25096          0          0 IDB Work        
 233   0        232        232      25096          0          0 Crypto PKI-CRL  
 212   0          0          0      25096          0          0 Opaque Database 
 234   0          0          0      25096          0          0 Crypto PKI-Rev-P
 236   0          0          0      25096          0          0 PKI Revocation  
 231   0          0          0      25096          0          0 RSA background p
 221   0          0          0      25096          0          0 encrypt proc    
 250   0          0          0      25096          0          0 QoS TAM Request 
 244   0          0          0      25096          0          0 Test AAA Client 
 223   0          0          0      25096          0          0 Crypto INT      
 251   0      10208      10208      25096          0          0 Syslog          
 197   0          0          0      25096          0          0 EPM ACL PLUG-IN 
  68   0        232        232      25096          0          0 Ethernet CFM    
  69   0        232        232      25096          0          0 Ethernet Timer C
  70   0        232        232      25096          0          0 Ethernet Msec Ti
  71   0        232        232      25096          0          0 Ethernet CFM IOU
 191   0        232        232      25096          0          0 X.25 Background 
 224   0        232        232      25096          0          0 Crypto IKE Dispa
 205   0       1656       1656      25096          0          0 LOCAL AAA       
 230   0          0          0      25096          0          0 IPSec background
 163   0          0          0      25096          0          0 TCP Timer       
 161   0        232        232      25096          0          0 Tunnel          
 118   0        232        232      25096          0          0 ATM OAM TIMER   
  86   0          0          0      25096          0          0 SSS Manager     
 134   0        232        232      25096          0          0 KRB5 AAA        
  18   0          0          0      25096          0          0 Policy Manager  
 117   0        232        232      25096          0          0 ATM OAM Input   
  91   0        232        232      25096          0          0 SSM connection m
 140   0        232        232      25096          0          0 Auth Manager    
 154   0          0          0      25096          0          0 Routing Topology
  20   0        232        232      25096          0          0 Dialer event    
   0   0      24592     508320      24592          0          0 *Sched*         
 258   0      23440      16600      23936          0          0 EEM ED Interface
 257   0      23320      16760      23816          0          0 EEM ED Counter  
 264   0      23200      16624      23672          0          0 EEM ED Timer    
 248   0      23232      16696      23568          0          0 EEM ED Routing  
 263   0      23040      16600      23536          0          0 EEM ED SNMP     
  65   0      23080      16640      23536          0          0 EEM ED MAT      
 275   0      23040      16600      23536          0          0 EEM ED RPC      
 261   0      22976      16600      23472          0          0 EEM ED OIR      
 267   0      22976      16600      23472          0          0 EEM ED Ipsla    
 260   0      22976      16600      23472          0          0 EEM ED None     
 256   0      23032      16656      23472          0          0 EEM ED CLI      
 269   0      22976      16600      23472          0          0 EEM ED Test     
 270   0      22976      16600      23472          0          0 EEM ED Config   
 271   0      22976      16600      23472          0          0 EEM ED Env      
 259   0      22976      16600      23472          0          0 EEM ED IOSWD    
 265   0      22976      16600      23472          0          0 EEM ED SNMP Obje
 176   0      14400       4992      22504          0          0 SR CapMan Proces
 102   0       5280        232      22144          0          0 IP Host Track Pr
 178   0       8480          0      21528          0          0 SSH Event handle
 115   0       6800          0      19896          0          0 TRACK Main threa
 283   0       6928        432      19592          0          0 EEM Helper Threa
 169   0       9992      21384      18480          0          0 IGMPSN L2MCM    
 215   0       5240          0      18336          0          0 MMA DP TIMER    
 204   0       5280        232      18144          0          0 ENABLE AAA      
 166   0        896          0      17992          0          0 HTTP CORE       
 183   0        968        232      17832          0          0 MVPN Mgr Process
 156   0       3144       2592      17648          0          0 IP Background   
 168   0        464        232      17328          0          0 AUTO LAG Protoco
 184   0        464        232      17328          0          0 Multicast Offloa
 139   0        216          0      17312          0          0 Tunnel FIB      
 280   0          0          0      17096          0          0 Per-Second Jobs 
 226   0          0          0      17096          0          0 IPSEC manual key
 119   0          0          0      17096          0          0 HQF TARGET DYNAM
 138   0          0          0      17096          0          0 IP IRDP         
 189   0          0          0      17096          0          0 IPv6 RIB Event H
 198   0          0          0      17096          0          0 IPv6 Static Hand
 193   0       1960       1960      17096          0          0 QoS stats proces
 187   0        232        232      17096          0          0 App Route Proces
 186   0        232        232      17096          0          0 static          
 124   0        232        232      17096          0          0 IP ARP Track    
  89   0        232        232      17096          0          0 Ethernet OAM Pro
  94   0          0          0      17096          0          0 MPLS Auto-Tunnel
 141   0          0          0      17096          0          0 EPM MAIN PROCESS
 188   0          0          0      17096          0          0 IPv6 RIB Cleanup
 255   0          0          0      16968          0          0 Connection Mgr  
 167   0      20648        232      16544          0          0 L2TRACE SERVER  
   4   0       3424        288      16280          0          0 Check heaps     
  30   0       2096          0      15192          0          0 IPC Seat Manager
  81   0       1872          0      14968          0          0 FHRP Main thread
 116   0       1736          0      14832          0          0 TRACK Client thr
  82   0       1688          0      14784          0          0 VRRP Main thread
 202   0       1592          0      14688          0          0 MMA MSG MCOL    
 279   0       1224          0      14320          0          0 Per-minute Jobs 
 210   0      96840      29864      14312          0          0 NIST rng proc   
 131   0        896          0      13992          0          0 Auth-proxy HTTP 
  99   0       1008        232      13872          0          0 DTP Protocol    
 220   0     214536     213776      13856          0          0 crypto engine pr
  57   0        720          0      13816          0          0 IF-MGR control p
 162   0       1096        376      13816          0          0 LFDp Input Proc 
  41   0     135848     149472      13632          0          0 crypto sw pk pro
  12   0        344          0      13440          0          0 Exception contro
  56   0      25536        232      13432          0          0 TTY Background  
 104   0        536        232      13400          0          0 UDLD            
 101   0        248          0      13344          0          0 Port-Security   
 151   0        248          0      13344          0          0 Service Routing 
 147   0        464        232      13328          0          0 Dot1x Supplicant
 146   0        464        232      13328          0          0 Dot1x Supplicant
 128   0      11856        232      13328          0          0 Spanning Tree   
 145   0        464        232      13328          0          0 Dot1x Supplicant
  63   0        216          0      13312          0          0 Src Fltr backgro
  78   0          0          0      13120          0          0 AAA System Acct 
  72   0        232        232      13112          0          0 Dot1x Mgr Proces
  90   0          0          0      13096          0          0 AC Switch       
 160   0        232        328      13096          0          0 Inter Chassis Pr
  93   0          0          0      13096          0          0 LSP Tunnel FRR  
 159   0          0          0      13096          0          0 XC RIB MGR      
  88   0          0          0      13096          0          0 SSS Feature Time
 158   0        232        400      13096          0          0 Flow Exporter Ti
 165   0          0          0      13096          0          0 Socket Timers   
 132   0          0          0      13096          0          0 IP Admin SM Proc
 170   0          0          0      13096          0          0 IGMPSN MRD      
 130   0          0          0      13096          0          0 Webauth client  
 106   0        232        232      13096          0          0 process unix_l2_
 142   0          0          0      13096          0          0 Critical Auth   
 144   0          0          0      13096          0          0 CMD HANDLER     
  79   0        232        232      13096          0          0 EFP Errd        
 114   0        232        232      13096          0          0 AAA Dictionary R
  95   0          0          0      13096          0          0 O-UNI Client Msg
 153   0          0          0      13096          0          0 HQF Input Shaper
 143   0          0          0      13096          0          0 SVM UT Process  
  73   0          0          0      13096          0          0 EAP Framework   
 150   0          0          0      13096          0          0 PPP IP Add Route
 107   0        232        232      13096          0          0 process unix_l2_
 149   0          0          0      13096          0          0 MAB Framework   
 185   0          0          0      13096          0          0 RARP Input      
  92   0        232        232      13096          0          0 OCE punted Pkts 
 133   0          0          0      13096          0          0 IPv6 ping proces
 125   0        232        232      13096          0          0 PIM register asy
 123   0          0          0      13096          0          0 ICMP event handl
 190   0          0          0      13096          0          0 PAD InCall      
 152   0          0          0      13096          0          0 HQF Output Shape
 192   0          0          0      13096          0          0 X.25 Encaps Mana
 100   0        232        232      13096          0          0 PI MATM Aging Pr
 194   0          0          0      13096          0          0 SNMP Timers     
  96   0          0          0      13096          0          0 DHCP Snooping   
 196   0          0          0      13096          0          0 Timer Handler Pr
  67   0          0          0      13096          0          0 Rate limit load 
 148   0          0          0      13096          0          0 DCT Bkgd Process
 199   0        232        232      13096          0          0 AAA Cached Serve
 200   0        232        232      13096          0          0 LINE AAA        
 127   0          0          0      13096          0          0 RIB LM VALIDATE 
  97   0          0          0      13096          0          0 DHCP Snooping db
  62   0          0          0      13096          0          0 IOSv e1000      
 111   0       9344      16000      13096          0          0 SpanTree Helper 
  61   0          0          0      13096          0          0 HC Counter Timer
 206   0          0          0      13096          0          0 MPLS Auto Mesh P
  60   0          0          0      13096          0          0 Transport Port A
 208   0        232        232      13096          0          0 Crypto Support  
 209   0          0          0      13096          0          0 IPSECv6 PS Proc 
  98   0          0        576      13096          0          0 802.1x switch   
  59   0          0          0      13096          0          0 AggMgr Process  
  58   0          0          0      13096          0          0 IF-MGR event pro
 213   0          0          0      13096          0          0 Key chain liveke
 103   0        232        232      13096          0          0 Ethchnl         
 182   0          0          0      13096          0          0 Probe Input     
 129   0        232        232      13096          0          0 SpanTree Msg    
  52   0          0          0      13096          0          0 Critical Bkgnd  
 219   0          0          0      13096          0          0 IKEv2 AAA handle
  76   0          0          0      13096          0          0 AAA ACCT Proc   
 135   0          0          0      13096          0          0 FRR Background P
 222   0        232        512      13096          0          0 CRYPTO MAP FREE 
  74   0          0          0      13096          0          0 EAP Test        
 180   0        232        232      13096          0          0 ATIP_UDP_TSK    
 105   0          0          0      13096          0          0 UNIX IP Source g
 171   0          0          0      13096          0          0 IGMPSN          
  87   0          0          0      13096          0          0 SSS Feature Mana
 108   0          0        288      13096          0          0 VMATM Callback  
 229   0          0          0      13096          0          0 Crypto PAS Proc 
 195   0          0          0      13096          0          0 EPM Downlad Mana
  43   0          0          0      13096          0          0 SERIAL A'detect 
  42   0        232        232      13096          0          0 GraphIt         
  26   0          0          0      13096          0          0 IPC Zone Manager
  40   0          0          0      13096          0          0 Dynamic ARP Insp
  39   0          0          0      13096          0          0 ARP Snoop       
  38   0        232        232      13096          0          0 Serial Backgroun
 237   0        232        232      13096          0          0 DHCP Security He
 238   0          0          0      13096          0          0 vlmap logger    
  37   0        232        232      13096          0          0 PrstVbl         
 240   0      10400      28896      13096          0          0 PM Callback     
 242   0        232        232      13096          0          0 dhcp snooping sw
 243   0        232       2640      13096          0          0 AAA SEND STOP EV
  36   0          0          0      13096          0          0 IPC Session Deta
 245   0          0          0      13096          0          0 Syslog Traps    
  35   0          0          0      13096          0          0 IPC Loadometer  
  34   0          0          0      13096          0          0 IPC Keep Alive M
  33   0          0          0      13096          0          0 IPC Seat TX Cont
  32   0          0          0      13096          0          0 IPC Seat RX Cont
  31   0          0          0      13096          0          0 IPC Check Queue 
  24   0          0          0      13096          0          0 IPC Dynamic Cach
  29   0          0          0      13096          0          0 IPC Process leve
  15   0       3280       3280      13096          0          0 ARP Background  
  28   0          0          0      13096          0          0 IPC Deferred Por
  27   0          0          0      13096          0          0 IPC Periodic Tim
  13   0          0          0      13096          0          0 IFS Agent Manage
  25   0          0          0      13096          0          0 IPC Session Serv
  10   0          0          0      13096          0          0 IOSv in console 
  23   0          0          0      13096          0          0 IPC Mcast Pendin
   9   0          0          0      13096          0          0 IOSv out console
  22   0          0          0      13096          0          0 IPC Event Notifi
  21   0          0          0      13096          0          0 Entity MIB API  
  19   0        232        232      13096          0          0 DDR Timers      
  17   0          0          0      13096          0          0 AAA_SERVER_DEADT
  16   0          0          0      13096          0          0 CEF MIB API     
 278   0        232        232      13096          0          0 Compute load avg
   6   0          0          0      13096          0          0 DiscardQ Backgro
   7   0        232        232      13096          0          0 Timers          
 277   0          0          0      13096          0          0 Net Input       
 262   0          0          0      12968          0          0 IPv6 Access Cont
  50   0        232          0       7328          0          0 Async write proc
  48   0        232          0       7328          0          0 Async write proc
  49   0        232          0       7328          0          0 Async write proc
 110   0        216          0       7312          0          0 ADJ NSF process 
  45   0          0          0       7096          0          0 dev_device_inser
  44   0          0          0       7096          0          0 Inode Table Dest
  46   0          0          0       7096          0          0 dev_device_remov
  51   0       4160          0       7096          0          0 DFS flush period
   2   0        232        232       7096          0          0 Load Meter      
   8   0          0          0       7096          0          0 WATCH_AFS       
                                156404632 Total
SW3#show access-lists
Extended IP access list preauth_ipv4_acl (per-user)
    10 permit udp any any eq domain
    20 permit tcp any any eq domain
    30 permit udp any eq bootps any
    40 permit udp any any eq bootpc
    50 permit udp any eq bootpc any
    60 deny ip any any
IPv6 access list preauth_ipv6_acl (per-user)
    permit udp any any eq domain sequence 10
    permit tcp any any eq domain sequence 20
    permit icmp any any nd-ns sequence 30
    permit icmp any any nd-na sequence 40
    permit icmp any any router-solicitation sequence 50
    permit icmp any any router-advertisement sequence 60
    permit icmp any any redirect sequence 70
    permit udp any eq 547 any eq 546 sequence 80
    permit udp any eq 546 any eq 547 sequence 90
    deny ipv6 any any sequence 100
SW3#show ip route
Codes: L - local, C - connected, S - static, R - RIP, M - mobile, B - BGP
       D - EIGRP, EX - EIGRP external, O - OSPF, IA - OSPF inter area 
       N1 - OSPF NSSA external type 1, N2 - OSPF NSSA external type 2
       E1 - OSPF external type 1, E2 - OSPF external type 2
       i - IS-IS, su - IS-IS summary, L1 - IS-IS level-1, L2 - IS-IS level-2
       ia - IS-IS inter area, * - candidate default, U - per-user static route
       o - ODR, P - periodic downloaded static route, H - NHRP, l - LISP
       a - application route
       + - replicated route, % - next hop override

Gateway of last resort is not set

      192.168.97.0/24 is variably subnetted, 2 subnets, 2 masks
C        192.168.97.0/24 is directly connected, Vlan1
L        192.168.97.233/32 is directly connected, Vlan1
SW3#show file systems
File Systems:

     Size(b)     Free(b)      Type  Flags  Prefixes
*   2142715904    2029989888      disk     rw   flash0: flash:
           -           -      disk     rw   flash1:
           -           -      disk     rw   flash2:
           -           -      disk     rw   flash3:
           -           -    opaque     rw   system:
           -           -    opaque     rw   tmpsys:
        262144        254495     nvram     rw   nvram:
           -           -    opaque     rw   null:
           -           -    opaque     ro   tar:
           -           -   network     rw   tftp:
           -           -    opaque     wo   syslog:
           -           -   network     rw   rcp:
           -           -   network     rw   http:
           -           -   network     rw   ftp:
           -           -   network     rw   scp:
           -           -   network     rw   https:
           -           -    opaque     ro   cns:

SW3#show logging
Syslog logging: enabled (0 messages dropped, 2 messages rate-limited, 0 flushes, 0 overruns, xml disabled, filtering disabled)

No Active Message Discriminator.



No Inactive Message Discriminator.


    Console logging: level debugging, 32 messages logged, xml disabled,
                     filtering disabled
    Monitor logging: level debugging, 0 messages logged, xml disabled,
                     filtering disabled
    Buffer logging:  level debugging, 34 messages logged, xml disabled,
                    filtering disabled
    Exception Logging: size (8192 bytes)
    Count and timestamp logging messages: disabled
    Persistent logging: disabled
    Trap logging: level informational, 37 message lines logged
        Logging Source-Interface:       VRF Name:

Log Buffer (8192 bytes):

*Mar  1 00:00:01.020: %ATA-6-DEV_FOUND: device 0x1F0
*Mar  1 00:00:01.092: %NVRAM-5-CONFIG_NVRAM_READ_OK: NVRAM configuration 'flash:/nvram' was read from disk.
*Sep 24 07:25:09.684: %SPANTREE-5-EXTENDED_SYSID: Extended SysId enabled for type vlan
*Sep 24 07:25:13.029: %LINK-5-CHANGED: Interface GigabitEthernet0/0, changed state to reset
*Sep 24 07:25:13.032: %LINK-5-CHANGED: Interface GigabitEthernet0/1, changed state to reset
*Sep 24 07:25:13.033: %LINK-5-CHANGED: Interface GigabitEthernet0/2, changed state to reset
*Sep 24 07:25:13.034: %LINK-5-CHANGED: Interface GigabitEthernet0/3, changed state to reset
*Sep 24 07:25:13.036: %LINK-5-CHANGED: Interface GigabitEthernet1/0, changed state to reset
*Sep 24 07:25:13.037: %LINK-5-CHANGED: Interface GigabitEthernet1/1, changed state to reset
*Sep 24 07:25:13.038: %LINK-5-CHANGED: Interface GigabitEthernet1/2, changed state to reset
*Sep 24 07:25:13.040: %LINK-5-CHANGED: Interface GigabitEthernet1/3, changed state to reset
*Sep 24 07:25:13.433: %SYS-5-CONFIG_I: Configured from memory by console
*Sep 24 07:25:14.136: %LINEPROTO-5-UPDOWN: Line protocol on Interface GigabitEthernet0/0, changed state to up
*Sep 24 07:25:14.137: %LINEPROTO-5-UPDOWN: Line protocol on Interface GigabitEthernet0/1, changed state to up
*Sep 24 07:25:14.138: %LINEPROTO-5-UPDOWN: Line protocol on Interface GigabitEthernet0/2, changed state to up
*Sep 24 07:25:14.140: %LINEPROTO-5-UPDOWN: Line protocol on Interface GigabitEthernet0/3, changed state to up
*Sep 24 07:25:14.141: %LINEPROTO-5-UPDOWN: Line protocol on Interface GigabitEthernet1/0, changed state to up
*Sep 24 07:25:14.142: %LINEPROTO-5-UPDOWN: Line protocol on Interface GigabitEthernet1/1, changed state to up
*Sep 24 07:25:14.143: %LINEPROTO-5-UPDOWN: Line protocol on Interface GigabitEthernet1/2, changed state to up
*Sep 24 07:25:14.144: %LINEPROTO-5-UPDOWN: Line protocol on Interface GigabitEthernet1/3, changed state to up
*Sep 24 07:25:14.352: %LINEPROTO-5-UPDOWN: Line protocol on Interface Vlan1, changed state to down
*Sep 24 07:25:15.371: %LINK-3-UPDOWN: Interface GigabitEthernet1/3, changed state to up
*Sep 24 07:25:15.372: %LINK-3-UPDOWN: Interface GigabitEthernet1/2, changed state to up
*Sep 24 07:25:15.373: %LINK-3-UPDOWN: Interface GigabitEthernet1/1, changed state to up
*Sep 24 07:25:15.374: %LINK-3-UPDOWN: Interface GigabitEthernet1/0, changed state to up
*Sep 24 07:25:15.375: %LINK-3-UPDOWN: Interface GigabitEthernet0/3, changed state to up
*Sep 24 07:25:15.376: %LINK-3-UPDOWN: Interface GigabitEthernet0/2, changed state to up
*Sep 24 07:25:15.378: %LINK-3-UPDOWN: Interface GigabitEthernet0/1, changed state to up
*Sep 24 07:25:15.379: %LINK-3-UPDOWN: Interface GigabitEthernet0/0, changed state to up
*Sep 24 07:25:17.907: %SYS-5-RESTART: System restarted --
Cisco IOS Software, vios_l2 Software (vios_l2-ADVENTERPRISEK9-M), Experimental Version 15.2(20170321:233949) [mmen 101]
Copyright (c) 1986-2017 by Cisco Systems, Inc.
Compiled Wed 22-Mar-17 08:38 by mmen
*Sep 24 07:25:17.968: %SSH-5-ENABLED: SSH 1.99 has been enabled
*Sep 24 07:25:24.770: %PLATFORM-5-SIGNATURE_VERIFIED: Image 'flash0:/vios_l2-adventerprisek9-m' passed code signing verification
*Sep 24 07:29:32.327: %SYS-5-CONFIG_I: Configured from console by admin on vty1 (192.168.97.108)
*Sep 24 07:30:15.367: %SYS-5-CONFIG_I: Configured from console by admin on vty1 (192.168.97.108)
SW3#