configure terminal
Enter configuration commands, one per line.  End with CNTL/Z.
Switchtest1(config)#exit
Switchtest1#term leng 0
Switchtest1#show inventory
NAME: "1", DESCR: "WS-C2960-24-S"
PID: WS-C2960-24-S     , VID: V03, SN: FOC1230X2D9


Switchtest1#show clock
*04:41:11.855 UTC Mon Mar 1 1993
Switchtest1#show ntp associations
%NTP is not enabled.
Switchtest1#show version
Cisco IOS Software, C2960 Software (C2960-LANLITEK9-M), Version 12.2(44)SE6, RELEASE SOFTWARE (fc1)
Copyright (c) 1986-2009 by Cisco Systems, Inc.
Compiled Mon 09-Mar-09 18:10 by gereddy
Image text-base: 0x00003000, data-base: 0x01000000

ROM: Bootstrap program is C2960 boot loader
BOOTLDR: C2960 Boot Loader (C2960-HBOOT-M) Version 12.2(44r)SE1, RELEASE SOFTWARE (fc2)

Switchtest1 uptime is 4 hours, 41 minutes
System returned to ROM by power-on
System image file is "flash:/c2960-lanlitek9-mz.122-44.SE6/c2960-lanlitek9-mz.122-44.SE6.bin"


This product contains cryptographic features and is subject to United
States and local country laws governing import, export, transfer and
use. Delivery of Cisco cryptographic products does not imply
third-party authority to import, export, distribute or use encryption.
Importers, exporters, distributors and users are responsible for
compliance with U.S. and local country laws. By using this product you
agree to comply with applicable laws and regulations. If you are unable
to comply with U.S. and local laws, return this product immediately.

A summary of U.S. laws governing Cisco cryptographic products may be found at:
http://www.cisco.com/wwl/export/crypto/tool/stqrg.html

If you require further assistance please contact us by sending email to
export@cisco.com.

cisco WS-C2960-24-S (PowerPC405) processor (revision C0) with 61440K/4088K bytes of memory.
Processor board ID FOC1230X2D9
Last reset from power-on
2 Virtual Ethernet interfaces
24 FastEthernet interfaces
The password-recovery mechanism is enabled.

64K bytes of flash-simulated non-volatile configuration memory.
Base ethernet MAC Address       : 00:22:BD:43:50:80
Motherboard assembly number     : 73-11471-05
Power supply part number        : 341-0097-02
Motherboard serial number       : FOC12301PDP
Power supply serial number      : DCA115288Z6
Model revision number           : C0
Motherboard revision number     : A0
Model number                    : WS-C2960-24-S
System serial number            : FOC1230X2D9
Top Assembly Part Number        : 800-29858-02
Top Assembly Revision Number    : A0
Version ID                      : V03
CLEI Code Number                : COMSJ00ARC
Hardware Board Revision Number  : 0x01


Switch Ports Model              SW Version            SW Image                 
------ ----- -----              ----------            ----------               
*    1 24    WS-C2960-24-S      12.2(44)SE6           C2960-LANLITEK9-M        


Configuration register is 0xF

Switchtest1#show running-config
Building configuration...

Current configuration : 1534 bytes
!
version 12.2
no service pad
service timestamps debug datetime msec
service timestamps log datetime msec
no service password-encryption
!
hostname Switchtest1
!
boot-start-marker
boot-end-marker
!
enable secret 5 $1$/iFm$64zyrDhWwdBGSXzhmsO6H1
!
username admin password 0 admin
no aaa new-model
system mtu routing 1600
ip subnet-zero
ip domain-name Test
!
!
!
!
!
!
!
!
spanning-tree mode pvst
spanning-tree extend system-id
!
vlan internal allocation policy ascending
!
!
interface FastEthernet0/1
 switchport access vlan 101
 switchport mode access
!
interface FastEthernet0/2
!
interface FastEthernet0/3
!
interface FastEthernet0/4
!
interface FastEthernet0/5
!
interface FastEthernet0/6
!
interface FastEthernet0/7
!
interface FastEthernet0/8
!
interface FastEthernet0/9
!
interface FastEthernet0/10
!
interface FastEthernet0/11
!
interface FastEthernet0/12
!
interface FastEthernet0/13
!
interface FastEthernet0/14
!
interface FastEthernet0/15
!
interface FastEthernet0/16
!
interface FastEthernet0/17
!
interface FastEthernet0/18
!
interface FastEthernet0/19
!
interface FastEthernet0/20
!
interface FastEthernet0/21
!
interface FastEthernet0/22
!
interface FastEthernet0/23
!
interface FastEthernet0/24
!
interface Vlan1
 no ip address
 no ip route-cache
!
interface Vlan101
 ip address 192.168.10.10 255.255.255.0
 no ip route-cache
!
ip default-gateway 192.168.10.254
ip http server
ip http secure-server
!
control-plane
!
!
line con 0
 login local
line vty 0 4
 login local
 transport input ssh
line vty 5 15
 login
!
end

Switchtest1#show ip interface brief
Interface              IP-Address      OK? Method Status                Protocol
Vlan1                  unassigned      YES unset  up                    down    
Vlan101                192.168.10.10   YES manual up                    up      
FastEthernet0/1        unassigned      YES unset  up                    up      
FastEthernet0/2        unassigned      YES unset  down                  down    
FastEthernet0/3        unassigned      YES unset  down                  down    
FastEthernet0/4        unassigned      YES unset  down                  down    
FastEthernet0/5        unassigned      YES unset  down                  down    
FastEthernet0/6        unassigned      YES unset  down                  down    
FastEthernet0/7        unassigned      YES unset  down                  down    
FastEthernet0/8        unassigned      YES unset  down                  down    
FastEthernet0/9        unassigned      YES unset  down                  down    
FastEthernet0/10       unassigned      YES unset  down                  down    
FastEthernet0/11       unassigned      YES unset  down                  down    
FastEthernet0/12       unassigned      YES unset  down                  down    
FastEthernet0/13       unassigned      YES unset  down                  down    
FastEthernet0/14       unassigned      YES unset  down                  down    
FastEthernet0/15       unassigned      YES unset  down                  down    
FastEthernet0/16       unassigned      YES unset  down                  down    
FastEthernet0/17       unassigned      YES unset  down                  down    
FastEthernet0/18       unassigned      YES unset  down                  down    
FastEthernet0/19       unassigned      YES unset  down                  down    
FastEthernet0/20       unassigned      YES unset  down                  down    
FastEthernet0/21       unassigned      YES unset  down                  down    
FastEthernet0/22       unassigned      YES unset  down                  down    
FastEthernet0/23       unassigned      YES unset  down                  down    
FastEthernet0/24       unassigned      YES unset  down                  down    
Switchtest1#show interface status

Port      Name               Status       Vlan       Duplex  Speed Type
Fa0/1                        connected    101        a-full  a-100 10/100BaseTX
Fa0/2                        notconnect   1            auto   auto 10/100BaseTX
Fa0/3                        notconnect   1            auto   auto 10/100BaseTX
Fa0/4                        notconnect   1            auto   auto 10/100BaseTX
Fa0/5                        notconnect   1            auto   auto 10/100BaseTX
Fa0/6                        notconnect   1            auto   auto 10/100BaseTX
Fa0/7                        notconnect   1            auto   auto 10/100BaseTX
Fa0/8                        notconnect   1            auto   auto 10/100BaseTX
Fa0/9                        notconnect   1            auto   auto 10/100BaseTX
Fa0/10                       notconnect   1            auto   auto 10/100BaseTX
Fa0/11                       notconnect   1            auto   auto 10/100BaseTX
Fa0/12                       notconnect   1            auto   auto 10/100BaseTX
Fa0/13                       notconnect   1            auto   auto 10/100BaseTX
Fa0/14                       notconnect   1            auto   auto 10/100BaseTX
Fa0/15                       notconnect   1            auto   auto 10/100BaseTX
Fa0/16                       notconnect   1            auto   auto 10/100BaseTX
Fa0/17                       notconnect   1            auto   auto 10/100BaseTX
Fa0/18                       notconnect   1            auto   auto 10/100BaseTX
Fa0/19                       notconnect   1            auto   auto 10/100BaseTX
Fa0/20                       notconnect   1            auto   auto 10/100BaseTX
Fa0/21                       notconnect   1            auto   auto 10/100BaseTX
Fa0/22                       notconnect   1            auto   auto 10/100BaseTX
Fa0/23                       notconnect   1            auto   auto 10/100BaseTX
Fa0/24                       notconnect   1            auto   auto 10/100BaseTX
Switchtest1#show cdp neighbor
Capability Codes: R - Router, T - Trans Bridge, B - Source Route Bridge
                  S - Switch, H - Host, I - IGMP, r - Repeater, P - Phone

Device ID        Local Intrfce     Holdtme    Capability  Platform  Port ID
Switchtest1#show cdp neighbor detail

Switchtest1#show environment all
                    ^
% Invalid input detected at '^' marker.

Switchtest1#show systems resources
                       ^
% Invalid input detected at '^' marker.

Switchtest1#show processes cpu sorted
CPU utilization for five seconds: 46%/0%; one minute: 16%; five minutes: 10%
 PID Runtime(ms)   Invoked      uSecs   5Sec   1Min   5Min TTY Process 
 165         369       171       2157  6.50%  0.52%  0.10%   3 SSH Process      
 170        1234       484       2549  0.95%  0.07%  0.01%   5 SSH Process      
  86       15355    393376         39  0.79%  0.20%  0.15%   0 Hulc LED Process 
  52          59    491488          0  0.15%  0.01%  0.00%   0 HLFM address ret 
 120        8298     39571        209  0.15%  0.20%  0.09%   0 IP Input         
  90         191      3378         56  0.15%  0.02%  0.00%   0 HQM Stack Proces 
   6           0         2          0  0.00%  0.00%  0.00%   0 Timers           
   5           8         5       1600  0.00%  0.00%  0.00%   0 Pool Manager     
   4        3748      1711       2190  0.00%  0.00%  0.00%   0 Check heaps      
   7           0         1          0  0.00%  0.00%  0.00%   0 Net Input        
   8           0         1          0  0.00%  0.00%  0.00%   0 Crash writer     
  12           0         1          0  0.00%  0.00%  0.00%   0 Policy Manager   
   9           0       302          0  0.00%  0.00%  0.00%   0 ARP Input        
  10           0         1          0  0.00%  0.00%  0.00%   0 AAA_SERVER_DEADT 
  15           0         2          0  0.00%  0.00%  0.00%   0 XML Proxy Client 
  11           0         2          0  0.00%  0.00%  0.00%   0 AAA high-capacit 
  17           0     16680          0  0.00%  0.00%  0.00%   0 GraphIt          
  13           9         6       1500  0.00%  0.00%  0.00%   0 Entity MIB API   
  19          26      7151          3  0.00%  0.00%  0.00%   0 Net Background   
  20           0         1          0  0.00%  0.00%  0.00%   0 IDB Work         
  21           8       148         54  0.00%  0.00%  0.00%   0 Logger           
  22           9     16676          0  0.00%  0.00%  0.00%   0 TTY Background   
  14           0         1          0  0.00%  0.00%  0.00%   0 IFS Agent Manage 
  16           0         1          0  0.00%  0.00%  0.00%   0 ARP Snoop        
  25           0         4          0  0.00%  0.00%  0.00%   0 IF-MGR control p 
  26           0        11          0  0.00%  0.00%  0.00%   0 IF-MGR event pro 
  27           0         1          0  0.00%  0.00%  0.00%   0 AggMgr Process   
  18           0         1          0  0.00%  0.00%  0.00%   0 Critical Bkgnd   
  29           0      5040          0  0.00%  0.00%  0.00%   0 HC Counter Timer 
  30          67    328867          0  0.00%  0.00%  0.00%   0 DownWhenLooped   
  31           0         1          0  0.00%  0.00%  0.00%   0 HRPC lpip reques 
  23          49     16715          2  0.00%  0.00%  0.00%   0 Per-Second Jobs  
  33           0         4          0  0.00%  0.00%  0.00%   0 HL2MCM           
  34           0         1          0  0.00%  0.00%  0.00%   0 HRPC asic-stats  
  35           0         1          0  0.00%  0.00%  0.00%   0 HRPC hsm request 
  36           0         7          0  0.00%  0.00%  0.00%   0 Stack Mgr        
  37         101         5      20200  0.00%  0.00%  0.00%   0 Stack Mgr Notifi 
  38         673    882013          0  0.00%  0.02%  0.00%   0 Fifo Error Detec 
  39           0         3          0  0.00%  0.00%  0.00%   0 Adjust Regions   
  40          17     16715          1  0.00%  0.00%  0.00%   0 hrpc -> response 
  41           8      3375          2  0.00%  0.00%  0.00%   0 hrpc -> request  
  42           0      3378          0  0.00%  0.00%  0.00%   0 hrpc <- response 
  24        2380       286       8321  0.00%  0.00%  0.00%   0 Per-minute Jobs  
  44           0         3          0  0.00%  0.00%  0.00%   0 HULC Device Mana 
  28           8      3360          2  0.00%  0.00%  0.00%   0 Compute load avg 
  46           0         2          0  0.00%  0.00%  0.00%   0 HRPC hdm blockin 
  47           0        14          0  0.00%  0.00%  0.00%   0 Hulc Port-Securi 
  48           0         1          0  0.00%  0.00%  0.00%   0 HRPC hpsecure re 
  49           0         1          0  0.00%  0.00%  0.00%   0 HRPC hlfm reques 
  50         126    491488          0  0.00%  0.00%  0.00%   0 HLFM address lea 
  51           0     16680          0  0.00%  0.00%  0.00%   0 HLFM aging proce 
  32           0         2          0  0.00%  0.00%  0.00%   0 HLPIP Sync Proce 
  53           0         1          0  0.00%  0.00%  0.00%   0 HRPC hulc misc r 
  54           0         1          0  0.00%  0.00%  0.00%   0 HRPC system mtu  
  55           9      5605          1  0.00%  0.00%  0.00%   0 HVLAN main bkgrd 
  56           0         2          0  0.00%  0.00%  0.00%   0 HVLAN Mapped Vla 
  57           0         2          0  0.00%  0.00%  0.00%   0 Vlan shutdown Pr 
  58           0         1          0  0.00%  0.00%  0.00%   0 HRPC vlan reques 
  59           0         1          0  0.00%  0.00%  0.00%   0 HULC VLAN REF Ba 
   3         914       165       5539  0.00%  1.27%  0.28%   1 SSH Process      
  61           0         1          0  0.00%  0.00%  0.00%   0 HPM Msg Retry Pr 
  62           0        10          0  0.00%  0.00%  0.00%   0 SSH Event handle 
  63          50         7       7142  0.00%  0.00%  0.00%   0 hpm main process 
  64           0        16          0  0.00%  0.00%  0.00%   0 HPM Stack Sync P 
  65           0         1          0  0.00%  0.00%  0.00%   0 HRPC pm request  
  66         272     16680         16  0.00%  0.02%  0.00%   0 hpm counter proc 
  67           0         1          0  0.00%  0.00%  0.00%   0 HRPC pm-counters 
  68           0         1          0  0.00%  0.00%  0.00%   0 hpm vp events ca 
  69           0         1          0  0.00%  0.00%  0.00%   0 HRPC hcmp reques 
  70           0         1          0  0.00%  0.00%  0.00%   0 HACL Queue Proce 
  71           0         1          0  0.00%  0.00%  0.00%   0 HRPC acl request 
  72           0        15          0  0.00%  0.00%  0.00%   0 HACL Acl Manager 
  73           0         1          0  0.00%  0.00%  0.00%   0 HRPC cdp request 
  74           0         1          0  0.00%  0.00%  0.00%   0 HRPC lldp reques 
  75           0         1          0  0.00%  0.00%  0.00%   0 HRPC dot1x reque 
  76           0         3          0  0.00%  0.00%  0.00%   0 HULC DOT1X Proce 
  77           8         1       8000  0.00%  0.00%  0.00%   0 HRPC sdm request 
  78          51     83210          0  0.00%  0.00%  0.00%   0 Hulc Storm Contr 
  79           0         2          0  0.00%  0.00%  0.00%   0 HSTP Sync Proces 
  80           0         1          0  0.00%  0.00%  0.00%   0 HRPC stp_cli req 
  81           0         1          0  0.00%  0.00%  0.00%   0 HRPC stp_state_s 
  82           0         2          0  0.00%  0.00%  0.00%   0 S/W Bridge Proce 
   2          26      3359          7  0.00%  0.00%  0.00%   0 Load Meter       
  84           0         1          0  0.00%  0.00%  0.00%   0 HRPC vqpc reques 
  43           0         1          0  0.00%  0.00%  0.00%   0 HRPC hcomp reque 
  45           0         3          0  0.00%  0.00%  0.00%   0 HRPC hdm non blo 
  87           0         1          0  0.00%  0.00%  0.00%   0 HRPC dtp request 
  88           0         1          0  0.00%  0.00%  0.00%   0 HRPC show_forwar 
  89           0         1          0  0.00%  0.00%  0.00%   0 HRPC snmp reques 
  60           0         1          0  0.00%  0.00%  0.00%   0 HULC PM Vector P 
  91        5455      6731        810  0.00%  0.02%  0.00%   0 HRPC qos request 
  92           0         1          0  0.00%  0.00%  0.00%   0 HRPC span reques 
  93           0         1          0  0.00%  0.00%  0.00%   0 HRPC system post 
  94           0         1          0  0.00%  0.00%  0.00%   0 Hulc Reload Mana 
  95           0         1          0  0.00%  0.00%  0.00%   0 HRPC hrcli-event 
  96           0         2          0  0.00%  0.00%  0.00%   0 image mgr        
  97          51     16680          3  0.00%  0.00%  0.00%   0 PI MATM Aging Pr 
  98           0       281          0  0.00%  0.00%  0.00%   0 MMN bkgrd proces 
  99           0         2          0  0.00%  0.00%  0.00%   0 Dot1x Mgr Proces 
 100           0         2          0  0.00%  0.00%  0.00%   0 802.1x Accountin 
 101           0         1          0  0.00%  0.00%  0.00%   0 MAB Framework    
 102           0         3          0  0.00%  0.00%  0.00%   0 802.1x switch    
 103           0         2          0  0.00%  0.00%  0.00%   0 DTP Protocol     
 104           0         1          0  0.00%  0.00%  0.00%   0 EAP Framework    
 105           0         1          0  0.00%  0.00%  0.00%   0 HRPC ip device t 
 106          34     16823          2  0.00%  0.00%  0.00%   0 UDLD             
 107           0       562          0  0.00%  0.00%  0.00%   0 Port-Security    
 108           0         7          0  0.00%  0.00%  0.00%   0 Switch IP Host T 
 109           0        10          0  0.00%  0.00%  0.00%   0 VMATM Callback   
 110           9       634         14  0.00%  0.00%  0.00%   0 AAA Server       
 111           0         1          0  0.00%  0.00%  0.00%   0 AAA ACCT Proc    
 112           0         1          0  0.00%  0.00%  0.00%   0 ACCT Periodic Pr 
 113           0         1          0  0.00%  0.00%  0.00%   0 AAA System Acct  
 114           0         1          0  0.00%  0.00%  0.00%   0 Auth-proxy AAA B 
 115           0        57          0  0.00%  0.00%  0.00%   0 IP Admin SM Proc 
 116           8      1964          4  0.00%  0.00%  0.00%   0 CDP Protocol     
 117           0         8          0  0.00%  0.00%  0.00%   0 SpanTree Helper  
 118           0         1          0  0.00%  0.00%  0.00%   0 HRPC hl2mcm igmp 
 119           0         2          0  0.00%  0.00%  0.00%   0 AAA Dictionary R 
  83           0         1          0  0.00%  0.00%  0.00%   0 HRPC hudld reque 
 121           0         1          0  0.00%  0.00%  0.00%   0 ICMP event handl 
 122           9     32400          0  0.00%  0.00%  0.00%   0 IP ARP Track     
 123         334       167       2000  0.00%  0.45%  0.10%   2 SSH Process      
 124          17     16589          1  0.00%  0.00%  0.00%   0 Spanning Tree    
 125           0       283          0  0.00%  0.00%  0.00%   0 Spanning Tree St 
 126           0      1683          0  0.00%  0.00%  0.00%   0 Ethchnl          
 127           0       213          0  0.00%  0.00%  0.00%   0 Cluster L2       
 128           0      1684          0  0.00%  0.00%  0.00%   0 Cluster RARP     
 129           0      2104          0  0.00%  0.00%  0.00%   0 Cluster Base     
 130          16        59        271  0.00%  0.00%  0.00%   0 DHCPD Receive    
 131         255     18781         13  0.00%  0.00%  0.00%   0 TCP Timer        
 132         880      2446        359  0.00%  0.01%  0.00%   0 TCP Protocols    
 133           0         1          0  0.00%  0.00%  0.00%   0 Socket Timers    
 134           0        58          0  0.00%  0.00%  0.00%   0 HTTP CORE        
 135           0         1          0  0.00%  0.00%  0.00%   0 RARP Input       
 136           0        14          0  0.00%  0.00%  0.00%   0 IGMPSN L2MCM     
 137           0         1          0  0.00%  0.00%  0.00%   0 IGMPSN MRD       
 138          69       197        350  0.00%  0.00%  0.00%   0 IGMPSN           
 139           0         1          0  0.00%  0.00%  0.00%   0 IGMPQR           
 140           0         2          0  0.00%  0.00%  0.00%   0 L2TRACE SERVER   
 141           0      2366          0  0.00%  0.00%  0.00%   0 Transport Port A 
 142           0         2          0  0.00%  0.00%  0.00%   0 TPLUS            
 143           0        94          0  0.00%  0.00%  0.00%   0 HCMP sync proces 
 144           9       634         14  0.00%  0.00%  0.00%   0 LOCAL AAA        
 145           0         2          0  0.00%  0.00%  0.00%   0 ENABLE AAA       
 146           0         2          0  0.00%  0.00%  0.00%   0 LINE AAA         
 147           0         1          0  0.00%  0.00%  0.00%   0 HRPC x_setup req 
 148          16        12       1333  0.00%  0.00%  0.00%   0 crypto engine pr 
 149           0         1          0  0.00%  0.00%  0.00%   0 encrypt proc     
 150           0         4          0  0.00%  0.00%  0.00%   0 Crypto CA        
 151           0         1          0  0.00%  0.00%  0.00%   0 Crypto PKI-CRL   
 152           0         1          0  0.00%  0.00%  0.00%   0 Crypto SSL       
 153           0        12          0  0.00%  0.00%  0.00%   0 VTP Trap Process 
 154           0         2          0  0.00%  0.00%  0.00%   0 VTPMIB EDIT BUFF 
 155           0         1          0  0.00%  0.00%  0.00%   0 HCD Process      
 156           0         1          0  0.00%  0.00%  0.00%   0 HRPC cable diagn 
 157          35     30692          1  0.00%  0.00%  0.00%   0 PM Callback      
 158           8         7       1142  0.00%  0.00%  0.00%   0 VLAN Manager     
 159           0         2          0  0.00%  0.00%  0.00%   0 AAA SEND STOP EV 
 160           0         1          0  0.00%  0.00%  0.00%   0 Syslog Traps     
 161           0       141          0  0.00%  0.00%  0.00%   0 DHCPD Timer      
 162          24        74        324  0.00%  0.00%  0.00%   0 Syslog           
 163           0         2          0  0.00%  0.00%  0.00%   0 STP FAST TRANSIT 
 164           0         2          0  0.00%  0.00%  0.00%   0 CSRT RAPID TRANS 
  85           0         1          0  0.00%  0.00%  0.00%   0 HRPC hled reques 
 166           0         3          0  0.00%  0.00%  0.00%   0 DHCP Client      
 167         369       168       2196  0.00%  0.50%  0.11%   4 SSH Process      
 168       15655        83     188614  0.00%  0.00%  0.00%   0 crypto sw pk pro 
 169           0      4762          0  0.00%  0.00%  0.00%   0 DHCPD Database   
   1           0        24          0  0.00%  0.00%  0.00%   0 Chunk Manager    
 171         244         7      34857  0.00%  0.00%  0.00%   6 SSH Process     
Switchtest1#show processes cpu history
                                                              
    448888822222                                              
    6611111222224444444444444444444444444444444444444444444444
100                                                           
 90                                                           
 80   *****                                                   
 70   *****                                                   
 60   *****                                                   
 50 *******                                                   
 40 *******                                                   
 30 *******                                                   
 20 ************                                              
 10 ************                                              
   0....5....1....1....2....2....3....3....4....4....5....5....
             0    5    0    5    0    5    0    5    0    5    
               CPU% per second (last 60 seconds)
                                                              
    44 1111171221221111      1111111141  122   4   12223224   
    2244466404425439858444444484488875844989444154441443749444
100                                                           
 90                                                           
 80                                                           
 70         *                                                 
 60         *                                                 
 50         *                        *                    *   
 40 **      *                        *         *          *   
 30 **      *                        *    **   *       ** *   
 20 **   ** # ***#*****       *  ******  ***   *    **#*###   
 10 ## ################      ##########  ###   #*  *#######   
   0....5....1....1....2....2....3....3....4....4....5....5....
             0    5    0    5    0    5    0    5    0    5    
               CPU% per minute (last 60 minutes)
              * = maximum CPU%   # = average CPU%
       1                                                                  
    6530                                                                  
    9650                                                                  
100    *                                                                  
 90    *                                                                  
 80    *                                                                  
 70 *  *                                                                  
 60 ** *                                                                  
 50 ** *                                                                  
 40 ****                                                                  
 30 ****                                                                  
 20 ****                                                                  
 10 ##**                                                                  
   0....5....1....1....2....2....3....3....4....4....5....5....6....6....7.
             0    5    0    5    0    5    0    5    0    5    0    5    0 
                   CPU% per hour (last 72 hours)
                  * = maximum CPU%   # = average CPU%

Switchtest1#show processes memory sorted
Processor Pool Total:   37436056 Used:    7909120 Free:   29526936
      I/O Pool Total:    4186112 Used:    1655748 Free:    2530364
Driver te Pool Total:    1048576 Used:         40 Free:    1048536

 PID TTY  Allocated      Freed    Holding    Getbufs    Retbufs Process
   0   0   10428024    2097352    6774308          0          0 *Init*          
   0   0  207862164  209712608     656232    1754584     254736 *Dead*          
  37   0     335072       3844     296836          0          0 Stack Mgr Notifi
  72   0        180       1860      60924          0          0 HACL Acl Manager
  91   0   57261468   57261468      60924          0          0 HRPC qos request
  25   0      94216      84184      57000          0          0 IF-MGR control p
 170   5    1478024    1443352      47516          0          0 SSH Process     
   3   1     869648     837244      45192       2268          0 SSH Process     
 165   3     125904      98388      40168          0          0 SSH Process     
 123   2     127312      99744      40132          0          0 SSH Process     
 167   4     128108     100764      39884          0          0 SSH Process     
 171   6     113360      89856      36492          0          0 SSH Process     
  63   0     112856      67416      30964          0          0 hpm main process
 148   0      30976       1676      26944          0          0 crypto engine pr
   8   0          0          0      24924          0          0 Crash writer    
  13   0      23276      73968      24860          0      17748 Entity MIB API  
 132   0   19194112          0      23592          0          0 TCP Protocols   
 130   0      42136      12328      22884          0          0 DHCPD Receive   
 120   0    1783772    1225464      22644          0       6804 IP Input        
 134   0      11424          0      21348          0          0 HTTP CORE       
  19   0      25544          0      18984       9352          0 Net Background  
 168   0    4406064    4394068      15596          0          0 crypto sw pk pro
 150   0      73392      66924      15392          0          0 Crypto CA       
 158   0      26176       6768      14452       2340          0 VLAN Manager    
 116   0       4640        248      14316          0          0 CDP Protocol    
   0   0      13012   16921820      13012          0          0 *Sched*         
  21   0        180        180      12924          0          0 Logger          
 131   0        152       2408      12924          0          0 TCP Timer       
  20   0          0          0      12924          0          0 IDB Work        
  15   0        180        180      12924          0          0 XML Proxy Client
  36   0          0          0      12924          0          0 Stack Mgr       
  12   0          0          0      12924          0          0 Policy Manager  
 162   0      15860      15860      12924          0          0 Syslog          
  55   0          0          0      12924          0          0 HVLAN main bkgrd
  65   0          0          0      12924          0          0 HRPC pm request 
 106   0       5516        180      12260          0          0 UDLD            
 153   0       4824        984      11568          0          0 VTP Trap Process
  38   0       4788        180      11532          0          0 Fifo Error Detec
  62   0       9968       4736      11236          0          0 SSH Event handle
 136   0       7272       6676      11152          0          0 IGMPSN L2MCM    
 166   0          0          0       9960          0          0 DHCP Client     
 122   0        180        180       9924          0          0 IP ARP Track    
  96   0        180        180       9924          0          0 image mgr       
 100   0        180        180       9924          0          0 802.1x Accountin
  22   0      39732        488       9924          0          0 TTY Background  
 108   0        180        180       9924          0          0 Switch IP Host T
 140   0       2812        180       9556          0          0 L2TRACE SERVER  
 152   0          0          0       8924          0          0 Crypto SSL      
 151   0          0          0       8924          0          0 Crypto PKI-CRL  
   1   0       8692      18124       8896          0          0 Chunk Manager   
 142   0       2052        180       8796          0          0 TPLUS           
  90   0  128844724  128159668       8552          0          0 HQM Stack Proces
 103   0        856        180       7600          0          0 DTP Protocol    
  33   0       7480       2496       7480          0          0 HL2MCM          
 117   0       2952       4596       7412          0          0 SpanTree Helper 
 129   0        632        180       7376          0          0 Cluster Base    
 107   0        216          0       7140          0          0 Port-Security   
 169   0        216          0       7140          0          0 DHCPD Database  
 124   0       4336        456       7140          0          0 Spanning Tree   
   9   0        452        692       7088          0          0 ARP Input       
 143   0          0          0       6948          0          0 HCMP sync proces
  58   0          0          0       6924          0          0 HRPC vlan reques
  57   0        180        180       6924          0          0 Vlan shutdown Pr
  56   0        180        180       6924          0          0 HVLAN Mapped Vla
  44   0        508        180       6924          0          0 HULC Device Mana
  45   0         68         68       6924          0          0 HRPC hdm non blo
  59   0          0          0       6924          0          0 HULC VLAN REF Ba
  60   0          0          0       6924          0          0 HULC PM Vector P
  66   0        180        180       6924          0          0 hpm counter proc
  61   0          0          0       6924          0          0 HPM Msg Retry Pr
  68   0          0          0       6924          0          0 hpm vp events ca
  43   0          0          0       6924          0          0 HRPC hcomp reque
  70   0          0          0       6924          0          0 HACL Queue Proce
  42   0       1488     685244       6924          0          0 hrpc <- response
   7   0          0          0       6924          0          0 Net Input       
  64   0        180        180       6924          0          0 HPM Stack Sync P
  41   0          0          0       6924          0          0 hrpc -> request 
  75   0          0          0       6924          0          0 HRPC dot1x reque
  67   0          0          0       6924          0          0 HRPC pm-counters
  77   0          0          0       6924          0          0 HRPC sdm request
  78   0        180        180       6924          0          0 Hulc Storm Contr
  79   0        180        180       6924          0          0 HSTP Sync Proces
  69   0          0          0       6924          0          0 HRPC hcmp reques
  40   0          0          0       6924          0          0 hrpc -> response
  82   0        180        180       6924          0          0 S/W Bridge Proce
  83   0          0          0       6924          0          0 HRPC hudld reque
  71   0          0          0       6924          0          0 HRPC acl request
   6   0        180        180       6924          0          0 Timers          
  34   0          0          0       6924          0          0 HRPC asic-stats 
  53   0          0          0       6924          0          0 HRPC hulc misc r
  52   0        180        180       6924          0          0 HLFM address ret
  73   0          0          0       6924          0          0 HRPC cdp request
  51   0        180        180       6924          0          0 HLFM aging proce
  50   0        180        180       6924          0          0 HLFM address lea
  74   0          0          0       6924          0          0 HRPC lldp reques
  93   0          0          0       6924          0          0 HRPC system post
  76   0          0          0       6924          0          0 HULC DOT1X Proce
  95   0          0          0       6924          0          0 HRPC hrcli-event
  32   0        180        180       6924          0          0 HLPIP Sync Proce
  97   0        180        180       6924          0          0 PI MATM Aging Pr
  80   0          0          0       6924          0          0 HRPC stp_cli req
  49   0          0          0       6924          0          0 HRPC hlfm reques
  31   0          0          0       6924          0          0 HRPC lpip reques
 101   0          0          0       6924          0          0 MAB Framework   
 102   0          0        176       6924          0          0 802.1x switch   
  48   0          0          0       6924          0          0 HRPC hpsecure re
 104   0          0          0       6924          0          0 EAP Framework   
 105   0          0          0       6924          0          0 HRPC ip device t
  30   0        180        180       6924          0          0 DownWhenLooped  

  89   0          0          0       6924          0          0 HRPC snmp reques
  29   0          0          0       6924          0          0 HC Counter Timer
 109   0          0       2864       6924          0          0 VMATM Callback  
 110   0        180        180       6924          0          0 AAA Server      
 111   0          0          0       6924          0          0 AAA ACCT Proc   
 112   0          0          0       6924          0          0 ACCT Periodic Pr
 113   0          0          0       6924          0          0 AAA System Acct 
 114   0          0          0       6924          0          0 Auth-proxy AAA B
 115   0          0          0       6924          0          0 IP Admin SM Proc
  28   0        180        180       6924          0          0 Compute load avg
  47   0        180       1020       6924          0          0 Hulc Port-Securi
 118   0          0          0       6924          0          0 HRPC hl2mcm igmp
 119   0        204        204       6924          0          0 AAA Dictionary R
  27   0          0          0       6924          0          0 AggMgr Process  
 121   0          0          0       6924          0          0 ICMP event handl
  26   0          0          0       6924          0          0 IF-MGR event pro
   4   0          0          0       6924          0          0 Check heaps     
  92   0          0          0       6924          0          0 HRPC span reques
 125   0          0          0       6924          0          0 Spanning Tree St
 126   0        180        180       6924          0          0 Ethchnl         
 127   0        180        180       6924          0          0 Cluster L2      
 128   0          0          0       6924          0          0 Cluster RARP    
  88   0          0          0       6924          0          0 HRPC show_forwar
  46   0        176        176       6924          0          0 HRPC hdm blockin
  24   0          0          0       6924          0          0 Per-minute Jobs 
  23   0     162752     162752       6924          0          0 Per-Second Jobs 
 133   0          0          0       6924          0          0 Socket Timers   
  18   0          0          0       6924          0          0 Critical Bkgnd  
 135   0          0          0       6924          0          0 RARP Input      
  17   0        180        180       6924          0          0 GraphIt         
 137   0          0          0       6924          0          0 IGMPSN MRD      
 138   0          0          0       6924          0          0 IGMPSN          
 139   0          0          0       6924          0          0 IGMPQR          
  16   0          0          0       6924          0          0 ARP Snoop       
 141   0          0     226088       6924          0          0 Transport Port A
  94   0          0          0       6924          0          0 Hulc Reload Mana
  98   0          0          0       6924          0          0 MMN bkgrd proces
 144   0      83404     193896       6924          0          0 LOCAL AAA       
 145   0        180        180       6924          0          0 ENABLE AAA      
 146   0        180        180       6924          0          0 LINE AAA        
 147   0          0          0       6924          0          0 HRPC x_setup req
  14   0          0          0       6924          0          0 IFS Agent Manage
 149   0          0          0       6924          0          0 encrypt proc    
  11   0        180        180       6924          0          0 AAA high-capacit
  99   0        180        180       6924          0          0 Dot1x Mgr Proces
  81   0          0          0       6924          0          0 HRPC stp_state_s
  84   0          0          0       6924          0          0 HRPC vqpc reques
 154   0        180        180       6924          0          0 VTPMIB EDIT BUFF
 155   0          0          0       6924          0          0 HCD Process     
 156   0          0          0       6924          0          0 HRPC cable diagn
 157   0      15080      62948       6924          0          0 PM Callback     
  10   0          0          0       6924          0          0 AAA_SERVER_DEADT
 159   0        180        180       6924          0          0 AAA SEND STOP EV
 160   0          0          0       6924          0          0 Syslog Traps    
 161   0          0          0       6924          0          0 DHCPD Timer     
  86   0        180        180       6924          0          0 Hulc LED Process
  87   0          0          0       6924          0          0 HRPC dtp request
   5   0          0      80480       6924          0      27644 Pool Manager    
  85   0          0          0       6924          0          0 HRPC hled reques
 164   0        180        180       3924          0          0 CSRT RAPID TRANS
 163   0        180        180       3924          0          0 STP FAST TRANSIT
   2   0        180        180       3924          0          0 Load Meter      
  39   0        576        576       3924          0          0 Adjust Regions  
  35   0          0          0       3924          0          0 HRPC hsm request
  54   0          0          0       3924          0          0 HRPC system mtu 
                                  9562548 Total
Switchtest1#show access-lists

Switchtest1#show ip route
                     ^
% Invalid input detected at '^' marker.

Switchtest1#show file systems
File Systems:

     Size(b)     Free(b)      Type  Flags  Prefixes
           -           -    opaque     ro   bs:
*   27998208    18022400     flash     rw   flash:
           -           -    opaque     rw   system:
           -           -    opaque     rw   tmpsys:
       65536       61016     nvram     rw   nvram:
           -           -    opaque     ro   xmodem:
           -           -    opaque     ro   ymodem:
           -           -    opaque     rw   null:
           -           -    opaque     ro   tar:
           -           -   network     rw   tftp:
           -           -   network     rw   rcp:
           -           -   network     rw   http:
           -           -   network     rw   ftp:
           -           -   network     rw   scp:
           -           -   network     rw   https:
           -           -    opaque     ro   cns:

Switchtest1#show logging
Syslog logging: enabled (0 messages dropped, 0 messages rate-limited, 0 flushes, 0 overruns, xml disabled, filtering disabled)

No Active Message Discriminator.



No Inactive Message Discriminator.


    Console logging: level debugging, 77 messages logged, xml disabled,
                     filtering disabled
    Monitor logging: level debugging, 0 messages logged, xml disabled,
                     filtering disabled
    Buffer logging:  level debugging, 77 messages logged, xml disabled,
                    filtering disabled
    Exception Logging: size (4096 bytes)
    Count and timestamp logging messages: disabled
    File logging: disabled
    Persistent logging: disabled
    Trap logging: level informational, 80 message lines logged

Log Buffer (4096 bytes):
 from console by admin on vty0 (192.168.10.55)
*Mar  1 02:54:59.718: %SYS-5-CONFIG_I: Configured from console by admin on vty1 (192.168.10.55)
*Mar  1 02:55:47.852: %SYS-5-CONFIG_I: Configured from console by admin on vty1 (192.168.10.55)
*Mar  1 03:00:27.855: %SYS-5-CONFIG_I: Configured from console by admin on vty0 (192.168.10.55)
*Mar  1 03:04:50.209: %SYS-5-CONFIG_I: Configured from console by admin on vty0 (192.168.10.55)
*Mar  1 03:07:33.921: %SYS-5-CONFIG_I: Configured from console by admin on vty0 (192.168.10.55)
*Mar  1 03:08:55.064: %SYS-5-CONFIG_I: Configured from console by admin on vty0 (192.168.10.55)
*Mar  1 03:09:33.719: %SYS-5-CONFIG_I: Configured from console by admin on vty0 (192.168.10.55)
*Mar  1 03:10:47.974: %SYS-5-CONFIG_I: Configured from console by admin on vty0 (192.168.10.55)
*Mar  1 03:15:45.082: %SYS-5-CONFIG_I: Configured from console by admin on vty0 (192.168.10.55)
*Mar  1 03:17:07.911: %SYS-5-CONFIG_I: Configured from console by admin on vty0 (192.168.10.55)
*Mar  1 03:20:34.246: %SYS-5-CONFIG_I: Configured from console by admin on vty0 (192.168.10.55)
*Mar  1 03:20:52.374: %SYS-5-CONFIG_I: Configured from console by admin on vty0 (192.168.10.55)
*Mar  1 03:20:54.781: %SYS-5-CONFIG_I: Configured from console by admin on vty1 (192.168.10.55)
*Mar  1 03:20:57.214: %SYS-5-CONFIG_I: Configured from console by admin on vty0 (192.168.10.55)
*Mar  1 03:20:59.571: %SYS-5-CONFIG_I: Configured from console by admin on vty1 (192.168.10.55)
*Mar  1 03:21:01.995: %SYS-5-CONFIG_I: Configured from console by admin on vty0 (192.168.10.55)
*Mar  1 03:21:04.445: %SYS-5-CONFIG_I: Configured from console by admin on vty1 (192.168.10.55)
*Mar  1 03:21:06.827: %SYS-5-CONFIG_I: Configured from console by admin on vty0 (192.168.10.55)
*Mar  1 03:22:54.805: %SYS-5-CONFIG_I: Configured from console by admin on vty0 (192.168.10.55)
*Mar  1 03:23:03.387: %SYS-5-CONFIG_I: Configured from console by admin on vty2 (192.168.10.55)
*Mar  1 03:23:12.027: %SYS-5-CONFIG_I: Configured from console by admin on vty4 (192.168.10.55)
*Mar  1 03:23:47.175: %SYS-5-CONFIG_I: Configured from console by admin on vty0 (192.168.10.55)
*Mar  1 03:29:31.771: %SYS-5-CONFIG_I: Configured from console by admin on vty1 (192.168.10.55)
*Mar  1 03:31:42.508: %SYS-5-CONFIG_I: Configured from console by admin on vty0 (192.168.10.55)
*Mar  1 03:34:38.752: %SYS-5-CONFIG_I: Configured from console by admin on vty0 (192.168.10.55)
*Mar  1 03:35:36.449: %SYS-5-CONFIG_I: Configured from console by admin on vty0 (192.168.10.55)
*Mar  1 03:44:38.840: %SYS-5-CONFIG_I: Configured from console by admin on vty0 (192.168.10.55)
*Mar  1 03:48:31.800: %SYS-5-CONFIG_I: Configured from console by admin on vty0 (192.168.10.55)
*Mar  1 03:49:34.261: %SSH-4-SSH2_UNEXPECTED_MSG: Unexpected message type has arrived. Terminating the connection
*Mar  1 03:56:11.932: %SYS-5-CONFIG_I: Configured from console by admin on vty0 (192.168.10.55)
*Mar  1 04:00:33.782: %SYS-5-CONFIG_I: Configured from console by admin on vty0 (192.168.10.55)
*Mar  1 04:06:43.501: %SYS-5-CONFIG_I: Configured from console by admin on vty0 (192.168.10.55)
*Mar  1 04:31:16.616: %SYS-5-CONFIG_I: Configured from console by admin on vty0 (192.168.10.55)
*Mar  1 04:31:18.974: %SYS-5-CONFIG_I: Configured from console by admin on vty1 (192.168.10.55)
*Mar  1 04:31:21.448: %SYS-5-CONFIG_I: Configured from console by admin on vty0 (192.168.10.55)
*Mar  1 04:31:23.873: %SYS-5-CONFIG_I: Configured from console by admin on vty1 (192.168.10.55)
*Mar  1 04:31:26.255: %SYS-5-CONFIG_I: Configured from console by admin on vty0 (192.168.10.55)
*Mar  1 04:39:07.066: %SYS-5-CONFIG_I: Configured from console by admin on vty0 (192.168.10.55)
*Mar  1 04:41:00.086: %SYS-5-CONFIG_I: Configured from console by admin on vty0 (192.168.10.55)
*Mar  1 04:41:02.838: %SYS-5-CONFIG_I: Configured from console by admin on vty2 (192.168.10.55)
*Mar  1 04:41:06.487: %SYS-5-CONFIG_I: Configured from console by admin on vty4 (192.168.10.55)
*Mar  1 04:41:11.763: %SYS-5-CONFIG_I: Configured from console by admin on vty4 (192.168.10.55)
Switchtest1#