configure terminal
Enter configuration commands, one per line.  End with CNTL/Z.
eve-ng2(config)#exit
eve-ng2#term leng 0
eve-ng2#show inventory
eve-ng2#show clock
*11:11:00.910 UTC Tue Sep 20 2022
eve-ng2#show ntp associations
eve-ng2#show version
Cisco IOS Software, vios_l2 Software (vios_l2-ADVENTERPRISEK9-M), Experimental Version 15.2(20170321:233949) [mmen 101]
Copyright (c) 1986-2017 by Cisco Systems, Inc.
Compiled Wed 22-Mar-17 08:38 by mmen


ROM: Bootstrap program is IOSv

eve-ng2 uptime is 4 minutes
System returned to ROM by reload
System image file is "flash0:/vios_l2-adventerprisek9-m"
Last reload reason: Unknown reason



This product contains cryptographic features and is subject to United
States and local country laws governing import, export, transfer and
use. Delivery of Cisco cryptographic products does not imply
third-party authority to import, export, distribute or use encryption.
Importers, exporters, distributors and users are responsible for
compliance with U.S. and local country laws. By using this product you
agree to comply with applicable laws and regulations. If you are unable
to comply with U.S. and local laws, return this product immediately.

A summary of U.S. laws governing Cisco cryptographic products may be found at:
http://www.cisco.com/wwl/export/crypto/tool/stqrg.html

If you require further assistance please contact us by sending email to
export@cisco.com.

Cisco IOSv () processor (revision 1.0) with 935289K/111616K bytes of memory.
Processor board ID 9M4WK87SAAJ
2 Virtual Ethernet interfaces
8 Gigabit Ethernet interfaces
DRAM configuration is 72 bits wide with parity disabled.
256K bytes of non-volatile configuration memory.
2097152K bytes of ATA System CompactFlash 0 (Read/Write)
0K bytes of ATA CompactFlash 1 (Read/Write)
0K bytes of ATA CompactFlash 2 (Read/Write)
0K bytes of ATA CompactFlash 3 (Read/Write)

Configuration register is 0x101

eve-ng2#show running-config
Building configuration...

Current configuration : 3220 bytes
!
! Last configuration change at 11:11:00 UTC Tue Sep 20 2022 by admin
!
version 15.2
service timestamps debug datetime msec
service timestamps log datetime msec
no service password-encryption
service compress-config
!
hostname eve-ng2
!
boot-start-marker
boot-end-marker
!
!
enable secret 5 $1$zACc$PC6izsKmmyh3aCggW2R7d.
!
username admin password 0 admin
no aaa new-model
!
!
!
!
!
!
!
!
ip domain-name switch
ip cef
no ipv6 cef
!
!
!
spanning-tree mode pvst
spanning-tree extend system-id
!
vlan internal allocation policy ascending
!
! 
!
!
!
!
!
!
!
!
!
!
!
!
interface GigabitEthernet0/0
 media-type rj45
 negotiation auto
!
interface GigabitEthernet0/1
 media-type rj45
 negotiation auto
!
interface GigabitEthernet0/2
 media-type rj45
 negotiation auto
!
interface GigabitEthernet0/3
 media-type rj45
 negotiation auto
!
interface GigabitEthernet1/0
 media-type rj45
 negotiation auto
!
interface GigabitEthernet1/1
 media-type rj45
 negotiation auto
!
interface GigabitEthernet1/2
 media-type rj45
 negotiation auto
!
interface GigabitEthernet1/3
 media-type rj45
 negotiation auto
!
interface Vlan1
 ip address 192.168.1.7 255.255.255.0
!
interface Vlan109
 no ip address
 shutdown
!
ip forward-protocol nd
!
no ip http server
no ip http secure-server
!
!
!
!
!
!
control-plane
!
banner exec ^C
**************************************************************************
* IOSv is strictly limited to use for evaluation, demonstration and IOS  *
* education. IOSv is provided as-is and is not supported by Cisco's      *
* Technical Advisory Center. Any use or disclosure, in whole or in part, *
* of the IOSv Software or Documentation to any third party for any       *
* purposes is expressly prohibited except as otherwise authorized by     *
* Cisco in writing.                                                      *
**************************************************************************^C
banner incoming ^C
**************************************************************************
* IOSv is strictly limited to use for evaluation, demonstration and IOS  *
* education. IOSv is provided as-is and is not supported by Cisco's      *
* Technical Advisory Center. Any use or disclosure, in whole or in part, *
* of the IOSv Software or Documentation to any third party for any       *
* purposes is expressly prohibited except as otherwise authorized by     *
* Cisco in writing.                                                      *
**************************************************************************^C
banner login ^C
**************************************************************************
* IOSv is strictly limited to use for evaluation, demonstration and IOS  *
* education. IOSv is provided as-is and is not supported by Cisco's      *
* Technical Advisory Center. Any use or disclosure, in whole or in part, *
* of the IOSv Software or Documentation to any third party for any       *
* purposes is expressly prohibited except as otherwise authorized by     *
* Cisco in writing.                                                      *
**************************************************************************^C
!
line con 0
line aux 0
line vty 0 4
 login local
 transport input all
!
!
end

eve-ng2#show ip interface brief
Interface              IP-Address      OK? Method Status                Protocol
GigabitEthernet0/0     unassigned      YES unset  up                    up      
GigabitEthernet0/1     unassigned      YES unset  up                    up      
GigabitEthernet0/2     unassigned      YES unset  up                    up      
GigabitEthernet0/3     unassigned      YES unset  up                    up      
GigabitEthernet1/0     unassigned      YES unset  up                    up      
GigabitEthernet1/1     unassigned      YES unset  up                    up      
GigabitEthernet1/2     unassigned      YES unset  up                    up      
GigabitEthernet1/3     unassigned      YES unset  up                    up      
Vlan1                  192.168.1.7     YES NVRAM  up                    up      
Vlan109                unassigned      YES unset  administratively down down    
eve-ng2#show interface status

Port      Name               Status       Vlan       Duplex  Speed Type 
Gi0/0                        connected    1          a-full   auto RJ45
Gi0/1                        connected    1          a-full   auto RJ45
Gi0/2                        connected    1          a-full   auto RJ45
Gi0/3                        connected    1          a-full   auto RJ45
Gi1/0                        connected    1          a-full   auto RJ45
Gi1/1                        connected    1          a-full   auto RJ45
Gi1/2                        connected    1          a-full   auto RJ45
Gi1/3                        connected    1          a-full   auto RJ45
eve-ng2#show cdp neighbor
Capability Codes: R - Router, T - Trans Bridge, B - Source Route Bridge
                  S - Switch, H - Host, I - IGMP, r - Repeater, P - Phone, 
                  D - Remote, C - CVTA, M - Two-port Mac Relay 

Device ID        Local Intrfce     Holdtme    Capability  Platform  Port ID
eve-ng1          Gig 0/0           151             R S I            Gig 0/0

Total cdp entries displayed : 1
eve-ng2#show cdp neighbor detail
-------------------------
Device ID: eve-ng1
Entry address(es): 
  IP address: 192.168.1.6
Platform: Cisco ,  Capabilities: Router Switch IGMP 
Interface: GigabitEthernet0/0,  Port ID (outgoing port): GigabitEthernet0/0
Holdtime : 151 sec

Version :
Cisco IOS Software, vios_l2 Software (vios_l2-ADVENTERPRISEK9-M), Experimental Version 15.2(20170321:233949) [mmen 101]
Copyright (c) 1986-2017 by Cisco Systems, Inc.
Compiled Wed 22-Mar-17 08:38 by mmen

advertisement version: 2
VTP Management Domain: ''
Native VLAN: 1
Duplex: full
Management address(es): 
  IP address: 192.168.1.6


Total cdp entries displayed : 1
eve-ng2#show environment all
               ^
% Invalid input detected at '^' marker.

eve-ng2#show systems resources
              ^
% Invalid input detected at '^' marker.

eve-ng2#show processes cpu sorted
CPU utilization for five seconds: 38%/0%; one minute: 8%; five minutes: 5%
 PID Runtime(ms)     Invoked      uSecs   5Sec   1Min   5Min TTY Process 
 126        1086         209       5196 22.87%  1.83%  0.37%   4 SSH Process      
  84         210         164       1280  4.55%  0.36%  0.07%   3 SSH Process      
 179         206         166       1240  4.47%  0.35%  0.07%   5 SSH Process      
  62        8717       11650        748  2.31%  3.41%  2.00%   0 IOSv e1000       
 122         316         552        572  1.75%  0.15%  0.03%   0 IP Input         
 128        1100         917       1199  0.39%  0.44%  0.26%   0 Spanning Tree    
 163          58         463        125  0.39%  0.03%  0.00%   0 TCP Timer        
  70         738       30081         24  0.23%  0.26%  0.16%   0 Ethernet Msec Ti 
 201         503        3815        131  0.23%  0.19%  0.12%   0 MMA DB TIMER     
 280         673         253       2660  0.23%  0.24%  0.16%   0 Per-Second Jobs  
 215         569        3814        149  0.23%  0.25%  0.15%   0 MMA DP TIMER     
  10         821        6215        132  0.07%  0.09%  0.14%   0 IOSv in console  
  83         539        3814        141  0.07%  0.18%  0.11%   0 VRRS Main thread 
 104         207        2446         84  0.07%  0.00%  0.00%   0 UDLD             
 205           1          12         83  0.07%  0.00%  0.00%   0 LOCAL AAA        
 121         277        7527         36  0.07%  0.07%  0.05%   0 IP ARP Retry Age 
 173          58         251        231  0.07%  0.02%  0.01%   0 ADJ background   
 164           6          11        545  0.07%  0.00%  0.00%   0 TCP Protocols    
 217         164        7658         21  0.07%  0.00%  0.00%   0 MMON MENG        
  19           2           2       1000  0.00%  0.00%  0.00%   0 DDR Timers       
  18           0           1          0  0.00%  0.00%  0.00%   0 Policy Manager   
  17           0           1          0  0.00%  0.00%  0.00%   0 AAA_SERVER_DEADT 
  16           0           1          0  0.00%  0.00%  0.00%   0 CEF MIB API      
  20           1           2        500  0.00%  0.00%  0.00%   0 Dialer event     
  21           0           1          0  0.00%  0.00%  0.00%   0 Entity MIB API   
  22           1          52         19  0.00%  0.00%  0.00%   0 IPC Event Notifi 
  27          12         247         48  0.00%  0.00%  0.00%   0 IPC Periodic Tim 
  28          12         247         48  0.00%  0.00%  0.00%   0 IPC Deferred Por 
  23          19         247         76  0.00%  0.00%  0.00%   0 IPC Mcast Pendin 
  30           0           1          0  0.00%  0.00%  0.00%   0 IPC Seat Manager 
  24           0           5          0  0.00%  0.00%  0.00%   0 IPC Dynamic Cach 
  25           0           1          0  0.00%  0.00%  0.00%   0 IPC Session Serv 
  33           0           1          0  0.00%  0.00%  0.00%   0 IPC Seat TX Cont 
  34           0          26          0  0.00%  0.00%  0.00%   0 IPC Keep Alive M 
  26           0           1          0  0.00%  0.00%  0.00%   0 IPC Zone Manager 
  15          61         269        226  0.00%  0.00%  0.00%   0 ARP Background   
  37           2           3        666  0.00%  0.00%  0.00%   0 PrstVbl          
  38           2           2       1000  0.00%  0.00%  0.00%   0 Serial Backgroun 
  39           5          18        277  0.00%  0.00%  0.00%   0 ARP Snoop        
  40          33         253        130  0.00%  0.00%  0.00%   0 Dynamic ARP Insp 
  41          74          20       3700  0.00%  0.00%  0.00%   0 crypto sw pk pro 
  42           5         249         20  0.00%  0.00%  0.00%   0 GraphIt          
  29           1           1       1000  0.00%  0.00%  0.00%   0 IPC Process leve 
  31           0          15          0  0.00%  0.00%  0.00%   0 IPC Check Queue  
  45           1           1       1000  0.00%  0.00%  0.00%   0 dev_device_inser 
  12           1           1       1000  0.00%  0.00%  0.00%   0 Exception contro 
  47           0           1          0  0.00%  0.00%  0.00%   0 IPv6 Access Cont 
  32           0           1          0  0.00%  0.00%  0.00%   0 IPC Seat RX Cont 
  35           3          52         57  0.00%  0.00%  0.00%   0 IPC Loadometer   
  50           0           1          0  0.00%  0.00%  0.00%   0 Async write proc 
  51           0           5          0  0.00%  0.00%  0.00%   0 DFS flush period 
  52           0           1          0  0.00%  0.00%  0.00%   0 Critical Bkgnd   
  53          22          31        709  0.00%  0.00%  0.00%   0 Net Background   
  54           1           2        500  0.00%  0.00%  0.00%   0 IDB Work         
  55           5           9        555  0.00%  0.00%  0.00%   0 Logger           
  14          12          32        375  0.00%  0.00%  0.00%   0 ARP Input        
  57          13           3       4333  0.00%  0.00%  0.00%   0 IF-MGR control p 
  36           0           1          0  0.00%  0.00%  0.00%   0 IPC Session Deta 
  43           0           1          0  0.00%  0.00%  0.00%   0 SERIAL A'detect  
  60           0           1          0  0.00%  0.00%  0.00%   0 Transport Port A 
  61          15          52        288  0.00%  0.00%  0.00%   0 HC Counter Timer 
   8           5         120         41  0.00%  0.00%  0.00%   0 WATCH_AFS        
  63           0           1          0  0.00%  0.00%  0.00%   0 Src Fltr backgro 
  64           9           4       2250  0.00%  0.00%  0.00%   0 EEM ED Identity  
  11           0           1          0  0.00%  0.00%  0.00%   0 Crash writer     
  66           6          20        300  0.00%  0.00%  0.00%   0 EEM ED ND        
  67           2          51         39  0.00%  0.00%  0.00%   0 Rate limit load  
  68           3           2       1500  0.00%  0.00%  0.00%   0 Ethernet CFM     
  69          28        1185         23  0.00%  0.00%  0.00%   0 Ethernet Timer C 
   7           0           2          0  0.00%  0.00%  0.00%   0 Timers           
  71           2           2       1000  0.00%  0.00%  0.00%   0 Ethernet CFM IOU 
  72           2           2       1000  0.00%  0.00%  0.00%   0 Dot1x Mgr Proces 
  44           0           1          0  0.00%  0.00%  0.00%   0 Inode Table Dest 
  13           0           1          0  0.00%  0.00%  0.00%   0 IFS Agent Manage 
  75           3          11        272  0.00%  0.00%  0.00%   0 AAA Server       
  76           0           1          0  0.00%  0.00%  0.00%   0 AAA ACCT Proc    
  77           0           1          0  0.00%  0.00%  0.00%   0 ACCT Periodic Pr 
  78           0           1          0  0.00%  0.00%  0.00%   0 AAA System Acct  
  79           0           2          0  0.00%  0.00%  0.00%   0 EFP Errd         
  80           2           2       1000  0.00%  0.00%  0.00%   0 Ethernet LMI     
  81          34         252        134  0.00%  0.00%  0.00%   0 FHRP Main thread 
  46           0           1          0  0.00%  0.00%  0.00%   0 dev_device_remov 
  48           0           1          0  0.00%  0.00%  0.00%   0 Async write proc 
   6           0           1          0  0.00%  0.00%  0.00%   0 DiscardQ Backgro 
  85          45         253        177  0.00%  0.00%  0.00%   0 mDNS             
  86           1           1       1000  0.00%  0.00%  0.00%   0 SSS Manager      
  49           0           1          0  0.00%  0.00%  0.00%   0 Async write proc 
  88          26         986         26  0.00%  0.00%  0.00%   0 SSS Feature Time 
  89           1           2        500  0.00%  0.00%  0.00%   0 Ethernet OAM Pro 
   9           0           2          0  0.00%  0.00%  0.00%   0 IOSv out console 
  91          13           5       2600  0.00%  0.00%  0.00%   0 SSM connection m 
  92           0           2          0  0.00%  0.00%  0.00%   0 OCE punted Pkts  
  93           0           1          0  0.00%  0.00%  0.00%   0 LSP Tunnel FRR   
  94           1           1       1000  0.00%  0.00%  0.00%   0 MPLS Auto-Tunnel 
  95           0           1          0  0.00%  0.00%  0.00%   0 O-UNI Client Msg 
  96           0           3          0  0.00%  0.00%  0.00%   0 DHCP Snooping    
  97           0           1          0  0.00%  0.00%  0.00%   0 DHCP Snooping db 
  98           0           2          0  0.00%  0.00%  0.00%   0 802.1x switch    
  99         129          24       5375  0.00%  0.05%  0.01%   0 DTP Protocol     
 100          18         248         72  0.00%  0.00%  0.00%   0 PI MATM Aging Pr 
   5           1           9        111  0.00%  0.00%  0.00%   0 Pool Manager     
 102           0           2          0  0.00%  0.00%  0.00%   0 IP Host Track Pr 
  56         276         245       1126  0.00%  0.00%  0.03%   0 TTY Background   
  58           1           3        333  0.00%  0.00%  0.00%   0 IF-MGR event pro 
 105           0           1          0  0.00%  0.00%  0.00%   0 UNIX IP Source g 
 106           1           6        166  0.00%  0.00%  0.00%   0 process unix_l2_ 
 107           1           2        500  0.00%  0.00%  0.00%   0 process unix_l2_ 
  59           0           1          0  0.00%  0.00%  0.00%   0 AggMgr Process   
  65           1           4        250  0.00%  0.00%  0.00%   0 EEM ED MAT       
 110           0           1          0  0.00%  0.00%  0.00%   0 ADJ NSF process  
 111           0           7          0  0.00%  0.00%  0.00%   0 SpanTree Helper  
 112         133          69       1927  0.00%  0.02%  0.00%   0 CDP Protocol     
 113           6          91         65  0.00%  0.00%  0.00%   2 Virtual Exec     
 114           2           2       1000  0.00%  0.00%  0.00%   0 AAA Dictionary R 
 115           1           1       1000  0.00%  0.00%  0.00%   0 TRACK Main threa 
 116           0           1          0  0.00%  0.00%  0.00%   0 TRACK Client thr 
 117           1           2        500  0.00%  0.00%  0.00%   0 ATM OAM Input    
 118           2           2       1000  0.00%  0.00%  0.00%   0 ATM OAM TIMER    
 119           0           1          0  0.00%  0.00%  0.00%   0 HQF TARGET DYNAM 
 120           2           4        500  0.00%  0.00%  0.00%   0 IP ARP Adjacency 
  73           0           1          0  0.00%  0.00%  0.00%   0 EAP Framework    
   4          81          31       2612  0.00%  0.00%  0.00%   0 Check heaps      
 123           0           1          0  0.00%  0.00%  0.00%   0 ICMP event handl 
 124          36         482         74  0.00%  0.01%  0.00%   0 IP ARP Track     
 125           1           3        333  0.00%  0.00%  0.00%   0 PIM register asy 
   3          67         200        335  0.00%  0.00%  0.00%   0 Exec             
 127           0           2          0  0.00%  0.00%  0.00%   0 RIB LM VALIDATE  
   2           5          51         98  0.00%  0.00%  0.00%   0 Load Meter       
 129           3           3       1000  0.00%  0.00%  0.00%   0 SpanTree Msg     
 130           0           1          0  0.00%  0.00%  0.00%   0 Webauth client   
 131           0           1          0  0.00%  0.00%  0.00%   0 Auth-proxy HTTP  
 132           0           1          0  0.00%  0.00%  0.00%   0 IP Admin SM Proc 
 133           0           1          0  0.00%  0.00%  0.00%   0 IPv6 ping proces 
 134           0           2          0  0.00%  0.00%  0.00%   0 KRB5 AAA         
 135           0           5          0  0.00%  0.00%  0.00%   0 FRR Background P 
 136           3           7        428  0.00%  0.00%  0.00%   0 CEF background p 
 137           0           1          0  0.00%  0.00%  0.00%   0 fib_fib_bfd_sb e 
  74           0           1          0  0.00%  0.00%  0.00%   0 EAP Test         
 139           0           1          0  0.00%  0.00%  0.00%   0 Tunnel FIB       
   1           0           5          0  0.00%  0.00%  0.00%   0 Chunk Manager    
 141           0           1          0  0.00%  0.00%  0.00%   0 EPM MAIN PROCESS 
 142           0           1          0  0.00%  0.00%  0.00%   0 Critical Auth    
 143          24         500         48  0.00%  0.00%  0.00%   0 SVM UT Process   
 144           0           1          0  0.00%  0.00%  0.00%   0 CMD HANDLER      
 145           1           2        500  0.00%  0.00%  0.00%   0 Dot1x Supplicant 
 146           1           2        500  0.00%  0.00%  0.00%   0 Dot1x Supplicant 
 147           1           2        500  0.00%  0.00%  0.00%   0 Dot1x Supplicant 
 148           0           1          0  0.00%  0.00%  0.00%   0 DCT Bkgd Process 
 149           0           1          0  0.00%  0.00%  0.00%   0 MAB Framework    
 150           1           1       1000  0.00%  0.00%  0.00%   0 PPP IP Add Route 
 151           1           3        333  0.00%  0.00%  0.00%   0 Service Routing  
 152           0           2          0  0.00%  0.00%  0.00%   0 HQF Output Shape 
 153           0           2          0  0.00%  0.00%  0.00%   0 HQF Input Shaper 
 154           0           2          0  0.00%  0.00%  0.00%   0 Routing Topology 
 155           3           4        750  0.00%  0.00%  0.00%   0 IP RIB Update    
 156           4           8        500  0.00%  0.00%  0.00%   0 IP Background    
 157           3           7        428  0.00%  0.00%  0.00%   0 IP Connected Rou 
 158           1           4        250  0.00%  0.00%  0.00%   0 Flow Exporter Ti 
 159           0           1          0  0.00%  0.00%  0.00%   0 XC RIB MGR       
 160           1           4        250  0.00%  0.00%  0.00%   0 Inter Chassis Pr 
 161           1           2        500  0.00%  0.00%  0.00%   0 Tunnel           
 162           1           2        500  0.00%  0.00%  0.00%   0 LFDp Input Proc  
  82           1           1       1000  0.00%  0.00%  0.00%   0 VRRP Main thread 
  87           0           1          0  0.00%  0.00%  0.00%   0 SSS Feature Mana 
 165           0           1          0  0.00%  0.00%  0.00%   0 Socket Timers    
 166           1           1       1000  0.00%  0.00%  0.00%   0 HTTP CORE        
 167           2           3        666  0.00%  0.00%  0.00%   0 L2TRACE SERVER   
 168           1           2        500  0.00%  0.00%  0.00%   0 AUTO LAG Protoco 
 169           1           7        142  0.00%  0.00%  0.00%   0 IGMPSN L2MCM     
 170           1           3        333  0.00%  0.00%  0.00%   0 IGMPSN MRD       
 171           3          18        166  0.00%  0.00%  0.00%   0 IGMPSN           
 172          43         127        338  0.00%  0.00%  0.00%   0 CEF: IPv4 proces 
  90           0           1          0  0.00%  0.00%  0.00%   0 AC Switch        
 174           0           3          0  0.00%  0.00%  0.00%   0 Collection proce 
 175           1           2        500  0.00%  0.00%  0.00%   0 ADJ resolve proc 
 176           2           7        285  0.00%  0.00%  0.00%   0 SR CapMan Proces 
 177           1           3        333  0.00%  0.00%  0.00%   0 MFIB Master back 
 178           2           3        666  0.00%  0.00%  0.00%   0 SSH Event handle 
 101           0           5          0  0.00%  0.00%  0.00%   0 Port-Security    
 180           0           2          0  0.00%  0.00%  0.00%   0 ATIP_UDP_TSK     
 181           0           1          0  0.00%  0.00%  0.00%   0 COPS             
 182           0           1          0  0.00%  0.00%  0.00%   0 Probe Input      
 183           6           2       3000  0.00%  0.00%  0.00%   0 MVPN Mgr Process 
 184           1           2        500  0.00%  0.00%  0.00%   0 Multicast Offloa 
 185           0           1          0  0.00%  0.00%  0.00%   0 RARP Input       
 186           1           3        333  0.00%  0.00%  0.00%   0 static           
 187           1           2        500  0.00%  0.00%  0.00%   0 App Route Proces 
 188           1           1       1000  0.00%  0.00%  0.00%   0 IPv6 RIB Cleanup 
 189           0           1          0  0.00%  0.00%  0.00%   0 IPv6 RIB Event H 
 190           0           1          0  0.00%  0.00%  0.00%   0 PAD InCall       
 191           0           2          0  0.00%  0.00%  0.00%   0 X.25 Background  
 192           0           1          0  0.00%  0.00%  0.00%   0 X.25 Encaps Mana 
 193           2          22         90  0.00%  0.00%  0.00%   0 QoS stats proces 
 194           0           1          0  0.00%  0.00%  0.00%   0 SNMP Timers      
 195           0           1          0  0.00%  0.00%  0.00%   0 EPM Downlad Mana 
 196           1           1       1000  0.00%  0.00%  0.00%   0 Timer Handler Pr 
 197          11          51        215  0.00%  0.00%  0.00%   0 EPM ACL PLUG-IN  
 198           0           1          0  0.00%  0.00%  0.00%   0 IPv6 Static Hand 
 199           1           2        500  0.00%  0.00%  0.00%   0 AAA Cached Serve 
 200           0           2          0  0.00%  0.00%  0.00%   0 LINE AAA         
 103           2          27         74  0.00%  0.00%  0.00%   0 Ethchnl          
 202           0           1          0  0.00%  0.00%  0.00%   0 MMA MSG MCOL     
 203           1           2        500  0.00%  0.00%  0.00%   0 TPLUS            
 204           1           2        500  0.00%  0.00%  0.00%   0 ENABLE AAA       
 108           0           4          0  0.00%  0.00%  0.00%   0 VMATM Callback   
 206           1           4        250  0.00%  0.00%  0.00%   0 MPLS Auto Mesh P 
 207          28         482         58  0.00%  0.00%  0.00%   0 Timer Library    
 208           0           2          0  0.00%  0.00%  0.00%   0 Crypto Support   
 209           0           1          0  0.00%  0.00%  0.00%   0 IPSECv6 PS Proc  
 210           1           1       1000  0.00%  0.00%  0.00%   0 NIST rng proc    
 211           3           3       1000  0.00%  0.00%  0.00%   0 LDAP process     
 212           0           1          0  0.00%  0.00%  0.00%   0 Opaque Database  
 213           0           1          0  0.00%  0.00%  0.00%   0 Key chain liveke 
 214        1605         522       3074  0.00%  0.00%  0.00%   6 SSH Process      
 109           0           3          0  0.00%  0.00%  0.00%   0 CEF switching ba 
 216           0           2          0  0.00%  0.00%  0.00%   0 MMON PROCESS     
 138           0           1          0  0.00%  0.00%  0.00%   0 IP IRDP          
 218          70         251        278  0.00%  0.00%  0.00%   0 Crypto IKEv2     
 219           0           1          0  0.00%  0.00%  0.00%   0 IKEv2 AAA handle 
 220           7          11        636  0.00%  0.00%  0.00%   0 crypto engine pr 
 221           1           1       1000  0.00%  0.00%  0.00%   0 encrypt proc     
 222           0           3          0  0.00%  0.00%  0.00%   0 CRYPTO MAP FREE  
 223           0           1          0  0.00%  0.00%  0.00%   0 Crypto INT       
 224           0           2          0  0.00%  0.00%  0.00%   0 Crypto IKE Dispa 
 225           4           3       1333  0.00%  0.00%  0.00%   0 Crypto IKMP      
 226           0           1          0  0.00%  0.00%  0.00%   0 IPSEC manual key 
 227          10          14        714  0.00%  0.00%  0.00%   0 IPSEC key engine 
 228           0           1          0  0.00%  0.00%  0.00%   0 Crypto ACL       
 229           0           1          0  0.00%  0.00%  0.00%   0 Crypto PAS Proc  
 230           0           1          0  0.00%  0.00%  0.00%   0 IPSec background 
 231           0           1          0  0.00%  0.00%  0.00%   0 RSA background p 
 232           9           4       2250  0.00%  0.00%  0.00%   0 Crypto CA        
 233           0           3          0  0.00%  0.00%  0.00%   0 Crypto PKI-CRL   
 234           0           1          0  0.00%  0.00%  0.00%   0 Crypto PKI-Rev-P 
 235           0           1          0  0.00%  0.00%  0.00%   0 PKI OCSP         
 236           0           1          0  0.00%  0.00%  0.00%   0 PKI Revocation   
 237           2           2       1000  0.00%  0.00%  0.00%   0 DHCP Security He 
 238           0           5          0  0.00%  0.00%  0.00%   0 vlmap logger     
 239           5           2       2500  0.00%  0.00%  0.00%   0 pm scp dummy pro 
 240          33         259        127  0.00%  0.00%  0.00%   0 PM Callback      
 242           3          21        142  0.00%  0.00%  0.00%   0 dhcp snooping sw 
 243           0           5          0  0.00%  0.00%  0.00%   0 AAA SEND STOP EV 
 244           0           1          0  0.00%  0.00%  0.00%   0 Test AAA Client  
 245           1           1       1000  0.00%  0.00%  0.00%   0 Syslog Traps     
 247           4          12        333  0.00%  0.00%  0.00%   0 EEM ED Syslog    
 248           2           4        500  0.00%  0.00%  0.00%   0 EEM ED Routing   
 249           1           4        250  0.00%  0.00%  0.00%   0 EEM ED Generic   
 250           0           1          0  0.00%  0.00%  0.00%   0 QoS TAM Request  
 251           9           7       1285  0.00%  0.00%  0.00%   0 Syslog           
 253          19          43        441  0.00%  0.00%  0.00%   0 EEM Server       
 254           2           3        666  0.00%  0.00%  0.00%   0 EEM Policy Direc 
 255           0           1          0  0.00%  0.00%  0.00%   0 Connection Mgr   
 256           1           4        250  0.00%  0.00%  0.00%   0 EEM ED CLI       
 257           1           4        250  0.00%  0.00%  0.00%   0 EEM ED Counter   
 258           1           4        250  0.00%  0.00%  0.00%   0 EEM ED Interface 
 259           0           4          0  0.00%  0.00%  0.00%   0 EEM ED IOSWD     
 260           2           4        500  0.00%  0.00%  0.00%   0 EEM ED None      
 261           1           4        250  0.00%  0.00%  0.00%   0 EEM ED OIR       
 263           0           4          0  0.00%  0.00%  0.00%   0 EEM ED SNMP      
 264           5           9        555  0.00%  0.00%  0.00%   0 EEM ED Timer     
 265           0           4          0  0.00%  0.00%  0.00%   0 EEM ED SNMP Obje 
 266           1           4        250  0.00%  0.00%  0.00%   0 EEM ED SNMP Noti 
 267           1           4        250  0.00%  0.00%  0.00%   0 EEM ED Ipsla     
 268           2           4        500  0.00%  0.00%  0.00%   0 EEM ED Nf        
 269           1           4        250  0.00%  0.00%  0.00%   0 EEM ED Test      
 270           2           4        500  0.00%  0.00%  0.00%   0 EEM ED Config    
 271           1           4        250  0.00%  0.00%  0.00%   0 EEM ED Env       
 272           2           4        500  0.00%  0.00%  0.00%   0 EEM ED DS        
 273           3           4        750  0.00%  0.00%  0.00%   0 EEM ED CRASH     
 275           2           4        500  0.00%  0.00%  0.00%   0 EEM ED RPC       
 276           6           4       1500  0.00%  0.00%  0.00%   0 VLAN Manager     
 277           1           5        200  0.00%  0.00%  0.00%   0 Net Input        
 278          16          52        307  0.00%  0.00%  0.00%   0 Compute load avg 
 279          17          13       1307  0.00%  0.00%  0.00%   0 Per-minute Jobs  
 140           3           3       1000  0.00%  0.00%  0.00%   0 Auth Manager     
 281           1          16         62  0.00%  0.00%  0.00%   0 mdns Timer Proce 
 282           1           2        500  0.00%  0.00%  0.00%   0 MRIB Process     
 283           1           9        111  0.00%  0.00%  0.00%   0 EEM Helper Threa
eve-ng2#show processes cpu history
                                                                  
                                                                  
                                                                  
      333                                                         
      888555555555555555555556666655555555556666644444444446666666
  100                                                           
   90                                                           
   80                                                           
   70                                                           
   60                                                           
   50                                                           
   40 ***                                                       
   30 ***                                                       
   20 ***                                                       
   10 *******************************************          *****
     0....5....1....1....2....2....3....3....4....4....5....5....6
               0    5    0    5    0    5    0    5    0    5    0
               CPU% per second (last 60 seconds)

                                                                  
                                                                  
                                                                  
         9                                                        
      6795                                                        
  100    *                                                      
   90    *                                                      
   80    *                                                      
   70    *                                                      
   60    *                                                      
   50    *                                                      
   40    *                                                      
   30    *                                                      
   20    #                                                      
   10 ####                                                      
     0....5....1....1....2....2....3....3....4....4....5....5....6
               0    5    0    5    0    5    0    5    0    5    0
               CPU% per minute (last 60 minutes)
              * = maximum CPU%   # = average CPU%

                                                                              
                                                                              
                                                                              
                                                                              
                                                                              
  100                                                                       
   90                                                                       
   80                                                                       
   70                                                                       
   60                                                                       
   50                                                                       
   40                                                                       
   30                                                                       
   20                                                                       
   10                                                                       
     0....5....1....1....2....2....3....3....4....4....5....5....6....6....7..
               0    5    0    5    0    5    0    5    0    5    0    5    0  
                   CPU% per hour (last 72 hours)
                  * = maximum CPU%   # = average CPU%


eve-ng2#show processes memory sorted
Processor Pool Total:  843420640 Used:   60757472 Free:  782663168
      I/O Pool Total:  114294784 Used:   96083280 Free:   18211504

 PID TTY  Allocated      Freed    Holding    Getbufs    Retbufs Process
   0   0  221990928   70865352  146383856          0          0 *Init*          
 253   0    1931664      30528    1914232          0          0 EEM Server      
 126   4    3794384    3098800     719520          0          0 SSH Process     
   0   0          0          0     394728          0          0 *MallocLite*    
 247   0     292672      16600     293168     100548          0 EEM ED Syslog   
 249   0     219016      16600     219512      67468          0 EEM ED Generic  
   0   0  109952008  109655168     203480    2619623          0 *Dead*          
 218   0     151704         72     176728          0          0 Crypto IKEv2    
  64   0     174792      17400     174392          0          0 EEM ED Identity 
 112   0     161384       2792     161320          0          0 CDP Protocol    
  85   0     370240     206560     151680          0          0 mDNS            
 282   0     121872        232     146736          0          0 MRIB Process    
 214   6    3350856    3235808     139280          0          0 SSH Process     
   3   0      77920       3720      99208          0          0 Exec            
 232   0     433312     361480      97000          0          0 Crypto CA       
 179   5     951944     881064      95032          0          0 SSH Process     
  84   3     951656     881344      94392          0          0 SSH Process     
 157   0      75968        288      92776          0          0 IP Connected Rou
   5   0     267840     267840      80056     262764     262764 Pool Manager    
 225   0      43560        232      68424          0          0 Crypto IKMP     
  83   0      54488        496      67024          0          0 VRRS Main thread
  14   0      60256       6968      66384          0          0 ARP Input       
 201   0      51176          0      64272          0          0 MMA DB TIMER    
  77   0      49368          0      62464          0          0 ACCT Periodic Pr
 207   0      49600        232      62464          0          0 Timer Library   
  66   0      59992      64560      60088          0          0 EEM ED ND       
 254   0      49568       1136      52432          0          0 EEM Policy Direc
 121   0      33032          0      46128          0          0 IP ARP Retry Age
 239   0      41376        576      44072          0          0 pm scp dummy pro
  53   0     109688          0      40672          0          0 Net Background  
 172   0      26584      11744      39936          0          0 CEF: IPv4 proces
 122   0      18320       5496      34256          0          0 IP Input        
 266   0      33464      16760      33960          0          0 EEM ED SNMP Noti
 181   0          0          0      33096          0          0 COPS            
  11   0          0          0      33096          0          0 Crash writer    
 228   0          0          0      33096          0          0 Crypto ACL      
 276   0     240664     232656      32456          0          0 VLAN Manager    
 164   0     209728       3664      32176          0          0 TCP Protocols   
 113   2      13056       7624      30400          0          0 Virtual Exec    
  75   0      16816        232      29680          0          0 AAA Server      
 155   0       4064          0      29160          0          0 IP RIB Update   
 272   0      28344      16624      28816          0          0 EEM ED DS       
 227   0     271952       4768      28800          0          0 IPSEC key engine
 273   0      28272      16600      28768          0          0 EEM ED CRASH    
 268   0      28120      16600      28616          0          0 EEM ED Nf       
 120   0       1896          0      26992          0          0 IP ARP Adjacency
 235   0        896          0      25992          0          0 PKI OCSP        
 211   0        792        232      25656          0          0 LDAP process    
 203   0        792        232      25656          0          0 TPLUS           
 137   0        216          0      25360          0          0 fib_fib_bfd_sb e
 217   0        464        232      25328          0          0 MMON MENG       
 216   0        464        232      25328          0          0 MMON PROCESS    
 109   0        216          0      25312          0          0 CEF switching ba
 173   0        216          0      25312          0          0 ADJ background  
 136   0        216       1376      25312          0          0 CEF background p
 177   0        216          0      25312          0          0 MFIB Master back
 175   0        216          0      25312          0          0 ADJ resolve proc
 174   0        216          0      25312          0          0 Collection proce
   1   0      12192          0      25288          0          0 Chunk Manager   
 281   0     122112     121984      25224          0          0 mdns Timer Proce
  80   0        232        232      25136          0          0 Ethernet LMI    
  55   0        232        232      25128          0          0 Logger          
 221   0          0          0      25096          0          0 encrypt proc    
  54   0       1152       1152      25096          0          0 IDB Work        
 163   0          0          0      25096          0          0 TCP Timer       
 212   0          0          0      25096          0          0 Opaque Database 
 224   0        232        232      25096          0          0 Crypto IKE Dispa
 230   0          0          0      25096          0          0 IPSec background
 197   0          0          0      25096          0          0 EPM ACL PLUG-IN 
 191   0        232        232      25096          0          0 X.25 Background 
 223   0          0          0      25096          0          0 Crypto INT      
  68   0        232        232      25096          0          0 Ethernet CFM    
  69   0        232        232      25096          0          0 Ethernet Timer C
  70   0        232        232      25096          0          0 Ethernet Msec Ti
 161   0        232        232      25096          0          0 Tunnel          
 140   0        232        232      25096          0          0 Auth Manager    
 234   0          0          0      25096          0          0 Crypto PKI-Rev-P
 231   0          0          0      25096          0          0 RSA background p
 236   0          0          0      25096          0          0 PKI Revocation  
 134   0        232        232      25096          0          0 KRB5 AAA        
 244   0          0          0      25096          0          0 Test AAA Client 
  20   0        232        232      25096          0          0 Dialer event    
 250   0          0          0      25096          0          0 QoS TAM Request 
 233   0        232        232      25096          0          0 Crypto PKI-CRL  
  18   0          0          0      25096          0          0 Policy Manager  
 251   0       8880       8880      25096          0          0 Syslog          
 154   0          0          0      25096          0          0 Routing Topology
  71   0        232        232      25096          0          0 Ethernet CFM IOU
 205   0       1008       1008      25096          0          0 LOCAL AAA       
  86   0          0          0      25096          0          0 SSS Manager     
 118   0        232        232      25096          0          0 ATM OAM TIMER   
 117   0        232        232      25096          0          0 ATM OAM Input   
  91   0        232        232      25096          0          0 SSM connection m
   0   0      24592     483120      24592          0          0 *Sched*         
 258   0      23440      16600      23936          0          0 EEM ED Interface
 257   0      23320      16760      23816          0          0 EEM ED Counter  
 283   0      11072        432      23736          0          0 EEM Helper Threa
 264   0      23128      16600      23624          0          0 EEM ED Timer    
 248   0      23232      16696      23568          0          0 EEM ED Routing  
 275   0      23040      16600      23536          0          0 EEM ED RPC      
 263   0      23040      16600      23536          0          0 EEM ED SNMP     
 270   0      22976      16600      23472          0          0 EEM ED Config   
 267   0      22976      16600      23472          0          0 EEM ED Ipsla    
 265   0      22976      16600      23472          0          0 EEM ED SNMP Obje
 271   0      22976      16600      23472          0          0 EEM ED Env      
 269   0      22976      16600      23472          0          0 EEM ED Test     
 259   0      22976      16600      23472          0          0 EEM ED IOSWD    
 261   0      22976      16600      23472          0          0 EEM ED OIR      
 260   0      22976      16600      23472          0          0 EEM ED None     
 256   0      22976      16600      23472          0          0 EEM ED CLI      
  65   0      22976      16600      23472          0          0 EEM ED MAT      
 176   0      14416       4992      22520          0          0 SR CapMan Proces
 102   0       5280        232      22144          0          0 IP Host Track Pr
 178   0       8544          0      21592          0          0 SSH Event handle
 115   0       6800          0      19896          0          0 TRACK Main threa
 215   0       5240          0      18336          0          0 MMA DP TIMER    
 204   0       5280        232      18144          0          0 ENABLE AAA      
 166   0        896          0      17992          0          0 HTTP CORE       
 183   0        968        232      17832          0          0 MVPN Mgr Process
 156   0       3432       2880      17648          0          0 IP Background   
 168   0        464        232      17328          0          0 AUTO LAG Protoco
 184   0        464        232      17328          0          0 Multicast Offloa
 139   0        216          0      17312          0          0 Tunnel FIB      
 119   0          0          0      17096          0          0 HQF TARGET DYNAM
  89   0        232        232      17096          0          0 Ethernet OAM Pro
  94   0          0          0      17096          0          0 MPLS Auto-Tunnel
 186   0        232        232      17096          0          0 static          
 124   0        232        232      17096          0          0 IP ARP Track    
 138   0          0          0      17096          0          0 IP IRDP         
 189   0          0          0      17096          0          0 IPv6 RIB Event H
 280   0          0          0      17096          0          0 Per-Second Jobs 
 188   0          0          0      17096          0          0 IPv6 RIB Cleanup
 187   0        232        232      17096          0          0 App Route Proces
 226   0          0          0      17096          0          0 IPSEC manual key
 198   0          0          0      17096          0          0 IPv6 Static Hand
 193   0       1600       1600      17096          0          0 QoS stats proces
 141   0          0          0      17096          0          0 EPM MAIN PROCESS
 255   0          0          0      16968          0          0 Connection Mgr  
 167   0      20640        232      16536          0          0 L2TRACE SERVER  
   4   0       3320        232      16232          0          0 Check heaps     
  30   0       2096          0      15192          0          0 IPC Seat Manager
  81   0       1872          0      14968          0          0 FHRP Main thread
 116   0       1736          0      14832          0          0 TRACK Client thr
  82   0       1688          0      14784          0          0 VRRP Main thread
 202   0       1592          0      14688          0          0 MMA MSG MCOL    
 279   0       1224          0      14320          0          0 Per-minute Jobs 
 210   0      96856      29864      14312          0          0 NIST rng proc   
 169   0       5504      17928      13992          0          0 IGMPSN L2MCM    
 131   0        896          0      13992          0          0 Auth-proxy HTTP 
 162   0       1176        376      13896          0          0 LFDp Input Proc 
  99   0       1008        232      13872          0          0 DTP Protocol    
 220   0     215904     215200      13800          0          0 crypto engine pr
  57   0      66400          0      13744          0          0 IF-MGR control p
  41   0     342624     352584      13632          0          0 crypto sw pk pro
  56   0      25584        232      13440          0          0 TTY Background  
  12   0        344          0      13440          0          0 Exception contro
 104   0        536        232      13400          0          0 UDLD            
 151   0        288          0      13384          0          0 Service Routing 
 101   0        248          0      13344          0          0 Port-Security   
 147   0        464        232      13328          0          0 Dot1x Supplicant
 146   0        464        232      13328          0          0 Dot1x Supplicant
 145   0        464        232      13328          0          0 Dot1x Supplicant
 128   0      11280        232      13328          0          0 Spanning Tree   
  63   0        216          0      13312          0          0 Src Fltr backgro
  78   0          0          0      13120          0          0 AAA System Acct 
  72   0        232        232      13112          0          0 Dot1x Mgr Proces
  61   0          0          0      13096          0          0 HC Counter Timer
  67   0          0          0      13096          0          0 Rate limit load 
 149   0          0          0      13096          0          0 MAB Framework   
  62   0          0          0      13096          0          0 IOSv e1000      
  73   0          0          0      13096          0          0 EAP Framework   
  88   0          0          0      13096          0          0 SSS Feature Time
 160   0        232        328      13096          0          0 Inter Chassis Pr
 159   0          0          0      13096          0          0 XC RIB MGR      
 171   0          0          0      13096          0          0 IGMPSN          
  59   0          0          0      13096          0          0 AggMgr Process  
 158   0        232        400      13096          0          0 Flow Exporter Ti
 123   0          0          0      13096          0          0 ICMP event handl
 153   0          0          0      13096          0          0 HQF Input Shaper
  87   0          0          0      13096          0          0 SSS Feature Mana
 152   0          0          0      13096          0          0 HQF Output Shape
  60   0          0          0      13096          0          0 Transport Port A
 165   0          0          0      13096          0          0 Socket Timers   
 180   0        232        232      13096          0          0 ATIP_UDP_TSK    
 148   0          0          0      13096          0          0 DCT Bkgd Process
 182   0          0          0      13096          0          0 Probe Input     
  90   0          0          0      13096          0          0 AC Switch       
  92   0        232        232      13096          0          0 OCE punted Pkts 
 185   0          0          0      13096          0          0 RARP Input      
 111   0       9344      15360      13096          0          0 SpanTree Helper 
  76   0          0          0      13096          0          0 AAA ACCT Proc   
 135   0          0          0      13096          0          0 FRR Background P
 170   0        576        576      13096          0          0 IGMPSN MRD      
 190   0          0          0      13096          0          0 PAD InCall      
  58   0          0          0      13096          0          0 IF-MGR event pro
 192   0          0          0      13096          0          0 X.25 Encaps Mana
 133   0          0          0      13096          0          0 IPv6 ping proces
 194   0          0          0      13096          0          0 SNMP Timers     
 195   0          0          0      13096          0          0 EPM Downlad Mana
 196   0          0          0      13096          0          0 Timer Handler Pr
 150   0          0          0      13096          0          0 PPP IP Add Route
 132   0          0          0      13096          0          0 IP Admin SM Proc
 199   0        232        232      13096          0          0 AAA Cached Serve
 200   0        232        232      13096          0          0 LINE AAA        
  74   0          0          0      13096          0          0 EAP Test        
 144   0          0          0      13096          0          0 CMD HANDLER     
  52   0          0          0      13096          0          0 Critical Bkgnd  
 143   0          0          0      13096          0          0 SVM UT Process  
 114   0        232        232      13096          0          0 AAA Dictionary R
 206   0          0          0      13096          0          0 MPLS Auto Mesh P
 142   0          0          0      13096          0          0 Critical Auth   
 208   0        232        232      13096          0          0 Crypto Support  
 209   0          0          0      13096          0          0 IPSECv6 PS Proc 
  23   0          0          0      13096          0          0 IPC Mcast Pendin
  43   0          0          0      13096          0          0 SERIAL A'detect 
  42   0        232        232      13096          0          0 GraphIt         
 213   0          0          0      13096          0          0 Key chain liveke
  22   0          0          0      13096          0          0 IPC Event Notifi
  93   0          0          0      13096          0          0 LSP Tunnel FRR  
  40   0          0          0      13096          0          0 Dynamic ARP Insp
  39   0          0          0      13096          0          0 ARP Snoop       
  38   0        232        232      13096          0          0 Serial Backgroun
 219   0          0          0      13096          0          0 IKEv2 AAA handle
  21   0          0          0      13096          0          0 Entity MIB API  
  37   0        232        232      13096          0          0 PrstVbl         
 222   0        232        512      13096          0          0 CRYPTO MAP FREE 
  36   0          0          0      13096          0          0 IPC Session Deta
  35   0          0          0      13096          0          0 IPC Loadometer  
  34   0          0          0      13096          0          0 IPC Keep Alive M
 130   0          0          0      13096          0          0 Webauth client  
  33   0          0          0      13096          0          0 IPC Seat TX Cont
  32   0          0          0      13096          0          0 IPC Seat RX Cont
 229   0          0          0      13096          0          0 Crypto PAS Proc 
  31   0          0          0      13096          0          0 IPC Check Queue 
 129   0        232        232      13096          0          0 SpanTree Msg    
  29   0          0          0      13096          0          0 IPC Process leve
  28   0          0          0      13096          0          0 IPC Deferred Por
  27   0          0          0      13096          0          0 IPC Periodic Tim
  26   0          0          0      13096          0          0 IPC Zone Manager
  25   0          0          0      13096          0          0 IPC Session Serv
 237   0        232        232      13096          0          0 DHCP Security He
 238   0          0          0      13096          0          0 vlmap logger    
  24   0          0          0      13096          0          0 IPC Dynamic Cach
 240   0       9920      25976      13096          0          0 PM Callback     
 242   0        232        232      13096          0          0 dhcp snooping sw
 243   0        232       1264      13096          0          0 AAA SEND STOP EV
  16   0          0          0      13096          0          0 CEF MIB API     
 245   0          0          0      13096          0          0 Syslog Traps    
 100   0        232        232      13096          0          0 PI MATM Aging Pr
 108   0          0        288      13096          0          0 VMATM Callback  
  10   0          0          0      13096          0          0 IOSv in console 
  19   0        232        232      13096          0          0 DDR Timers      
  17   0          0          0      13096          0          0 AAA_SERVER_DEADT
   9   0          0          0      13096          0          0 IOSv out console
  15   0       2944       2944      13096          0          0 ARP Background  
  98   0          0        576      13096          0          0 802.1x switch   
 107   0        232        232      13096          0          0 process unix_l2_
  13   0          0          0      13096          0          0 IFS Agent Manage
  97   0          0          0      13096          0          0 DHCP Snooping db
 106   0        232        232      13096          0          0 process unix_l2_
 105   0          0          0      13096          0          0 UNIX IP Source g
  96   0          0          0      13096          0          0 DHCP Snooping   
 103   0        232        232      13096          0          0 Ethchnl         
   7   0        232        232      13096          0          0 Timers          
  95   0          0          0      13096          0          0 O-UNI Client Msg
 125   0        232        232      13096          0          0 PIM register asy
   6   0          0          0      13096          0          0 DiscardQ Backgro
  79   0        232        232      13096          0          0 EFP Errd        
 127   0          0          0      13096          0          0 RIB LM VALIDATE 
 278   0        232        232      13096          0          0 Compute load avg
 277   0          0          0      13096          0          0 Net Input       
  47   0          0          0      13008          0          0 IPv6 Access Cont
  50   0        232          0       7328          0          0 Async write proc
  49   0        232          0       7328          0          0 Async write proc
  48   0        232          0       7328          0          0 Async write proc
 110   0        216          0       7312          0          0 ADJ NSF process 
   8   0          0          0       7096          0          0 WATCH_AFS       
  51   0          0          0       7096          0          0 DFS flush period
  46   0          0          0       7096          0          0 dev_device_remov
  44   0          0          0       7096          0          0 Inode Table Dest
   2   0        232        232       7096          0          0 Load Meter      
  45   0          0          0       7096          0          0 dev_device_inser
                                156720832 Total
eve-ng2#show access-lists
Extended IP access list preauth_ipv4_acl (per-user)
    10 permit udp any any eq domain
    20 permit tcp any any eq domain
    30 permit udp any eq bootps any
    40 permit udp any any eq bootpc
    50 permit udp any eq bootpc any
    60 deny ip any any
IPv6 access list preauth_ipv6_acl (per-user)
    permit udp any any eq domain sequence 10
    permit tcp any any eq domain sequence 20
    permit icmp any any nd-ns sequence 30
    permit icmp any any nd-na sequence 40
    permit icmp any any router-solicitation sequence 50
    permit icmp any any router-advertisement sequence 60
    permit icmp any any redirect sequence 70
    permit udp any eq 547 any eq 546 sequence 80
    permit udp any eq 546 any eq 547 sequence 90
    deny ipv6 any any sequence 100
eve-ng2#show ip route
Codes: L - local, C - connected, S - static, R - RIP, M - mobile, B - BGP
       D - EIGRP, EX - EIGRP external, O - OSPF, IA - OSPF inter area 
       N1 - OSPF NSSA external type 1, N2 - OSPF NSSA external type 2
       E1 - OSPF external type 1, E2 - OSPF external type 2
       i - IS-IS, su - IS-IS summary, L1 - IS-IS level-1, L2 - IS-IS level-2
       ia - IS-IS inter area, * - candidate default, U - per-user static route
       o - ODR, P - periodic downloaded static route, H - NHRP, l - LISP
       a - application route
       + - replicated route, % - next hop override

Gateway of last resort is not set

      192.168.1.0/24 is variably subnetted, 2 subnets, 2 masks
C        192.168.1.0/24 is directly connected, Vlan1
L        192.168.1.7/32 is directly connected, Vlan1
eve-ng2#show file systems
File Systems:

     Size(b)     Free(b)      Type  Flags  Prefixes
*   2142715904    2029989888      disk     rw   flash0: flash:
           -           -      disk     rw   flash1:
           -           -      disk     rw   flash2:
           -           -      disk     rw   flash3:
           -           -    opaque     rw   system:
           -           -    opaque     rw   tmpsys:
        262144        254507     nvram     rw   nvram:
           -           -    opaque     rw   null:
           -           -    opaque     ro   tar:
           -           -   network     rw   tftp:
           -           -    opaque     wo   syslog:
           -           -   network     rw   rcp:
           -           -   network     rw   http:
           -           -   network     rw   ftp:
           -           -   network     rw   scp:
           -           -   network     rw   https:
           -           -    opaque     ro   cns:

eve-ng2#show logging
Syslog logging: enabled (0 messages dropped, 2 messages rate-limited, 0 flushes, 0 overruns, xml disabled, filtering disabled)

No Active Message Discriminator.



No Inactive Message Discriminator.


    Console logging: level debugging, 33 messages logged, xml disabled,
                     filtering disabled
    Monitor logging: level debugging, 0 messages logged, xml disabled,
                     filtering disabled
    Buffer logging:  level debugging, 35 messages logged, xml disabled,
                    filtering disabled
    Exception Logging: size (8192 bytes)
    Count and timestamp logging messages: disabled
    Persistent logging: disabled
    Trap logging: level informational, 38 message lines logged
        Logging Source-Interface:       VRF Name:

Log Buffer (8192 bytes):

*Mar  1 00:00:00.956: %ATA-6-DEV_FOUND: device 0x1F0
*Mar  1 00:00:01.030: %NVRAM-5-CONFIG_NVRAM_READ_OK: NVRAM configuration 'flash:/nvram' was read from disk.
*Sep 20 11:06:47.560: %SPANTREE-5-EXTENDED_SYSID: Extended SysId enabled for type vlan
*Sep 20 11:06:50.268: %LINK-5-CHANGED: Interface GigabitEthernet0/0, changed state to reset
*Sep 20 11:06:50.269: %LINK-5-CHANGED: Interface GigabitEthernet0/1, changed state to reset
*Sep 20 11:06:50.269: %LINK-5-CHANGED: Interface GigabitEthernet0/2, changed state to reset
*Sep 20 11:06:50.269: %LINK-5-CHANGED: Interface GigabitEthernet0/3, changed state to reset
*Sep 20 11:06:50.270: %LINK-5-CHANGED: Interface GigabitEthernet1/0, changed state to reset
*Sep 20 11:06:50.271: %LINK-5-CHANGED: Interface GigabitEthernet1/1, changed state to reset
*Sep 20 11:06:50.271: %LINK-5-CHANGED: Interface GigabitEthernet1/2, changed state to reset
*Sep 20 11:06:50.271: %LINK-5-CHANGED: Interface GigabitEthernet1/3, changed state to reset
*Sep 20 11:06:50.441: %SYS-5-CONFIG_I: Configured from memory by console
*Sep 20 11:06:51.358: %LINEPROTO-5-UPDOWN: Line protocol on Interface GigabitEthernet0/0, changed state to up
*Sep 20 11:06:51.359: %LINEPROTO-5-UPDOWN: Line protocol on Interface GigabitEthernet0/1, changed state to up
*Sep 20 11:06:51.359: %LINEPROTO-5-UPDOWN: Line protocol on Interface GigabitEthernet0/2, changed state to up
*Sep 20 11:06:51.360: %LINEPROTO-5-UPDOWN: Line protocol on Interface GigabitEthernet0/3, changed state to up
*Sep 20 11:06:51.360: %LINEPROTO-5-UPDOWN: Line protocol on Interface GigabitEthernet1/0, changed state to up
*Sep 20 11:06:51.361: %LINEPROTO-5-UPDOWN: Line protocol on Interface GigabitEthernet1/1, changed state to up
*Sep 20 11:06:51.361: %LINEPROTO-5-UPDOWN: Line protocol on Interface GigabitEthernet1/2, changed state to up
*Sep 20 11:06:51.361: %LINEPROTO-5-UPDOWN: Line protocol on Interface GigabitEthernet1/3, changed state to up
*Sep 20 11:06:51.568: %LINEPROTO-5-UPDOWN: Line protocol on Interface Vlan1, changed state to down
*Sep 20 11:06:51.568: %LINEPROTO-5-UPDOWN: Line protocol on Interface Vlan109, changed state to down
*Sep 20 11:06:52.385: %LINK-3-UPDOWN: Interface GigabitEthernet1/3, changed state to up
*Sep 20 11:06:52.387: %LINK-3-UPDOWN: Interface GigabitEthernet1/2, changed state to up
*Sep 20 11:06:52.388: %LINK-3-UPDOWN: Interface GigabitEthernet1/1, changed state to up
*Sep 20 11:06:52.389: %LINK-3-UPDOWN: Interface GigabitEthernet1/0, changed state to up
*Sep 20 11:06:52.390: %LINK-3-UPDOWN: Interface GigabitEthernet0/3, changed state to up
*Sep 20 11:06:52.391: %LINK-3-UPDOWN: Interface GigabitEthernet0/2, changed state to up
*Sep 20 11:06:52.392: %LINK-3-UPDOWN: Interface GigabitEthernet0/1, changed state to up
*Sep 20 11:06:52.393: %LINK-3-UPDOWN: Interface GigabitEthernet0/0, changed state to up
*Sep 20 11:06:52.598: %LINK-5-CHANGED: Interface Vlan109, changed state to administratively down
*Sep 20 11:06:54.955: %SYS-5-RESTART: System restarted --
Cisco IOS Software, vios_l2 Software (vios_l2-ADVENTERPRISEK9-M), Experimental Version 15.2(20170321:233949) [mmen 101]
Copyright (c) 1986-2017 by Cisco Systems, Inc.
Compiled Wed 22-Mar-17 08:38 by mmen
*Sep 20 11:06:55.096: %SSH-5-ENABLED: SSH 1.99 has been enabled
*Sep 20 11:07:01.808: %PLATFORM-5-SIGNATURE_VERIFIED: Image 'flash0:/vios_l2-adventerprisek9-m' passed code signing verification
*Sep 20 11:11:00.768: %SYS-5-CONFIG_I: Configured from console by admin on vty4 (192.168.1.102)
eve-ng2#