configure terminal
Enter configuration commands, one per line.  End with CNTL/Z.
R2(config)#exit
R2#term leng 0
R2#show inventory
NAME: "3725 chassis", DESCR: "3725 chassis"
PID:                   , VID: 0.1, SN: FTX0945W0MY


R2#show clock
*00:03:41.127 UTC Fri Mar 1 2002
R2#show ntp associations
%NTP is not enabled.
R2#show version
Cisco IOS Software, 3700 Software (C3725-ADVENTERPRISEK9-M), Version 12.4(15)T14, RELEASE SOFTWARE (fc2)
Technical Support: http://www.cisco.com/techsupport
Copyright (c) 1986-2010 by Cisco Systems, Inc.
Compiled Tue 17-Aug-10 12:08 by prod_rel_team

ROM: ROMMON Emulation Microcode
ROM: 3700 Software (C3725-ADVENTERPRISEK9-M), Version 12.4(15)T14, RELEASE SOFTWARE (fc2)

R2 uptime is 3 minutes
System returned to ROM by unknown reload cause - suspect boot_data[BOOT_COUNT] 0x0, BOOT_COUNT 0, BOOTDATA 19
System image file is "tftp://255.255.255.255/unknown"


This product contains cryptographic features and is subject to United
States and local country laws governing import, export, transfer and
use. Delivery of Cisco cryptographic products does not imply
third-party authority to import, export, distribute or use encryption.
Importers, exporters, distributors and users are responsible for
compliance with U.S. and local country laws. By using this product you
agree to comply with applicable laws and regulations. If you are unable
to comply with U.S. and local laws, return this product immediately.

A summary of U.S. laws governing Cisco cryptographic products may be found at:
http://www.cisco.com/wwl/export/crypto/tool/stqrg.html

If you require further assistance please contact us by sending email to
export@cisco.com.

Cisco 3725 (R7000) processor (revision 0.1) with 249856K/12288K bytes of memory.
Processor board ID FTX0945W0MY
R7000 CPU at 240MHz, Implementation 39, Rev 2.1, 256KB L2, 512KB L3 Cache
2 FastEthernet interfaces
DRAM configuration is 64 bits wide with parity enabled.
55K bytes of NVRAM.
131072K bytes of ATA System CompactFlash (Read/Write)
131072K bytes of ATA Slot0 CompactFlash (Read/Write)

Configuration register is 0x2102

R2#show running-config
Building configuration...

Current configuration : 872 bytes
!
version 12.4
service timestamps debug datetime msec
service timestamps log datetime msec
no service password-encryption
!
hostname R2
!
boot-start-marker
boot-end-marker
!
enable secret 5 $1$ATfM$rtCvG68nBLwdQiCKdDYgK/
!
no aaa new-model
memory-size iomem 5
ip cef
!
!
!
!
ip domain name router
!
multilink bundle-name authenticated
!
!
!
!
!
!
!
!
!
!
!
!
!
!
!
!
!
!
!
!
!
username admin password 0 admin
archive
 log config
  hidekeys
! 
!
!
!
ip ssh time-out 60
ip ssh authentication-retries 2
!
!
!
!
interface FastEthernet0/0
 ip address 192.168.97.55 255.255.255.0
 duplex auto
 speed auto
!
interface FastEthernet0/1
 no ip address
 shutdown
 duplex auto
 speed auto
!
ip forward-protocol nd
!
!
ip http server
no ip http secure-server
!
!
!
!
!
!
!
control-plane
!
!
!
!
!
!
!
!
!
!
line con 0
line aux 0
line vty 0 4
 login local
 transport input all
!
!
end

R2#show ip interface brief
Interface                  IP-Address      OK? Method Status                Protocol
FastEthernet0/0            192.168.97.55   YES NVRAM  up                    up      
FastEthernet0/1            unassigned      YES NVRAM  administratively down down    
R2#show interface status

R2#show cdp neighbor
Capability Codes: R - Router, T - Trans Bridge, B - Source Route Bridge
                  S - Switch, H - Host, I - IGMP, r - Repeater

Device ID        Local Intrfce     Holdtme    Capability  Platform  Port ID
Switch.switch    Fas 0/0            128         R S I               Gig 0/0
SW3.switch2      Fas 0/0            143         R S I               Gig 0/0
R2#show cdp neighbor detail
-------------------------
Device ID: Switch.switch
Entry address(es): 
  IP address: 192.168.97.222
Platform: Cisco ,  Capabilities: Router Switch IGMP 
Interface: FastEthernet0/0,  Port ID (outgoing port): GigabitEthernet0/0
Holdtime : 127 sec

Version :
Cisco IOS Software, vios_l2 Software (vios_l2-ADVENTERPRISEK9-M), Experimental Version 15.2(20170321:233949) [mmen 101]
Copyright (c) 1986-2017 by Cisco Systems, Inc.
Compiled Wed 22-Mar-17 08:38 by mmen

advertisement version: 2
VTP Management Domain: ''
Native VLAN: 1
Duplex: full

-------------------------
Device ID: SW3.switch2
Entry address(es): 
  IP address: 192.168.97.233
Platform: Cisco ,  Capabilities: Router Switch IGMP 
Interface: FastEthernet0/0,  Port ID (outgoing port): GigabitEthernet0/0
Holdtime : 143 sec

Version :
Cisco IOS Software, vios_l2 Software (vios_l2-ADVENTERPRISEK9-M), Experimental Version 15.2(20170321:233949) [mmen 101]
Copyright (c) 1986-2017 by Cisco Systems, Inc.
Compiled Wed 22-Mar-17 08:38 by mmen

advertisement version: 2
VTP Management Domain: ''
Native VLAN: 1
Duplex: full

R2#show environment all
Power Supply:

	Redundant Power System is  present.
	Thermal status:  normal
	Input Voltage status:  normal
	DC Output Voltage status:  normal


Board Temperature:

	normal.


Fan status:

	normal.

R2#show systems resources
         ^
% Invalid input detected at '^' marker.

R2#show processes cpu sorted
CPU utilization for five seconds: 22%/100%; one minute: 5%; five minutes: 1%
 PID Runtime(ms)   Invoked      uSecs   5Sec   1Min   5Min TTY Process 
 252         120       175        685  2.53%  0.20%  0.04% 102 SSH Process      
 245          80       175        457  1.63%  0.13%  0.02% 101 SSH Process      
 193         892       547       1630  1.47%  0.11%  0.02%  98 SSH Process      
  82         224      6778         33  1.06%  0.29%  0.14%   0 ACCT Periodic Pr 
  87         316       766        412  0.81%  0.18%  0.04%   0 IP Input         
   5        1308        75      17440  0.40%  0.25%  0.27%   0 Check heaps      
  86          64      6777          9  0.32%  0.18%  0.10%   0 IP ARP Retry Age 
 116          16        21        761  0.24%  0.02%  0.00%   0 TCP Protocols    
 113          52       308        168  0.16%  0.03%  0.01%   0 CEF process      
 150           8       430         18  0.08%  0.01%  0.00%   0 Inspect process  
  47         164        47       3489  0.08%  0.07%  0.05%   0 Compute load avg 
 148          12      2186          5  0.08%  0.07%  0.05%   0 RBSCP Background 
  80           4        14        285  0.08%  0.00%  0.00%   0 AAA Server       
  14           4       222         18  0.08%  0.00%  0.00%   0 IPC Deferred Por 
  18          20       236         84  0.08%  0.01%  0.00%   0 ARP Background   
  15           0         1          0  0.00%  0.00%  0.00%   0 IPC Seat Manager 
  16           0         1          0  0.00%  0.00%  0.00%   0 IPC BackPressure 
  17           8        11        727  0.00%  0.00%  0.00%   0 ARP Input        
  13           4       222         18  0.00%  0.01%  0.00%   0 IPC Periodic Tim 
  20           0         2          0  0.00%  0.00%  0.00%   0 AAA high-capacit 
  21           0         1          0  0.00%  0.00%  0.00%   0 AAA_SERVER_DEADT 
  10           0         9          0  0.00%  0.00%  0.00%   0 Environmental mo 
  23           0         2          0  0.00%  0.00%  0.00%   0 DDR Timers       
   9           0         1          0  0.00%  0.00%  0.00%   0 Crash writer     
  12           0         1          0  0.00%  0.00%  0.00%   0 IPC Zone Manager 
  19           4         2       2000  0.00%  0.00%  0.00%   0 ATM Idle Timer   
  11           4         4       1000  0.00%  0.00%  0.00%   0 IPC Dynamic Cach 
  28           0         1          0  0.00%  0.00%  0.00%   0 RO Notify Timers 
   8           0         1          0  0.00%  0.00%  0.00%   0 OIR Handler      
  30           0         2          0  0.00%  0.00%  0.00%   0 SMART            
   7           0         2          0  0.00%  0.00%  0.00%   0 Timers           
   6           0         1          0  0.00%  0.00%  0.00%   0 Pool Manager     
   4           0         1          0  0.00%  0.00%  0.00%   0 EDDRI_MAIN       
  34           0         2          0  0.00%  0.00%  0.00%   0 XML Proxy Client 
  35           0         1          0  0.00%  0.00%  0.00%   0 Critical Bkgnd   
  36          20       156        128  0.00%  0.00%  0.00%   0 Net Background   
   3           0         1          0  0.00%  0.00%  0.00%   0 chkpt message ha 
   2           0        46          0  0.00%  0.01%  0.00%   0 Load Meter       
  39         136       217        626  0.00%  0.03%  0.02%   0 TTY Background   
  26          24        64        375  0.00%  0.01%  0.00%   0 HC Counter Timer 
  27           0         2          0  0.00%  0.00%  0.00%   0 Serial Backgroun 
  42         496        47      10553  0.00%  0.06%  0.23%   0 crypto sw pk pro 
  22           0         1          0  0.00%  0.00%  0.00%   0 Policy Manager   
  24           0         2          0  0.00%  0.00%  0.00%   0 Entity MIB API   
  45           4         4       1000  0.00%  0.00%  0.00%   0 rf task          
  46           8        15        533  0.00%  0.00%  0.00%   0 Net Input        
  25         104        19       5473  0.00%  0.00%  0.01%   0 EEM ED Syslog    
  48          12         4       3000  0.00%  0.00%  0.00%   0 Per-minute Jobs  
   1           0        68          0  0.00%  0.00%  0.00%   0 Chunk Manager    
  50           0         1          0  0.00%  0.00%  0.00%   0 Transport Port A 
  51           0         1          0  0.00%  0.00%  0.00%   0 dev_device_inser 
  52           0         1          0  0.00%  0.00%  0.00%   0 dev_device_remov 
  53           0        37          0  0.00%  0.00%  0.00%   0 mxt5100          
  54           0         1          0  0.00%  0.00%  0.00%   0 sal_dpc_process  
  55           0         1          0  0.00%  0.00%  0.00%   0 ARL Table Manage 
  56           0         2          0  0.00%  0.00%  0.00%   0 ESWILPPM         
  29           0         1          0  0.00%  0.00%  0.00%   0 RMI RM Notify Wa 
  31           4       222         18  0.00%  0.00%  0.00%   0 GraphIt          
  59           0         2          0  0.00%  0.00%  0.00%   0 VNM DSPRM MAIN   
  60           0         1          0  0.00%  0.00%  0.00%   0 DSPFARM DSP READ 
  61           0         2          0  0.00%  0.00%  0.00%   0 FLEX DNLD MAIN   
  32           0         2          0  0.00%  0.00%  0.00%   0 Dialer event     
  33           0         1          0  0.00%  0.00%  0.00%   0 SERIAL A'detect  
  64           0         2          0  0.00%  0.00%  0.00%   0 VMI Background   
  37           0         2          0  0.00%  0.00%  0.00%   0 IDB Work         
  66           0         1          0  0.00%  0.00%  0.00%   0 RF_INTERDEV_SCTP 
  67           0         2          0  0.00%  0.00%  0.00%   0 cpf_process_msg_ 
  68           4       221         18  0.00%  0.00%  0.00%   0 Ether-Switch RBC 
  69           0         1          0  0.00%  0.00%  0.00%   0 AAL2CPS TIMER_CU 
  70           0         1          0  0.00%  0.00%  0.00%   0 IGMP Snooping Pr 
  71           0         1          0  0.00%  0.00%  0.00%   0 IGMP Snooping Re 
  72           0         9          0  0.00%  0.00%  0.00%   0 Call Management  
  73           0         1          0  0.00%  0.00%  0.00%   0 CF_INTERDEV_SCTP 
  38           0        23          0  0.00%  0.00%  0.00%   0 Logger           
  40          16       223         71  0.00%  0.02%  0.00%   0 Per-Second Jobs  
  76           0         1          0  0.00%  0.00%  0.00%   0 EAP Framework    
  77           0         2          0  0.00%  0.00%  0.00%   0 DTP Protocol     
  78          16       221         72  0.00%  0.00%  0.00%   0 PI MATM Aging Pr 
  79           0        24          0  0.00%  0.00%  0.00%   0 EtherChnl        
  41           0         1          0  0.00%  0.00%  0.00%   0 Inode Table Dest 
  81           0         1          0  0.00%  0.00%  0.00%   0 AAA ACCT Proc    
  43           0         1          0  0.00%  0.00%  0.00%   0 IKE HA Mgr       
  83           0         2          0  0.00%  0.00%  0.00%   0 AAA Dictionary R 
  84         664        35      18971  0.00%  0.23%  0.15%   0 CDP Protocol     
  85           0         2          0  0.00%  0.00%  0.00%   0 IP ARP Adjacency 
  44           0         1          0  0.00%  0.00%  0.00%   0 IPSEC HA Mgr     
  49           0         1          0  0.00%  0.00%  0.00%   0 AggMgr Process   
  88           0         1          0  0.00%  0.00%  0.00%   0 ICMP event handl 
  89           0         5          0  0.00%  0.00%  0.00%   0 TurboACL         
  90           0         2          0  0.00%  0.00%  0.00%   0 TurboACL chunk   
  91           0         1          0  0.00%  0.00%  0.00%   0 IPv6 RIB Redistr 
  92           0         3          0  0.00%  0.00%  0.00%   0 MOP Protocols    
  93           4         3       1333  0.00%  0.00%  0.00%   0 PPP Hooks        
  94         424        89       4764  0.00%  0.02%  0.05%   0 Exec             
  95           0         1          0  0.00%  0.00%  0.00%   0 SSS Manager      
  96           0        29          0  0.00%  0.00%  0.00%   0 SSS Test Client  
  57           0         2          0  0.00%  0.00%  0.00%   0 Eswilp Storm Con 
  98          16       860         18  0.00%  0.02%  0.00%   0 SSS Feature Time 
  99           0         2          0  0.00%  0.00%  0.00%   0 Spanning Tree    
 100           0         1          0  0.00%  0.00%  0.00%   0 X.25 Encaps Mana 
 101           4        10        400  0.00%  0.00%  0.00%   0 SSM connection m 
 102           0         1          0  0.00%  0.00%  0.00%   0 AC Switch        
 103           4         2       2000  0.00%  0.00%  0.00%   0 EAPoUDP Process  
 104           0         2          0  0.00%  0.00%  0.00%   0 IP Host Track Pr 
 105           0         2          0  0.00%  0.00%  0.00%   0 KRB5 AAA         
 106           4        10        400  0.00%  0.00%  0.00%   0 IP Background    
 107           0         2          0  0.00%  0.00%  0.00%   0 IP RIB Update    
 108           0         2          0  0.00%  0.00%  0.00%   0 PPP IP Route     
 109           0         2          0  0.00%  0.00%  0.00%   0 PPP IPCP         
 110           0         1          0  0.00%  0.00%  0.00%   0 IP Traceroute    
 111           0         1          0  0.00%  0.00%  0.00%   0 SNMP Timers      
 112           0         1          0  0.00%  0.00%  0.00%   0 Asy FS Helper    
  58           0         2          0  0.00%  0.00%  0.00%   0 SM Monitor       
 114           0         1          0  0.00%  0.00%  0.00%   0 Socket Timers    
 115          16        62        258  0.00%  0.00%  0.00%   0 TCP Timer        
  62           0         1          0  0.00%  0.00%  0.00%   0 HDV background   
 117           0         1          0  0.00%  0.00%  0.00%   0 COPS             
 118           0         2          0  0.00%  0.00%  0.00%   0 Dot1x Supplicant 
 119           0         2          0  0.00%  0.00%  0.00%   0 Dot1x Supplicant 
 120           0         2          0  0.00%  0.00%  0.00%   0 Dot1x Supplicant 
 121           0         2          0  0.00%  0.00%  0.00%   0 L2MM             
 122           0         1          0  0.00%  0.00%  0.00%   0 MRD              
  63           0         2          0  0.00%  0.00%  0.00%   0 Bryce I2C CMD Qu 
 124           0         2          0  0.00%  0.00%  0.00%   0 RLM groups Proce 
 125           0         1          0  0.00%  0.00%  0.00%   0 L2X Data Daemon  
  65           0         1          0  0.00%  0.00%  0.00%   0 RF_INTERDEV_DELA 
 127           0         2          0  0.00%  0.00%  0.00%   0 SCTP Main Proces 
 128           0         1          0  0.00%  0.00%  0.00%   0 IUA Main Process 
  74           0         2          0  0.00%  0.00%  0.00%   0 Dot1x Mgr Proces 
 130           0         1          0  0.00%  0.00%  0.00%   0 bsm_timers       
 131           0       221          0  0.00%  0.00%  0.00%   0 bsm_xmt_proc     
 132           0         1          0  0.00%  0.00%  0.00%   0 CES Client SVC R 
 133           0         2          0  0.00%  0.00%  0.00%   0 Dialer Forwarder 
 134           0         4          0  0.00%  0.00%  0.00%   0 IP Cache Ager    
 135          40         5       8000  0.00%  0.01%  0.00%   0 Adj Manager      
 136           4         3       1333  0.00%  0.00%  0.00%   0 Flow Exporter Ti 
 137           0         2          0  0.00%  0.00%  0.00%   0 ATM OAM Input    
 138           0         2          0  0.00%  0.00%  0.00%   0 ATM OAM TIMER    
 139           4         2       2000  0.00%  0.00%  0.00%   0 HTTP CORE        
 140           0         1          0  0.00%  0.00%  0.00%   0 RARP Input       
 141           0         1          0  0.00%  0.00%  0.00%   0 IPv6 Inspect Tim 
 142           0         1          0  0.00%  0.00%  0.00%   0 LAPB Process     
 143           0         1          0  0.00%  0.00%  0.00%   0 PAD InCall       
 144           0         2          0  0.00%  0.00%  0.00%   0 X.25 Background  
 145           0         2          0  0.00%  0.00%  0.00%   0 PPP Bind         
 146           0         2          0  0.00%  0.00%  0.00%   0 PPP SSS          
 147           0         1          0  0.00%  0.00%  0.00%   0 MQC Flow Event B 
  75           0         1          0  0.00%  0.00%  0.00%   0 MAB Framework    
 149           0         1          0  0.00%  0.00%  0.00%   0 VPDN call manage 
  97           0         1          0  0.00%  0.00%  0.00%   0 SSS Feature Mana 
 151           0         1          0  0.00%  0.00%  0.00%   0 cpf_process_tpQ  
 152           0         1          0  0.00%  0.00%  0.00%   0 Authentication P 
 153           0         1          0  0.00%  0.00%  0.00%   0 Auth-proxy AAA B 
 154           0         1          0  0.00%  0.00%  0.00%   0 CHKPT EXAMPLE    
 155           0         1          0  0.00%  0.00%  0.00%   0 CHKPT DevTest    
 156           0         1          0  0.00%  0.00%  0.00%   0 IPS Process      
 157           0         2          0  0.00%  0.00%  0.00%   0 IPS Auto Update  
 158           0         2          0  0.00%  0.00%  0.00%   0 SDEE Management  
 159           0         1          0  0.00%  0.00%  0.00%   0 Select Timers    
 160           4         2       2000  0.00%  0.00%  0.00%   0 HTTP Process     
 161           0         2          0  0.00%  0.00%  0.00%   0 CIFS API Process 
 162           0         2          0  0.00%  0.00%  0.00%   0 CIFS Proxy Proce 
 163           0         2          0  0.00%  0.00%  0.00%   0 URL filter proc  
 164           0         1          0  0.00%  0.00%  0.00%   0 Crypto HW Proc   
 165           8         2       4000  0.00%  0.00%  0.00%   0 CCVPM_HDSPRM     
 166           4        84         47  0.00%  0.00%  0.00%   0 FLEX DSPRM MAIN  
 167           0        83          0  0.00%  0.00%  0.00%   0 FLEX DSP KEEPALI 
 168           0        10          0  0.00%  0.00%  0.00%   0 CRM_CALL_UPDATE_ 
 169           0         4          0  0.00%  0.00%  0.00%   0 HDA DSPRM MAIN   
 170           4         7        571  0.00%  0.00%  0.00%   0 CEF Scanner      
 171           0         2          0  0.00%  0.00%  0.00%   0 AAA Cached Serve 
 172           0         2          0  0.00%  0.00%  0.00%   0 ENABLE AAA       
 173           0         1          0  0.00%  0.00%  0.00%   0 EM Background Pr 

 174           0         1          0  0.00%  0.00%  0.00%   0 Key chain liveke 
 175           0         2          0  0.00%  0.00%  0.00%   0 LINE AAA         
 176           0        14          0  0.00%  0.00%  0.00%   0 LOCAL AAA        
 177           0         2          0  0.00%  0.00%  0.00%   0 TPLUS            
 178           0         2          0  0.00%  0.00%  0.00%   0 VSP_MGR          
 179           0         3          0  0.00%  0.00%  0.00%   0 Crypto WUI       
 180           4         2       2000  0.00%  0.00%  0.00%   0 Crypto Support   
 181           0         1          0  0.00%  0.00%  0.00%   0 IPSECv6 PS Proc  
 182           0         1          0  0.00%  0.00%  0.00%   0 EPM MAIN PROCESS 
 183           4         1       4000  0.00%  0.00%  0.00%   0 CCVPM_HTSP       
 184           0         2          0  0.00%  0.00%  0.00%   0 VPM_MWI_BACKGROU 
 185           0         1          0  0.00%  0.00%  0.00%   0 CCVPM_R2         
 186           0         1          0  0.00%  0.00%  0.00%   0 EPHONE MWI Refre 
 187           0         1          0  0.00%  0.00%  0.00%   0 FB/KS Log HouseK 
 188           0         1          0  0.00%  0.00%  0.00%   0 EPHONE MWI BG Pr 
 189           0         1          0  0.00%  0.00%  0.00%   0 Skinny HW confer 
 190           0         8          0  0.00%  0.00%  0.00%   0 VOICE REG BG Pro 
 191           0         1          0  0.00%  0.00%  0.00%   0 Presence Process 
 192           0         1          0  0.00%  0.00%  0.00%   0 CCSWVOICE        
 123           0         1          0  0.00%  0.00%  0.00%   0 IGMPSN           
 194           0         1          0  0.00%  0.00%  0.00%   0 http client proc 
 195         656       171       3836  0.00%  0.99%  0.22%  99 SSH Process      
 196           0         1          0  0.00%  0.00%  0.00%   0 QOS_MODULE_MAIN  
 197           0         1          0  0.00%  0.00%  0.00%   0 RPMS_PROC_MAIN   
 198           0         1          0  0.00%  0.00%  0.00%   0 VoIP AAA         
 199          20         6       3333  0.00%  0.00%  0.00%   0 crypto engine pr 
 200          24         4       6000  0.00%  0.00%  0.00%   0 Crypto CA        
 201           0         1          0  0.00%  0.00%  0.00%   0 Crypto PKI-CRL   
 202           0         1          0  0.00%  0.00%  0.00%   0 Crypto SSL       
 203           0         1          0  0.00%  0.00%  0.00%   0 encrypt proc     
 204           0         1          0  0.00%  0.00%  0.00%   0 Crypto INT       
 205           0         3          0  0.00%  0.00%  0.00%   0 Crypto IKE Dispa 
 206           4         3       1333  0.00%  0.00%  0.00%   0 Crypto IKMP      
 207           8         1       8000  0.00%  0.00%  0.00%   0 Crypto IKEv2     
 208           0         1          0  0.00%  0.00%  0.00%   0 IPSEC manual key 
 209          64        14       4571  0.00%  0.00%  0.00%   0 IPSEC key engine 
 210           0         1          0  0.00%  0.00%  0.00%   0 CRYPTO QoS proce 
 211           4         4       1000  0.00%  0.00%  0.00%   0 Crypto ACL       
 212           0         1          0  0.00%  0.00%  0.00%   0 Crypto PAS Proc  
 213           0         1          0  0.00%  0.00%  0.00%   0 Key Proc         
 214           0         1          0  0.00%  0.00%  0.00%   0 GDOI GM Process  
 215           0         1          0  0.00%  0.00%  0.00%   0 UNICAST REKEY    
 216           0         1          0  0.00%  0.00%  0.00%   0 UNICAST REKEY AC 
 217           0         2          0  0.00%  0.00%  0.00%   0 Control-plane ho 
 218           0         1          0  0.00%  0.00%  0.00%   0 PM Callback      
 219           0         1          0  0.00%  0.00%  0.00%   0 DATA Transfer Pr 
 220           0         1          0  0.00%  0.00%  0.00%   0 DATA Collector   
 221           0         2          0  0.00%  0.00%  0.00%   0 AAA SEND STOP EV 
 222           0         2          0  0.00%  0.00%  0.00%   0 EEM ED Resource  
 223           0         3          0  0.00%  0.00%  0.00%   0 EEM ED Track     
 224           4        24        166  0.00%  0.00%  0.00%   0 RMON Recycle Pro 
 225           0         2          0  0.00%  0.00%  0.00%   0 RMON Deferred Se 
 226           0         1          0  0.00%  0.00%  0.00%   0 Syslog Traps     
 227           0         7          0  0.00%  0.00%  0.00%   0 Crypto cTCP proc 
 228           4       201         19  0.00%  0.00%  0.00%   0 trunk conditioni 
 229           0         1          0  0.00%  0.00%  0.00%   0 trunk conditioni 
 230           8         2       4000  0.00%  0.00%  0.00%   0 VLAN Manager     
 231          88       167        526  0.00%  0.12%  0.02% 100 SSH Process      
 232           0        33          0  0.00%  0.00%  0.00%   0 EEM Server       
 233           0         2          0  0.00%  0.00%  0.00%   0 EEM ED CLI       
 234           0         3          0  0.00%  0.00%  0.00%   0 EEM ED Counter   
 235           0         3          0  0.00%  0.00%  0.00%   0 EEM ED Interface 
 236           0         3          0  0.00%  0.00%  0.00%   0 EEM ED IOSWD     
 237           0         3          0  0.00%  0.00%  0.00%   0 EEM ED None      
 238           0         3          0  0.00%  0.00%  0.00%   0 EEM ED OIR       
 239           0         3          0  0.00%  0.00%  0.00%   0 EEM ED SNMP      
 240           0         7          0  0.00%  0.00%  0.00%   0 EEM ED Timer     
 241           0         3          0  0.00%  0.00%  0.00%   0 EEM Policy Direc 
 242          12        13        923  0.00%  0.00%  0.00%   0 Syslog           
 243           0         8          0  0.00%  0.00%  0.00%   0 IP SLA MPLSLM Pr 
 244           0         1          0  0.00%  0.00%  0.00%   0 VPDN Test        
 126           4         2       2000  0.00%  0.00%  0.00%   0 PPPoE Flow Contr 
 246           0         1          0  0.00%  0.00%  0.00%   0 Async write proc 
 247           0         1          0  0.00%  0.00%  0.00%   0 Async write proc 
 248           0         1          0  0.00%  0.00%  0.00%   0 Async write proc 
 249           0         1          0  0.00%  0.00%  0.00%   0 Async write proc 
 250           0         4          0  0.00%  0.00%  0.00%   0 DFS flush period 
 251           0         3          0  0.00%  0.00%  0.00%   0 SSH Event handle 
 129           0       221          0  0.00%  0.00%  0.00%   0 RUDPV1 Main Proc 
 253           0         1          0  0.00%  0.00%  0.00%   0 Async write proc 
 254           0         1          0  0.00%  0.00%  0.00%   0 Async write proc 
 255           0         1          0  0.00%  0.00%  0.00%   0 Async write proc 
 256           0         1          0  0.00%  0.00%  0.00%   0 Async write proc 
 257           0         1          0  0.00%  0.00%  0.00%   0 DFS flush period
R2#show processes cpu history

R2   12:03:44 AM Friday Mar 1 2002 UTC

                                                                
    2222233333                                                  
    222223333355555                    111111111111111          
100                                                             
 90                                                             
 80                                                             
 70                                                             
 60                                                             
 50                                                             
 40                                                             
 30      *****                                                  
 20 **********                                                  
 10 ***************                                             
   0....5....1....1....2....2....3....3....4....4....5....5....6
             0    5    0    5    0    5    0    5    0    5    0
               CPU% per second (last 60 seconds)

                                                                
     11                                                         
    602                                                         
100                                                             
 90                                                             
 80                                                             
 70                                                             
 60                                                             
 50                                                             
 40                                                             
 30                                                             
 20                                                             
 10 ***                                                         
   0....5....1....1....2....2....3....3....4....4....5....5....6
             0    5    0    5    0    5    0    5    0    5    0
               CPU% per minute (last 60 minutes)
              * = maximum CPU%   # = average CPU%

                                                                            
                                                                            
                                                                            
100                                                                         
 90                                                                         
 80                                                                         
 70                                                                         
 60                                                                         
 50                                                                         
 40                                                                         
 30                                                                         
 20                                                                         
 10                                                                         
   0....5....1....1....2....2....3....3....4....4....5....5....6....6....7..
             0    5    0    5    0    5    0    5    0    5    0    5    0  
                   CPU% per hour (last 72 hours)
                  * = maximum CPU%   # = average CPU%


R2#show processes memory sorted
Processor Pool Total:  156034848 Used:   20316644 Free:  135718204
      I/O Pool Total:   12582912 Used:    4142176 Free:    8440736

 PID TTY  Allocated      Freed    Holding    Getbufs    Retbufs Process
   0   0   37978476   14757056   19311356          0          0 *Init*          
   0   0    1469484    2803628     357124     178568          0 *Dead*          
 230   0     343664       5184     325048          0          0 VLAN Manager    
 103   0     280416       1052     282036          0          0 EAPoUDP Process 
  25   0     264484          0     273864     113400          0 EEM ED Syslog   
 196   0     247992          0     255060          0          0 QOS_MODULE_MAIN 
   1   0     159352          0     166420          0          0 Chunk Manager   
 232   0     114240       7344     120696          0          0 EEM Server      
 177   0     109204        252     116020          0          0 TPLUS           
   4   0      65588          0      90656          0          0 EDDRI_MAIN      
 193  98     970556     902156      80800          0          0 SSH Process     
 207   0      66852          0      79920          0          0 Crypto IKEv2    
 209   0      78036      11748      78824          0          0 IPSEC key engine
 195  99     923716     858844      77184      13608          0 SSH Process     
 113   0      75616       2384      73792          0          0 CEF process     
 160   0      66440        252      73256          0          0 HTTP Process    
 211   0      45324       3240      67152          0          0 Crypto ACL      
  59   0      57904        252      64720          0          0 VNM DSPRM MAIN  
 194   0        940          0      62008          0          0 http client proc
  86   0      49384          0      56452          0          0 IP ARP Retry Age
  82   0      49384          0      56452          0          0 ACCT Periodic Pr
  17   0      40368        264      47172          0          0 ARP Input       
 231 100      84608      57824      39128          0          0 SSH Process     
 245 101     216716     190236      38920          0          0 SSH Process     
 252 102     215268     189044      38612          0          0 SSH Process     
 165   0      27084        252      33900          0          0 CCVPM_HDSPRM    
 157   0      16812        252      29628          0          0 IPS Auto Update 
 127   0      18944        252      25760          0          0 SCTP Main Proces
 197   0        284          0      25352          0          0 RPMS_PROC_MAIN  
 198   0          0          0      25068          0          0 VoIP AAA        
  66   0          0          0      25068          0          0 RF_INTERDEV_SCTP
  73   0          0          0      25068          0          0 CF_INTERDEV_SCTP
   9   0          0          0      25068          0          0 Crash writer    
 117   0          0          0      25068          0          0 COPS            
 183   0      13912          0      23980          0          0 CCVPM_HTSP      
  84   0      14940        252      21756          0          0 CDP Protocol    
 116   0      88784      20580      21632          0          0 TCP Protocols   
 251   0      21240          0      21116       2268          0 SSH Event handle
  87   0      28812       1372      19928          0          0 IP Input        
 162   0      12592        252      19408          0          0 CIFS Proxy Proce
  53   0      11688          0      18756          0          0 mxt5100         
 206   0       4844        252      17660          0          0 Crypto IKMP     
 185   0      10488          0      17556          0          0 CCVPM_R2        
 164   0      10052          0      17120          0          0 Crypto HW Proc  
 241   0      10020        912      16176          0          0 EEM Policy Direc
 189   0       8244          0      15312          0          0 Skinny HW confer
 199   0      16944       8604      15260          0          0 crypto engine pr
 200   0       2520        864      14724          0          0 Crypto CA       
  36   0      22924        400      14388          0          0 Net Background  
 139   0       3448          0      13516          0          0 HTTP CORE       
  37   0        712        456      13324          0          0 IDB Work        
  94   0        256       6384      13324          0          0 Exec            
  99   0        504        252      13320          0          0 Spanning Tree   
  38   0          0          0      13068          0          0 Logger          
 242   0       6616       6616      13068          0          0 Syslog          
  34   0        252        252      13068          0          0 XML Proxy Client
  54   0          0          0      13068          0          0 sal_dpc_process 
 156   0          0          0      13068          0          0 IPS Process     
 138   0        252        252      13068          0          0 ATM OAM TIMER   
 149   0          0          0      13068          0          0 VPDN call manage
 137   0        252        252      13068          0          0 ATM OAM Input   
 144   0        252        252      13068          0          0 X.25 Background 
  32   0        252        252      13068          0          0 Dialer event    
 125   0          0          0      13068          0          0 L2X Data Daemon 
  22   0          0          0      13068          0          0 Policy Manager  
 205   0        252        716      13068          0          0 Crypto IKE Dispa
 115   0          0          0      13068          0          0 TCP Timer       
   8   0          0          0      13068          0          0 OIR Handler     
 203   0          0          0      13068          0          0 encrypt proc    
 109   0        252        252      13068          0          0 PPP IPCP        
 108   0        252        252      13068          0          0 PPP IP Route    
  69   0          0          0      13068          0          0 AAL2CPS TIMER_CU
  93   0        556        556      13068          0          0 PPP Hooks       
  95   0          0          0      13068          0          0 SSS Manager     
 105   0        252        252      13068          0          0 KRB5 AAA        
  96   0          0          0      13068          0          0 SSS Test Client 
 101   0        252        252      13068          0          0 SSM connection m
 180   0       5304        252      12120          0          0 Crypto Support  
   0   0      12052     121356      12052          0          0 *Sched*         
 229   0       4660          0      11728          0          0 trunk conditioni
  24   0       4020          0      11088          0          0 Entity MIB API  
 222   0        868          0      10324          0          0 EEM ED Resource 
 107   0        224          0      10292          0          0 IP RIB Update   
   5   0       3100          0      10228          0          0 Check heaps     
 106   0         76          0      10144          0          0 IP Background   
  40   0          0          0      10068          0          0 Per-Second Jobs 
 240   0        612          0      10068          0          0 EEM ED Timer    
 238   0        612          0      10068          0          0 EEM ED OIR      
 104   0        252        252      10068          0          0 IP Host Track Pr
 237   0        612          0      10068          0          0 EEM ED None     
 236   0        612          0      10068          0          0 EEM ED IOSWD    
 235   0        612          0      10068          0          0 EEM ED Interface
 234   0        612          0      10068          0          0 EEM ED Counter  
 233   0        612          0      10068          0          0 EEM ED CLI      
 223   0        612          0      10068          0          0 EEM ED Track    
 132   0          0          0      10068          0          0 CES Client SVC R
 239   0        612          0      10068          0          0 EEM ED SNMP     
 135   0        252        252      10068          0          0 Adj Manager     
  77   0       2500        252       9316          0          0 DTP Protocol    
 179   0        432        252       9248          0          0 Crypto WUI      
 201   0          0          0       9068          0          0 Crypto PKI-CRL  
 213   0          0          0       9068          0          0 Key Proc        
 202   0          0          0       9068          0          0 Crypto SSL      
  45   0      22396          0       8148          0          0 rf task         
  85   0       1072          0       8140          0          0 IP ARP Adjacency
 163   0       1192        252       8008          0          0 URL filter proc 
  15   0        744          0       7812          0          0 IPC Seat Manager
 121   0        732        160       7800          0          0 L2MM            
  42   0     600368     601584       7680          0          0 crypto sw pk pro
  39   0      13676        252       7424          0          0 TTY Background  
 192   0        336          0       7404          0          0 CCSWVOICE       
 118   0        504        252       7320          0          0 Dot1x Supplicant
 120   0        504        252       7320          0          0 Dot1x Supplicant
 119   0        504        252       7320          0          0 Dot1x Supplicant
 170   0        224          0       7292          0          0 CEF Scanner     
 219   0        224          0       7292          0          0 DATA Transfer Pr
 220   0        224          0       7292          0          0 DATA Collector  
 158   0        388        252       7204          0          0 SDEE Management 
  18   0       1736       1628       7176          0          0 ARP Background  
 186   0          0          0       7140          0          0 EPHONE MWI Refre
 123   0          0          0       7140          0          0 IGMPSN          
  67   0          0          0       7128          0          0 cpf_process_msg_
   3   0          0          0       7120          0          0 chkpt message ha
 110   0          0          0       7068          0          0 IP Traceroute   
 122   0          0          0       7068          0          0 MRD             
 112   0          0          0       7068          0          0 Asy FS Helper   
 124   0        252        252       7068          0          0 RLM groups Proce
  61   0        252        252       7068          0          0 FLEX DNLD MAIN  
 126   0        252        252       7068          0          0 PPPoE Flow Contr
  60   0          0          0       7068          0          0 DSPFARM DSP READ
  76   0          0          0       7068          0          0 EAP Framework   
 129   0        252        252       7068          0          0 RUDPV1 Main Proc
 130   0          0          0       7068          0          0 bsm_timers      
 131   0          0          0       7068          0          0 bsm_xmt_proc    
 100   0          0          0       7068          0          0 X.25 Encaps Mana
 133   0        252        252       7068          0          0 Dialer Forwarder
 134   0          0          0       7068          0          0 IP Cache Ager   
  98   0          0          0       7068          0          0 SSS Feature Time
 136   0        252        252       7068          0          0 Flow Exporter Ti
  58   0        252        252       7068          0          0 SM Monitor      
  56   0        252        252       7068          0          0 ESWILPPM        
  55   0          0          0       7068          0          0 ARL Table Manage
 140   0          0          0       7068          0          0 RARP Input      
 141   0          0          0       7068          0          0 IPv6 Inspect Tim
 142   0          0          0       7068          0          0 LAPB Process    
 143   0          0          0       7068          0          0 PAD InCall      
  50   0          0          0       7068          0          0 Transport Port A
 145   0        252        252       7068          0          0 PPP Bind        
 146   0        252        252       7068          0          0 PPP SSS         
 147   0          0          0       7068          0          0 MQC Flow Event B
 148   0        252        252       7068          0          0 RBSCP Background
  49   0          0          0       7068          0          0 AggMgr Process  
 150   0        252        252       7068          0          0 Inspect process 
 151   0          0          0       7068          0          0 cpf_process_tpQ 
 152   0          0          0       7068          0          0 Authentication P
 153   0          0          0       7068          0          0 Auth-proxy AAA B
 154   0          0          0       7068          0          0 CHKPT EXAMPLE   
 155   0          0          0       7068          0          0 CHKPT DevTest   
  48   0          0          0       7068          0          0 Per-minute Jobs 
  47   0        252        252       7068          0          0 Compute load avg
  62   0          0          0       7068          0          0 HDV background  
 159   0          0          0       7068          0          0 Select Timers   
  46   0          0          0       7068          0          0 Net Input       
  68   0        252        252       7068          0          0 Ether-Switch RBC
  97   0          0          0       7068          0          0 SSS Feature Mana
  70   0          0          0       7068          0          0 IGMP Snooping Pr
  44   0          0          0       7068          0          0 IPSEC HA Mgr    
  43   0          0          0       7068          0          0 IKE HA Mgr      
  63   0        252        252       7068          0          0 Bryce I2C CMD Qu
  64   0        252        252       7068          0          0 VMI Background  
 168   0        252        252       7068          0          0 CRM_CALL_UPDATE_
 169   0        304        304       7068          0          0 HDA DSPRM MAIN  
 111   0          0          0       7068          0          0 SNMP Timers     
  71   0          0          0       7068          0          0 IGMP Snooping Re
 172   0        252        252       7068          0          0 ENABLE AAA      
 173   0          0          0       7068          0          0 EM Background Pr
 174   0          0          0       7068          0          0 Key chain liveke
 175   0        252        252       7068          0          0 LINE AAA        
 176   0       1632       4464       7068          0          0 LOCAL AAA       
  72   0        252        252       7068          0          0 Call Management 
 178   0        252        252       7068          0          0 VSP_MGR         
  78   0        252        252       7068          0          0 PI MATM Aging Pr
  74   0        252        252       7068          0          0 Dot1x Mgr Proces
 181   0          0          0       7068          0          0 IPSECv6 PS Proc 
 182   0          0          0       7068          0          0 EPM MAIN PROCESS
  35   0          0          0       7068          0          0 Critical Bkgnd  
 184   0        252        252       7068          0          0 VPM_MWI_BACKGROU
  33   0          0          0       7068          0          0 SERIAL A'detect 
  65   0          0          0       7068          0          0 RF_INTERDEV_DELA
 187   0          0          0       7068          0          0 FB/KS Log HouseK
 188   0          0          0       7068          0          0 EPHONE MWI BG Pr
  31   0        252        252       7068          0          0 GraphIt         
 190   0          0          0       7068          0          0 VOICE REG BG Pro
 191   0          0          0       7068          0          0 Presence Process
 102   0          0          0       7068          0          0 AC Switch       
  30   0        252        252       7068          0          0 SMART           
  28   0          0          0       7068          0          0 RO Notify Timers
  27   0        252        252       7068          0          0 Serial Backgroun
  26   0          0          0       7068          0          0 HC Counter Timer
  23   0        252        252       7068          0          0 DDR Timers      
  21   0          0          0       7068          0          0 AAA_SERVER_DEADT
  20   0        252        252       7068          0          0 AAA high-capacit
  19   0        252        252       7068          0          0 ATM Idle Timer  
  79   0        252        252       7068          0          0 EtherChnl       
  80   0        252        252       7068          0          0 AAA Server      
 114   0          0          0       7068          0          0 Socket Timers   
 204   0          0          0       7068          0          0 Crypto INT      
  16   0          0          0       7068          0          0 IPC BackPressure
 161   0        252        252       7068          0          0 CIFS API Process
  14   0          0          0       7068          0          0 IPC Deferred Por
 208   0          0          0       7068          0          0 IPSEC manual key
  13   0          0          0       7068          0          0 IPC Periodic Tim
 210   0          0          0       7068          0          0 CRYPTO QoS proce
  12   0          0          0       7068          0          0 IPC Zone Manager
 212   0          0          0       7068          0          0 Crypto PAS Proc 
  81   0          0          0       7068          0          0 AAA ACCT Proc   
 214   0          0          0       7068          0          0 GDOI GM Process 
 215   0          0          0       7068          0          0 UNICAST REKEY   
 216   0          0          0       7068          0          0 UNICAST REKEY AC
 217   0        252        252       7068          0          0 Control-plane ho
 218   0          0          0       7068          0          0 PM Callback     
 166   0       7404          0       7068          0          0 FLEX DSPRM MAIN 
 167   0          0          0       7068          0          0 FLEX DSP KEEPALI
 221   0        252        252       7068          0          0 AAA SEND STOP EV
  11   0          0          0       7068          0          0 IPC Dynamic Cach
  92   0        252        252       7068          0          0 MOP Protocols   
 224   0        252        252       7068          0          0 RMON Recycle Pro
 225   0        252        252       7068          0          0 RMON Deferred Se
 226   0          0          0       7068          0          0 Syslog Traps    
 227   0          0          0       7068          0          0 Crypto cTCP proc
 228   0          0          0       7068          0          0 trunk conditioni
  10   0        252        252       7068          0          0 Environmental mo
   7   0        252        252       7068          0          0 Timers          
   6   0          0          0       7068          0          0 Pool Manager    
  75   0          0          0       7068          0          0 MAB Framework   
  91   0          0          0       7068          0          0 IPv6 RIB Redistr
  90   0        252        252       7068          0          0 TurboACL chunk  
  89   0        252        252       7068          0          0 TurboACL        
  88   0          0          0       7068          0          0 ICMP event handl
  83   0        252        252       7068          0          0 AAA Dictionary R
 171   0        252        252       7068          0          0 AAA Cached Serve
 128   0          0          0       7068          0          0 IUA Main Process
 244   0          0          0       7068          0          0 VPDN Test       
 243   0          0          0       7068          0          0 IP SLA MPLSLM Pr
 249   0        252          0       4320          0          0 Async write proc
 248   0        252          0       4320          0          0 Async write proc
 256   0        252          0       4320          0          0 Async write proc
 255   0        252          0       4320          0          0 Async write proc
 246   0        252          0       4320          0          0 Async write proc
 247   0        252          0       4320          0          0 Async write proc
 254   0        252          0       4320          0          0 Async write proc
 253   0        252          0       4320          0          0 Async write proc
  41   0          0          0       4068          0          0 Inode Table Dest
  51   0          0          0       4068          0          0 dev_device_inser
   2   0        252        252       4068          0          0 Load Meter      
  52   0          0          0       4068          0          0 dev_device_remov
  29   0          0          0       4068          0          0 RMI RM Notify Wa
 250   0          0          0       4068          0          0 DFS flush period
  57   0        252        252       4068          0          0 Eswilp Storm Con
 257   0          0          0       4068          0          0 DFS flush period
                                 24450660 Total
R2#show access-lists

R2#show ip route
Codes: C - connected, S - static, R - RIP, M - mobile, B - BGP
       D - EIGRP, EX - EIGRP external, O - OSPF, IA - OSPF inter area 
       N1 - OSPF NSSA external type 1, N2 - OSPF NSSA external type 2
       E1 - OSPF external type 1, E2 - OSPF external type 2
       i - IS-IS, su - IS-IS summary, L1 - IS-IS level-1, L2 - IS-IS level-2
       ia - IS-IS inter area, * - candidate default, U - per-user static route
       o - ODR, P - periodic downloaded static route

Gateway of last resort is not set

C    192.168.97.0/24 is directly connected, FastEthernet0/0
R2#show file systems
File Systems:

       Size(b)       Free(b)      Type  Flags  Prefixes
             -             -    opaque     rw   archive:
             -             -    opaque     rw   system:
             -             -    opaque     rw   tmpsys:
         57336         52447     nvram     rw   nvram:
             -             -    opaque     rw   null:
             -             -   network     rw   tftp:
* 2199023089664     134211584      disk     rw   flash:
  2199023089664     134211584      disk     rw   slot0:
             -             -    opaque     wo   syslog:
             -             -    opaque     rw   xmodem:
             -             -    opaque     rw   ymodem:
             -             -   network     rw   rcp:
             -             -   network     rw   pram:
             -             -   network     rw   ftp:
             -             -   network     rw   http:
             -             -   network     rw   scp:
             -             -    opaque     ro   tar:
             -             -   network     rw   https:
             -             -    opaque     ro   cns:

R2#show logging
Syslog logging: enabled (12 messages dropped, 0 messages rate-limited,
                0 flushes, 0 overruns, xml disabled, filtering disabled)

No Active Message Discriminator.



No Inactive Message Discriminator.


    Console logging: level debugging, 22 messages logged, xml disabled,
                     filtering disabled
    Monitor logging: level debugging, 0 messages logged, xml disabled,
                     filtering disabled
    Buffer logging:  disabled, xml disabled,
                     filtering disabled
    Logging Exception size (4096 bytes)
    Count and timestamp logging messages: disabled
    Persistent logging: disabled

No active filter modules.

ESM: 0 messages dropped

    Trap logging: level informational, 26 message lines logged
R2#