configure terminal
Enter configuration commands, one per line.  End with CNTL/Z.
SW3(config)#exit
SW3#term leng 0
SW3#show inventory
SW3#show clock
*02:24:44.907 UTC Fri Sep 23 2022
SW3#show ntp associations
SW3#show version
Cisco IOS Software, vios_l2 Software (vios_l2-ADVENTERPRISEK9-M), Experimental Version 15.2(20170321:233949) [mmen 101]
Copyright (c) 1986-2017 by Cisco Systems, Inc.
Compiled Wed 22-Mar-17 08:38 by mmen


ROM: Bootstrap program is IOSv

SW3 uptime is 4 minutes
System returned to ROM by reload
System image file is "flash0:/vios_l2-adventerprisek9-m"
Last reload reason: Unknown reason



This product contains cryptographic features and is subject to United
States and local country laws governing import, export, transfer and
use. Delivery of Cisco cryptographic products does not imply
third-party authority to import, export, distribute or use encryption.
Importers, exporters, distributors and users are responsible for
compliance with U.S. and local country laws. By using this product you
agree to comply with applicable laws and regulations. If you are unable
to comply with U.S. and local laws, return this product immediately.

A summary of U.S. laws governing Cisco cryptographic products may be found at:
http://www.cisco.com/wwl/export/crypto/tool/stqrg.html

If you require further assistance please contact us by sending email to
export@cisco.com.

Cisco IOSv () processor (revision 1.0) with 935289K/111616K bytes of memory.
Processor board ID 9NK0ZYXHFMC
1 Virtual Ethernet interface
8 Gigabit Ethernet interfaces
DRAM configuration is 72 bits wide with parity disabled.
256K bytes of non-volatile configuration memory.
2097152K bytes of ATA System CompactFlash 0 (Read/Write)
0K bytes of ATA CompactFlash 1 (Read/Write)
0K bytes of ATA CompactFlash 2 (Read/Write)
0K bytes of ATA CompactFlash 3 (Read/Write)

Configuration register is 0x101

SW3#show running-config
Building configuration...

Current configuration : 3240 bytes
!
! Last configuration change at 02:24:44 UTC Fri Sep 23 2022 by admin
!
version 15.2
service timestamps debug datetime msec
service timestamps log datetime msec
no service password-encryption
service compress-config
!
hostname SW3
!
boot-start-marker
boot-end-marker
!
!
enable secret 5 $1$JM9P$PTjni26d.C0aAMWXWp8Ie/
!
username admin password 0 admin
no aaa new-model
!
!
!
!
!
!
!
!
ip domain-name switch2
ip cef
no ipv6 cef
!
!
!
spanning-tree mode pvst
spanning-tree extend system-id
!
vlan internal allocation policy ascending
!
! 
!
!
!
!
!
!
!
!
!
!
!
!
interface GigabitEthernet0/0
 media-type rj45
 negotiation auto
!
interface GigabitEthernet0/1
 media-type rj45
 negotiation auto
!
interface GigabitEthernet0/2
 switchport access vlan 152
 switchport mode access
 media-type rj45
 negotiation auto
!
interface GigabitEthernet0/3
 media-type rj45
 negotiation auto
!
interface GigabitEthernet1/0
 media-type rj45
 negotiation auto
!
interface GigabitEthernet1/1
 media-type rj45
 negotiation auto
!
interface GigabitEthernet1/2
 media-type rj45
 negotiation auto
!
interface GigabitEthernet1/3
 media-type rj45
 negotiation auto
!
interface Vlan1
 ip address 192.168.97.233 255.255.255.0
!
ip forward-protocol nd
!
no ip http server
no ip http secure-server
!
!
!
!
!
!
control-plane
!
banner exec ^C
**************************************************************************
* IOSv is strictly limited to use for evaluation, demonstration and IOS  *
* education. IOSv is provided as-is and is not supported by Cisco's      *
* Technical Advisory Center. Any use or disclosure, in whole or in part, *
* of the IOSv Software or Documentation to any third party for any       *
* purposes is expressly prohibited except as otherwise authorized by     *
* Cisco in writing.                                                      *
**************************************************************************^C
banner incoming ^C
**************************************************************************
* IOSv is strictly limited to use for evaluation, demonstration and IOS  *
* education. IOSv is provided as-is and is not supported by Cisco's      *
* Technical Advisory Center. Any use or disclosure, in whole or in part, *
* of the IOSv Software or Documentation to any third party for any       *
* purposes is expressly prohibited except as otherwise authorized by     *
* Cisco in writing.                                                      *
**************************************************************************^C
banner login ^C
**************************************************************************
* IOSv is strictly limited to use for evaluation, demonstration and IOS  *
* education. IOSv is provided as-is and is not supported by Cisco's      *
* Technical Advisory Center. Any use or disclosure, in whole or in part, *
* of the IOSv Software or Documentation to any third party for any       *
* purposes is expressly prohibited except as otherwise authorized by     *
* Cisco in writing.                                                      *
**************************************************************************^C
!
line con 0
 login local
line aux 0
line vty 0 4
 login local
 transport input all
!
!
end

SW3#show ip interface brief
Interface              IP-Address      OK? Method Status                Protocol
GigabitEthernet0/0     unassigned      YES unset  up                    up      
GigabitEthernet0/1     unassigned      YES unset  up                    up      
GigabitEthernet0/2     unassigned      YES unset  up                    up      
GigabitEthernet0/3     unassigned      YES unset  up                    up      
GigabitEthernet1/0     unassigned      YES unset  up                    up      
GigabitEthernet1/1     unassigned      YES unset  up                    up      
GigabitEthernet1/2     unassigned      YES unset  up                    up      
GigabitEthernet1/3     unassigned      YES unset  up                    up      
Vlan1                  192.168.97.233  YES NVRAM  up                    up      
SW3#show interface status

Port      Name               Status       Vlan       Duplex  Speed Type 
Gi0/0                        connected    1          a-full   auto RJ45
Gi0/1                        connected    1          a-full   auto RJ45
Gi0/2                        connected    152        a-full   auto RJ45
Gi0/3                        connected    1          a-full   auto RJ45
Gi1/0                        connected    1          a-full   auto RJ45
Gi1/1                        connected    1          a-full   auto RJ45
Gi1/2                        connected    1          a-full   auto RJ45
Gi1/3                        connected    1          a-full   auto RJ45
SW3#show cdp neighbor
Capability Codes: R - Router, T - Trans Bridge, B - Source Route Bridge
                  S - Switch, H - Host, I - IGMP, r - Repeater, P - Phone, 
                  D - Remote, C - CVTA, M - Two-port Mac Relay 

Device ID        Local Intrfce     Holdtme    Capability  Platform  Port ID
Switch.switch    Gig 0/0           149             R S I            Gig 0/0

Total cdp entries displayed : 1
SW3#show cdp neighbor detail
-------------------------
Device ID: Switch.switch
Entry address(es): 
  IP address: 192.168.97.222
Platform: Cisco ,  Capabilities: Router Switch IGMP 
Interface: GigabitEthernet0/0,  Port ID (outgoing port): GigabitEthernet0/0
Holdtime : 149 sec

Version :
Cisco IOS Software, vios_l2 Software (vios_l2-ADVENTERPRISEK9-M), Experimental Version 15.2(20170321:233949) [mmen 101]
Copyright (c) 1986-2017 by Cisco Systems, Inc.
Compiled Wed 22-Mar-17 08:38 by mmen

advertisement version: 2
VTP Management Domain: ''
Native VLAN: 1
Duplex: full
Management address(es): 
  IP address: 192.168.97.222


Total cdp entries displayed : 1
SW3#show environment all
           ^
% Invalid input detected at '^' marker.

SW3#show systems resources
          ^
% Invalid input detected at '^' marker.

SW3#show processes cpu sorted
CPU utilization for five seconds: 67%/0%; one minute: 15%; five minutes: 7%
 PID Runtime(ms)     Invoked      uSecs   5Sec   1Min   5Min TTY Process 
 113        1305         516       2529 19.90%  1.59%  0.33%   5 SSH Process      
 122         533         953        559  4.79%  0.76%  0.16%   0 IP Input         
 126         178         166       1072  3.51%  0.28%  0.05%   6 SSH Process      
   3         160         167        958  2.95%  0.23%  0.04%   2 SSH Process      
  62        9791       12488        784  0.87%  3.32%  2.16%   0 IOSv e1000       
 163          34         598         56  0.39%  0.04%  0.00%   0 TCP Timer        
 215         561        4096        136  0.31%  0.20%  0.13%   0 MMA DP TIMER     
  70         792       32263         24  0.23%  0.20%  0.16%   0 Ethernet Msec Ti 
 201         537        4097        131  0.23%  0.19%  0.12%   0 MMA DB TIMER     
 280         709         271       2616  0.23%  0.20%  0.14%   0 Per-Second Jobs  
 128        1032        1037        995  0.15%  0.35%  0.24%   0 Spanning Tree    
  56         292         262       1114  0.15%  0.03%  0.03%   0 TTY Background   
   8           6         216         27  0.07%  0.00%  0.00%   0 WATCH_AFS        
 100          29         266        109  0.07%  0.00%  0.00%   0 PI MATM Aging Pr 
  83         586        4096        143  0.07%  0.17%  0.13%   0 VRRS Main thread 
 173          52         270        192  0.07%  0.01%  0.00%   0 ADJ background   
  16           0           1          0  0.00%  0.00%  0.00%   0 CEF MIB API      
  15          42         287        146  0.00%  0.00%  0.00%   0 ARP Background   
  17           0           1          0  0.00%  0.00%  0.00%   0 AAA_SERVER_DEADT 
  18           0           1          0  0.00%  0.00%  0.00%   0 Policy Manager   
  21           1           1       1000  0.00%  0.00%  0.00%   0 Entity MIB API   
  19           1           2        500  0.00%  0.00%  0.00%   0 DDR Timers       
  20           1           2        500  0.00%  0.00%  0.00%   0 Dialer event     
  24           0           5          0  0.00%  0.00%  0.00%   0 IPC Dynamic Cach 
  22           4          55         72  0.00%  0.00%  0.00%   0 IPC Event Notifi 
  26           0           1          0  0.00%  0.00%  0.00%   0 IPC Zone Manager 
  27          14         264         53  0.00%  0.00%  0.00%   0 IPC Periodic Tim 
  28           7         264         26  0.00%  0.00%  0.00%   0 IPC Deferred Por 
  29           0           1          0  0.00%  0.00%  0.00%   0 IPC Process leve 
  23          13         264         49  0.00%  0.00%  0.00%   0 IPC Mcast Pendin 
  31           0          16          0  0.00%  0.00%  0.00%   0 IPC Check Queue  
  25           0           1          0  0.00%  0.00%  0.00%   0 IPC Session Serv 
  33           0           1          0  0.00%  0.00%  0.00%   0 IPC Seat TX Cont 
  34           0          28          0  0.00%  0.00%  0.00%   0 IPC Keep Alive M 
  35           2          55         36  0.00%  0.00%  0.00%   0 IPC Loadometer   
  30           0           1          0  0.00%  0.00%  0.00%   0 IPC Seat Manager 
  37           1           3        333  0.00%  0.00%  0.00%   0 PrstVbl          
  38           1           2        500  0.00%  0.00%  0.00%   0 Serial Backgroun 
  39           0           2          0  0.00%  0.00%  0.00%   0 ARP Snoop        
  40          35         270        129  0.00%  0.00%  0.00%   0 Dynamic ARP Insp 
  41          49          17       2882  0.00%  0.00%  0.00%   0 crypto sw pk pro 
  42           8         267         29  0.00%  0.00%  0.00%   0 GraphIt          
  43           0           1          0  0.00%  0.00%  0.00%   0 SERIAL A'detect  
  44           1           1       1000  0.00%  0.00%  0.00%   0 Inode Table Dest 
  45           0           1          0  0.00%  0.00%  0.00%   0 dev_device_inser 
  32           0           1          0  0.00%  0.00%  0.00%   0 IPC Seat RX Cont 
  47         911         203       4487  0.00%  1.47%  0.32%   3 SSH Process      
  48           0           1          0  0.00%  0.00%  0.00%   0 Async write proc 
  36           0           1          0  0.00%  0.00%  0.00%   0 IPC Session Deta 
  50           0           1          0  0.00%  0.00%  0.00%   0 Async write proc 
  51           0           6          0  0.00%  0.00%  0.00%   0 DFS flush period 
  52           0           1          0  0.00%  0.00%  0.00%   0 Critical Bkgnd   
  53          55          31       1774  0.00%  0.00%  0.00%   0 Net Background   
  54           1           2        500  0.00%  0.00%  0.00%   0 IDB Work         
  55           9          13        692  0.00%  0.00%  0.00%   0 Logger           
  14           4           5        800  0.00%  0.00%  0.00%   0 ARP Input        
  46           0           1          0  0.00%  0.00%  0.00%   0 dev_device_remov 
  58           3           2       1500  0.00%  0.00%  0.00%   0 IF-MGR event pro 
  59           0           1          0  0.00%  0.00%  0.00%   0 AggMgr Process   
  60           0           1          0  0.00%  0.00%  0.00%   0 Transport Port A 
  61          15          55        272  0.00%  0.00%  0.00%   0 HC Counter Timer 
  13           1           1       1000  0.00%  0.00%  0.00%   0 IFS Agent Manage 
  63           0           1          0  0.00%  0.00%  0.00%   0 Src Fltr backgro 
  64          12           3       4000  0.00%  0.00%  0.00%   0 EEM ED Identity  
  65           2           4        500  0.00%  0.00%  0.00%   0 EEM ED MAT       
  66           4          23        173  0.00%  0.00%  0.00%   0 EEM ED ND        
  67           3          55         54  0.00%  0.00%  0.00%   0 Rate limit load  
  68           1           2        500  0.00%  0.00%  0.00%   0 Ethernet CFM     
  69          25        1260         19  0.00%  0.00%  0.00%   0 Ethernet Timer C 
  12           0           1          0  0.00%  0.00%  0.00%   0 Exception contro 
  71           0           2          0  0.00%  0.00%  0.00%   0 Ethernet CFM IOU 
  72           1           2        500  0.00%  0.00%  0.00%   0 Dot1x Mgr Proces 
  73           0           1          0  0.00%  0.00%  0.00%   0 EAP Framework    
  74           0           1          0  0.00%  0.00%  0.00%   0 EAP Test         
  75           1          16         62  0.00%  0.00%  0.00%   0 AAA Server       
  76           0           1          0  0.00%  0.00%  0.00%   0 AAA ACCT Proc    
  49           0           1          0  0.00%  0.00%  0.00%   0 Async write proc 
  78           0           1          0  0.00%  0.00%  0.00%   0 AAA System Acct  
  79           1           2        500  0.00%  0.00%  0.00%   0 EFP Errd         
  80           0           2          0  0.00%  0.00%  0.00%   0 Ethernet LMI     
  81          64         269        237  0.00%  0.02%  0.00%   0 FHRP Main thread 
  11           0           1          0  0.00%  0.00%  0.00%   0 Crash writer     
  57          12           3       4000  0.00%  0.00%  0.00%   0 IF-MGR control p 
  84         173         166       1042  0.00%  0.27%  0.05%   4 SSH Process      
  85          51         269        189  0.00%  0.01%  0.00%   0 mDNS             
  86           0           1          0  0.00%  0.00%  0.00%   0 SSS Manager      
  10        1164        8476        137  0.00%  0.17%  0.22%   0 IOSv in console  
  88          26        1055         24  0.00%  0.00%  0.00%   0 SSS Feature Time 
  89           0           2          0  0.00%  0.00%  0.00%   0 Ethernet OAM Pro 
  90           0           1          0  0.00%  0.00%  0.00%   0 AC Switch        
  91           6           6       1000  0.00%  0.00%  0.00%   0 SSM connection m 
  92           0           2          0  0.00%  0.00%  0.00%   0 OCE punted Pkts  
  93           0           1          0  0.00%  0.00%  0.00%   0 LSP Tunnel FRR   
  94           0           1          0  0.00%  0.00%  0.00%   0 MPLS Auto-Tunnel 
  95           1           1       1000  0.00%  0.00%  0.00%   0 O-UNI Client Msg 
  96           0           3          0  0.00%  0.00%  0.00%   0 DHCP Snooping    
  97           0           1          0  0.00%  0.00%  0.00%   0 DHCP Snooping db 
  98           1           2        500  0.00%  0.00%  0.00%   0 802.1x switch    
  99         120          38       3157  0.00%  0.04%  0.00%   0 DTP Protocol     
  77           0           1          0  0.00%  0.00%  0.00%   0 ACCT Periodic Pr 
 101           0           5          0  0.00%  0.00%  0.00%   0 Port-Security    
 102           0           2          0  0.00%  0.00%  0.00%   0 IP Host Track Pr 
 103           0          29          0  0.00%  0.00%  0.00%   0 Ethchnl          
 104         249        2628         94  0.00%  0.00%  0.00%   0 UDLD             
 105           0           1          0  0.00%  0.00%  0.00%   0 UNIX IP Source g 
 106           1           6        166  0.00%  0.00%  0.00%   0 process unix_l2_ 
   9           1           2        500  0.00%  0.00%  0.00%   0 IOSv out console 
 108           0           7          0  0.00%  0.00%  0.00%   0 VMATM Callback   
 109           1           2        500  0.00%  0.00%  0.00%   0 CEF switching ba 
 110           0           1          0  0.00%  0.00%  0.00%   0 ADJ NSF process  
 111           2          10        200  0.00%  0.00%  0.00%   0 SpanTree Helper  
 112         122          81       1506  0.00%  0.01%  0.00%   0 CDP Protocol     
   7           0           2          0  0.00%  0.00%  0.00%   0 Timers           
 114           0           2          0  0.00%  0.00%  0.00%   0 AAA Dictionary R 
 115           1           1       1000  0.00%  0.00%  0.00%   0 TRACK Main threa 
 116           1           1       1000  0.00%  0.00%  0.00%   0 TRACK Client thr 
 117           0           2          0  0.00%  0.00%  0.00%   0 ATM OAM Input    
 118           1           2        500  0.00%  0.00%  0.00%   0 ATM OAM TIMER    
 119           0           1          0  0.00%  0.00%  0.00%   0 HQF TARGET DYNAM 
 120           2           2       1000  0.00%  0.00%  0.00%   0 IP ARP Adjacency 
 121         236        8084         29  0.00%  0.06%  0.04%   0 IP ARP Retry Age 
   6           0           1          0  0.00%  0.00%  0.00%   0 DiscardQ Backgro 
 123           0           1          0  0.00%  0.00%  0.00%   0 ICMP event handl 
 124          28         518         54  0.00%  0.00%  0.00%   0 IP ARP Track     
 125           1           3        333  0.00%  0.00%  0.00%   0 PIM register asy 
   5           2           9        222  0.00%  0.00%  0.00%   0 Pool Manager     
 127           1           2        500  0.00%  0.00%  0.00%   0 RIB LM VALIDATE  
   4         132          35       3771  0.00%  0.02%  0.01%   0 Check heaps      
 129           0           4          0  0.00%  0.00%  0.00%   0 SpanTree Msg     
 130           0           1          0  0.00%  0.00%  0.00%   0 Webauth client   
 131           0           1          0  0.00%  0.00%  0.00%   0 Auth-proxy HTTP  
 132           0           1          0  0.00%  0.00%  0.00%   0 IP Admin SM Proc 
 133           1           1       1000  0.00%  0.00%  0.00%   0 IPv6 ping proces 
 134           1           2        500  0.00%  0.00%  0.00%   0 KRB5 AAA         
 135           0           5          0  0.00%  0.00%  0.00%   0 FRR Background P 
 136           4           8        500  0.00%  0.00%  0.00%   0 CEF background p 
   2           4          55         72  0.00%  0.00%  0.00%   0 Load Meter       
 138           0           1          0  0.00%  0.00%  0.00%   0 IP IRDP          
  82           1           1       1000  0.00%  0.00%  0.00%   0 VRRP Main thread 
 140           1           3        333  0.00%  0.00%  0.00%   0 Auth Manager     
 141           0           1          0  0.00%  0.00%  0.00%   0 EPM MAIN PROCESS 
 142           0           1          0  0.00%  0.00%  0.00%   0 Critical Auth    
 143          24         526         45  0.00%  0.00%  0.00%   0 SVM UT Process   
 144           0           1          0  0.00%  0.00%  0.00%   0 CMD HANDLER      
 145           0           2          0  0.00%  0.00%  0.00%   0 Dot1x Supplicant 
 146           1           2        500  0.00%  0.00%  0.00%   0 Dot1x Supplicant 
 147           0           2          0  0.00%  0.00%  0.00%   0 Dot1x Supplicant 
 148           0           1          0  0.00%  0.00%  0.00%   0 DCT Bkgd Process 
 149           0           1          0  0.00%  0.00%  0.00%   0 MAB Framework    
 150           0           1          0  0.00%  0.00%  0.00%   0 PPP IP Add Route 
 151           0           3          0  0.00%  0.00%  0.00%   0 Service Routing  
 152           0           2          0  0.00%  0.00%  0.00%   0 HQF Output Shape 
 153           0           2          0  0.00%  0.00%  0.00%   0 HQF Input Shaper 
 154           1           2        500  0.00%  0.00%  0.00%   0 Routing Topology 
 155           1           4        250  0.00%  0.00%  0.00%   0 IP RIB Update    
 156           3           8        375  0.00%  0.00%  0.00%   0 IP Background    
 157           4           6        666  0.00%  0.00%  0.00%   0 IP Connected Rou 
 158           0           4          0  0.00%  0.00%  0.00%   0 Flow Exporter Ti 
 159           0           1          0  0.00%  0.00%  0.00%   0 XC RIB MGR       
 160           1           4        250  0.00%  0.00%  0.00%   0 Inter Chassis Pr 
 161           1           2        500  0.00%  0.00%  0.00%   0 Tunnel           
 162           0           2          0  0.00%  0.00%  0.00%   0 LFDp Input Proc  
  87           1           1       1000  0.00%  0.00%  0.00%   0 SSS Feature Mana 
 164           6          13        461  0.00%  0.00%  0.00%   0 TCP Protocols    
 165           0           1          0  0.00%  0.00%  0.00%   0 Socket Timers    
 166           0           1          0  0.00%  0.00%  0.00%   0 HTTP CORE        
 167           1           3        333  0.00%  0.00%  0.00%   0 L2TRACE SERVER   
 168           2           2       1000  0.00%  0.00%  0.00%   0 AUTO LAG Protoco 
 169           1           9        111  0.00%  0.00%  0.00%   0 IGMPSN L2MCM     
 170           0           1          0  0.00%  0.00%  0.00%   0 IGMPSN MRD       
 171           0           1          0  0.00%  0.00%  0.00%   0 IGMPSN           
 172          33         137        240  0.00%  0.00%  0.00%   0 CEF: IPv4 proces 
   1           0           6          0  0.00%  0.00%  0.00%   0 Chunk Manager    
 174           2           3        666  0.00%  0.00%  0.00%   0 Collection proce 
 175           0           2          0  0.00%  0.00%  0.00%   0 ADJ resolve proc 
 176           6           7        857  0.00%  0.00%  0.00%   0 SR CapMan Proces 
 177           1           3        333  0.00%  0.00%  0.00%   0 MFIB Master back 
 178           0           3          0  0.00%  0.00%  0.00%   0 SSH Event handle 
 180           1           2        500  0.00%  0.00%  0.00%   0 ATIP_UDP_TSK     
 181           0           1          0  0.00%  0.00%  0.00%   0 COPS             
 182           1           1       1000  0.00%  0.00%  0.00%   0 Probe Input      
 183           1           2        500  0.00%  0.00%  0.00%   0 MVPN Mgr Process 
 184           1           2        500  0.00%  0.00%  0.00%   0 Multicast Offloa 
 185           1           1       1000  0.00%  0.00%  0.00%   0 RARP Input       
 186           0           3          0  0.00%  0.00%  0.00%   0 static           
 187           0           2          0  0.00%  0.00%  0.00%   0 App Route Proces 
 188           0           1          0  0.00%  0.00%  0.00%   0 IPv6 RIB Cleanup 
 189           0           1          0  0.00%  0.00%  0.00%   0 IPv6 RIB Event H 
 190           1           1       1000  0.00%  0.00%  0.00%   0 PAD InCall       
 191           1           2        500  0.00%  0.00%  0.00%   0 X.25 Background  
 192           1           1       1000  0.00%  0.00%  0.00%   0 X.25 Encaps Mana 
 193           1          23         43  0.00%  0.00%  0.00%   0 QoS stats proces 
 194           0           1          0  0.00%  0.00%  0.00%   0 SNMP Timers      
 195           0           1          0  0.00%  0.00%  0.00%   0 EPM Downlad Mana 
 196           0           1          0  0.00%  0.00%  0.00%   0 Timer Handler Pr 
 197          11          54        203  0.00%  0.00%  0.00%   0 EPM ACL PLUG-IN  
 198           0           1          0  0.00%  0.00%  0.00%   0 IPv6 Static Hand 
 199           0           2          0  0.00%  0.00%  0.00%   0 AAA Cached Serve 
 200           1           2        500  0.00%  0.00%  0.00%   0 LINE AAA         
 107           1           2        500  0.00%  0.00%  0.00%   0 process unix_l2_ 
 202           0           1          0  0.00%  0.00%  0.00%   0 MMA MSG MCOL     
 203           0           2          0  0.00%  0.00%  0.00%   0 TPLUS            
 204           0           2          0  0.00%  0.00%  0.00%   0 ENABLE AAA       
 205           3          17        176  0.00%  0.00%  0.00%   0 LOCAL AAA        
 206           0           3          0  0.00%  0.00%  0.00%   0 MPLS Auto Mesh P 
 207          20         518         38  0.00%  0.00%  0.00%   0 Timer Library    
 208           0           2          0  0.00%  0.00%  0.00%   0 Crypto Support   
 209           1           1       1000  0.00%  0.00%  0.00%   0 IPSECv6 PS Proc  
 210           4           1       4000  0.00%  0.00%  0.00%   0 NIST rng proc    
 211           0           3          0  0.00%  0.00%  0.00%   0 LDAP process     
 212           0           1          0  0.00%  0.00%  0.00%   0 Opaque Database  
 213           0           1          0  0.00%  0.00%  0.00%   0 Key chain liveke 
 137           0           1          0  0.00%  0.00%  0.00%   0 fib_fib_bfd_sb e 
 216           1           2        500  0.00%  0.00%  0.00%   0 MMON PROCESS     
 217         114        8227         13  0.00%  0.10%  0.08%   0 MMON MENG        
 218          74         269        275  0.00%  0.01%  0.00%   0 Crypto IKEv2     
 219           0           1          0  0.00%  0.00%  0.00%   0 IKEv2 AAA handle 
 220           7          11        636  0.00%  0.00%  0.00%   0 crypto engine pr 
 221           0           1          0  0.00%  0.00%  0.00%   0 encrypt proc     
 222           0           3          0  0.00%  0.00%  0.00%   0 CRYPTO MAP FREE  
 223           0           1          0  0.00%  0.00%  0.00%   0 Crypto INT       
 224           0           2          0  0.00%  0.00%  0.00%   0 Crypto IKE Dispa 
 225           4           3       1333  0.00%  0.00%  0.00%   0 Crypto IKMP      
 226           0           1          0  0.00%  0.00%  0.00%   0 IPSEC manual key 
 227          10          15        666  0.00%  0.00%  0.00%   0 IPSEC key engine 
 228           0           1          0  0.00%  0.00%  0.00%   0 Crypto ACL       
 229           0           1          0  0.00%  0.00%  0.00%   0 Crypto PAS Proc  
 230           1           1       1000  0.00%  0.00%  0.00%   0 IPSec background 
 231           0           1          0  0.00%  0.00%  0.00%   0 RSA background p 
 232           9           4       2250  0.00%  0.00%  0.00%   0 Crypto CA        
 233           0           3          0  0.00%  0.00%  0.00%   0 Crypto PKI-CRL   
 234           0           1          0  0.00%  0.00%  0.00%   0 Crypto PKI-Rev-P 
 235           1           1       1000  0.00%  0.00%  0.00%   0 PKI OCSP         
 236           0           1          0  0.00%  0.00%  0.00%   0 PKI Revocation   
 237           1           2        500  0.00%  0.00%  0.00%   0 DHCP Security He 
 238           0           5          0  0.00%  0.00%  0.00%   0 vlmap logger     
 239           5           2       2500  0.00%  0.00%  0.00%   0 pm scp dummy pro 
 240          51         277        184  0.00%  0.02%  0.00%   0 PM Callback      
 242           3          23        130  0.00%  0.00%  0.00%   0 dhcp snooping sw 
 243           0           5          0  0.00%  0.00%  0.00%   0 AAA SEND STOP EV 
 244           0           1          0  0.00%  0.00%  0.00%   0 Test AAA Client  
 245           0           1          0  0.00%  0.00%  0.00%   0 Syslog Traps     
 247           9          12        750  0.00%  0.00%  0.00%   0 EEM ED Syslog    
 248           2           4        500  0.00%  0.00%  0.00%   0 EEM ED Routing   
 249           4           4       1000  0.00%  0.00%  0.00%   0 EEM ED Generic   
 250           0           1          0  0.00%  0.00%  0.00%   0 QoS TAM Request  
 251           9           8       1125  0.00%  0.00%  0.00%   0 Syslog           
 253          39          46        847  0.00%  0.00%  0.00%   0 EEM Server       
 254           1           3        333  0.00%  0.00%  0.00%   0 EEM Policy Direc 
 255           0           1          0  0.00%  0.00%  0.00%   0 Connection Mgr   
 256           3           4        750  0.00%  0.00%  0.00%   0 EEM ED CLI       
 257           3           4        750  0.00%  0.00%  0.00%   0 EEM ED Counter   
 258           2           4        500  0.00%  0.00%  0.00%   0 EEM ED Interface 
 259           3           4        750  0.00%  0.00%  0.00%   0 EEM ED IOSWD     
 260           1           4        250  0.00%  0.00%  0.00%   0 EEM ED None      
 261           4           4       1000  0.00%  0.00%  0.00%   0 EEM ED OIR       
 262           0           1          0  0.00%  0.00%  0.00%   0 IPv6 Access Cont 
 263           2           4        500  0.00%  0.00%  0.00%   0 EEM ED SNMP      
 264           3           8        375  0.00%  0.00%  0.00%   0 EEM ED Timer     
 265           3           4        750  0.00%  0.00%  0.00%   0 EEM ED SNMP Obje 
 266           2           4        500  0.00%  0.00%  0.00%   0 EEM ED SNMP Noti 
 267           1           4        250  0.00%  0.00%  0.00%   0 EEM ED Ipsla     
 268           2           4        500  0.00%  0.00%  0.00%   0 EEM ED Nf        
 269           2           4        500  0.00%  0.00%  0.00%   0 EEM ED Test      
 270           3           4        750  0.00%  0.00%  0.00%   0 EEM ED Config    
 271           1           4        250  0.00%  0.00%  0.00%   0 EEM ED Env       
 272           3           4        750  0.00%  0.00%  0.00%   0 EEM ED DS        
 273           1           4        250  0.00%  0.00%  0.00%   0 EEM ED CRASH     
 275           2           4        500  0.00%  0.00%  0.00%   0 EEM ED RPC       
 276           6           3       2000  0.00%  0.00%  0.00%   0 VLAN Manager     
 277           0           5          0  0.00%  0.00%  0.00%   0 Net Input        
 278          15          55        272  0.00%  0.00%  0.00%   0 Compute load avg 
 279          28          13       2153  0.00%  0.00%  0.00%   0 Per-minute Jobs  
 139           0           1          0  0.00%  0.00%  0.00%   0 Tunnel FIB       
 281           4          17        235  0.00%  0.00%  0.00%   0 mdns Timer Proce 
 282           0           2          0  0.00%  0.00%  0.00%   0 MRIB Process     
 283           2          13        153  0.00%  0.00%  0.00%   0 EEM Helper Threa
SW3#show processes cpu history
                                                                  
                                                                  
                                                                  
      666666                                                      
      766666555554444444444555555555555555555557777766666666666666
  100                                                           
   90                                                           
   80                                                           
   70 ******                                                    
   60 ******                                                    
   50 ******                                                    
   40 ******                                                    
   30 ******                                                    
   20 ******                                                    
   10 ***********          *************************************
     0....5....1....1....2....2....3....3....4....4....5....5....6
               0    5    0    5    0    5    0    5    0    5    0
               CPU% per second (last 60 seconds)

                                                                  
                                                                  
                                                                  
         9                                                        
      7785                                                        
  100    *                                                      
   90    *                                                      
   80    *                                                      
   70    *                                                      
   60    *                                                      
   50    *                                                      
   40    *                                                      
   30    *                                                      
   20    #                                                      
   10 ####                                                      
     0....5....1....1....2....2....3....3....4....4....5....5....6
               0    5    0    5    0    5    0    5    0    5    0
               CPU% per minute (last 60 minutes)
              * = maximum CPU%   # = average CPU%

                                                                              
                                                                              
                                                                              
                                                                              
                                                                              
  100                                                                       
   90                                                                       
   80                                                                       
   70                                                                       
   60                                                                       
   50                                                                       
   40                                                                       
   30                                                                       
   20                                                                       
   10                                                                       
     0....5....1....1....2....2....3....3....4....4....5....5....6....6....7..
               0    5    0    5    0    5    0    5    0    5    0    5    0  
                   CPU% per hour (last 72 hours)
                  * = maximum CPU%   # = average CPU%


SW3#show processes memory sorted
Processor Pool Total:  843420640 Used:   60737312 Free:  782683328
      I/O Pool Total:  114294784 Used:   96050448 Free:   18244336

 PID TTY  Allocated      Freed    Holding    Getbufs    Retbufs Process
   0   0  221914392   70897576  146299680          0          0 *Init*          
 253   0    1931064      29872    1914288          0          0 EEM Server      
  47   3    3744016    3083680     684240          0          0 SSH Process     
   0   0          0          0     394752          0          0 *MallocLite*    
 247   0     292672      16600     293168     100548          0 EEM ED Syslog   
   0   0  115284536  114990816     279600    2619623          0 *Dead*          
 249   0     219016      16600     219512      67468          0 EEM ED Generic  
 218   0     151704         72     176728          0          0 Crypto IKEv2    
  64   0     174736      17400     174336          0          0 EEM ED Identity 
 112   0     167464       4192     161440          0          0 CDP Protocol    
  85   0     370240     206560     151680          0          0 mDNS            
 282   0     121872        232     146736          0          0 MRIB Process    
   3   2     989856     884096     129928          0          0 SSH Process     
 113   5    3306160    3214528     115920          0          0 SSH Process     
 232   0     431528     359824      96872          0          0 Crypto CA       
 126   6     928096     857176      95072          0          0 SSH Process     
  84   4     944720     874328      94432          0          0 SSH Process     
 157   0      76224        544      92776          0          0 IP Connected Rou
   5   0     267840     267840      80056     262764     262764 Pool Manager    
 225   0      43560        232      68424          0          0 Crypto IKMP     
  83   0      54488        496      67024          0          0 VRRS Main thread
  14   0      54504       1160      66440          0          0 ARP Input       
 201   0      51176          0      64272          0          0 MMA DB TIMER    
 207   0      49600        232      62464          0          0 Timer Library   
  77   0      49368          0      62464          0          0 ACCT Periodic Pr
  66   0      59992      66752      60088          0          0 EEM ED ND       
 254   0      49568       1136      52432          0          0 EEM Policy Direc
 121   0      33032          0      46128          0          0 IP ARP Retry Age
  53   0     111456          0      44808          0          0 Net Background  
 239   0      41376        576      43784          0          0 pm scp dummy pro
 172   0      25944      10992      40048          0          0 CEF: IPv4 proces
 276   0     249592     235344      34600          0          0 VLAN Manager    
 122   0      27480       3664      34256          0          0 IP Input        
 164   0     187256      14656      33968          0          0 TCP Protocols   
 266   0      33464      16760      33960          0          0 EEM ED SNMP Noti
 181   0          0          0      33096          0          0 COPS            
  11   0          0          0      33096          0          0 Crash writer    
 228   0          0          0      33096          0          0 Crypto ACL      
  75   0      16816        232      29680          0          0 AAA Server      
 155   0       4488          0      29584          0          0 IP RIB Update   
 273   0      28272      16600      28768          0          0 EEM ED CRASH    
 272   0      28272      16600      28768          0          0 EEM ED DS       
 268   0      28120      16600      28616          0          0 EEM ED Nf       
 227   0     271424       4736      28304          0          0 IPSEC key engine
 120   0       1816          0      26912          0          0 IP ARP Adjacency
   1   0      13736          0      26832          0          0 Chunk Manager   
 235   0        896          0      25992          0          0 PKI OCSP        
 211   0        792        232      25656          0          0 LDAP process    
 203   0        792        232      25656          0          0 TPLUS           
 137   0        216          0      25360          0          0 fib_fib_bfd_sb e
 217   0        464        232      25328          0          0 MMON MENG       
 216   0        464        232      25328          0          0 MMON PROCESS    
 175   0        216          0      25312          0          0 ADJ resolve proc
 174   0        216          0      25312          0          0 Collection proce
 177   0        216          0      25312          0          0 MFIB Master back
 109   0        216          0      25312          0          0 CEF switching ba
 136   0        216        736      25312          0          0 CEF background p
 173   0        216          0      25312          0          0 ADJ background  
 281   0     140408     140280      25224          0          0 mdns Timer Proce
  80   0        232        232      25136          0          0 Ethernet LMI    
  55   0        232        232      25128          0          0 Logger          
 134   0        232        232      25096          0          0 KRB5 AAA        
 161   0        232        232      25096          0          0 Tunnel          
  54   0       1152       1152      25096          0          0 IDB Work        
 118   0        232        232      25096          0          0 ATM OAM TIMER   
 117   0        232        232      25096          0          0 ATM OAM Input   
 191   0        232        232      25096          0          0 X.25 Background 
 197   0          0          0      25096          0          0 EPM ACL PLUG-IN 
 140   0        232        232      25096          0          0 Auth Manager    
 205   0       1240       1240      25096          0          0 LOCAL AAA       
 163   0          0          0      25096          0          0 TCP Timer       
  68   0        232        232      25096          0          0 Ethernet CFM    
 154   0          0          0      25096          0          0 Routing Topology
  70   0        232        232      25096          0          0 Ethernet Msec Ti
  71   0        232        232      25096          0          0 Ethernet CFM IOU
  69   0        232        232      25096          0          0 Ethernet Timer C
 212   0          0          0      25096          0          0 Opaque Database 
 223   0          0          0      25096          0          0 Crypto INT      
 251   0       8856       8856      25096          0          0 Syslog          
 250   0          0          0      25096          0          0 QoS TAM Request 
 234   0          0          0      25096          0          0 Crypto PKI-Rev-P
 244   0          0          0      25096          0          0 Test AAA Client 
 236   0          0          0      25096          0          0 PKI Revocation  
 231   0          0          0      25096          0          0 RSA background p
 221   0          0          0      25096          0          0 encrypt proc    
  86   0          0          0      25096          0          0 SSS Manager     
 230   0          0          0      25096          0          0 IPSec background
 233   0        232        232      25096          0          0 Crypto PKI-CRL  
  18   0          0          0      25096          0          0 Policy Manager  
 224   0        232        232      25096          0          0 Crypto IKE Dispa
  91   0        232        232      25096          0          0 SSM connection m
  20   0        232        232      25096          0          0 Dialer event    
   0   0      24592     382728      24592          0          0 *Sched*         
 258   0      23440      16600      23936          0          0 EEM ED Interface
 257   0      23320      16760      23816          0          0 EEM ED Counter  
 283   0      11072        432      23736          0          0 EEM Helper Threa
 264   0      23128      16600      23624          0          0 EEM ED Timer    
 263   0      23088      16600      23584          0          0 EEM ED SNMP     
 248   0      23232      16696      23568          0          0 EEM ED Routing  
 275   0      23040      16600      23536          0          0 EEM ED RPC      
 269   0      22976      16600      23472          0          0 EEM ED Test     
 267   0      22976      16600      23472          0          0 EEM ED Ipsla    
 265   0      22976      16600      23472          0          0 EEM ED SNMP Obje
 259   0      22976      16600      23472          0          0 EEM ED IOSWD    
 270   0      22976      16600      23472          0          0 EEM ED Config   
 261   0      22976      16600      23472          0          0 EEM ED OIR      
 256   0      22976      16600      23472          0          0 EEM ED CLI      
 271   0      22976      16600      23472          0          0 EEM ED Env      
  65   0      22976      16600      23472          0          0 EEM ED MAT      
 260   0      22976      16600      23472          0          0 EEM ED None     
 176   0      14360       4992      22464          0          0 SR CapMan Proces
 102   0       5280        232      22144          0          0 IP Host Track Pr
 178   0       8480          0      21528          0          0 SSH Event handle
 115   0       6800          0      19896          0          0 TRACK Main threa
 169   0       9992      21384      18480          0          0 IGMPSN L2MCM    
 215   0       5240          0      18336          0          0 MMA DP TIMER    
 204   0       5280        232      18144          0          0 ENABLE AAA      
 166   0        896          0      17992          0          0 HTTP CORE       
 183   0        968        232      17832          0          0 MVPN Mgr Process
 156   0       3144       2592      17648          0          0 IP Background   
 184   0        464        232      17328          0          0 Multicast Offloa
 168   0        464        232      17328          0          0 AUTO LAG Protoco
 139   0        216          0      17312          0          0 Tunnel FIB      
 119   0          0          0      17096          0          0 HQF TARGET DYNAM
 186   0        232        232      17096          0          0 static          
 188   0          0          0      17096          0          0 IPv6 RIB Cleanup
 226   0          0          0      17096          0          0 IPSEC manual key
 124   0        232        232      17096          0          0 IP ARP Track    
 198   0          0          0      17096          0          0 IPv6 Static Hand
  94   0          0          0      17096          0          0 MPLS Auto-Tunnel
  89   0        232        232      17096          0          0 Ethernet OAM Pro
 189   0          0          0      17096          0          0 IPv6 RIB Event H
 193   0       2704       2704      17096          0          0 QoS stats proces
 187   0        232        232      17096          0          0 App Route Proces
 138   0          0          0      17096          0          0 IP IRDP         
 280   0          0          0      17096          0          0 Per-Second Jobs 
 141   0          0          0      17096          0          0 EPM MAIN PROCESS
 255   0          0          0      16968          0          0 Connection Mgr  
 167   0      20648        232      16544          0          0 L2TRACE SERVER  
   4   0       3368        232      16280          0          0 Check heaps     
  30   0       2096          0      15192          0          0 IPC Seat Manager
  81   0       1872          0      14968          0          0 FHRP Main thread
 116   0       1736          0      14832          0          0 TRACK Client thr
  82   0       1688          0      14784          0          0 VRRP Main thread
 202   0       1592          0      14688          0          0 MMA MSG MCOL    
 279   0       1224          0      14320          0          0 Per-minute Jobs 
 210   0      96960      29944      14312          0          0 NIST rng proc   
 131   0        896          0      13992          0          0 Auth-proxy HTTP 
  99   0       1008        232      13872          0          0 DTP Protocol    
 220   0     207064     206296      13864          0          0 crypto engine pr
 162   0       1096        376      13816          0          0 LFDp Input Proc 
  57   0      66400          0      13744          0          0 IF-MGR control p
  41   0     154976     166624      13632          0          0 crypto sw pk pro
  12   0        344          0      13440          0          0 Exception contro
 104   0        536        232      13400          0          0 UDLD            
 151   0        248          0      13344          0          0 Service Routing 
 101   0        248          0      13344          0          0 Port-Security   
 147   0        464        232      13328          0          0 Dot1x Supplicant
 146   0        464        232      13328          0          0 Dot1x Supplicant
 145   0        464        232      13328          0          0 Dot1x Supplicant
 128   0      11856        232      13328          0          0 Spanning Tree   
  63   0        216          0      13312          0          0 Src Fltr backgro
  78   0          0          0      13120          0          0 AAA System Acct 
  72   0        232        232      13112          0          0 Dot1x Mgr Proces
 144   0          0          0      13096          0          0 CMD HANDLER     
 143   0          0          0      13096          0          0 SVM UT Process  
 142   0          0          0      13096          0          0 Critical Auth   
  28   0          0          0      13096          0          0 IPC Deferred Por
 165   0          0          0      13096          0          0 Socket Timers   
  31   0          0          0      13096          0          0 IPC Check Queue 
 135   0          0          0      13096          0          0 FRR Background P
 133   0          0          0      13096          0          0 IPv6 ping proces
 132   0          0          0      13096          0          0 IP Admin SM Proc
 170   0          0          0      13096          0          0 IGMPSN MRD      
 171   0          0          0      13096          0          0 IGMPSN          
  27   0          0          0      13096          0          0 IPC Periodic Tim
 130   0          0          0      13096          0          0 Webauth client  
 129   0        232        232      13096          0          0 SpanTree Msg    
 153   0          0          0      13096          0          0 HQF Input Shaper
 127   0          0          0      13096          0          0 RIB LM VALIDATE 
  32   0          0          0      13096          0          0 IPC Seat RX Cont
 125   0        232        232      13096          0          0 PIM register asy
 160   0        232        328      13096          0          0 Inter Chassis Pr
  26   0          0          0      13096          0          0 IPC Zone Manager
 152   0          0          0      13096          0          0 HQF Output Shape
 123   0          0          0      13096          0          0 ICMP event handl
  33   0          0          0      13096          0          0 IPC Seat TX Cont
 185   0          0          0      13096          0          0 RARP Input      
  34   0          0          0      13096          0          0 IPC Keep Alive M
  35   0          0          0      13096          0          0 IPC Loadometer  
 114   0        232        232      13096          0          0 AAA Dictionary R
  36   0          0          0      13096          0          0 IPC Session Deta
 190   0          0          0      13096          0          0 PAD InCall      
  37   0        232        232      13096          0          0 PrstVbl         
 192   0          0          0      13096          0          0 X.25 Encaps Mana
 111   0       9344      16000      13096          0          0 SpanTree Helper 
 194   0          0          0      13096          0          0 SNMP Timers     
 195   0          0          0      13096          0          0 EPM Downlad Mana
 159   0          0          0      13096          0          0 XC RIB MGR      
 149   0          0          0      13096          0          0 MAB Framework   
 158   0        232        400      13096          0          0 Flow Exporter Ti
 199   0        232        232      13096          0          0 AAA Cached Serve
 200   0        232        232      13096          0          0 LINE AAA        
  29   0          0          0      13096          0          0 IPC Process leve
 180   0        232        232      13096          0          0 ATIP_UDP_TSK    
  24   0          0          0      13096          0          0 IPC Dynamic Cach
 106   0        232        232      13096          0          0 process unix_l2_
 105   0          0          0      13096          0          0 UNIX IP Source g
 206   0          0          0      13096          0          0 MPLS Auto Mesh P
  23   0          0          0      13096          0          0 IPC Mcast Pendin
 208   0        232        232      13096          0          0 Crypto Support  
 209   0          0          0      13096          0          0 IPSECv6 PS Proc 
 182   0          0          0      13096          0          0 Probe Input     
  22   0          0          0      13096          0          0 IPC Event Notifi
 103   0        232        232      13096          0          0 Ethchnl         
 213   0          0          0      13096          0          0 Key chain liveke
 196   0          0          0      13096          0          0 Timer Handler Pr
 100   0        232        232      13096          0          0 PI MATM Aging Pr
  98   0          0        576      13096          0          0 802.1x switch   
  21   0          0          0      13096          0          0 Entity MIB API  
 219   0          0          0      13096          0          0 IKEv2 AAA handle
  97   0          0          0      13096          0          0 DHCP Snooping db
  96   0          0          0      13096          0          0 DHCP Snooping   
 222   0        232        512      13096          0          0 CRYPTO MAP FREE 
  95   0          0          0      13096          0          0 O-UNI Client Msg
  93   0          0          0      13096          0          0 LSP Tunnel FRR  
  92   0        232        232      13096          0          0 OCE punted Pkts 
  90   0          0          0      13096          0          0 AC Switch       
  19   0        232        232      13096          0          0 DDR Timers      
  88   0          0          0      13096          0          0 SSS Feature Time
 229   0          0          0      13096          0          0 Crypto PAS Proc 
  87   0          0          0      13096          0          0 SSS Feature Mana
  38   0        232        232      13096          0          0 Serial Backgroun
  17   0          0          0      13096          0          0 AAA_SERVER_DEADT
  39   0          0          0      13096          0          0 ARP Snoop       
  40   0          0          0      13096          0          0 Dynamic ARP Insp
  16   0          0          0      13096          0          0 CEF MIB API     
  79   0        232        232      13096          0          0 EFP Errd        
 237   0        232        232      13096          0          0 DHCP Security He
 238   0          0          0      13096          0          0 vlmap logger    
  15   0       3216       3216      13096          0          0 ARP Background  
 240   0      10400      28896      13096          0          0 PM Callback     
 242   0        232        232      13096          0          0 dhcp snooping sw
 243   0        232       1264      13096          0          0 AAA SEND STOP EV
 150   0          0          0      13096          0          0 PPP IP Add Route
 245   0          0          0      13096          0          0 Syslog Traps    
  13   0          0          0      13096          0          0 IFS Agent Manage
 108   0          0        288      13096          0          0 VMATM Callback  
  25   0          0          0      13096          0          0 IPC Session Serv
  76   0          0          0      13096          0          0 AAA ACCT Proc   
  42   0        232        232      13096          0          0 GraphIt         
  10   0          0          0      13096          0          0 IOSv in console 
   9   0          0          0      13096          0          0 IOSv out console
  74   0          0          0      13096          0          0 EAP Test        
  73   0          0          0      13096          0          0 EAP Framework   
 107   0        232        232      13096          0          0 process unix_l2_
  67   0          0          0      13096          0          0 Rate limit load 
  43   0          0          0      13096          0          0 SERIAL A'detect 
 148   0          0          0      13096          0          0 DCT Bkgd Process
   6   0          0          0      13096          0          0 DiscardQ Backgro
  56   0      25536        232      13096          0          0 TTY Background  
  62   0          0          0      13096          0          0 IOSv e1000      
  61   0          0          0      13096          0          0 HC Counter Timer
  60   0          0          0      13096          0          0 Transport Port A
 278   0        232        232      13096          0          0 Compute load avg
  59   0          0          0      13096          0          0 AggMgr Process  
   7   0        232        232      13096          0          0 Timers          
  58   0          0          0      13096          0          0 IF-MGR event pro
 277   0          0          0      13096          0          0 Net Input       
  52   0          0          0      13096          0          0 Critical Bkgnd  
 262   0          0          0      12968          0          0 IPv6 Access Cont
  48   0        232          0       7328          0          0 Async write proc
  49   0        232          0       7328          0          0 Async write proc
  50   0        232          0       7328          0          0 Async write proc
 110   0        216          0       7312          0          0 ADJ NSF process 
   2   0        232        232       7096          0          0 Load Meter      
  51   0       4160          0       7096          0          0 DFS flush period
  45   0          0          0       7096          0          0 dev_device_inser
   8   0          0          0       7096          0          0 WATCH_AFS       
  44   0          0          0       7096          0          0 Inode Table Dest
  46   0          0          0       7096          0          0 dev_device_remov
                                156667880 Total
SW3#show access-lists
Extended IP access list preauth_ipv4_acl (per-user)
    10 permit udp any any eq domain
    20 permit tcp any any eq domain
    30 permit udp any eq bootps any
    40 permit udp any any eq bootpc
    50 permit udp any eq bootpc any
    60 deny ip any any
IPv6 access list preauth_ipv6_acl (per-user)
    permit udp any any eq domain sequence 10
    permit tcp any any eq domain sequence 20
    permit icmp any any nd-ns sequence 30
    permit icmp any any nd-na sequence 40
    permit icmp any any router-solicitation sequence 50
    permit icmp any any router-advertisement sequence 60
    permit icmp any any redirect sequence 70
    permit udp any eq 547 any eq 546 sequence 80
    permit udp any eq 546 any eq 547 sequence 90
    deny ipv6 any any sequence 100
SW3#show ip route
Codes: L - local, C - connected, S - static, R - RIP, M - mobile, B - BGP
       D - EIGRP, EX - EIGRP external, O - OSPF, IA - OSPF inter area 
       N1 - OSPF NSSA external type 1, N2 - OSPF NSSA external type 2
       E1 - OSPF external type 1, E2 - OSPF external type 2
       i - IS-IS, su - IS-IS summary, L1 - IS-IS level-1, L2 - IS-IS level-2
       ia - IS-IS inter area, * - candidate default, U - per-user static route
       o - ODR, P - periodic downloaded static route, H - NHRP, l - LISP
       a - application route
       + - replicated route, % - next hop override

Gateway of last resort is not set

      192.168.97.0/24 is variably subnetted, 2 subnets, 2 masks
C        192.168.97.0/24 is directly connected, Vlan1
L        192.168.97.233/32 is directly connected, Vlan1
SW3#show file systems
File Systems:

     Size(b)     Free(b)      Type  Flags  Prefixes
*   2142715904    2029989888      disk     rw   flash0: flash:
           -           -      disk     rw   flash1:
           -           -      disk     rw   flash2:
           -           -      disk     rw   flash3:
           -           -    opaque     rw   system:
           -           -    opaque     rw   tmpsys:
        262144        254495     nvram     rw   nvram:
           -           -    opaque     rw   null:
           -           -    opaque     ro   tar:
           -           -   network     rw   tftp:
           -           -    opaque     wo   syslog:
           -           -   network     rw   rcp:
           -           -   network     rw   http:
           -           -   network     rw   ftp:
           -           -   network     rw   scp:
           -           -   network     rw   https:
           -           -    opaque     ro   cns:

SW3#show logging
Syslog logging: enabled (0 messages dropped, 2 messages rate-limited, 0 flushes, 0 overruns, xml disabled, filtering disabled)

No Active Message Discriminator.



No Inactive Message Discriminator.


    Console logging: level debugging, 33 messages logged, xml disabled,
                     filtering disabled
    Monitor logging: level debugging, 0 messages logged, xml disabled,
                     filtering disabled
    Buffer logging:  level debugging, 35 messages logged, xml disabled,
                    filtering disabled
    Exception Logging: size (8192 bytes)
    Count and timestamp logging messages: disabled
    Persistent logging: disabled
    Trap logging: level informational, 38 message lines logged
        Logging Source-Interface:       VRF Name:

Log Buffer (8192 bytes):

*Mar  1 00:00:00.971: %ATA-6-DEV_FOUND: device 0x1F0
*Mar  1 00:00:01.046: %NVRAM-5-CONFIG_NVRAM_READ_OK: NVRAM configuration 'flash:/nvram' was read from disk.
*Sep 23 02:20:13.559: %SPANTREE-5-EXTENDED_SYSID: Extended SysId enabled for type vlan
*Sep 23 02:20:16.278: %LINK-5-CHANGED: Interface GigabitEthernet0/0, changed state to reset
*Sep 23 02:20:16.279: %LINK-5-CHANGED: Interface GigabitEthernet0/1, changed state to reset
*Sep 23 02:20:16.279: %LINK-5-CHANGED: Interface GigabitEthernet0/2, changed state to reset
*Sep 23 02:20:16.280: %LINK-5-CHANGED: Interface GigabitEthernet0/3, changed state to reset
*Sep 23 02:20:16.280: %LINK-5-CHANGED: Interface GigabitEthernet1/0, changed state to reset
*Sep 23 02:20:16.281: %LINK-5-CHANGED: Interface GigabitEthernet1/1, changed state to reset
*Sep 23 02:20:16.281: %LINK-5-CHANGED: Interface GigabitEthernet1/2, changed state to reset
*Sep 23 02:20:16.281: %LINK-5-CHANGED: Interface GigabitEthernet1/3, changed state to reset
*Sep 23 02:20:16.432: %SYS-5-CONFIG_I: Configured from memory by console
*Sep 23 02:20:17.425: %LINEPROTO-5-UPDOWN: Line protocol on Interface GigabitEthernet0/0, changed state to up
*Sep 23 02:20:17.428: %LINEPROTO-5-UPDOWN: Line protocol on Interface GigabitEthernet0/1, changed state to up
*Sep 23 02:20:17.429: %LINEPROTO-5-UPDOWN: Line protocol on Interface GigabitEthernet0/2, changed state to up
*Sep 23 02:20:17.430: %LINEPROTO-5-UPDOWN: Line protocol on Interface GigabitEthernet0/3, changed state to up
*Sep 23 02:20:17.432: %LINEPROTO-5-UPDOWN: Line protocol on Interface GigabitEthernet1/0, changed state to up
*Sep 23 02:20:17.433: %LINEPROTO-5-UPDOWN: Line protocol on Interface GigabitEthernet1/1, changed state to up
*Sep 23 02:20:17.434: %LINEPROTO-5-UPDOWN: Line protocol on Interface GigabitEthernet1/2, changed state to up
*Sep 23 02:20:17.435: %LINEPROTO-5-UPDOWN: Line protocol on Interface GigabitEthernet1/3, changed state to up
*Sep 23 02:20:17.436: %LINEPROTO-5-UPDOWN: Line protocol on Interface Vlan1, changed state to down
*Sep 23 02:20:18.536: %LINK-3-UPDOWN: Interface GigabitEthernet1/3, changed state to up
*Sep 23 02:20:18.543: %LINK-3-UPDOWN: Interface GigabitEthernet1/2, changed state to up
*Sep 23 02:20:18.546: %LINK-3-UPDOWN: Interface GigabitEthernet1/1, changed state to up
*Sep 23 02:20:18.549: %LINK-3-UPDOWN: Interface GigabitEthernet1/0, changed state to up
*Sep 23 02:20:18.552: %LINK-3-UPDOWN: Interface GigabitEthernet0/3, changed state to up
*Sep 23 02:20:18.556: %LINK-3-UPDOWN: Interface GigabitEthernet0/2, changed state to up
*Sep 23 02:20:18.561: %LINK-3-UPDOWN: Interface GigabitEthernet0/1, changed state to up
*Sep 23 02:20:18.564: %LINK-3-UPDOWN: Interface GigabitEthernet0/0, changed state to up
*Sep 23 02:20:20.720: %SYS-5-RESTART: System restarted --
Cisco IOS Software, vios_l2 Software (vios_l2-ADVENTERPRISEK9-M), Experimental Version 15.2(20170321:233949) [mmen 101]
Copyright (c) 1986-2017 by Cisco Systems, Inc.
Compiled Wed 22-Mar-17 08:38 by mmen
*Sep 23 02:20:20.768: %SSH-5-ENABLED: SSH 1.99 has been enabled
*Sep 23 02:20:27.101: %PLATFORM-5-SIGNATURE_VERIFIED: Image 'flash0:/vios_l2-adventerprisek9-m' passed code signing verification
*Sep 23 02:24:37.701: %SYS-5-CONFIG_I: Configured from console by admin on vty0 (192.168.97.108)
*Sep 23 02:24:41.002: %SYS-5-CONFIG_I: Configured from console by admin on vty3 (192.168.97.108)
*Sep 23 02:24:44.791: %SYS-5-CONFIG_I: Configured from console by admin on vty3 (192.168.97.108)
SW3#