configure terminal
Enter configuration commands, one per line.  End with CNTL/Z.
Switchtest1(config)#exit
Switchtest1#term leng 0
Switchtest1#show inventory
NAME: "1", DESCR: "WS-C2960-24-S"
PID: WS-C2960-24-S     , VID: V03, SN: FOC1230X2D9


Switchtest1#show clock
*05:48:02.155 UTC Mon Mar 1 1993
Switchtest1#show ntp associations
%NTP is not enabled.
Switchtest1#show version
Cisco IOS Software, C2960 Software (C2960-LANLITEK9-M), Version 12.2(44)SE6, RELEASE SOFTWARE (fc1)
Copyright (c) 1986-2009 by Cisco Systems, Inc.
Compiled Mon 09-Mar-09 18:10 by gereddy
Image text-base: 0x00003000, data-base: 0x01000000

ROM: Bootstrap program is C2960 boot loader
BOOTLDR: C2960 Boot Loader (C2960-HBOOT-M) Version 12.2(44r)SE1, RELEASE SOFTWARE (fc2)

Switchtest1 uptime is 5 hours, 48 minutes
System returned to ROM by power-on
System image file is "flash:/c2960-lanlitek9-mz.122-44.SE6/c2960-lanlitek9-mz.122-44.SE6.bin"


This product contains cryptographic features and is subject to United
States and local country laws governing import, export, transfer and
use. Delivery of Cisco cryptographic products does not imply
third-party authority to import, export, distribute or use encryption.
Importers, exporters, distributors and users are responsible for
compliance with U.S. and local country laws. By using this product you
agree to comply with applicable laws and regulations. If you are unable
to comply with U.S. and local laws, return this product immediately.

A summary of U.S. laws governing Cisco cryptographic products may be found at:
http://www.cisco.com/wwl/export/crypto/tool/stqrg.html

If you require further assistance please contact us by sending email to
export@cisco.com.

cisco WS-C2960-24-S (PowerPC405) processor (revision C0) with 61440K/4088K bytes of memory.
Processor board ID FOC1230X2D9
Last reset from power-on
2 Virtual Ethernet interfaces
24 FastEthernet interfaces
The password-recovery mechanism is enabled.

64K bytes of flash-simulated non-volatile configuration memory.
Base ethernet MAC Address       : 00:22:BD:43:50:80
Motherboard assembly number     : 73-11471-05
Power supply part number        : 341-0097-02
Motherboard serial number       : FOC12301PDP
Power supply serial number      : DCA115288Z6
Model revision number           : C0
Motherboard revision number     : A0
Model number                    : WS-C2960-24-S
System serial number            : FOC1230X2D9
Top Assembly Part Number        : 800-29858-02
Top Assembly Revision Number    : A0
Version ID                      : V03
CLEI Code Number                : COMSJ00ARC
Hardware Board Revision Number  : 0x01


Switch Ports Model              SW Version            SW Image                 
------ ----- -----              ----------            ----------               
*    1 24    WS-C2960-24-S      12.2(44)SE6           C2960-LANLITEK9-M        


Configuration register is 0xF

Switchtest1#show running-config
Building configuration...

Current configuration : 1534 bytes
!
version 12.2
no service pad
service timestamps debug datetime msec
service timestamps log datetime msec
no service password-encryption
!
hostname Switchtest1
!
boot-start-marker
boot-end-marker
!
enable secret 5 $1$/iFm$64zyrDhWwdBGSXzhmsO6H1
!
username admin password 0 admin
no aaa new-model
system mtu routing 1600
ip subnet-zero
ip domain-name Test
!
!
!
!
!
!
!
!
spanning-tree mode pvst
spanning-tree extend system-id
!
vlan internal allocation policy ascending
!
!
interface FastEthernet0/1
 switchport access vlan 101
 switchport mode access
!
interface FastEthernet0/2
!
interface FastEthernet0/3
!
interface FastEthernet0/4
!
interface FastEthernet0/5
!
interface FastEthernet0/6
!
interface FastEthernet0/7
!
interface FastEthernet0/8
!
interface FastEthernet0/9
!
interface FastEthernet0/10
!
interface FastEthernet0/11
!
interface FastEthernet0/12
!
interface FastEthernet0/13
!
interface FastEthernet0/14
!
interface FastEthernet0/15
!
interface FastEthernet0/16
!
interface FastEthernet0/17
!
interface FastEthernet0/18
!
interface FastEthernet0/19
!
interface FastEthernet0/20
!
interface FastEthernet0/21
!
interface FastEthernet0/22
!
interface FastEthernet0/23
!
interface FastEthernet0/24
!
interface Vlan1
 no ip address
 no ip route-cache
!
interface Vlan101
 ip address 192.168.10.10 255.255.255.0
 no ip route-cache
!
ip default-gateway 192.168.10.254
ip http server
ip http secure-server
!
control-plane
!
!
line con 0
 login local
line vty 0 4
 login local
 transport input ssh
line vty 5 15
 login
!
end

Switchtest1#show ip interface brief
Interface              IP-Address      OK? Method Status                Protocol
Vlan1                  unassigned      YES unset  up                    down    
Vlan101                192.168.10.10   YES manual up                    up      
FastEthernet0/1        unassigned      YES unset  up                    up      
FastEthernet0/2        unassigned      YES unset  down                  down    
FastEthernet0/3        unassigned      YES unset  down                  down    
FastEthernet0/4        unassigned      YES unset  down                  down    
FastEthernet0/5        unassigned      YES unset  down                  down    
FastEthernet0/6        unassigned      YES unset  down                  down    
FastEthernet0/7        unassigned      YES unset  down                  down    
FastEthernet0/8        unassigned      YES unset  down                  down    
FastEthernet0/9        unassigned      YES unset  down                  down    
FastEthernet0/10       unassigned      YES unset  down                  down    
FastEthernet0/11       unassigned      YES unset  down                  down    
FastEthernet0/12       unassigned      YES unset  down                  down    
FastEthernet0/13       unassigned      YES unset  down                  down    
FastEthernet0/14       unassigned      YES unset  down                  down    
FastEthernet0/15       unassigned      YES unset  down                  down    
FastEthernet0/16       unassigned      YES unset  down                  down    
FastEthernet0/17       unassigned      YES unset  down                  down    
FastEthernet0/18       unassigned      YES unset  down                  down    
FastEthernet0/19       unassigned      YES unset  down                  down    
FastEthernet0/20       unassigned      YES unset  down                  down    
FastEthernet0/21       unassigned      YES unset  down                  down    
FastEthernet0/22       unassigned      YES unset  down                  down    
FastEthernet0/23       unassigned      YES unset  down                  down    
FastEthernet0/24       unassigned      YES unset  down                  down    
Switchtest1#show interface status

Port      Name               Status       Vlan       Duplex  Speed Type
Fa0/1                        connected    101        a-full  a-100 10/100BaseTX
Fa0/2                        notconnect   1            auto   auto 10/100BaseTX
Fa0/3                        notconnect   1            auto   auto 10/100BaseTX
Fa0/4                        notconnect   1            auto   auto 10/100BaseTX
Fa0/5                        notconnect   1            auto   auto 10/100BaseTX
Fa0/6                        notconnect   1            auto   auto 10/100BaseTX
Fa0/7                        notconnect   1            auto   auto 10/100BaseTX
Fa0/8                        notconnect   1            auto   auto 10/100BaseTX
Fa0/9                        notconnect   1            auto   auto 10/100BaseTX
Fa0/10                       notconnect   1            auto   auto 10/100BaseTX
Fa0/11                       notconnect   1            auto   auto 10/100BaseTX
Fa0/12                       notconnect   1            auto   auto 10/100BaseTX
Fa0/13                       notconnect   1            auto   auto 10/100BaseTX
Fa0/14                       notconnect   1            auto   auto 10/100BaseTX
Fa0/15                       notconnect   1            auto   auto 10/100BaseTX
Fa0/16                       notconnect   1            auto   auto 10/100BaseTX
Fa0/17                       notconnect   1            auto   auto 10/100BaseTX
Fa0/18                       notconnect   1            auto   auto 10/100BaseTX
Fa0/19                       notconnect   1            auto   auto 10/100BaseTX
Fa0/20                       notconnect   1            auto   auto 10/100BaseTX
Fa0/21                       notconnect   1            auto   auto 10/100BaseTX
Fa0/22                       notconnect   1            auto   auto 10/100BaseTX
Fa0/23                       notconnect   1            auto   auto 10/100BaseTX
Fa0/24                       notconnect   1            auto   auto 10/100BaseTX
Switchtest1#show cdp neighbor
Capability Codes: R - Router, T - Trans Bridge, B - Source Route Bridge
                  S - Switch, H - Host, I - IGMP, r - Repeater, P - Phone

Device ID        Local Intrfce     Holdtme    Capability  Platform  Port ID
Switchtest1#show cdp neighbor detail

Switchtest1#show environment all
                    ^
% Invalid input detected at '^' marker.

Switchtest1#show systems resources
                       ^
% Invalid input detected at '^' marker.

Switchtest1#show processes cpu sorted
CPU utilization for five seconds: 23%/0%; one minute: 13%; five minutes: 8%
 PID Runtime(ms)   Invoked      uSecs   5Sec   1Min   5Min TTY Process 
   3        1232       486       2534 13.24%  1.06%  0.22%   1 SSH Process      
 171         261         7      37285  4.88%  0.39%  0.08%   6 SSH Process      
 120        9831     45384        216  0.47%  0.29%  0.12%   0 IP Input         
  86       16630    488320         34  0.31%  0.15%  0.06%   0 Hulc LED Process 
  66         322     20661         15  0.15%  0.01%  0.00%   0 hpm counter proc 
   5           8         7       1142  0.00%  0.00%  0.00%   0 Pool Manager     
   6           0         2          0  0.00%  0.00%  0.00%   0 Timers           
   7           0         1          0  0.00%  0.00%  0.00%   0 Net Input        
   9           0       368          0  0.00%  0.00%  0.00%   0 ARP Input        
   8           0         1          0  0.00%  0.00%  0.00%   0 Crash writer     
  11           0         2          0  0.00%  0.00%  0.00%   0 AAA high-capacit 
  10           0         1          0  0.00%  0.00%  0.00%   0 AAA_SERVER_DEADT 
  13           9         6       1500  0.00%  0.00%  0.00%   0 Entity MIB API   
  14           0         1          0  0.00%  0.00%  0.00%   0 IFS Agent Manage 
  12           0         1          0  0.00%  0.00%  0.00%   0 Policy Manager   
  16           0         1          0  0.00%  0.00%  0.00%   0 ARP Snoop        
  17           0     20661          0  0.00%  0.00%  0.00%   0 GraphIt          
  18           0         1          0  0.00%  0.00%  0.00%   0 Critical Bkgnd   
  19          43      8356          5  0.00%  0.00%  0.00%   0 Net Background   
  15           0         2          0  0.00%  0.00%  0.00%   0 XML Proxy Client 
  21           8       182         43  0.00%  0.00%  0.00%   0 Logger           
  22           9     20657          0  0.00%  0.00%  0.00%   0 TTY Background   
  23          49     20696          2  0.00%  0.00%  0.00%   0 Per-Second Jobs  
  24        2934       354       8288  0.00%  0.00%  0.00%   0 Per-minute Jobs  
  20           0         1          0  0.00%  0.00%  0.00%   0 IDB Work         
  26           0        11          0  0.00%  0.00%  0.00%   0 IF-MGR event pro 
  27           0         1          0  0.00%  0.00%  0.00%   0 AggMgr Process   
  28           8      4161          1  0.00%  0.00%  0.00%   0 Compute load avg 
  29           0      6242          0  0.00%  0.00%  0.00%   0 HC Counter Timer 
  30          67    408055          0  0.00%  0.00%  0.00%   0 DownWhenLooped   
  31           0         1          0  0.00%  0.00%  0.00%   0 HRPC lpip reques 
  32           0         2          0  0.00%  0.00%  0.00%   0 HLPIP Sync Proce 
  33           0         4          0  0.00%  0.00%  0.00%   0 HL2MCM           
  34           0         1          0  0.00%  0.00%  0.00%   0 HRPC asic-stats  
  25           0         4          0  0.00%  0.00%  0.00%   0 IF-MGR control p 
  36           0         7          0  0.00%  0.00%  0.00%   0 Stack Mgr        
  37         101         5      20200  0.00%  0.00%  0.00%   0 Stack Mgr Notifi 
  38         749   1095509          0  0.00%  0.00%  0.00%   0 Fifo Error Detec 
  39           0         3          0  0.00%  0.00%  0.00%   0 Adjust Regions   
  40          17     20696          0  0.00%  0.00%  0.00%   0 hrpc -> response 
  41           8      4176          1  0.00%  0.00%  0.00%   0 hrpc -> request  
  42           0      4179          0  0.00%  0.00%  0.00%   0 hrpc <- response 
  43           0         1          0  0.00%  0.00%  0.00%   0 HRPC hcomp reque 
   4        4494      2115       2124  0.00%  0.01%  0.00%   0 Check heaps      
  45           0         3          0  0.00%  0.00%  0.00%   0 HRPC hdm non blo 
  35           0         1          0  0.00%  0.00%  0.00%   0 HRPC hsm request 
  47           0        14          0  0.00%  0.00%  0.00%   0 Hulc Port-Securi 
  48           0         1          0  0.00%  0.00%  0.00%   0 HRPC hpsecure re 
  49           0         1          0  0.00%  0.00%  0.00%   0 HRPC hlfm reques 
  50         152    610135          0  0.00%  0.00%  0.00%   0 HLFM address lea 
  51           0     20661          0  0.00%  0.00%  0.00%   0 HLFM aging proce 
  52          59    610135          0  0.00%  0.00%  0.00%   0 HLFM address ret 
  53           0         1          0  0.00%  0.00%  0.00%   0 HRPC hulc misc r 
  54           0         1          0  0.00%  0.00%  0.00%   0 HRPC system mtu  
  55           9      6940          1  0.00%  0.00%  0.00%   0 HVLAN main bkgrd 
  56           0         2          0  0.00%  0.00%  0.00%   0 HVLAN Mapped Vla 
  57           0         2          0  0.00%  0.00%  0.00%   0 Vlan shutdown Pr 
  58           0         1          0  0.00%  0.00%  0.00%   0 HRPC vlan reques 
  59           0         1          0  0.00%  0.00%  0.00%   0 HULC VLAN REF Ba 
   2          26      4160          6  0.00%  0.00%  0.00%   0 Load Meter       
  61           0         1          0  0.00%  0.00%  0.00%   0 HPM Msg Retry Pr 
  62           0        12          0  0.00%  0.00%  0.00%   0 SSH Event handle 
  63          50         7       7142  0.00%  0.00%  0.00%   0 hpm main process 
  64           0        16          0  0.00%  0.00%  0.00%   0 HPM Stack Sync P 
  65           0         1          0  0.00%  0.00%  0.00%   0 HRPC pm request  
  46           0         2          0  0.00%  0.00%  0.00%   0 HRPC hdm blockin 
  67           0         1          0  0.00%  0.00%  0.00%   0 HRPC pm-counters 
  68           0         1          0  0.00%  0.00%  0.00%   0 hpm vp events ca 
  69           0         1          0  0.00%  0.00%  0.00%   0 HRPC hcmp reques 
  70           0         1          0  0.00%  0.00%  0.00%   0 HACL Queue Proce 
  71           0         1          0  0.00%  0.00%  0.00%   0 HRPC acl request 
  72           0        15          0  0.00%  0.00%  0.00%   0 HACL Acl Manager 
  73           0         1          0  0.00%  0.00%  0.00%   0 HRPC cdp request 
  74           0         1          0  0.00%  0.00%  0.00%   0 HRPC lldp reques 
  75           0         1          0  0.00%  0.00%  0.00%   0 HRPC dot1x reque 
  76           0         3          0  0.00%  0.00%  0.00%   0 HULC DOT1X Proce 
  77           8         1       8000  0.00%  0.00%  0.00%   0 HRPC sdm request 
  78          86    103089          0  0.00%  0.00%  0.00%   0 Hulc Storm Contr 
  79           0         2          0  0.00%  0.00%  0.00%   0 HSTP Sync Proces 
  80           0         1          0  0.00%  0.00%  0.00%   0 HRPC stp_cli req 
  81           0         1          0  0.00%  0.00%  0.00%   0 HRPC stp_state_s 
  82           0         2          0  0.00%  0.00%  0.00%   0 S/W Bridge Proce 
  83           0         1          0  0.00%  0.00%  0.00%   0 HRPC hudld reque 
  84           0         1          0  0.00%  0.00%  0.00%   0 HRPC vqpc reques 
  85           0         1          0  0.00%  0.00%  0.00%   0 HRPC hled reques 
  44           0         3          0  0.00%  0.00%  0.00%   0 HULC Device Mana 
  60           0         1          0  0.00%  0.00%  0.00%   0 HULC PM Vector P 
  88           0         1          0  0.00%  0.00%  0.00%   0 HRPC show_forwar 
  89           0         1          0  0.00%  0.00%  0.00%   0 HRPC snmp reques 
  90         200      4179         47  0.00%  0.00%  0.00%   0 HQM Stack Proces 
  91        6730      8333        807  0.00%  0.02%  0.00%   0 HRPC qos request 
  92           0         1          0  0.00%  0.00%  0.00%   0 HRPC span reques 
  93           0         1          0  0.00%  0.00%  0.00%   0 HRPC system post 
  94           0         1          0  0.00%  0.00%  0.00%   0 Hulc Reload Mana 
  95           0         1          0  0.00%  0.00%  0.00%   0 HRPC hrcli-event 
  96           0         2          0  0.00%  0.00%  0.00%   0 image mgr        
  97          51     20661          2  0.00%  0.00%  0.00%   0 PI MATM Aging Pr 
  98           0       348          0  0.00%  0.00%  0.00%   0 MMN bkgrd proces 
  99           0         2          0  0.00%  0.00%  0.00%   0 Dot1x Mgr Proces 
 100           0         2          0  0.00%  0.00%  0.00%   0 802.1x Accountin 
 101           0         1          0  0.00%  0.00%  0.00%   0 MAB Framework    
 102           0         3          0  0.00%  0.00%  0.00%   0 802.1x switch    
 103           0         2          0  0.00%  0.00%  0.00%   0 DTP Protocol     
 104           0         1          0  0.00%  0.00%  0.00%   0 EAP Framework    
 105           0         1          0  0.00%  0.00%  0.00%   0 HRPC ip device t 
 106          34     20833          1  0.00%  0.00%  0.00%   0 UDLD             
 107           0       696          0  0.00%  0.00%  0.00%   0 Port-Security    
 108           0         7          0  0.00%  0.00%  0.00%   0 Switch IP Host T 
 109           0        10          0  0.00%  0.00%  0.00%   0 VMATM Callback   
 110          18       690         26  0.00%  0.00%  0.00%   0 AAA Server       
 111           0         1          0  0.00%  0.00%  0.00%   0 AAA ACCT Proc    
 112           0         1          0  0.00%  0.00%  0.00%   0 ACCT Periodic Pr 
 113           0         1          0  0.00%  0.00%  0.00%   0 AAA System Acct  
 114           0         1          0  0.00%  0.00%  0.00%   0 Auth-proxy AAA B 
 115           0        70          0  0.00%  0.00%  0.00%   0 IP Admin SM Proc 
 116           8      2432          3  0.00%  0.00%  0.00%   0 CDP Protocol     
 117           0         8          0  0.00%  0.00%  0.00%   0 SpanTree Helper  
 118           0         1          0  0.00%  0.00%  0.00%   0 HRPC hl2mcm igmp 
 119           0         2          0  0.00%  0.00%  0.00%   0 AAA Dictionary R 
   1          17        54        314  0.00%  0.00%  0.00%   0 Chunk Manager    
 121           0         1          0  0.00%  0.00%  0.00%   0 ICMP event handl 
 122           9     40132          0  0.00%  0.00%  0.00%   0 IP ARP Track     
 123         352       167       2107  0.00%  0.22%  0.08%   2 SSH Process      
 124          17     20589          0  0.00%  0.00%  0.00%   0 Spanning Tree    
 125           0       349          0  0.00%  0.00%  0.00%   0 Spanning Tree St 
 126           0      2084          0  0.00%  0.00%  0.00%   0 Ethchnl          
 127           0       263          0  0.00%  0.00%  0.00%   0 Cluster L2       
 128           0      2084          0  0.00%  0.00%  0.00%   0 Cluster RARP     
 129           0      2605          0  0.00%  0.00%  0.00%   0 Cluster Base     
 130          16       103        155  0.00%  0.00%  0.00%   0 DHCPD Receive    
 131         288     20312         14  0.00%  0.00%  0.00%   0 TCP Timer        
 132         922      2606        353  0.00%  0.00%  0.00%   0 TCP Protocols    
 133           0         1          0  0.00%  0.00%  0.00%   0 Socket Timers    
 134           0        71          0  0.00%  0.00%  0.00%   0 HTTP CORE        
 135           0         1          0  0.00%  0.00%  0.00%   0 RARP Input       
 136           0        14          0  0.00%  0.00%  0.00%   0 IGMPSN L2MCM     
 137           0         1          0  0.00%  0.00%  0.00%   0 IGMPSN MRD       
 138          77       226        340  0.00%  0.00%  0.00%   0 IGMPSN           
 139           0         1          0  0.00%  0.00%  0.00%   0 IGMPQR           
 140           0         2          0  0.00%  0.00%  0.00%   0 L2TRACE SERVER   
 141           0      2537          0  0.00%  0.00%  0.00%   0 Transport Port A 
 142           0         2          0  0.00%  0.00%  0.00%   0 TPLUS            
 143           0       116          0  0.00%  0.00%  0.00%   0 HCMP sync proces 
 144           9       690         13  0.00%  0.00%  0.00%   0 LOCAL AAA        
 145           0         2          0  0.00%  0.00%  0.00%   0 ENABLE AAA       
 146           0         2          0  0.00%  0.00%  0.00%   0 LINE AAA         
 147           0         1          0  0.00%  0.00%  0.00%   0 HRPC x_setup req 
 148          16        12       1333  0.00%  0.00%  0.00%   0 crypto engine pr 
 149           0         1          0  0.00%  0.00%  0.00%   0 encrypt proc     
 150           0         4          0  0.00%  0.00%  0.00%   0 Crypto CA        
 151           0         1          0  0.00%  0.00%  0.00%   0 Crypto PKI-CRL   
 152           0         1          0  0.00%  0.00%  0.00%   0 Crypto SSL       
 153           0        12          0  0.00%  0.00%  0.00%   0 VTP Trap Process 
 154           0         2          0  0.00%  0.00%  0.00%   0 VTPMIB EDIT BUFF 
 155           0         1          0  0.00%  0.00%  0.00%   0 HCD Process      
 156           0         1          0  0.00%  0.00%  0.00%   0 HRPC cable diagn 
 157          35     38645          0  0.00%  0.00%  0.00%   0 PM Callback      
 158           8         7       1142  0.00%  0.00%  0.00%   0 VLAN Manager     
 159           0         2          0  0.00%  0.00%  0.00%   0 AAA SEND STOP EV 
 160           0         1          0  0.00%  0.00%  0.00%   0 Syslog Traps     
 161           0       174          0  0.00%  0.00%  0.00%   0 DHCPD Timer      
 162          33        91        362  0.00%  0.00%  0.00%   0 Syslog           
 163           0         2          0  0.00%  0.00%  0.00%   0 STP FAST TRANSIT 
 164           0         2          0  0.00%  0.00%  0.00%   0 CSRT RAPID TRANS 
 165         335       168       1994  0.00%  0.23%  0.08%   3 SSH Process      
 166           0         3          0  0.00%  0.00%  0.00%   0 DHCP Client      
 167         319       168       1898  0.00%  0.22%  0.08%   4 SSH Process      
 168       17694        93     190258  0.00%  0.00%  0.00%   0 crypto sw pk pro 
 169           0      5901          0  0.00%  0.00%  0.00%   0 DHCPD Database   
 170         326       167       1952  0.00%  0.25%  0.08%   5 SSH Process      
  87           0         1          0  0.00%  0.00%  0.00%   0 HRPC dtp request 
 172         251         5      50200  0.00%  0.00%  0.00%   7 SSH Process     
Switchtest1#show processes cpu history
                                                              
    2                                   2222277777888811111   
    3444444444444444444444444444444444448888877777555533333444
100                                                           
 90                                               ****        
 80                                          *********        
 70                                          *********        
 60                                          *********        
 50                                          *********        
 40                                          *********        
 30                                     **************        
 20 *                                   **************        
 10 *                                   *******************   
   0....5....1....1....2....2....3....3....4....4....5....5....
             0    5    0    5    0    5    0    5    0    5    
               CPU% per second (last 60 seconds)
                                                              
    8      77                       7           3             
    5444445665454454545454445444544414444444444414554444544444
100                                                           
 90 *                                                         
 80 *      **                                                 
 70 *      **                       *                         
 60 *      **                       *                         
 50 *      **                       *                         
 40 *      **                       *                         
 30 *      #*                       *           *             
 20 #      #*                       #           *             
 10 #     *##* *  * * * *   *   *   #           # **    *     
   0....5....1....1....2....2....3....3....4....4....5....5....
             0    5    0    5    0    5    0    5    0    5    
               CPU% per minute (last 60 minutes)
              * = maximum CPU%   # = average CPU%
        1                                                                 
    86530                                                                 
    19650                                                                 
100     *                                                                 
 90     *                                                                 
 80 *   *                                                                 
 70 **  *                                                                 
 60 *** *                                                                 
 50 *** *                                                                 
 40 *****                                                                 
 30 *****                                                                 
 20 *****                                                                 
 10 ###**                                                                 
   0....5....1....1....2....2....3....3....4....4....5....5....6....6....7.
             0    5    0    5    0    5    0    5    0    5    0    5    0 
                   CPU% per hour (last 72 hours)
                  * = maximum CPU%   # = average CPU%

Switchtest1#show processes memory sorted
Processor Pool Total:   37436056 Used:    7946376 Free:   29489680
      I/O Pool Total:    4186112 Used:    1654948 Free:    2531164
Driver te Pool Total:    1048576 Used:         40 Free:    1048536

 PID TTY  Allocated      Freed    Holding    Getbufs    Retbufs Process
   0   0   10428024    2097352    6774308          0          0 *Init*          
   0   0  234705920  236698532     658924    1761388     254736 *Dead*          
  37   0     335072       3844     296836          0          0 Stack Mgr Notifi
  72   0        180       1860      60924          0          0 HACL Acl Manager
  91   0   70920120   70920120      60924          0          0 HRPC qos request
  25   0      94216      84184      57000          0          0 IF-MGR control p
   3   1    1479184    1444584      47456          0          0 SSH Process     
 123   2     123648      96180      40120          0          0 SSH Process     
 170   5     256864     229484      40028          0          0 SSH Process     
 167   4     126456      99008      40004          0          0 SSH Process     
 165   3     254856     227568      39968          0          0 SSH Process     
 171   6     112580      89056      36448          0          0 SSH Process     
 172   7     111260      87812      36404          0          0 SSH Process     
  63   0     112856      67416      30964          0          0 hpm main process
 148   0      30976       1676      26944          0          0 crypto engine pr
 132   0   20490676          0      25576          0          0 TCP Protocols   
   8   0          0          0      24924          0          0 Crash writer    
  13   0      23276      73968      24860          0      17748 Entity MIB API  
 120   0    1918532    1318172      23624          0       6804 IP Input        
 130   0      51288      21480      22884          0          0 DHCPD Receive   
 134   0      11424          0      21348          0          0 HTTP CORE       
  19   0      25544          0      18984       9352          0 Net Background  
 168   0    5076176    5064416      15580          0          0 crypto sw pk pro
 150   0      73392      66924      15392          0          0 Crypto CA       
 158   0      26176       6768      14452       2340          0 VLAN Manager    
 116   0       4640        248      14316          0          0 CDP Protocol    
   0   0      13012   18047732      13012          0          0 *Sched*         
  21   0        180        180      12924          0          0 Logger          
  15   0        180        180      12924          0          0 XML Proxy Client
  12   0          0          0      12924          0          0 Policy Manager  
 162   0      19064      19064      12924          0          0 Syslog          
  20   0          0          0      12924          0          0 IDB Work        
 131   0        152       2408      12924          0          0 TCP Timer       
  55   0          0          0      12924          0          0 HVLAN main bkgrd
  65   0          0          0      12924          0          0 HRPC pm request 
  36   0          0          0      12924          0          0 Stack Mgr       
 106   0       5516        180      12260          0          0 UDLD            
 153   0       4824        984      11568          0          0 VTP Trap Process
  38   0       4788        180      11532          0          0 Fifo Error Detec
  62   0      11140       5688      11236          0          0 SSH Event handle
 136   0       7272       6676      11152          0          0 IGMPSN L2MCM    
 166   0          0          0       9960          0          0 DHCP Client     
  96   0        180        180       9924          0          0 image mgr       
 122   0        180        180       9924          0          0 IP ARP Track    
  22   0      39732        488       9924          0          0 TTY Background  
 108   0        180        180       9924          0          0 Switch IP Host T
 100   0        180        180       9924          0          0 802.1x Accountin
 140   0       2812        180       9556          0          0 L2TRACE SERVER  
 151   0          0          0       8924          0          0 Crypto PKI-CRL  
 152   0          0          0       8924          0          0 Crypto SSL      
 142   0       2052        180       8796          0          0 TPLUS           
  90   0  159592184  158735440       8552          0          0 HQM Stack Proces
   1   0      20148      44016       8468          0          0 Chunk Manager   
 103   0        856        180       7600          0          0 DTP Protocol    
  33   0       7480       2496       7480          0          0 HL2MCM          
 117   0       2952       4596       7412          0          0 SpanTree Helper 
 129   0        632        180       7376          0          0 Cluster Base    
 169   0        216          0       7140          0          0 DHCPD Database  
 124   0       4336        456       7140          0          0 Spanning Tree   
 107   0        216          0       7140          0          0 Port-Security   
   9   0        452        692       7088          0          0 ARP Input       
 143   0          0          0       6948          0          0 HCMP sync proces
  60   0          0          0       6924          0          0 HULC PM Vector P
  59   0          0          0       6924          0          0 HULC VLAN REF Ba
  58   0          0          0       6924          0          0 HRPC vlan reques
  34   0          0          0       6924          0          0 HRPC asic-stats 
  57   0        180        180       6924          0          0 Vlan shutdown Pr
  56   0        180        180       6924          0          0 HVLAN Mapped Vla
  53   0          0          0       6924          0          0 HRPC hulc misc r
  52   0        180        180       6924          0          0 HLFM address ret
  51   0        180        180       6924          0          0 HLFM aging proce
  69   0          0          0       6924          0          0 HRPC hcmp reques
  50   0        180        180       6924          0          0 HLFM address lea
  49   0          0          0       6924          0          0 HRPC hlfm reques
  32   0        180        180       6924          0          0 HLPIP Sync Proce
  48   0          0          0       6924          0          0 HRPC hpsecure re
  61   0          0          0       6924          0          0 HPM Msg Retry Pr
  47   0        180       1020       6924          0          0 Hulc Port-Securi
  76   0          0          0       6924          0          0 HULC DOT1X Proce
  64   0        180        180       6924          0          0 HPM Stack Sync P
  78   0        180        180       6924          0          0 Hulc Storm Contr
  79   0        180        180       6924          0          0 HSTP Sync Proces
  80   0          0          0       6924          0          0 HRPC stp_cli req
  81   0          0          0       6924          0          0 HRPC stp_state_s
  66   0        180        180       6924          0          0 hpm counter proc
  83   0          0          0       6924          0          0 HRPC hudld reque
  84   0          0          0       6924          0          0 HRPC vqpc reques
  67   0          0          0       6924          0          0 HRPC pm-counters
  86   0        180        180       6924          0          0 Hulc LED Process
  31   0          0          0       6924          0          0 HRPC lpip reques
  68   0          0          0       6924          0          0 hpm vp events ca
  89   0          0          0       6924          0          0 HRPC snmp reques
  70   0          0          0       6924          0          0 HACL Queue Proce
   6   0        180        180       6924          0          0 Timers          
  30   0        180        180       6924          0          0 DownWhenLooped  
  93   0          0          0       6924          0          0 HRPC system post
  71   0          0          0       6924          0          0 HRPC acl request
  73   0          0          0       6924          0          0 HRPC cdp request
  46   0        176        176       6924          0          0 HRPC hdm blockin
  97   0        180        180       6924          0          0 PI MATM Aging Pr
  98   0          0          0       6924          0          0 MMN bkgrd proces
  74   0          0          0       6924          0          0 HRPC lldp reques
  45   0         68         68       6924          0          0 HRPC hdm non blo
  75   0          0          0       6924          0          0 HRPC dot1x reque
 102   0          0        176       6924          0          0 802.1x switch   
  77   0          0          0       6924          0          0 HRPC sdm request
 104   0          0          0       6924          0          0 EAP Framework   
 105   0          0          0       6924          0          0 HRPC ip device t
  29   0          0          0       6924          0          0 HC Counter Timer

  82   0        180        180       6924          0          0 S/W Bridge Proce
  44   0        508        180       6924          0          0 HULC Device Mana
 109   0          0       2864       6924          0          0 VMATM Callback  
 110   0        180        180       6924          0          0 AAA Server      
 111   0          0          0       6924          0          0 AAA ACCT Proc   
 112   0          0          0       6924          0          0 ACCT Periodic Pr
 113   0          0          0       6924          0          0 AAA System Acct 
 114   0          0          0       6924          0          0 Auth-proxy AAA B
 115   0          0          0       6924          0          0 IP Admin SM Proc
  28   0        180        180       6924          0          0 Compute load avg
   7   0          0          0       6924          0          0 Net Input       
 118   0          0          0       6924          0          0 HRPC hl2mcm igmp
 119   0        204        204       6924          0          0 AAA Dictionary R
  27   0          0          0       6924          0          0 AggMgr Process  
 121   0          0          0       6924          0          0 ICMP event handl
  43   0          0          0       6924          0          0 HRPC hcomp reque
   5   0          0      92492       6924          0      32936 Pool Manager    
  88   0          0          0       6924          0          0 HRPC show_forwar
 125   0          0          0       6924          0          0 Spanning Tree St
 126   0        180        180       6924          0          0 Ethchnl         
 127   0        180        180       6924          0          0 Cluster L2      
 128   0          0          0       6924          0          0 Cluster RARP    
  94   0          0          0       6924          0          0 Hulc Reload Mana
  26   0          0          0       6924          0          0 IF-MGR event pro
  10   0          0          0       6924          0          0 AAA_SERVER_DEADT
  24   0          0          0       6924          0          0 Per-minute Jobs 
 133   0          0          0       6924          0          0 Socket Timers   
  23   0     195784     195784       6924          0          0 Per-Second Jobs 
 135   0          0          0       6924          0          0 RARP Input      
  42   0       1488     856932       6924          0          0 hrpc <- response
 137   0          0          0       6924          0          0 IGMPSN MRD      
 138   0          0          0       6924          0          0 IGMPSN          
 139   0          0          0       6924          0          0 IGMPQR          
  41   0          0          0       6924          0          0 hrpc -> request 
 141   0          0     242504       6924          0          0 Transport Port A
  95   0          0          0       6924          0          0 HRPC hrcli-event
  99   0        180        180       6924          0          0 Dot1x Mgr Proces
 144   0      90500     210540       6924          0          0 LOCAL AAA       
 145   0        180        180       6924          0          0 ENABLE AAA      
 146   0        180        180       6924          0          0 LINE AAA        
 147   0          0          0       6924          0          0 HRPC x_setup req
  18   0          0          0       6924          0          0 Critical Bkgnd  
 149   0          0          0       6924          0          0 encrypt proc    
  17   0        180        180       6924          0          0 GraphIt         
  40   0          0          0       6924          0          0 hrpc -> response
 101   0          0          0       6924          0          0 MAB Framework   
  16   0          0          0       6924          0          0 ARP Snoop       
 154   0        180        180       6924          0          0 VTPMIB EDIT BUFF
 155   0          0          0       6924          0          0 HCD Process     
 156   0          0          0       6924          0          0 HRPC cable diagn
 157   0      15080      62948       6924          0          0 PM Callback     
  14   0          0          0       6924          0          0 IFS Agent Manage
 159   0        180        180       6924          0          0 AAA SEND STOP EV
 160   0          0          0       6924          0          0 Syslog Traps    
 161   0          0          0       6924          0          0 DHCPD Timer     
  11   0        180        180       6924          0          0 AAA high-capacit
  87   0          0          0       6924          0          0 HRPC dtp request
  92   0          0          0       6924          0          0 HRPC span reques
   4   0          0          0       6924          0          0 Check heaps     
  85   0          0          0       6924          0          0 HRPC hled reques
   2   0        180        180       3924          0          0 Load Meter      
 163   0        180        180       3924          0          0 STP FAST TRANSIT
 164   0        180        180       3924          0          0 CSRT RAPID TRANS
  39   0        576        576       3924          0          0 Adjust Regions  
  35   0          0          0       3924          0          0 HRPC hsm request
  54   0          0          0       3924          0          0 HRPC system mtu 
                                  9598804 Total
Switchtest1#show access-lists

Switchtest1#show ip route
                     ^
% Invalid input detected at '^' marker.

Switchtest1#show file systems
File Systems:

     Size(b)     Free(b)      Type  Flags  Prefixes
           -           -    opaque     ro   bs:
*   27998208    18022400     flash     rw   flash:
           -           -    opaque     rw   system:
           -           -    opaque     rw   tmpsys:
       65536       61016     nvram     rw   nvram:
           -           -    opaque     ro   xmodem:
           -           -    opaque     ro   ymodem:
           -           -    opaque     rw   null:
           -           -    opaque     ro   tar:
           -           -   network     rw   tftp:
           -           -   network     rw   rcp:
           -           -   network     rw   http:
           -           -   network     rw   ftp:
           -           -   network     rw   scp:
           -           -   network     rw   https:
           -           -    opaque     ro   cns:

Switchtest1#show logging
Syslog logging: enabled (0 messages dropped, 0 messages rate-limited, 0 flushes, 0 overruns, xml disabled, filtering disabled)

No Active Message Discriminator.



No Inactive Message Discriminator.


    Console logging: level debugging, 94 messages logged, xml disabled,
                     filtering disabled
    Monitor logging: level debugging, 0 messages logged, xml disabled,
                     filtering disabled
    Buffer logging:  level debugging, 94 messages logged, xml disabled,
                    filtering disabled
    Exception Logging: size (4096 bytes)
    Count and timestamp logging messages: disabled
    File logging: disabled
    Persistent logging: disabled
    Trap logging: level informational, 97 message lines logged

Log Buffer (4096 bytes):
 from console by admin on vty1 (192.168.10.55)
*Mar  1 03:21:06.827: %SYS-5-CONFIG_I: Configured from console by admin on vty0 (192.168.10.55)
*Mar  1 03:22:54.805: %SYS-5-CONFIG_I: Configured from console by admin on vty0 (192.168.10.55)
*Mar  1 03:23:03.387: %SYS-5-CONFIG_I: Configured from console by admin on vty2 (192.168.10.55)
*Mar  1 03:23:12.027: %SYS-5-CONFIG_I: Configured from console by admin on vty4 (192.168.10.55)
*Mar  1 03:23:47.175: %SYS-5-CONFIG_I: Configured from console by admin on vty0 (192.168.10.55)
*Mar  1 03:29:31.771: %SYS-5-CONFIG_I: Configured from console by admin on vty1 (192.168.10.55)
*Mar  1 03:31:42.508: %SYS-5-CONFIG_I: Configured from console by admin on vty0 (192.168.10.55)
*Mar  1 03:34:38.752: %SYS-5-CONFIG_I: Configured from console by admin on vty0 (192.168.10.55)
*Mar  1 03:35:36.449: %SYS-5-CONFIG_I: Configured from console by admin on vty0 (192.168.10.55)
*Mar  1 03:44:38.840: %SYS-5-CONFIG_I: Configured from console by admin on vty0 (192.168.10.55)
*Mar  1 03:48:31.800: %SYS-5-CONFIG_I: Configured from console by admin on vty0 (192.168.10.55)
*Mar  1 03:49:34.261: %SSH-4-SSH2_UNEXPECTED_MSG: Unexpected message type has arrived. Terminating the connection
*Mar  1 03:56:11.932: %SYS-5-CONFIG_I: Configured from console by admin on vty0 (192.168.10.55)
*Mar  1 04:00:33.782: %SYS-5-CONFIG_I: Configured from console by admin on vty0 (192.168.10.55)
*Mar  1 04:06:43.501: %SYS-5-CONFIG_I: Configured from console by admin on vty0 (192.168.10.55)
*Mar  1 04:31:16.616: %SYS-5-CONFIG_I: Configured from console by admin on vty0 (192.168.10.55)
*Mar  1 04:31:18.974: %SYS-5-CONFIG_I: Configured from console by admin on vty1 (192.168.10.55)
*Mar  1 04:31:21.448: %SYS-5-CONFIG_I: Configured from console by admin on vty0 (192.168.10.55)
*Mar  1 04:31:23.873: %SYS-5-CONFIG_I: Configured from console by admin on vty1 (192.168.10.55)
*Mar  1 04:31:26.255: %SYS-5-CONFIG_I: Configured from console by admin on vty0 (192.168.10.55)
*Mar  1 04:39:07.066: %SYS-5-CONFIG_I: Configured from console by admin on vty0 (192.168.10.55)
*Mar  1 04:41:00.086: %SYS-5-CONFIG_I: Configured from console by admin on vty0 (192.168.10.55)
*Mar  1 04:41:02.838: %SYS-5-CONFIG_I: Configured from console by admin on vty2 (192.168.10.55)
*Mar  1 04:41:06.487: %SYS-5-CONFIG_I: Configured from console by admin on vty4 (192.168.10.55)
*Mar  1 04:41:11.763: %SYS-5-CONFIG_I: Configured from console by admin on vty4 (192.168.10.55)
*Mar  1 05:14:40.918: %SYS-5-CONFIG_I: Configured from console by admin on vty0 (192.168.10.55)
*Mar  1 05:14:43.259: %SYS-5-CONFIG_I: Configured from console by admin on vty1 (192.168.10.55)
*Mar  1 05:14:45.658: %SYS-5-CONFIG_I: Configured from console by admin on vty0 (192.168.10.55)
*Mar  1 05:14:48.091: %SYS-5-CONFIG_I: Configured from console by admin on vty1 (192.168.10.55)
*Mar  1 05:14:50.473: %SYS-5-CONFIG_I: Configured from console by admin on vty0 (192.168.10.55)
*Mar  1 05:14:52.864: %SYS-5-CONFIG_I: Configured from console by admin on vty1 (192.168.10.55)
*Mar  1 05:39:31.993: %SYS-5-CONFIG_I: Configured from console by admin on vty0 (192.168.10.55)
*Mar  1 05:39:34.527: %SYS-5-CONFIG_I: Configured from console by admin on vty2 (192.168.10.55)
*Mar  1 05:39:37.245: %SYS-5-CONFIG_I: Configured from console by admin on vty3 (192.168.10.55)
*Mar  1 05:39:39.988: %SYS-5-CONFIG_I: Configured from console by admin on vty4 (192.168.10.55)
*Mar  1 05:39:45.398: %SYS-5-CONFIG_I: Configured from console by admin on vty4 (192.168.10.55)
*Mar  1 05:39:50.625: %SYS-5-CONFIG_I: Configured from console by admin on vty4 (192.168.10.55)
*Mar  1 05:47:07.235: %SYS-5-CONFIG_I: Configured from console by admin on vty0 (192.168.10.55)
*Mar  1 05:47:09.785: %SYS-5-CONFIG_I: Configured from console by admin on vty2 (192.168.10.55)
*Mar  1 05:47:13.308: %SYS-5-CONFIG_I: Configured from console by admin on vty2 (192.168.10.55)
*Mar  1 05:47:16.043: %SYS-5-CONFIG_I: Configured from console by admin on vty4 (192.168.10.55)
*Mar  1 05:48:02.054: %SYS-5-CONFIG_I: Configured from console by admin on vty0 (192.168.10.55)
Switchtest1#