configure terminal
Enter configuration commands, one per line.  End with CNTL/Z.
Switch(config)#exit
Switch#term leng 0
Switch#show inventory
Switch#show clock
*09:39:43.301 UTC Wed Sep 21 2022
Switch#show ntp associations
Switch#show version
Cisco IOS Software, vios_l2 Software (vios_l2-ADVENTERPRISEK9-M), Experimental Version 15.2(20170321:233949) [mmen 101]
Copyright (c) 1986-2017 by Cisco Systems, Inc.
Compiled Wed 22-Mar-17 08:38 by mmen


ROM: Bootstrap program is IOSv

Switch uptime is 1 hour, 19 minutes
System returned to ROM by reload
System image file is "flash0:/vios_l2-adventerprisek9-m"
Last reload reason: Unknown reason



This product contains cryptographic features and is subject to United
States and local country laws governing import, export, transfer and
use. Delivery of Cisco cryptographic products does not imply
third-party authority to import, export, distribute or use encryption.
Importers, exporters, distributors and users are responsible for
compliance with U.S. and local country laws. By using this product you
agree to comply with applicable laws and regulations. If you are unable
to comply with U.S. and local laws, return this product immediately.

A summary of U.S. laws governing Cisco cryptographic products may be found at:
http://www.cisco.com/wwl/export/crypto/tool/stqrg.html

If you require further assistance please contact us by sending email to
export@cisco.com.

Cisco IOSv () processor (revision 1.0) with 935289K/111616K bytes of memory.
Processor board ID 9QBI0V7REQR
1 Virtual Ethernet interface
8 Gigabit Ethernet interfaces
DRAM configuration is 72 bits wide with parity disabled.
256K bytes of non-volatile configuration memory.
2097152K bytes of ATA System CompactFlash 0 (Read/Write)
0K bytes of ATA CompactFlash 1 (Read/Write)
0K bytes of ATA CompactFlash 2 (Read/Write)
0K bytes of ATA CompactFlash 3 (Read/Write)

Configuration register is 0x101

Switch#show running-config
Building configuration...

Current configuration : 3289 bytes
!
! Last configuration change at 09:39:43 UTC Wed Sep 21 2022 by admin
!
version 15.2
service timestamps debug datetime msec
service timestamps log datetime msec
no service password-encryption
service compress-config
!
hostname Switch
!
boot-start-marker
boot-end-marker
!
!
enable secret 5 $1$Vraa$PiYOD.C./nrWieTLBOq7X.
!
username admin password 0 admin
no aaa new-model
!
!
!
!
!
!
!
!
ip domain-name switch
ip cef
no ipv6 cef
!
!
!
spanning-tree mode pvst
spanning-tree extend system-id
!
vlan internal allocation policy ascending
!
! 
!
!
!
!
!
!
!
!
!
!
!
!
interface GigabitEthernet0/0
 media-type rj45
 negotiation auto
!
interface GigabitEthernet0/1
 media-type rj45
 negotiation auto
!
interface GigabitEthernet0/2
 switchport access vlan 69
 switchport mode access
 media-type rj45
 negotiation auto
!
interface GigabitEthernet0/3
 switchport access vlan 25
 media-type rj45
 negotiation auto
!
interface GigabitEthernet1/0
 media-type rj45
 negotiation auto
!
interface GigabitEthernet1/1
 media-type rj45
 negotiation auto
!
interface GigabitEthernet1/2
 media-type rj45
 negotiation auto
!
interface GigabitEthernet1/3
 media-type rj45
 negotiation auto
!
interface Vlan1
 ip address 192.168.97.222 255.255.255.0
!
ip forward-protocol nd
!
no ip http server
no ip http secure-server
!
!
!
!
!
!
control-plane
!
banner exec ^C
**************************************************************************
* IOSv is strictly limited to use for evaluation, demonstration and IOS  *
* education. IOSv is provided as-is and is not supported by Cisco's      *
* Technical Advisory Center. Any use or disclosure, in whole or in part, *
* of the IOSv Software or Documentation to any third party for any       *
* purposes is expressly prohibited except as otherwise authorized by     *
* Cisco in writing.                                                      *
**************************************************************************^C
banner incoming ^C
**************************************************************************
* IOSv is strictly limited to use for evaluation, demonstration and IOS  *
* education. IOSv is provided as-is and is not supported by Cisco's      *
* Technical Advisory Center. Any use or disclosure, in whole or in part, *
* of the IOSv Software or Documentation to any third party for any       *
* purposes is expressly prohibited except as otherwise authorized by     *
* Cisco in writing.                                                      *
**************************************************************************^C
banner login ^C
**************************************************************************
* IOSv is strictly limited to use for evaluation, demonstration and IOS  *
* education. IOSv is provided as-is and is not supported by Cisco's      *
* Technical Advisory Center. Any use or disclosure, in whole or in part, *
* of the IOSv Software or Documentation to any third party for any       *
* purposes is expressly prohibited except as otherwise authorized by     *
* Cisco in writing.                                                      *
**************************************************************************^C
!
line con 0
 logging synchronous
 login local
line aux 0
line vty 0 4
 login local
 transport input ssh
!
!
end

Switch#show ip interface brief
Interface              IP-Address      OK? Method Status                Protocol
GigabitEthernet0/0     unassigned      YES unset  up                    up      
GigabitEthernet0/1     unassigned      YES unset  up                    up      
GigabitEthernet0/2     unassigned      YES unset  up                    up      
GigabitEthernet0/3     unassigned      YES unset  up                    up      
GigabitEthernet1/0     unassigned      YES unset  up                    up      
GigabitEthernet1/1     unassigned      YES unset  up                    up      
GigabitEthernet1/2     unassigned      YES unset  up                    up      
GigabitEthernet1/3     unassigned      YES unset  up                    up      
Vlan1                  192.168.97.222  YES NVRAM  up                    up      
Switch#show interface status

Port      Name               Status       Vlan       Duplex  Speed Type 
Gi0/0                        connected    1          a-full   auto RJ45
Gi0/1                        connected    1          a-full   auto RJ45
Gi0/2                        connected    69         a-full   auto RJ45
Gi0/3                        connected    25         a-full   auto RJ45
Gi1/0                        connected    1          a-full   auto RJ45
Gi1/1                        connected    1          a-full   auto RJ45
Gi1/2                        connected    1          a-full   auto RJ45
Gi1/3                        connected    1          a-full   auto RJ45
Switch#show cdp neighbor
Capability Codes: R - Router, T - Trans Bridge, B - Source Route Bridge
                  S - Switch, H - Host, I - IGMP, r - Repeater, P - Phone, 
                  D - Remote, C - CVTA, M - Two-port Mac Relay 

Device ID        Local Intrfce     Holdtme    Capability  Platform  Port ID
SW3.switch2      Gig 0/0           154             R S I            Gig 0/0

Total cdp entries displayed : 1
Switch#show cdp neighbor detail
-------------------------
Device ID: SW3.switch2
Entry address(es): 
  IP address: 192.168.97.233
Platform: Cisco ,  Capabilities: Router Switch IGMP 
Interface: GigabitEthernet0/0,  Port ID (outgoing port): GigabitEthernet0/0
Holdtime : 154 sec

Version :
Cisco IOS Software, vios_l2 Software (vios_l2-ADVENTERPRISEK9-M), Experimental Version 15.2(20170321:233949) [mmen 101]
Copyright (c) 1986-2017 by Cisco Systems, Inc.
Compiled Wed 22-Mar-17 08:38 by mmen

advertisement version: 2
VTP Management Domain: ''
Native VLAN: 1
Duplex: full
Management address(es): 
  IP address: 192.168.97.233


Total cdp entries displayed : 1
Switch#show environment all
              ^
% Invalid input detected at '^' marker.

Switch#show systems resources
             ^
% Invalid input detected at '^' marker.

Switch#show processes cpu sorted
CPU utilization for five seconds: 6%/0%; one minute: 5%; five minutes: 6%
 PID Runtime(ms)     Invoked      uSecs   5Sec   1Min   5Min TTY Process 
  62      175617      227920        770  3.11%  3.65%  3.72%   0 IOSv e1000       
  83       10858       73846        147  0.79%  0.18%  0.20%   0 VRRS Main thread 
 201       10921       73841        147  0.71%  0.19%  0.24%   0 MMA DB TIMER     
 128       19759       18594       1062  0.39%  0.41%  0.40%   0 Spanning Tree    
   4         605         641        943  0.15%  0.01%  0.00%   0 Check heaps      
 172         325        2364        137  0.07%  0.00%  0.00%   0 CEF: IPv4 proces 
  70       14536      588752         24  0.07%  0.29%  0.33%   0 Ethernet Msec Ti 
  40         781        4726        165  0.07%  0.01%  0.00%   0 Dynamic ARP Insp 
 121        4050      147116         27  0.07%  0.09%  0.09%   0 IP ARP Retry Age 
  81        1050        4725        222  0.07%  0.02%  0.01%   0 FHRP Main thread 
 217        1892      147769         12  0.07%  0.14%  0.15%   0 MMON MENG        
 215       10468       73844        141  0.07%  0.21%  0.23%   0 MMA DP TIMER     
 173         856        4724        181  0.07%  0.01%  0.00%   0 ADJ background   
 143         433        9524         45  0.07%  0.01%  0.00%   0 SVM UT Process   
 280       12511        4745       2636  0.07%  0.24%  0.24%   0 Per-Second Jobs  
  88         488       18503         26  0.07%  0.03%  0.02%   0 SSS Feature Time 
  16           0           1          0  0.00%  0.00%  0.00%   0 CEF MIB API      
  17           0           1          0  0.00%  0.00%  0.00%   0 AAA_SERVER_DEADT 
  15         773        4951        156  0.00%  0.00%  0.00%   0 ARP Background   
  20           0           2          0  0.00%  0.00%  0.00%   0 Dialer event     
  14          53         126        420  0.00%  0.00%  0.00%   0 ARP Input        
  18           1           1       1000  0.00%  0.00%  0.00%   0 Policy Manager   
  13           0           1          0  0.00%  0.00%  0.00%   0 IFS Agent Manage 
  24           1          80         12  0.00%  0.00%  0.00%   0 IPC Dynamic Cach 
  12           0           1          0  0.00%  0.00%  0.00%   0 Exception contro 
  11           0           1          0  0.00%  0.00%  0.00%   0 Crash writer     
  19           0           2          0  0.00%  0.00%  0.00%   0 DDR Timers       
  21           1           1       1000  0.00%  0.00%  0.00%   0 Entity MIB API   
  29           1           1       1000  0.00%  0.00%  0.00%   0 IPC Process leve 
  30           0           1          0  0.00%  0.00%  0.00%   0 IPC Seat Manager 
  22          23         949         24  0.00%  0.00%  0.00%   0 IPC Event Notifi 
  32           0           1          0  0.00%  0.00%  0.00%   0 IPC Seat RX Cont 
  23         227        4625         49  0.00%  0.00%  0.00%   0 IPC Mcast Pendin 
  34          35         475         73  0.00%  0.00%  0.00%   0 IPC Keep Alive M 
  35          59         949         62  0.00%  0.00%  0.00%   0 IPC Loadometer   
  25           0           1          0  0.00%  0.00%  0.00%   0 IPC Session Serv 
  37           1           3        333  0.00%  0.00%  0.00%   0 PrstVbl          
  38           1           2        500  0.00%  0.00%  0.00%   0 Serial Backgroun 
  39           1           3        333  0.00%  0.00%  0.00%   0 ARP Snoop        
  26           0           1          0  0.00%  0.00%  0.00%   0 IPC Zone Manager 
  27         238        4625         51  0.00%  0.00%  0.00%   0 IPC Periodic Tim 
  42         144        4734         30  0.00%  0.00%  0.00%   0 GraphIt          
  43           0           1          0  0.00%  0.00%  0.00%   0 SERIAL A'detect  
  10        3433       47188         72  0.00%  0.05%  0.06%   0 IOSv in console  
  45           0           1          0  0.00%  0.00%  0.00%   0 dev_device_inser 
  28         176        4625         38  0.00%  0.00%  0.00%   0 IPC Deferred Por 
  31           4         272         14  0.00%  0.00%  0.00%   0 IPC Check Queue  
  48           0           1          0  0.00%  0.00%  0.00%   0 Async write proc 
  49           0           1          0  0.00%  0.00%  0.00%   0 Async write proc 
  50           0           1          0  0.00%  0.00%  0.00%   0 Async write proc 
  51           4          80         50  0.00%  0.00%  0.00%   0 DFS flush period 
  52           1           1       1000  0.00%  0.00%  0.00%   0 Critical Bkgnd   
  33           0           1          0  0.00%  0.00%  0.00%   0 IPC Seat TX Cont 
  54           2           2       1000  0.00%  0.00%  0.00%   0 IDB Work         
  55           6          11        545  0.00%  0.00%  0.00%   0 Logger           
  56         673        4719        142  0.00%  0.00%  0.00%   0 TTY Background   
  36           0           1          0  0.00%  0.00%  0.00%   0 IPC Session Deta 
  58           0           3          0  0.00%  0.00%  0.00%   0 IF-MGR event pro 
  59           1           1       1000  0.00%  0.00%  0.00%   0 AggMgr Process   
  60           0           1          0  0.00%  0.00%  0.00%   0 Transport Port A 
  61         123         949        129  0.00%  0.00%  0.00%   0 HC Counter Timer 
   7           1           2        500  0.00%  0.00%  0.00%   0 Timers           
   9           0           2          0  0.00%  0.00%  0.00%   0 IOSv out console 
  64          11           4       2750  0.00%  0.00%  0.00%   0 EEM ED Identity  
  65           0           4          0  0.00%  0.00%  0.00%   0 EEM ED MAT       
  66          16         106        150  0.00%  0.00%  0.00%   0 EEM ED ND        
  67          28         948         29  0.00%  0.00%  0.00%   0 Rate limit load  
  68           0           2          0  0.00%  0.00%  0.00%   0 Ethernet CFM     
  69         505       22158         22  0.00%  0.00%  0.00%   0 Ethernet Timer C 
   6           0           1          0  0.00%  0.00%  0.00%   0 DiscardQ Backgro 
   8           9         136         66  0.00%  0.00%  0.00%   0 WATCH_AFS        
  41          74          22       3363  0.00%  0.00%  0.00%   0 crypto sw pk pro 
  73           0           1          0  0.00%  0.00%  0.00%   0 EAP Framework    
  44           0           1          0  0.00%  0.00%  0.00%   0 Inode Table Dest 
  75           1          16         62  0.00%  0.00%  0.00%   0 AAA Server       
  76           0           1          0  0.00%  0.00%  0.00%   0 AAA ACCT Proc    
  77           1           1       1000  0.00%  0.00%  0.00%   0 ACCT Periodic Pr 
  78           0           1          0  0.00%  0.00%  0.00%   0 AAA System Acct  
  79           0           2          0  0.00%  0.00%  0.00%   0 EFP Errd         
  80           1           2        500  0.00%  0.00%  0.00%   0 Ethernet LMI     
  46           0           1          0  0.00%  0.00%  0.00%   0 dev_device_remov 
  82           0           1          0  0.00%  0.00%  0.00%   0 VRRP Main thread 
   5          40         157        254  0.00%  0.00%  0.00%   0 Pool Manager     
  85        1029        4729        217  0.00%  0.03%  0.00%   0 mDNS             
  47           0           1          0  0.00%  0.00%  0.00%   0 IPv6 Access Cont 
  87           0           1          0  0.00%  0.00%  0.00%   0 SSS Feature Mana 
  53          68         479        141  0.00%  0.00%  0.00%   0 Net Background   
  89           1           2        500  0.00%  0.00%  0.00%   0 Ethernet OAM Pro 
  90           0           1          0  0.00%  0.00%  0.00%   0 AC Switch        
  91           4           6        666  0.00%  0.00%  0.00%   0 SSM connection m 
  92           1           2        500  0.00%  0.00%  0.00%   0 OCE punted Pkts  
  93           0           1          0  0.00%  0.00%  0.00%   0 LSP Tunnel FRR   
  94           0           1          0  0.00%  0.00%  0.00%   0 MPLS Auto-Tunnel 
  95           0           1          0  0.00%  0.00%  0.00%   0 O-UNI Client Msg 
  96           5          40        125  0.00%  0.00%  0.00%   0 DHCP Snooping    
  97           0           1          0  0.00%  0.00%  0.00%   0 DHCP Snooping db 
  98           1           2        500  0.00%  0.00%  0.00%   0 802.1x switch    
  99        2070         736       2812  0.00%  0.04%  0.01%   0 DTP Protocol     
  57          12           3       4000  0.00%  0.00%  0.00%   0 IF-MGR control p 
 101           3          79         37  0.00%  0.00%  0.00%   0 Port-Security    
 102           1           2        500  0.00%  0.00%  0.00%   0 IP Host Track Pr 
 103          20         476         42  0.00%  0.00%  0.00%   0 Ethchnl          
 104        4926       47298        104  0.00%  0.00%  0.00%   0 UDLD             
 105           1           1       1000  0.00%  0.00%  0.00%   0 UNIX IP Source g 
   3        1305         516       2529  0.00%  0.00%  0.00%   2 SSH Process      
  63           0           1          0  0.00%  0.00%  0.00%   0 Src Fltr backgro 
 108           0           8          0  0.00%  0.00%  0.00%   0 VMATM Callback   
 109           0           2          0  0.00%  0.00%  0.00%   0 CEF switching ba 
 110           0           1          0  0.00%  0.00%  0.00%   0 ADJ NSF process  
 111           1          10        100  0.00%  0.00%  0.00%   0 SpanTree Helper  
 112         927        1010        917  0.00%  0.00%  0.00%   0 CDP Protocol     
 114           0           2          0  0.00%  0.00%  0.00%   0 AAA Dictionary R 
 115           1           1       1000  0.00%  0.00%  0.00%   0 TRACK Main threa 
 116           1           1       1000  0.00%  0.00%  0.00%   0 TRACK Client thr 
 117           0           2          0  0.00%  0.00%  0.00%   0 ATM OAM Input    
 118           1           2        500  0.00%  0.00%  0.00%   0 ATM OAM TIMER    
 119           0           1          0  0.00%  0.00%  0.00%   0 HQF TARGET DYNAM 
 120           4           4       1000  0.00%  0.00%  0.00%   0 IP ARP Adjacency 
  71           0           2          0  0.00%  0.00%  0.00%   0 Ethernet CFM IOU 
 122         586        1493        392  0.00%  0.00%  0.00%   0 IP Input         
 123           1           1       1000  0.00%  0.00%  0.00%   0 ICMP event handl 
 124         448        9240         48  0.00%  0.01%  0.00%   0 IP ARP Track     
 125           1           3        333  0.00%  0.00%  0.00%   0 PIM register asy 
 127           1           2        500  0.00%  0.00%  0.00%   0 RIB LM VALIDATE  
   2          36         948         37  0.00%  0.00%  0.00%   0 Load Meter       
 129           0           4          0  0.00%  0.00%  0.00%   0 SpanTree Msg     
 130           1           1       1000  0.00%  0.00%  0.00%   0 Webauth client   
 131           0           1          0  0.00%  0.00%  0.00%   0 Auth-proxy HTTP  
 132           0           1          0  0.00%  0.00%  0.00%   0 IP Admin SM Proc 
 133           0           1          0  0.00%  0.00%  0.00%   0 IPv6 ping proces 
 134           1           2        500  0.00%  0.00%  0.00%   0 KRB5 AAA         
 135           2          79         25  0.00%  0.00%  0.00%   0 FRR Background P 
 136          39         176        221  0.00%  0.00%  0.00%   0 CEF background p 
 137           0           1          0  0.00%  0.00%  0.00%   0 fib_fib_bfd_sb e 
  72           1           2        500  0.00%  0.00%  0.00%   0 Dot1x Mgr Proces 
 139           0           1          0  0.00%  0.00%  0.00%   0 Tunnel FIB       
  74           0           1          0  0.00%  0.00%  0.00%   0 EAP Test         
 141           0           1          0  0.00%  0.00%  0.00%   0 EPM MAIN PROCESS 
 142           0           1          0  0.00%  0.00%  0.00%   0 Critical Auth    
   1           1           6        166  0.00%  0.00%  0.00%   0 Chunk Manager    
 144           0           1          0  0.00%  0.00%  0.00%   0 CMD HANDLER      
 145           0           2          0  0.00%  0.00%  0.00%   0 Dot1x Supplicant 
 146           0           2          0  0.00%  0.00%  0.00%   0 Dot1x Supplicant 
 147           2           2       1000  0.00%  0.00%  0.00%   0 Dot1x Supplicant 
 148           0           1          0  0.00%  0.00%  0.00%   0 DCT Bkgd Process 
 149           0           1          0  0.00%  0.00%  0.00%   0 MAB Framework    
 150           0           1          0  0.00%  0.00%  0.00%   0 PPP IP Add Route 
 151           0           3          0  0.00%  0.00%  0.00%   0 Service Routing  
 152           0           2          0  0.00%  0.00%  0.00%   0 HQF Output Shape 
 153           0           2          0  0.00%  0.00%  0.00%   0 HQF Input Shaper 
 154           0           2          0  0.00%  0.00%  0.00%   0 Routing Topology 
 155           0           4          0  0.00%  0.00%  0.00%   0 IP RIB Update    
 156          13          83        156  0.00%  0.00%  0.00%   0 IP Background    
 157           3           6        500  0.00%  0.00%  0.00%   0 IP Connected Rou 
 158           0           4          0  0.00%  0.00%  0.00%   0 Flow Exporter Ti 
 159           0           1          0  0.00%  0.00%  0.00%   0 XC RIB MGR       
 160           1           4        250  0.00%  0.00%  0.00%   0 Inter Chassis Pr 
 161           0           2          0  0.00%  0.00%  0.00%   0 Tunnel           
 162           0           2          0  0.00%  0.00%  0.00%   0 LFDp Input Proc  
 163          67         768         87  0.00%  0.00%  0.00%   0 TCP Timer        
 164           2           8        250  0.00%  0.00%  0.00%   0 TCP Protocols    
 165           0           1          0  0.00%  0.00%  0.00%   0 Socket Timers    
 166           3          16        187  0.00%  0.00%  0.00%   0 HTTP CORE        
 167           1           3        333  0.00%  0.00%  0.00%   0 L2TRACE SERVER   
 168           1           2        500  0.00%  0.00%  0.00%   0 AUTO LAG Protoco 
 169           3           9        333  0.00%  0.00%  0.00%   0 IGMPSN L2MCM     
 170           0           1          0  0.00%  0.00%  0.00%   0 IGMPSN MRD       
 171           4          39        102  0.00%  0.00%  0.00%   0 IGMPSN           
  86           0           1          0  0.00%  0.00%  0.00%   0 SSS Manager      
 100         521        4723        110  0.00%  0.00%  0.00%   0 PI MATM Aging Pr 
 174           0           3          0  0.00%  0.00%  0.00%   0 Collection proce 
 175           1           2        500  0.00%  0.00%  0.00%   0 ADJ resolve proc 
 176           1           7        142  0.00%  0.00%  0.00%   0 SR CapMan Proces 
 177           1           3        333  0.00%  0.00%  0.00%   0 MFIB Master back 
 178           1           5        200  0.00%  0.00%  0.00%   0 SSH Event handle 
 180           1           2        500  0.00%  0.00%  0.00%   0 ATIP_UDP_TSK     
 181           0           1          0  0.00%  0.00%  0.00%   0 COPS             
 182           1           1       1000  0.00%  0.00%  0.00%   0 Probe Input      
 183           2           2       1000  0.00%  0.00%  0.00%   0 MVPN Mgr Process 
 184           1           2        500  0.00%  0.00%  0.00%   0 Multicast Offloa 
 185           0           1          0  0.00%  0.00%  0.00%   0 RARP Input       
 186           0           3          0  0.00%  0.00%  0.00%   0 static           
 187           1           2        500  0.00%  0.00%  0.00%   0 App Route Proces 
 188           0           1          0  0.00%  0.00%  0.00%   0 IPv6 RIB Cleanup 
 189           0           1          0  0.00%  0.00%  0.00%   0 IPv6 RIB Event H 
 190           0           1          0  0.00%  0.00%  0.00%   0 PAD InCall       
 191           1           2        500  0.00%  0.00%  0.00%   0 X.25 Background  
 192           0           1          0  0.00%  0.00%  0.00%   0 X.25 Encaps Mana 
 193          10         470         21  0.00%  0.00%  0.00%   0 QoS stats proces 
 194           0           1          0  0.00%  0.00%  0.00%   0 SNMP Timers      
 195           1           1       1000  0.00%  0.00%  0.00%   0 EPM Downlad Mana 
 196           0           1          0  0.00%  0.00%  0.00%   0 Timer Handler Pr 
 197         178         948        187  0.00%  0.00%  0.00%   0 EPM ACL PLUG-IN  
 198           0           1          0  0.00%  0.00%  0.00%   0 IPv6 Static Hand 
 199           0           2          0  0.00%  0.00%  0.00%   0 AAA Cached Serve 
 200           1           2        500  0.00%  0.00%  0.00%   0 LINE AAA         
 106           2          80         25  0.00%  0.00%  0.00%   0 process unix_l2_ 
 202           1           1       1000  0.00%  0.00%  0.00%   0 MMA MSG MCOL     
 203           0           2          0  0.00%  0.00%  0.00%   0 TPLUS            
 204           1           2        500  0.00%  0.00%  0.00%   0 ENABLE AAA       
 205           4          17        235  0.00%  0.00%  0.00%   0 LOCAL AAA        
 206           0           4          0  0.00%  0.00%  0.00%   0 MPLS Auto Mesh P 
 207         275        9240         29  0.00%  0.00%  0.00%   0 Timer Library    
 208           1           2        500  0.00%  0.00%  0.00%   0 Crypto Support   
 209           0           1          0  0.00%  0.00%  0.00%   0 IPSECv6 PS Proc  
 210           2           2       1000  0.00%  0.00%  0.00%   0 NIST rng proc    
 211           0           3          0  0.00%  0.00%  0.00%   0 LDAP process     
 212           0           1          0  0.00%  0.00%  0.00%   0 Opaque Database  
 213           0           1          0  0.00%  0.00%  0.00%   0 Key chain liveke 
 107           1           2        500  0.00%  0.00%  0.00%   0 process unix_l2_ 
 216           0           2          0  0.00%  0.00%  0.00%   0 MMON PROCESS     
 138           1           1       1000  0.00%  0.00%  0.00%   0 IP IRDP          
 218        1183        4725        250  0.00%  0.00%  0.00%   0 Crypto IKEv2     
 219           1           1       1000  0.00%  0.00%  0.00%   0 IKEv2 AAA handle 
 220           6          11        545  0.00%  0.00%  0.00%   0 crypto engine pr 
 221           0           1          0  0.00%  0.00%  0.00%   0 encrypt proc     
 222           1           3        333  0.00%  0.00%  0.00%   0 CRYPTO MAP FREE  
 223           0           1          0  0.00%  0.00%  0.00%   0 Crypto INT       
 224           0           2          0  0.00%  0.00%  0.00%   0 Crypto IKE Dispa 
 225           3           3       1000  0.00%  0.00%  0.00%   0 Crypto IKMP      
 226           0           1          0  0.00%  0.00%  0.00%   0 IPSEC manual key 
 227          47         238        197  0.00%  0.00%  0.00%   0 IPSEC key engine 
 228           0           1          0  0.00%  0.00%  0.00%   0 Crypto ACL       
 229           0           1          0  0.00%  0.00%  0.00%   0 Crypto PAS Proc  
 230           1           1       1000  0.00%  0.00%  0.00%   0 IPSec background 
 231           0           1          0  0.00%  0.00%  0.00%   0 RSA background p 
 232           9           4       2250  0.00%  0.00%  0.00%   0 Crypto CA        
 233           0           3          0  0.00%  0.00%  0.00%   0 Crypto PKI-CRL   
 234           0           1          0  0.00%  0.00%  0.00%   0 Crypto PKI-Rev-P 
 235           1           1       1000  0.00%  0.00%  0.00%   0 PKI OCSP         
 236           0           1          0  0.00%  0.00%  0.00%   0 PKI Revocation   
 237           0           2          0  0.00%  0.00%  0.00%   0 DHCP Security He 
 238           4          79         50  0.00%  0.00%  0.00%   0 vlmap logger     
 239           6           2       3000  0.00%  0.00%  0.00%   0 pm scp dummy pro 
 240         705        5008        140  0.00%  0.00%  0.00%   0 PM Callback      
 242          43         382        112  0.00%  0.00%  0.00%   0 dhcp snooping sw 
 243           0           6          0  0.00%  0.00%  0.00%   0 AAA SEND STOP EV 
 244           0           1          0  0.00%  0.00%  0.00%   0 Test AAA Client  
 245           1           1       1000  0.00%  0.00%  0.00%   0 Syslog Traps     
 247           4          12        333  0.00%  0.00%  0.00%   0 EEM ED Syslog    
 248           3           4        750  0.00%  0.00%  0.00%   0 EEM ED Routing   
 249           1           4        250  0.00%  0.00%  0.00%   0 EEM ED Generic   
 250           0           1          0  0.00%  0.00%  0.00%   0 QoS TAM Request  
 251          11           8       1375  0.00%  0.00%  0.00%   0 Syslog           
 253          24          44        545  0.00%  0.00%  0.00%   0 EEM Server       
 254           1           3        333  0.00%  0.00%  0.00%   0 EEM Policy Direc 
 255           0           1          0  0.00%  0.00%  0.00%   0 Connection Mgr   
 256           2           4        500  0.00%  0.00%  0.00%   0 EEM ED CLI       
 257           2           4        500  0.00%  0.00%  0.00%   0 EEM ED Counter   
 258           1           4        250  0.00%  0.00%  0.00%   0 EEM ED Interface 
 259           0           4          0  0.00%  0.00%  0.00%   0 EEM ED IOSWD     
 260           2           4        500  0.00%  0.00%  0.00%   0 EEM ED None      
 261           0           4          0  0.00%  0.00%  0.00%   0 EEM ED OIR       
 263           1           4        250  0.00%  0.00%  0.00%   0 EEM ED SNMP      
 264          18          84        214  0.00%  0.00%  0.00%   0 EEM ED Timer     
 265           2           4        500  0.00%  0.00%  0.00%   0 EEM ED SNMP Obje 
 266           1           4        250  0.00%  0.00%  0.00%   0 EEM ED SNMP Noti 
 267           1           4        250  0.00%  0.00%  0.00%   0 EEM ED Ipsla     
 268           1           4        250  0.00%  0.00%  0.00%   0 EEM ED Nf        
 269           1           4        250  0.00%  0.00%  0.00%   0 EEM ED Test      
 270           0           4          0  0.00%  0.00%  0.00%   0 EEM ED Config    
 271           1           4        250  0.00%  0.00%  0.00%   0 EEM ED Env       
 272           2           4        500  0.00%  0.00%  0.00%   0 EEM ED DS        
 273           0           4          0  0.00%  0.00%  0.00%   0 EEM ED CRASH     
 275           3           4        750  0.00%  0.00%  0.00%   0 EEM ED RPC       
 276           8           3       2666  0.00%  0.00%  0.00%   0 VLAN Manager     
 277          26         134        194  0.00%  0.00%  0.00%   0 Net Input        
 278         308         949        324  0.00%  0.00%  0.00%   0 Compute load avg 
 279         183         235        778  0.00%  0.00%  0.00%   0 Per-minute Jobs  
 140           1           3        333  0.00%  0.00%  0.00%   0 Auth Manager     
 281          47         290        162  0.00%  0.00%  0.00%   0 mdns Timer Proce 
 282           1           2        500  0.00%  0.00%  0.00%   0 MRIB Process     
 283           1           9        111  0.00%  0.00%  0.00%   0 EEM Helper Threa
Switch#show processes cpu history
                                                                  
                                                                  
                                                                  
                                                                  
      666555555555566666666665555544444555556666655555666665555555
  100                                                           
   90                                                           
   80                                                           
   70                                                           
   60                                                           
   50                                                           
   40                                                           
   30                                                           
   20                                                           
   10 ****************************     *************************
     0....5....1....1....2....2....3....3....4....4....5....5....6
               0    5    0    5    0    5    0    5    0    5    0
               CPU% per second (last 60 seconds)

                                                                  
                                                                  
                                                                  
                          3 6                                     
      776766787777777778664647867777777777777786786777778676787786
  100                                                           
   90                                                           
   80                                                           
   70                                                           
   60                       *                                   
   50                       *                                   
   40                       *                                   
   30                     * *                                   
   20                     * *                                   
   10 ###################*#*###*################################
     0....5....1....1....2....2....3....3....4....4....5....5....6
               0    5    0    5    0    5    0    5    0    5    0
               CPU% per minute (last 60 minutes)
              * = maximum CPU%   # = average CPU%

                                                                              
                                                                              
                                                                              
      9                                                                       
      5                                                                       
  100 *                                                                     
   90 *                                                                     
   80 *                                                                     
   70 *                                                                     
   60 *                                                                     
   50 *                                                                     
   40 *                                                                     
   30 *                                                                     
   20 *                                                                     
   10 #                                                                     
     0....5....1....1....2....2....3....3....4....4....5....5....6....6....7..
               0    5    0    5    0    5    0    5    0    5    0    5    0  
                   CPU% per hour (last 72 hours)
                  * = maximum CPU%   # = average CPU%


Switch#show processes memory sorted
Processor Pool Total:  843420640 Used:   60356856 Free:  783063784
      I/O Pool Total:  114294784 Used:   96050448 Free:   18244336

 PID TTY  Allocated      Freed    Holding    Getbufs    Retbufs Process
   0   0  221919680   70873376  146301632          0          0 *Init*          
 253   0    1930960      29768    1914288          0          0 EEM Server      
   0   0  117370856  116459344     904408    2619623          0 *Dead*          
   0   0          0          0     394704          0          0 *MallocLite*    
 247   0     292720      16648     293168     100548          0 EEM ED Syslog   
 249   0     219016      16600     219512      67468          0 EEM ED Generic  
 218   0     151704         72     176728          0          0 Crypto IKEv2    
  64   0     174896      17424     174472          0          0 EEM ED Identity 
 112   0     310488      26048     161424          0          0 CDP Protocol    
  85   0     370240     206560     151680          0          0 mDNS            
 282   0     121872        232     146736          0          0 MRIB Process    
   3   2    3309472    3217776     115952          0          0 SSH Process     
 232   0     435120     363368      96920          0          0 Crypto CA       
 157   0      75968        288      92776          0          0 IP Connected Rou
   5   0    5222880    5222880      80056    5123898    5123898 Pool Manager    
  83   0      58632        496      71168          0          0 VRRS Main thread
 225   0      43560        232      68424          0          0 Crypto IKMP     
  14   0      82408      29120      66384          0          0 ARP Input       
 201   0      51176          0      64272          0          0 MMA DB TIMER    
 207   0      49600        232      62464          0          0 Timer Library   
  77   0      49368          0      62464          0          0 ACCT Periodic Pr
  66   0      59992     187936      60088          0          0 EEM ED ND       
 254   0      49568       1136      52432          0          0 EEM Policy Direc
 121   0      33032          0      46128          0          0 IP ARP Retry Age
  53   0     111392          0      44744          0          0 Net Background  
 239   0      41376        576      43496          0          0 pm scp dummy pro
 172   0      26224      11160      40160          0          0 CEF: IPv4 proces
 276   0     261640     237880      37712          0          0 VLAN Manager    
 266   0      33464      16760      33960          0          0 EEM ED SNMP Noti
  11   0          0          0      33096          0          0 Crash writer    
 181   0          0          0      33096          0          0 COPS            
 228   0          0          0      33096          0          0 Crypto ACL      
  75   0      16816        232      29680          0          0 AAA Server      
 155   0       4464          0      29560          0          0 IP RIB Update   
 227   0     272016       4776      28832          0          0 IPSEC key engine
 273   0      28272      16600      28768          0          0 EEM ED CRASH    
 272   0      28272      16600      28768          0          0 EEM ED DS       
 268   0      28120      16600      28616          0          0 EEM ED Nf       
 120   0       2672          0      27768          0          0 IP ARP Adjacency
 122   0      12824       1832      26928          0          0 IP Input        
 164   0     187264          0      26856          0          0 TCP Protocols   
   1   0      13736          0      26832          0          0 Chunk Manager   
 235   0        896          0      25992          0          0 PKI OCSP        
 169   0      17400      27720      25888          0          0 IGMPSN L2MCM    
 211   0        792        232      25656          0          0 LDAP process    
 203   0        792        232      25656          0          0 TPLUS           
 137   0        216          0      25360          0          0 fib_fib_bfd_sb e
 217   0        464        232      25328          0          0 MMON MENG       
 216   0        464        232      25328          0          0 MMON PROCESS    
 109   0        216          0      25312          0          0 CEF switching ba
 177   0        216          0      25312          0          0 MFIB Master back
 175   0        216          0      25312          0          0 ADJ resolve proc
 173   0        216          0      25312          0          0 ADJ background  
 136   0        216        736      25312          0          0 CEF background p
 174   0        216          0      25312          0          0 Collection proce
 281   0    2536280    2536152      25224          0          0 mdns Timer Proce
  80   0        232        232      25136          0          0 Ethernet LMI    
  55   0        232        232      25128          0          0 Logger          
  54   0       1152       1152      25096          0          0 IDB Work        
 231   0          0          0      25096          0          0 RSA background p
 244   0          0          0      25096          0          0 Test AAA Client 
 236   0          0          0      25096          0          0 PKI Revocation  
 250   0          0          0      25096          0          0 QoS TAM Request 
 234   0          0          0      25096          0          0 Crypto PKI-Rev-P
 251   0       8584       8584      25096          0          0 Syslog          
 221   0          0          0      25096          0          0 encrypt proc    
 197   0          0          0      25096          0          0 EPM ACL PLUG-IN 
 223   0          0          0      25096          0          0 Crypto INT      
 212   0          0          0      25096          0          0 Opaque Database 
 224   0        232        232      25096          0          0 Crypto IKE Dispa
 191   0        232        232      25096          0          0 X.25 Background 
  68   0        232        232      25096          0          0 Ethernet CFM    
  69   0        232        232      25096          0          0 Ethernet Timer C
  70   0        232        232      25096          0          0 Ethernet Msec Ti
  71   0        232        232      25096          0          0 Ethernet CFM IOU
 233   0        232        232      25096          0          0 Crypto PKI-CRL  
 205   0       1240       1240      25096          0          0 LOCAL AAA       
 230   0          0          0      25096          0          0 IPSec background
 163   0          0          0      25096          0          0 TCP Timer       
 161   0        232        232      25096          0          0 Tunnel          
 118   0        232        232      25096          0          0 ATM OAM TIMER   
 134   0        232        232      25096          0          0 KRB5 AAA        
 140   0        232        232      25096          0          0 Auth Manager    
 154   0          0          0      25096          0          0 Routing Topology
 117   0        232        232      25096          0          0 ATM OAM Input   
  91   0        232        232      25096          0          0 SSM connection m
  18   0          0          0      25096          0          0 Policy Manager  
  20   0        232        232      25096          0          0 Dialer event    
  86   0          0          0      25096          0          0 SSS Manager     
   0   0      24592     483160      24592          0          0 *Sched*         
 258   0      23464      16600      23960          0          0 EEM ED Interface
 257   0      23320      16760      23816          0          0 EEM ED Counter  
 264   0      23128      16600      23624          0          0 EEM ED Timer    
 248   0      23232      16696      23568          0          0 EEM ED Routing  
 263   0      23040      16600      23536          0          0 EEM ED SNMP     
 275   0      23040      16600      23536          0          0 EEM ED RPC      
  65   0      23032      16600      23528          0          0 EEM ED MAT      
 267   0      22992      16600      23488          0          0 EEM ED Ipsla    
 270   0      22976      16600      23472          0          0 EEM ED Config   
 269   0      22976      16600      23472          0          0 EEM ED Test     
 259   0      22976      16600      23472          0          0 EEM ED IOSWD    
 271   0      22976      16600      23472          0          0 EEM ED Env      
 256   0      22976      16600      23472          0          0 EEM ED CLI      
 265   0      22976      16600      23472          0          0 EEM ED SNMP Obje
 261   0      22976      16600      23472          0          0 EEM ED OIR      
 260   0      22976      16600      23472          0          0 EEM ED None     
 176   0      14432       4992      22536          0          0 SR CapMan Proces
 102   0       5280        232      22144          0          0 IP Host Track Pr
 178   0       8608          0      21528          0          0 SSH Event handle
 115   0       6800          0      19896          0          0 TRACK Main threa
 283   0       6928        432      19592          0          0 EEM Helper Threa
 215   0       5240          0      18336          0          0 MMA DP TIMER    
 204   0       5280        232      18144          0          0 ENABLE AAA      
 166   0        896          0      17992          0          0 HTTP CORE       
 183   0        968        232      17832          0          0 MVPN Mgr Process
 156   0       3144       2592      17648          0          0 IP Background   
 168   0        464        232      17328          0          0 AUTO LAG Protoco
 184   0        464        232      17328          0          0 Multicast Offloa
 139   0        216          0      17312          0          0 Tunnel FIB      
 226   0          0          0      17096          0          0 IPSEC manual key
 119   0          0          0      17096          0          0 HQF TARGET DYNAM
 138   0          0          0      17096          0          0 IP IRDP         
 280   0          0          0      17096          0          0 Per-Second Jobs 
 193   0      59728      59728      17096          0          0 QoS stats proces
  94   0          0          0      17096          0          0 MPLS Auto-Tunnel
 124   0        232        232      17096          0          0 IP ARP Track    
 187   0        232        232      17096          0          0 App Route Proces
 198   0          0          0      17096          0          0 IPv6 Static Hand
 186   0        232        232      17096          0          0 static          
 141   0          0          0      17096          0          0 EPM MAIN PROCESS
 189   0          0          0      17096          0          0 IPv6 RIB Event H
  89   0        232        232      17096          0          0 Ethernet OAM Pro
 188   0          0          0      17096          0          0 IPv6 RIB Cleanup
 255   0          0          0      16968          0          0 Connection Mgr  
 167   0      20648        232      16544          0          0 L2TRACE SERVER  
   4   0       3328        232      16240          0          0 Check heaps     
  30   0       2096          0      15192          0          0 IPC Seat Manager
  81   0       1872          0      14968          0          0 FHRP Main thread
 116   0       1736          0      14832          0          0 TRACK Client thr
  82   0       1688          0      14784          0          0 VRRP Main thread
 202   0       1592          0      14688          0          0 MMA MSG MCOL    
 279   0       1224          0      14320          0          0 Per-minute Jobs 
 210   0     124552      57584      14312          0          0 NIST rng proc   
 131   0        896          0      13992          0          0 Auth-proxy HTTP 
  99   0       1008        232      13872          0          0 DTP Protocol    
 220   0     214376     213616      13856          0          0 crypto engine pr
 162   0       1096        376      13816          0          0 LFDp Input Proc 
  57   0      66400          0      13744          0          0 IF-MGR control p
  41   0     243088     254872      13632          0          0 crypto sw pk pro
  12   0        344          0      13440          0          0 Exception contro
 104   0        536        232      13400          0          0 UDLD            
 151   0        296          0      13392          0          0 Service Routing 
 101   0        248          0      13344          0          0 Port-Security   
 128   0      12432        232      13328          0          0 Spanning Tree   
 146   0        464        232      13328          0          0 Dot1x Supplicant
 147   0        464        232      13328          0          0 Dot1x Supplicant
 145   0        464        232      13328          0          0 Dot1x Supplicant
  63   0        216          0      13312          0          0 Src Fltr backgro
  78   0          0          0      13120          0          0 AAA System Acct 
  72   0        232        232      13112          0          0 Dot1x Mgr Proces
 160   0        232        328      13096          0          0 Inter Chassis Pr
  90   0          0          0      13096          0          0 AC Switch       
 159   0          0          0      13096          0          0 XC RIB MGR      
 158   0        232        400      13096          0          0 Flow Exporter Ti
  92   0        232        232      13096          0          0 OCE punted Pkts 
  93   0          0          0      13096          0          0 LSP Tunnel FRR  
 144   0          0          0      13096          0          0 CMD HANDLER     
 148   0          0          0      13096          0          0 DCT Bkgd Process
 153   0          0          0      13096          0          0 HQF Input Shaper
  87   0          0          0      13096          0          0 SSS Feature Mana
 170   0          0          0      13096          0          0 IGMPSN MRD      
 152   0          0          0      13096          0          0 HQF Output Shape
 150   0          0          0      13096          0          0 PPP IP Add Route
  96   0          0          0      13096          0          0 DHCP Snooping   
  79   0        232        232      13096          0          0 EFP Errd        
  88   0          0          0      13096          0          0 SSS Feature Time
  76   0          0          0      13096          0          0 AAA ACCT Proc   
  74   0          0          0      13096          0          0 EAP Test        
  73   0          0          0      13096          0          0 EAP Framework   
 180   0        232        232      13096          0          0 ATIP_UDP_TSK    
 165   0          0          0      13096          0          0 Socket Timers   
 182   0          0          0      13096          0          0 Probe Input     
 143   0          0          0      13096          0          0 SVM UT Process  
  98   0          0        576      13096          0          0 802.1x switch   
 185   0          0          0      13096          0          0 RARP Input      
 142   0          0          0      13096          0          0 Critical Auth   
 133   0          0          0      13096          0          0 IPv6 ping proces
 171   0          0          0      13096          0          0 IGMPSN          
 130   0          0          0      13096          0          0 Webauth client  
 190   0          0          0      13096          0          0 PAD InCall      
  67   0          0          0      13096          0          0 Rate limit load 
 192   0          0          0      13096          0          0 X.25 Encaps Mana
 129   0        232        232      13096          0          0 SpanTree Msg    
 194   0          0          0      13096          0          0 SNMP Timers     
  95   0          0          0      13096          0          0 O-UNI Client Msg
 196   0          0          0      13096          0          0 Timer Handler Pr
 149   0          0          0      13096          0          0 MAB Framework   
 127   0          0          0      13096          0          0 RIB LM VALIDATE 
 199   0        232        232      13096          0          0 AAA Cached Serve
 200   0        232        232      13096          0          0 LINE AAA        
  62   0          0          0      13096          0          0 IOSv e1000      
 125   0        232        232      13096          0          0 PIM register asy
  61   0          0          0      13096          0          0 HC Counter Timer
 123   0          0          0      13096          0          0 ICMP event handl
  60   0          0          0      13096          0          0 Transport Port A
 206   0          0          0      13096          0          0 MPLS Auto Mesh P
  59   0          0          0      13096          0          0 AggMgr Process  
 208   0        232        232      13096          0          0 Crypto Support  
 209   0          0          0      13096          0          0 IPSECv6 PS Proc 
 100   0        232        232      13096          0          0 PI MATM Aging Pr
  58   0          0          0      13096          0          0 IF-MGR event pro
  97   0          0          0      13096          0          0 DHCP Snooping db
 213   0          0          0      13096          0          0 Key chain liveke
 103   0        232        232      13096          0          0 Ethchnl         
  56   0        232        232      13096          0          0 TTY Background  
  52   0          0          0      13096          0          0 Critical Bkgnd  
 135   0          0          0      13096          0          0 FRR Background P
 219   0          0          0      13096          0          0 IKEv2 AAA handle
 105   0          0          0      13096          0          0 UNIX IP Source g
 106   0        232        232      13096          0          0 process unix_l2_
 222   0        232        536      13096          0          0 CRYPTO MAP FREE 
 132   0          0          0      13096          0          0 IP Admin SM Proc
 114   0        232        232      13096          0          0 AAA Dictionary R
 107   0        232        232      13096          0          0 process unix_l2_
 111   0       9344      16640      13096          0          0 SpanTree Helper 
 108   0          0        288      13096          0          0 VMATM Callback  
 195   0          0          0      13096          0          0 EPM Downlad Mana
 229   0          0          0      13096          0          0 Crypto PAS Proc 
  27   0          0          0      13096          0          0 IPC Periodic Tim
  43   0          0          0      13096          0          0 SERIAL A'detect 
  42   0        232        232      13096          0          0 GraphIt         
  26   0          0          0      13096          0          0 IPC Zone Manager
  40   0          0          0      13096          0          0 Dynamic ARP Insp
  39   0          0          0      13096          0          0 ARP Snoop       
  38   0        232        232      13096          0          0 Serial Backgroun
 237   0        232        232      13096          0          0 DHCP Security He
 238   0          0          0      13096          0          0 vlmap logger    
  37   0        232        232      13096          0          0 PrstVbl         
 240   0      11392      32272      13096          0          0 PM Callback     
 242   0        232        232      13096          0          0 dhcp snooping sw
 243   0        232       2360      13096          0          0 AAA SEND STOP EV
  36   0          0          0      13096          0          0 IPC Session Deta
 245   0          0          0      13096          0          0 Syslog Traps    
  35   0          0          0      13096          0          0 IPC Loadometer  
  34   0          0          0      13096          0          0 IPC Keep Alive M
  33   0          0          0      13096          0          0 IPC Seat TX Cont
  32   0          0          0      13096          0          0 IPC Seat RX Cont
  31   0          0          0      13096          0          0 IPC Check Queue 
  25   0          0          0      13096          0          0 IPC Session Serv
  29   0          0          0      13096          0          0 IPC Process leve
  13   0          0          0      13096          0          0 IFS Agent Manage
  28   0          0          0      13096          0          0 IPC Deferred Por
 278   0        232        232      13096          0          0 Compute load avg
 277   0          0          0      13096          0          0 Net Input       
   6   0          0          0      13096          0          0 DiscardQ Backgro
  24   0          0          0      13096          0          0 IPC Dynamic Cach
  23   0          0          0      13096          0          0 IPC Mcast Pendin
  22   0          0          0      13096          0          0 IPC Event Notifi
  21   0          0          0      13096          0          0 Entity MIB API  
  19   0        232        232      13096          0          0 DDR Timers      
  17   0          0          0      13096          0          0 AAA_SERVER_DEADT
  16   0          0          0      13096          0          0 CEF MIB API     
  15   0       2688       2688      13096          0          0 ARP Background  
   7   0        232        232      13096          0          0 Timers          
  10   0          0          0      13096          0          0 IOSv in console 
   9   0          0          0      13096          0          0 IOSv out console
  47   0          0          0      12968          0          0 IPv6 Access Cont
  48   0        232          0       7328          0          0 Async write proc
  49   0        232          0       7328          0          0 Async write proc
  50   0        232          0       7328          0          0 Async write proc
 110   0        216          0       7312          0          0 ADJ NSF process 
  44   0          0          0       7096          0          0 Inode Table Dest
  45   0          0          0       7096          0          0 dev_device_inser
  46   0          0          0       7096          0          0 dev_device_remov
  51   0          0          0       7096          0          0 DFS flush period
   2   0        232        232       7096          0          0 Load Meter      
   8   0          0          0       7096          0          0 WATCH_AFS       
                                156288384 Total
Switch#show access-lists
Extended IP access list preauth_ipv4_acl (per-user)
    10 permit udp any any eq domain
    20 permit tcp any any eq domain
    30 permit udp any eq bootps any
    40 permit udp any any eq bootpc
    50 permit udp any eq bootpc any
    60 deny ip any any
IPv6 access list preauth_ipv6_acl (per-user)
    permit udp any any eq domain sequence 10
    permit tcp any any eq domain sequence 20
    permit icmp any any nd-ns sequence 30
    permit icmp any any nd-na sequence 40
    permit icmp any any router-solicitation sequence 50
    permit icmp any any router-advertisement sequence 60
    permit icmp any any redirect sequence 70
    permit udp any eq 547 any eq 546 sequence 80
    permit udp any eq 546 any eq 547 sequence 90
    deny ipv6 any any sequence 100
Switch#show ip route
Codes: L - local, C - connected, S - static, R - RIP, M - mobile, B - BGP
       D - EIGRP, EX - EIGRP external, O - OSPF, IA - OSPF inter area 
       N1 - OSPF NSSA external type 1, N2 - OSPF NSSA external type 2
       E1 - OSPF external type 1, E2 - OSPF external type 2
       i - IS-IS, su - IS-IS summary, L1 - IS-IS level-1, L2 - IS-IS level-2
       ia - IS-IS inter area, * - candidate default, U - per-user static route
       o - ODR, P - periodic downloaded static route, H - NHRP, l - LISP
       a - application route
       + - replicated route, % - next hop override

Gateway of last resort is not set

      192.168.97.0/24 is variably subnetted, 2 subnets, 2 masks
C        192.168.97.0/24 is directly connected, Vlan1
L        192.168.97.222/32 is directly connected, Vlan1
Switch#show file systems
File Systems:

     Size(b)     Free(b)      Type  Flags  Prefixes
*   2142715904    2029989888      disk     rw   flash0: flash:
           -           -      disk     rw   flash1:
           -           -      disk     rw   flash2:
           -           -      disk     rw   flash3:
           -           -    opaque     rw   system:
           -           -    opaque     rw   tmpsys:
        262144        253446     nvram     rw   nvram:
           -           -    opaque     rw   null:
           -           -    opaque     ro   tar:
           -           -   network     rw   tftp:
           -           -    opaque     wo   syslog:
           -           -   network     rw   rcp:
           -           -   network     rw   http:
           -           -   network     rw   ftp:
           -           -   network     rw   scp:
           -           -   network     rw   https:
           -           -    opaque     ro   cns:

Switch#show logging
Syslog logging: enabled (0 messages dropped, 2 messages rate-limited, 0 flushes, 0 overruns, xml disabled, filtering disabled)

No Active Message Discriminator.



No Inactive Message Discriminator.


    Console logging: level debugging, 32 messages logged, xml disabled,
                     filtering disabled
    Monitor logging: level debugging, 0 messages logged, xml disabled,
                     filtering disabled
    Buffer logging:  level debugging, 34 messages logged, xml disabled,
                    filtering disabled
    Exception Logging: size (8192 bytes)
    Count and timestamp logging messages: disabled
    Persistent logging: disabled
    Trap logging: level informational, 37 message lines logged
        Logging Source-Interface:       VRF Name:

Log Buffer (8192 bytes):

*Mar  1 00:00:00.980: %ATA-6-DEV_FOUND: device 0x1F0
*Mar  1 00:00:01.054: %NVRAM-5-CONFIG_NVRAM_READ_OK: NVRAM configuration 'flash:/nvram' was read from disk.
*Sep 21 08:20:44.593: %SPANTREE-5-EXTENDED_SYSID: Extended SysId enabled for type vlan
*Sep 21 08:20:48.150: %LINK-5-CHANGED: Interface GigabitEthernet0/0, changed state to reset
*Sep 21 08:20:48.151: %LINK-5-CHANGED: Interface GigabitEthernet0/1, changed state to reset
*Sep 21 08:20:48.151: %LINK-5-CHANGED: Interface GigabitEthernet0/2, changed state to reset
*Sep 21 08:20:48.151: %LINK-5-CHANGED: Interface GigabitEthernet0/3, changed state to reset
*Sep 21 08:20:48.152: %LINK-5-CHANGED: Interface GigabitEthernet1/0, changed state to reset
*Sep 21 08:20:48.152: %LINK-5-CHANGED: Interface GigabitEthernet1/1, changed state to reset
*Sep 21 08:20:48.153: %LINK-5-CHANGED: Interface GigabitEthernet1/2, changed state to reset
*Sep 21 08:20:48.153: %LINK-5-CHANGED: Interface GigabitEthernet1/3, changed state to reset
*Sep 21 08:20:48.317: %SYS-5-CONFIG_I: Configured from memory by console
*Sep 21 08:20:49.244: %LINEPROTO-5-UPDOWN: Line protocol on Interface GigabitEthernet0/0, changed state to up
*Sep 21 08:20:49.245: %LINEPROTO-5-UPDOWN: Line protocol on Interface GigabitEthernet0/1, changed state to up
*Sep 21 08:20:49.245: %LINEPROTO-5-UPDOWN: Line protocol on Interface GigabitEthernet0/2, changed state to up
*Sep 21 08:20:49.246: %LINEPROTO-5-UPDOWN: Line protocol on Interface GigabitEthernet0/3, changed state to up
*Sep 21 08:20:49.246: %LINEPROTO-5-UPDOWN: Line protocol on Interface GigabitEthernet1/0, changed state to up
*Sep 21 08:20:49.247: %LINEPROTO-5-UPDOWN: Line protocol on Interface GigabitEthernet1/1, changed state to up
*Sep 21 08:20:49.247: %LINEPROTO-5-UPDOWN: Line protocol on Interface GigabitEthernet1/2, changed state to up
*Sep 21 08:20:49.247: %LINEPROTO-5-UPDOWN: Line protocol on Interface GigabitEthernet1/3, changed state to up
*Sep 21 08:20:49.450: %LINEPROTO-5-UPDOWN: Line protocol on Interface Vlan1, changed state to down
*Sep 21 08:20:50.273: %LINK-3-UPDOWN: Interface GigabitEthernet1/3, changed state to up
*Sep 21 08:20:50.274: %LINK-3-UPDOWN: Interface GigabitEthernet1/2, changed state to up
*Sep 21 08:20:50.275: %LINK-3-UPDOWN: Interface GigabitEthernet1/1, changed state to up
*Sep 21 08:20:50.276: %LINK-3-UPDOWN: Interface GigabitEthernet1/0, changed state to up
*Sep 21 08:20:50.277: %LINK-3-UPDOWN: Interface GigabitEthernet0/3, changed state to up
*Sep 21 08:20:50.279: %LINK-3-UPDOWN: Interface GigabitEthernet0/2, changed state to up
*Sep 21 08:20:50.280: %LINK-3-UPDOWN: Interface GigabitEthernet0/1, changed state to up
*Sep 21 08:20:50.281: %LINK-3-UPDOWN: Interface GigabitEthernet0/0, changed state to up
*Sep 21 08:20:51.893: %SYS-5-RESTART: System restarted --
Cisco IOS Software, vios_l2 Software (vios_l2-ADVENTERPRISEK9-M), Experimental Version 15.2(20170321:233949) [mmen 101]
Copyright (c) 1986-2017 by Cisco Systems, Inc.
Compiled Wed 22-Mar-17 08:38 by mmen
*Sep 21 08:20:51.928: %SSH-5-ENABLED: SSH 1.99 has been enabled
*Sep 21 08:20:58.153: %PLATFORM-5-SIGNATURE_VERIFIED: Image 'flash0:/vios_l2-adventerprisek9-m' passed code signing verification
*Sep 21 09:18:21.340: %SYS-5-CONFIG_I: Configured from console by admin on vty0 (192.168.97.108)
*Sep 21 09:39:43.181: %SYS-5-CONFIG_I: Configured from console by admin on vty0 (192.168.97.108)
Switch#